[0.000000] (-) TimerEvent: {}
[0.000582] (-) JobUnselected: {'identifier': 'beer_fire_detection'}
[0.000908] (41068_ignition_bringup) JobQueued: {'identifier': '41068_ignition_bringup', 'dependencies': OrderedDict()}
[0.001323] (41068_ignition_bringup) JobStarted: {'identifier': '41068_ignition_bringup'}
[0.017534] (41068_ignition_bringup) JobProgress: {'identifier': '41068_ignition_bringup', 'progress': 'cmake'}
[0.018376] (41068_ignition_bringup) JobProgress: {'identifier': '41068_ignition_bringup', 'progress': 'build'}
[0.019170] (41068_ignition_bringup) Command: {'cmd': ['/usr/bin/cmake', '--build', '/home/jordan/G25_RS1/RS1-Gr25/build/41068_ignition_bringup', '--', '-j6', '-l6'], 'cwd': '/home/jordan/G25_RS1/RS1-Gr25/build/41068_ignition_bringup', 'env': OrderedDict([('LESSOPEN', '| /usr/bin/lesspipe %s'), ('VSCODE_CWD', '/mnt/c/Users/jorda/AppData/Local/Programs/cursor'), ('VSCODE_ESM_ENTRYPOINT', 'vs/workbench/api/node/extensionHostProcess'), ('GZ_SIM_RESOURCE_PATH', '/opt/ros/humble/share'), ('USER', 'jordan'), ('VSCODE_NLS_CONFIG', '{"userLocale":"en","osLocale":"en","resolvedLanguage":"en","defaultMessagesFile":"/home/jordan/.cursor-server/bin/2ba48ff3f7514cc4643c52ca9f7b3173d9b66130/out/nls.messages.json","locale":"en","availableLanguages":{}}'), ('VSCODE_HANDLES_UNCAUGHT_ERRORS', 'true'), ('CURSOR_RIPGREP_PATH', '/home/jordan/.cursor-server/bin/2ba48ff3f7514cc4643c52ca9f7b3173d9b66130/node_modules/@vscode/ripgrep/bin/rg'), ('SHLVL', '1'), ('LD_LIBRARY_PATH', '/opt/ros/humble/opt/rviz_ogre_vendor/lib:/opt/ros/humble/lib/x86_64-linux-gnu:/opt/ros/humble/lib'), ('HOME', '/home/jordan'), ('OLDPWD', '/home/jordan/G25_RS1/RS1-Gr25'), ('VSCODE_IPC_HOOK_CLI', '/run/user/1000/vscode-ipc-3517d1ba-6dd6-4d1e-86cb-c9e8c4fca531.sock'), ('ROS_PYTHON_VERSION', '3'), ('NO_COLOR', '1'), ('DBUS_SESSION_BUS_ADDRESS', 'unix:path=/run/user/1000/bus'), ('WSL_DISTRO_NAME', 'Ubuntu-22.04'), ('WAYLAND_DISPLAY', 'wayland-0'), ('VSCODE_L10N_BUNDLE_LOCATION', ''), ('COLCON_PREFIX_PATH', '/home/jordan/G25_RS1/RS1-Gr25/install'), ('ROS_DISTRO', 'humble'), ('OVSX_REGISTRY_URL', 'https://open-vsx.org'), ('LOGNAME', 'jordan'), ('FORCE_COLOR', '0'), ('NAME', 'DESKTOP-RC39RBI'), ('WSL_INTEROP', '/run/WSL/338_interop'), ('VSCODE_HANDLES_SIGPIPE', 'true'), ('PULSE_SERVER', 'unix:/mnt/wslg/PulseServer'), ('_', '/usr/bin/colcon'), ('ROS_VERSION', '2'), ('CURSOR_LAYOUT', 'unifiedAgent'), ('TERM', 'dumb'), ('LIBGL_ALWAYS_INDIRECT', '1'), ('ROS_LOCALHOST_ONLY', '1'), ('PATH', '/opt/ros/humble/bin:/home/jordan/.cursor-server/bin/2ba48ff3f7514cc4643c52ca9f7b3173d9b66130/node_modules/@vscode/ripgrep/bin:/home/jordan/.cursor-server/bin/2ba48ff3f7514cc4643c52ca9f7b3173d9b66130/bin/remote-cli:/home/jordan/.cursor-server/bin/2ba48ff3f7514cc4643c52ca9f7b3173d9b66130/bin/remote-cli:/usr/local/sbin:/usr/local/bin:/usr/sbin:/usr/bin:/sbin:/bin:/usr/games:/usr/local/games:/usr/lib/wsl/lib:/snap/bin:/mnt/c/Users/jorda/AppData/Local/Programs/cursor/resources/app/bin:/mnt/c/Users/jorda/AppData/Local/Programs/Microsoft VS Code/bin'), ('XDG_RUNTIME_DIR', '/run/user/1000'), ('AGENT_TRANSCRIPTS', '/home/jordan/.cursor/projects/home-jordan-G25-RS1-RS1-Gr25-src-41068-ignition-bringup-v1-41068-ignition-bringup/agent-transcripts'), ('CURSOR_AGENT', '1'), ('DISPLAY', '172.22.192.1:0'), ('LANG', 'C.UTF-8'), ('LS_COLORS', ''), ('AMENT_PREFIX_PATH', '/home/jordan/G25_RS1/RS1-Gr25/install/41068_ignition_bringup:/opt/ros/humble'), ('SHELL', '/bin/bash'), ('LESSCLOSE', '/usr/bin/lesspipe %s %s'), ('PWD', '/home/jordan/G25_RS1/RS1-Gr25/build/41068_ignition_bringup'), ('XDG_DATA_DIRS', '/usr/local/share:/usr/share:/var/lib/snapd/desktop'), ('CURSOR_CONVERSATION_ID', 'f28fa931-f336-492e-badd-97c05ee7ac06'), ('PYTHONPATH', '/home/jordan/G25_RS1/RS1-Gr25/install/41068_ignition_bringup/local/lib/python3.10/dist-packages:/opt/ros/humble/lib/python3.10/site-packages:/opt/ros/humble/local/lib/python3.10/dist-packages'), ('COLCON', '1'), ('__CURSOR_SANDBOX_ENV_RESTORE', "builtin unset CURSOR_CONVERSATION_ID CURSOR_AGENT_STORE_FILES_DIR CURSOR_AGENT_STORE_SHARED_PATHS 2>/dev/null || true; builtin export CURSOR_CONVERSATION_ID='f28fa931-f336-492e-badd-97c05ee7ac06'"), ('_ZO_DOCTOR', '0'), ('WSL2_GUI_APPS_ENABLED', '1'), ('HOSTTYPE', 'x86_64'), ('CMAKE_PREFIX_PATH', '/home/jordan/G25_RS1/RS1-Gr25/install/41068_ignition_bringup:/opt/ros/humble'), ('WSLENV', '')]), 'shell': False}
[0.099044] (-) TimerEvent: {}
[0.178816] (41068_ignition_bringup) StdoutLine: {'line': b'-- Found ament_cmake: 1.3.14 (/opt/ros/humble/share/ament_cmake/cmake)\n'}
[0.199164] (-) TimerEvent: {}
[0.299444] (-) TimerEvent: {}
[0.390267] (41068_ignition_bringup) StdoutLine: {'line': b'-- Override CMake install command with custom implementation using symlinks instead of copying resources\n'}
[0.399578] (-) TimerEvent: {}
[0.414598] (41068_ignition_bringup) StdoutLine: {'line': b'-- Found ros_ign_interfaces: 0.244.25 (/opt/ros/humble/share/ros_ign_interfaces/cmake)\n'}
[0.479934] (41068_ignition_bringup) StdoutLine: {'line': b'-- Found rosidl_generator_c: 3.1.9 (/opt/ros/humble/share/rosidl_generator_c/cmake)\n'}
[0.483471] (41068_ignition_bringup) StdoutLine: {'line': b'-- Found rosidl_adapter: 3.1.9 (/opt/ros/humble/share/rosidl_adapter/cmake)\n'}
[0.498467] (41068_ignition_bringup) StdoutLine: {'line': b'-- Found rosidl_generator_cpp: 3.1.9 (/opt/ros/humble/share/rosidl_generator_cpp/cmake)\n'}
[0.499683] (-) TimerEvent: {}
[0.517864] (41068_ignition_bringup) StdoutLine: {'line': b'-- Using all available rosidl_typesupport_c: rosidl_typesupport_fastrtps_c;rosidl_typesupport_introspection_c\n'}
[0.552688] (41068_ignition_bringup) StdoutLine: {'line': b'-- Using all available rosidl_typesupport_cpp: rosidl_typesupport_fastrtps_cpp;rosidl_typesupport_introspection_cpp\n'}
[0.599796] (-) TimerEvent: {}
[0.700082] (-) TimerEvent: {}
[0.751996] (41068_ignition_bringup) StderrLine: {'line': b'WARNING: Package name "41068_ignition_bringup" does not follow the naming conventions. It should start with a lower case letter and only contain lower case letters, digits, underscores, and dashes.\n'}
[0.767071] (41068_ignition_bringup) StdoutLine: {'line': b'-- Found ament_lint_auto: 0.12.15 (/opt/ros/humble/share/ament_lint_auto/cmake)\n'}
[0.800190] (-) TimerEvent: {}
[0.834543] (41068_ignition_bringup) StderrLine: {'line': b'WARNING: Package name "41068_ignition_bringup" does not follow the naming conventions. It should start with a lower case letter and only contain lower case letters, digits, underscores, and dashes.\n'}
[0.879945] (41068_ignition_bringup) StdoutLine: {'line': b"-- Added test 'copyright' to check source files copyright and LICENSE\n"}
[0.897815] (41068_ignition_bringup) StdoutLine: {'line': b"-- Added test 'flake8' to check Python code syntax and style conventions\n"}
[0.899898] (41068_ignition_bringup) StdoutLine: {'line': b"-- Added test 'lint_cmake' to check CMake code style\n"}
[0.900382] (-) TimerEvent: {}
[0.901445] (41068_ignition_bringup) StdoutLine: {'line': b"-- Added test 'pep257' to check Python code against some of the docstring style conventions in PEP 257\n"}
[0.912872] (41068_ignition_bringup) StdoutLine: {'line': b"-- Added test 'xmllint' to check XML markup files\n"}
[0.916156] (41068_ignition_bringup) StdoutLine: {'line': b'-- Configuring done\n'}
[0.935824] (41068_ignition_bringup) StdoutLine: {'line': b'-- Generating done\n'}
[0.950350] (41068_ignition_bringup) StdoutLine: {'line': b'-- Build files have been written to: /home/jordan/G25_RS1/RS1-Gr25/build/41068_ignition_bringup\n'}
[1.000506] (-) TimerEvent: {}
[1.004668] (41068_ignition_bringup) StdoutLine: {'line': b'Built target ament_cmake_python_symlink_rs1_nav\n'}
[1.100640] (-) TimerEvent: {}
[1.200898] (-) TimerEvent: {}
[1.301406] (-) TimerEvent: {}
[1.353053] (41068_ignition_bringup) StdoutLine: {'line': b'running egg_info\n'}
[1.355036] (41068_ignition_bringup) StdoutLine: {'line': b'writing rs1_nav.egg-info/PKG-INFO\n'}
[1.356183] (41068_ignition_bringup) StdoutLine: {'line': b'writing dependency_links to rs1_nav.egg-info/dependency_links.txt\n'}
[1.356386] (41068_ignition_bringup) StdoutLine: {'line': b'writing top-level names to rs1_nav.egg-info/top_level.txt\n'}
[1.360413] (41068_ignition_bringup) StdoutLine: {'line': b"reading manifest file 'rs1_nav.egg-info/SOURCES.txt'\n"}
[1.361401] (41068_ignition_bringup) StdoutLine: {'line': b"writing manifest file 'rs1_nav.egg-info/SOURCES.txt'\n"}
[1.394041] (41068_ignition_bringup) StdoutLine: {'line': b'Built target ament_cmake_python_build_rs1_nav_egg\n'}
[1.401602] (-) TimerEvent: {}
[1.406266] (41068_ignition_bringup) CommandEnded: {'returncode': 0}
[1.409464] (41068_ignition_bringup) JobProgress: {'identifier': '41068_ignition_bringup', 'progress': 'install'}
[1.418363] (41068_ignition_bringup) Command: {'cmd': ['/usr/bin/cmake', '--install', '/home/jordan/G25_RS1/RS1-Gr25/build/41068_ignition_bringup'], 'cwd': '/home/jordan/G25_RS1/RS1-Gr25/build/41068_ignition_bringup', 'env': OrderedDict([('LESSOPEN', '| /usr/bin/lesspipe %s'), ('VSCODE_CWD', '/mnt/c/Users/jorda/AppData/Local/Programs/cursor'), ('VSCODE_ESM_ENTRYPOINT', 'vs/workbench/api/node/extensionHostProcess'), ('GZ_SIM_RESOURCE_PATH', '/opt/ros/humble/share'), ('USER', 'jordan'), ('VSCODE_NLS_CONFIG', '{"userLocale":"en","osLocale":"en","resolvedLanguage":"en","defaultMessagesFile":"/home/jordan/.cursor-server/bin/2ba48ff3f7514cc4643c52ca9f7b3173d9b66130/out/nls.messages.json","locale":"en","availableLanguages":{}}'), ('VSCODE_HANDLES_UNCAUGHT_ERRORS', 'true'), ('CURSOR_RIPGREP_PATH', '/home/jordan/.cursor-server/bin/2ba48ff3f7514cc4643c52ca9f7b3173d9b66130/node_modules/@vscode/ripgrep/bin/rg'), ('SHLVL', '1'), ('LD_LIBRARY_PATH', '/opt/ros/humble/opt/rviz_ogre_vendor/lib:/opt/ros/humble/lib/x86_64-linux-gnu:/opt/ros/humble/lib'), ('HOME', '/home/jordan'), ('OLDPWD', '/home/jordan/G25_RS1/RS1-Gr25'), ('VSCODE_IPC_HOOK_CLI', '/run/user/1000/vscode-ipc-3517d1ba-6dd6-4d1e-86cb-c9e8c4fca531.sock'), ('ROS_PYTHON_VERSION', '3'), ('NO_COLOR', '1'), ('DBUS_SESSION_BUS_ADDRESS', 'unix:path=/run/user/1000/bus'), ('WSL_DISTRO_NAME', 'Ubuntu-22.04'), ('WAYLAND_DISPLAY', 'wayland-0'), ('VSCODE_L10N_BUNDLE_LOCATION', ''), ('COLCON_PREFIX_PATH', '/home/jordan/G25_RS1/RS1-Gr25/install'), ('ROS_DISTRO', 'humble'), ('OVSX_REGISTRY_URL', 'https://open-vsx.org'), ('LOGNAME', 'jordan'), ('FORCE_COLOR', '0'), ('NAME', 'DESKTOP-RC39RBI'), ('WSL_INTEROP', '/run/WSL/338_interop'), ('VSCODE_HANDLES_SIGPIPE', 'true'), ('PULSE_SERVER', 'unix:/mnt/wslg/PulseServer'), ('_', '/usr/bin/colcon'), ('ROS_VERSION', '2'), ('CURSOR_LAYOUT', 'unifiedAgent'), ('TERM', 'dumb'), ('LIBGL_ALWAYS_INDIRECT', '1'), ('ROS_LOCALHOST_ONLY', '1'), ('PATH', '/opt/ros/humble/bin:/home/jordan/.cursor-server/bin/2ba48ff3f7514cc4643c52ca9f7b3173d9b66130/node_modules/@vscode/ripgrep/bin:/home/jordan/.cursor-server/bin/2ba48ff3f7514cc4643c52ca9f7b3173d9b66130/bin/remote-cli:/home/jordan/.cursor-server/bin/2ba48ff3f7514cc4643c52ca9f7b3173d9b66130/bin/remote-cli:/usr/local/sbin:/usr/local/bin:/usr/sbin:/usr/bin:/sbin:/bin:/usr/games:/usr/local/games:/usr/lib/wsl/lib:/snap/bin:/mnt/c/Users/jorda/AppData/Local/Programs/cursor/resources/app/bin:/mnt/c/Users/jorda/AppData/Local/Programs/Microsoft VS Code/bin'), ('XDG_RUNTIME_DIR', '/run/user/1000'), ('AGENT_TRANSCRIPTS', '/home/jordan/.cursor/projects/home-jordan-G25-RS1-RS1-Gr25-src-41068-ignition-bringup-v1-41068-ignition-bringup/agent-transcripts'), ('CURSOR_AGENT', '1'), ('DISPLAY', '172.22.192.1:0'), ('LANG', 'C.UTF-8'), ('LS_COLORS', ''), ('AMENT_PREFIX_PATH', '/home/jordan/G25_RS1/RS1-Gr25/install/41068_ignition_bringup:/opt/ros/humble'), ('SHELL', '/bin/bash'), ('LESSCLOSE', '/usr/bin/lesspipe %s %s'), ('PWD', '/home/jordan/G25_RS1/RS1-Gr25/build/41068_ignition_bringup'), ('XDG_DATA_DIRS', '/usr/local/share:/usr/share:/var/lib/snapd/desktop'), ('CURSOR_CONVERSATION_ID', 'f28fa931-f336-492e-badd-97c05ee7ac06'), ('PYTHONPATH', '/home/jordan/G25_RS1/RS1-Gr25/install/41068_ignition_bringup/local/lib/python3.10/dist-packages:/opt/ros/humble/lib/python3.10/site-packages:/opt/ros/humble/local/lib/python3.10/dist-packages'), ('COLCON', '1'), ('__CURSOR_SANDBOX_ENV_RESTORE', "builtin unset CURSOR_CONVERSATION_ID CURSOR_AGENT_STORE_FILES_DIR CURSOR_AGENT_STORE_SHARED_PATHS 2>/dev/null || true; builtin export CURSOR_CONVERSATION_ID='f28fa931-f336-492e-badd-97c05ee7ac06'"), ('_ZO_DOCTOR', '0'), ('WSL2_GUI_APPS_ENABLED', '1'), ('HOSTTYPE', 'x86_64'), ('CMAKE_PREFIX_PATH', '/home/jordan/G25_RS1/RS1-Gr25/install/41068_ignition_bringup:/opt/ros/humble'), ('WSLENV', '')]), 'shell': False}
[1.428007] (41068_ignition_bringup) StdoutLine: {'line': b'-- Install configuration: ""\n'}
[1.428807] (41068_ignition_bringup) StdoutLine: {'line': b'-- Execute custom install script\n'}
[1.430290] (41068_ignition_bringup) StdoutLine: {'line': b'-- Up-to-date symlink: /home/jordan/G25_RS1/RS1-Gr25/install/41068_ignition_bringup/share/41068_ignition_bringup/config/41068.rviz\n'}
[1.430918] (41068_ignition_bringup) StdoutLine: {'line': b'-- Up-to-date symlink: /home/jordan/G25_RS1/RS1-Gr25/install/41068_ignition_bringup/share/41068_ignition_bringup/config/41068_husky1.rviz\n'}
[1.431544] (41068_ignition_bringup) StdoutLine: {'line': b'-- Up-to-date symlink: /home/jordan/G25_RS1/RS1-Gr25/install/41068_ignition_bringup/share/41068_ignition_bringup/config/41068_parrot1.rviz\n'}
[1.432583] (41068_ignition_bringup) StdoutLine: {'line': b'-- Up-to-date symlink: /home/jordan/G25_RS1/RS1-Gr25/install/41068_ignition_bringup/share/41068_ignition_bringup/config/gazebo_bridge_clock.yaml\n'}
[1.433270] (41068_ignition_bringup) StdoutLine: {'line': b'-- Up-to-date symlink: /home/jordan/G25_RS1/RS1-Gr25/install/41068_ignition_bringup/share/41068_ignition_bringup/config/gazebo_bridge_husky.yaml\n'}
[1.434351] (41068_ignition_bringup) StdoutLine: {'line': b'-- Up-to-date symlink: /home/jordan/G25_RS1/RS1-Gr25/install/41068_ignition_bringup/share/41068_ignition_bringup/config/gazebo_bridge_husky1.yaml\n'}
[1.434812] (41068_ignition_bringup) StdoutLine: {'line': b'-- Up-to-date symlink: /home/jordan/G25_RS1/RS1-Gr25/install/41068_ignition_bringup/share/41068_ignition_bringup/config/gazebo_bridge_parrot.yaml\n'}
[1.435402] (41068_ignition_bringup) StdoutLine: {'line': b'-- Up-to-date symlink: /home/jordan/G25_RS1/RS1-Gr25/install/41068_ignition_bringup/share/41068_ignition_bringup/config/gazebo_bridge_parrot1.yaml\n'}
[1.436255] (41068_ignition_bringup) StdoutLine: {'line': b'-- Up-to-date symlink: /home/jordan/G25_RS1/RS1-Gr25/install/41068_ignition_bringup/share/41068_ignition_bringup/config/ignition_server.config\n'}
[1.437498] (41068_ignition_bringup) StdoutLine: {'line': b'-- Up-to-date symlink: /home/jordan/G25_RS1/RS1-Gr25/install/41068_ignition_bringup/share/41068_ignition_bringup/config/nav2_params.yaml\n'}
[1.438741] (41068_ignition_bringup) StdoutLine: {'line': b'-- Up-to-date symlink: /home/jordan/G25_RS1/RS1-Gr25/install/41068_ignition_bringup/share/41068_ignition_bringup/config/nav2_params_husky1.yaml\n'}
[1.439514] (41068_ignition_bringup) StdoutLine: {'line': b'-- Up-to-date symlink: /home/jordan/G25_RS1/RS1-Gr25/install/41068_ignition_bringup/share/41068_ignition_bringup/config/nav2_params_parrot1.yaml\n'}
[1.439672] (41068_ignition_bringup) StdoutLine: {'line': b'-- Up-to-date symlink: /home/jordan/G25_RS1/RS1-Gr25/install/41068_ignition_bringup/share/41068_ignition_bringup/config/robot_localization.yaml\n'}
[1.439769] (41068_ignition_bringup) StdoutLine: {'line': b'-- Up-to-date symlink: /home/jordan/G25_RS1/RS1-Gr25/install/41068_ignition_bringup/share/41068_ignition_bringup/config/robot_localization_husky1.yaml\n'}
[1.439868] (41068_ignition_bringup) StdoutLine: {'line': b'-- Up-to-date symlink: /home/jordan/G25_RS1/RS1-Gr25/install/41068_ignition_bringup/share/41068_ignition_bringup/config/robot_localization_parrot1.yaml\n'}
[1.439964] (41068_ignition_bringup) StdoutLine: {'line': b'-- Up-to-date symlink: /home/jordan/G25_RS1/RS1-Gr25/install/41068_ignition_bringup/share/41068_ignition_bringup/config/slam_params.yaml\n'}
[1.440304] (41068_ignition_bringup) StdoutLine: {'line': b'-- Up-to-date symlink: /home/jordan/G25_RS1/RS1-Gr25/install/41068_ignition_bringup/share/41068_ignition_bringup/config/slam_params_husky1.yaml\n'}
[1.440770] (41068_ignition_bringup) StdoutLine: {'line': b'-- Up-to-date symlink: /home/jordan/G25_RS1/RS1-Gr25/install/41068_ignition_bringup/share/41068_ignition_bringup/config/slam_params_parrot1.yaml\n'}
[1.441244] (41068_ignition_bringup) StdoutLine: {'line': b'-- Up-to-date symlink: /home/jordan/G25_RS1/RS1-Gr25/install/41068_ignition_bringup/share/41068_ignition_bringup/launch/41068_autonomy_demo.launch.py\n'}
[1.441995] (41068_ignition_bringup) StdoutLine: {'line': b'-- Up-to-date symlink: /home/jordan/G25_RS1/RS1-Gr25/install/41068_ignition_bringup/share/41068_ignition_bringup/launch/41068_dynamic_world_demo.launch.py\n'}
[1.442180] (41068_ignition_bringup) StdoutLine: {'line': b'-- Up-to-date symlink: /home/jordan/G25_RS1/RS1-Gr25/install/41068_ignition_bringup/share/41068_ignition_bringup/launch/41068_ignition.launch.py\n'}
[1.442272] (41068_ignition_bringup) StdoutLine: {'line': b'-- Up-to-date symlink: /home/jordan/G25_RS1/RS1-Gr25/install/41068_ignition_bringup/share/41068_ignition_bringup/launch/41068_ignition_husky.launch.py\n'}
[1.442352] (41068_ignition_bringup) StdoutLine: {'line': b'-- Up-to-date symlink: /home/jordan/G25_RS1/RS1-Gr25/install/41068_ignition_bringup/share/41068_ignition_bringup/launch/41068_ignition_parrot.launch.py\n'}
[1.442499] (41068_ignition_bringup) StdoutLine: {'line': b'-- Up-to-date symlink: /home/jordan/G25_RS1/RS1-Gr25/install/41068_ignition_bringup/share/41068_ignition_bringup/launch/41068_navigation.launch.py\n'}
[1.442597] (41068_ignition_bringup) StdoutLine: {'line': b'-- Up-to-date symlink: /home/jordan/G25_RS1/RS1-Gr25/install/41068_ignition_bringup/share/41068_ignition_bringup/launch/__pycache__/41068_autonomy_demo.launch.cpython-310.pyc\n'}
[1.442773] (41068_ignition_bringup) StdoutLine: {'line': b'-- Up-to-date symlink: /home/jordan/G25_RS1/RS1-Gr25/install/41068_ignition_bringup/share/41068_ignition_bringup/launch/__pycache__/41068_autonomy_demo.launch.cpython-313.pyc\n'}
[1.442859] (41068_ignition_bringup) StdoutLine: {'line': b'-- Up-to-date symlink: /home/jordan/G25_RS1/RS1-Gr25/install/41068_ignition_bringup/share/41068_ignition_bringup/launch/__pycache__/41068_dynamic_world_demo.launch.cpython-313.pyc\n'}
[1.442938] (41068_ignition_bringup) StdoutLine: {'line': b'-- Symlinking: /home/jordan/G25_RS1/RS1-Gr25/install/41068_ignition_bringup/share/41068_ignition_bringup/launch/__pycache__/41068_ignition.launch.cpython-310.pyc\n'}
[1.454657] (41068_ignition_bringup) StdoutLine: {'line': b'-- Up-to-date symlink: /home/jordan/G25_RS1/RS1-Gr25/install/41068_ignition_bringup/share/41068_ignition_bringup/launch/__pycache__/41068_ignition.launch.cpython-313.pyc\n'}
[1.454936] (41068_ignition_bringup) StdoutLine: {'line': b'-- Symlinking: /home/jordan/G25_RS1/RS1-Gr25/install/41068_ignition_bringup/share/41068_ignition_bringup/launch/__pycache__/41068_ignition_husky.launch.cpython-310.pyc\n'}
[1.467064] (41068_ignition_bringup) StdoutLine: {'line': b'-- Up-to-date symlink: /home/jordan/G25_RS1/RS1-Gr25/install/41068_ignition_bringup/share/41068_ignition_bringup/launch/__pycache__/41068_ignition_husky.launch.cpython-313.pyc\n'}
[1.468695] (41068_ignition_bringup) StdoutLine: {'line': b'-- Up-to-date symlink: /home/jordan/G25_RS1/RS1-Gr25/install/41068_ignition_bringup/share/41068_ignition_bringup/launch/__pycache__/41068_ignition_parrot.launch.cpython-313.pyc\n'}
[1.469147] (41068_ignition_bringup) StdoutLine: {'line': b'-- Up-to-date symlink: /home/jordan/G25_RS1/RS1-Gr25/install/41068_ignition_bringup/share/41068_ignition_bringup/launch/__pycache__/41068_navigation.launch.cpython-313.pyc\n'}
[1.469598] (41068_ignition_bringup) StdoutLine: {'line': b'-- Up-to-date symlink: /home/jordan/G25_RS1/RS1-Gr25/install/41068_ignition_bringup/share/41068_ignition_bringup/launch/beer_sensor_demo.launch.py\n'}
[1.470095] (41068_ignition_bringup) StdoutLine: {'line': b'-- Symlinking: /home/jordan/G25_RS1/RS1-Gr25/install/41068_ignition_bringup/share/41068_ignition_bringup/launch/robot_status_gui.launch.py\n'}
[1.480207] (41068_ignition_bringup) StdoutLine: {'line': b'-- Up-to-date symlink: /home/jordan/G25_RS1/RS1-Gr25/install/41068_ignition_bringup/share/41068_ignition_bringup/models/custom_ground_plane/materials/forest_overhead.png\n'}
[1.480862] (41068_ignition_bringup) StdoutLine: {'line': b'-- Up-to-date symlink: /home/jordan/G25_RS1/RS1-Gr25/install/41068_ignition_bringup/share/41068_ignition_bringup/models/custom_ground_plane/materials/normalmap.png\n'}
[1.481390] (41068_ignition_bringup) StdoutLine: {'line': b'-- Up-to-date symlink: /home/jordan/G25_RS1/RS1-Gr25/install/41068_ignition_bringup/share/41068_ignition_bringup/models/custom_ground_plane/materials/pitchmap3.png\n'}
[1.482060] (41068_ignition_bringup) StdoutLine: {'line': b'-- Up-to-date symlink: /home/jordan/G25_RS1/RS1-Gr25/install/41068_ignition_bringup/share/41068_ignition_bringup/models/custom_ground_plane/model.config\n'}
[1.482539] (41068_ignition_bringup) StdoutLine: {'line': b'-- Up-to-date symlink: /home/jordan/G25_RS1/RS1-Gr25/install/41068_ignition_bringup/share/41068_ignition_bringup/models/custom_ground_plane/model.sdf\n'}
[1.482914] (41068_ignition_bringup) StdoutLine: {'line': b'-- Up-to-date symlink: /home/jordan/G25_RS1/RS1-Gr25/install/41068_ignition_bringup/share/41068_ignition_bringup/models/fire/materials/fire_transparent.png\n'}
[1.484010] (41068_ignition_bringup) StdoutLine: {'line': b'-- Up-to-date symlink: /home/jordan/G25_RS1/RS1-Gr25/install/41068_ignition_bringup/share/41068_ignition_bringup/models/fire/model.config\n'}
[1.485558] (41068_ignition_bringup) StdoutLine: {'line': b'-- Up-to-date symlink: /home/jordan/G25_RS1/RS1-Gr25/install/41068_ignition_bringup/share/41068_ignition_bringup/models/fire/model.sdf\n'}
[1.487728] (41068_ignition_bringup) StdoutLine: {'line': b'-- Up-to-date symlink: /home/jordan/G25_RS1/RS1-Gr25/install/41068_ignition_bringup/share/41068_ignition_bringup/models/flat_custom_ground_plane/materials/forest_overhead_plain.png\n'}
[1.487970] (41068_ignition_bringup) StdoutLine: {'line': b'-- Up-to-date symlink: /home/jordan/G25_RS1/RS1-Gr25/install/41068_ignition_bringup/share/41068_ignition_bringup/models/flat_custom_ground_plane/model.config\n'}
[1.488702] (41068_ignition_bringup) StdoutLine: {'line': b'-- Up-to-date symlink: /home/jordan/G25_RS1/RS1-Gr25/install/41068_ignition_bringup/share/41068_ignition_bringup/models/flat_custom_ground_plane/model.sdf\n'}
[1.488930] (41068_ignition_bringup) StdoutLine: {'line': b'-- Up-to-date symlink: /home/jordan/G25_RS1/RS1-Gr25/install/41068_ignition_bringup/share/41068_ignition_bringup/models/forest_plane/materials/textures/empty_grass.png\n'}
[1.489473] (41068_ignition_bringup) StdoutLine: {'line': b'-- Up-to-date symlink: /home/jordan/G25_RS1/RS1-Gr25/install/41068_ignition_bringup/share/41068_ignition_bringup/models/forest_plane/materials/textures/forest_overhead.png\n'}
[1.490359] (41068_ignition_bringup) StdoutLine: {'line': b'-- Up-to-date symlink: /home/jordan/G25_RS1/RS1-Gr25/install/41068_ignition_bringup/share/41068_ignition_bringup/models/forest_plane/materials/textures/forest_overhead_plain.png\n'}
[1.490551] (41068_ignition_bringup) StdoutLine: {'line': b'-- Up-to-date symlink: /home/jordan/G25_RS1/RS1-Gr25/install/41068_ignition_bringup/share/41068_ignition_bringup/models/forest_plane/materials/textures/leaf_litter.png\n'}
[1.490968] (41068_ignition_bringup) StdoutLine: {'line': b'-- Up-to-date symlink: /home/jordan/G25_RS1/RS1-Gr25/install/41068_ignition_bringup/share/41068_ignition_bringup/models/forest_plane/model.config\n'}
[1.491763] (41068_ignition_bringup) StdoutLine: {'line': b'-- Up-to-date symlink: /home/jordan/G25_RS1/RS1-Gr25/install/41068_ignition_bringup/share/41068_ignition_bringup/models/forest_plane/model.sdf\n'}
[1.491929] (41068_ignition_bringup) StdoutLine: {'line': b'-- Up-to-date symlink: /home/jordan/G25_RS1/RS1-Gr25/install/41068_ignition_bringup/share/41068_ignition_bringup/models/forest_wall/materials/textures/forest_wall.png\n'}
[1.492020] (41068_ignition_bringup) StdoutLine: {'line': b'-- Up-to-date symlink: /home/jordan/G25_RS1/RS1-Gr25/install/41068_ignition_bringup/share/41068_ignition_bringup/models/forest_wall/materials/textures/forest_wall_transparent.png\n'}
[1.493068] (41068_ignition_bringup) StdoutLine: {'line': b'-- Up-to-date symlink: /home/jordan/G25_RS1/RS1-Gr25/install/41068_ignition_bringup/share/41068_ignition_bringup/models/forest_wall/materials/textures/forest_wall_transparent_small.png\n'}
[1.494879] (41068_ignition_bringup) StdoutLine: {'line': b'-- Up-to-date symlink: /home/jordan/G25_RS1/RS1-Gr25/install/41068_ignition_bringup/share/41068_ignition_bringup/models/forest_wall/model.config\n'}
[1.495643] (41068_ignition_bringup) StdoutLine: {'line': b'-- Up-to-date symlink: /home/jordan/G25_RS1/RS1-Gr25/install/41068_ignition_bringup/share/41068_ignition_bringup/models/forest_wall/model.sdf\n'}
[1.496101] (41068_ignition_bringup) StdoutLine: {'line': b'-- Up-to-date symlink: /home/jordan/G25_RS1/RS1-Gr25/install/41068_ignition_bringup/share/41068_ignition_bringup/models/grass_plane/materials/textures/empty_grass.png\n'}
[1.496544] (41068_ignition_bringup) StdoutLine: {'line': b'-- Up-to-date symlink: /home/jordan/G25_RS1/RS1-Gr25/install/41068_ignition_bringup/share/41068_ignition_bringup/models/grass_plane/model.config\n'}
[1.496997] (41068_ignition_bringup) StdoutLine: {'line': b'-- Up-to-date symlink: /home/jordan/G25_RS1/RS1-Gr25/install/41068_ignition_bringup/share/41068_ignition_bringup/models/grass_plane/model.sdf\n'}
[1.497391] (41068_ignition_bringup) StdoutLine: {'line': b'-- Up-to-date symlink: /home/jordan/G25_RS1/RS1-Gr25/install/41068_ignition_bringup/share/41068_ignition_bringup/models/tree_burning/model.config\n'}
[1.497608] (41068_ignition_bringup) StdoutLine: {'line': b'-- Up-to-date symlink: /home/jordan/G25_RS1/RS1-Gr25/install/41068_ignition_bringup/share/41068_ignition_bringup/models/tree_burning/model.sdf\n'}
[1.497694] (41068_ignition_bringup) StdoutLine: {'line': b'-- Up-to-date symlink: /home/jordan/G25_RS1/RS1-Gr25/install/41068_ignition_bringup/share/41068_ignition_bringup/urdf_husky/common_properties.urdf.xacro\n'}
[1.497771] (41068_ignition_bringup) StdoutLine: {'line': b'-- Up-to-date symlink: /home/jordan/G25_RS1/RS1-Gr25/install/41068_ignition_bringup/share/41068_ignition_bringup/urdf_husky/husky.gazebo.xacro\n'}
[1.497846] (41068_ignition_bringup) StdoutLine: {'line': b'-- Up-to-date symlink: /home/jordan/G25_RS1/RS1-Gr25/install/41068_ignition_bringup/share/41068_ignition_bringup/urdf_husky/husky.urdf.xacro\n'}
[1.497919] (41068_ignition_bringup) StdoutLine: {'line': b'-- Up-to-date symlink: /home/jordan/G25_RS1/RS1-Gr25/install/41068_ignition_bringup/share/41068_ignition_bringup/urdf_husky/meshes/base_link.dae\n'}
[1.498007] (41068_ignition_bringup) StdoutLine: {'line': b'-- Up-to-date symlink: /home/jordan/G25_RS1/RS1-Gr25/install/41068_ignition_bringup/share/41068_ignition_bringup/urdf_husky/meshes/bumper.dae\n'}
[1.498187] (41068_ignition_bringup) StdoutLine: {'line': b'-- Up-to-date symlink: /home/jordan/G25_RS1/RS1-Gr25/install/41068_ignition_bringup/share/41068_ignition_bringup/urdf_husky/meshes/jpl04_arch_nosensor.stl\n'}
[1.498315] (41068_ignition_bringup) StdoutLine: {'line': b'-- Up-to-date symlink: /home/jordan/G25_RS1/RS1-Gr25/install/41068_ignition_bringup/share/41068_ignition_bringup/urdf_husky/meshes/top_chassis.dae\n'}
[1.498465] (41068_ignition_bringup) StdoutLine: {'line': b'-- Up-to-date symlink: /home/jordan/G25_RS1/RS1-Gr25/install/41068_ignition_bringup/share/41068_ignition_bringup/urdf_husky/meshes/top_plate.dae\n'}
[1.498546] (41068_ignition_bringup) StdoutLine: {'line': b'-- Up-to-date symlink: /home/jordan/G25_RS1/RS1-Gr25/install/41068_ignition_bringup/share/41068_ignition_bringup/urdf_husky/meshes/wheel.dae\n'}
[1.498641] (41068_ignition_bringup) StdoutLine: {'line': b'-- Up-to-date symlink: /home/jordan/G25_RS1/RS1-Gr25/install/41068_ignition_bringup/share/41068_ignition_bringup/urdf_husky/wheel.urdf.xacro\n'}
[1.498720] (41068_ignition_bringup) StdoutLine: {'line': b'-- Up-to-date symlink: /home/jordan/G25_RS1/RS1-Gr25/install/41068_ignition_bringup/share/41068_ignition_bringup/worlds/beer_demo_world.sdf\n'}
[1.498800] (41068_ignition_bringup) StdoutLine: {'line': b'-- Up-to-date symlink: /home/jordan/G25_RS1/RS1-Gr25/install/41068_ignition_bringup/share/41068_ignition_bringup/worlds/custom_world_1.sdf\n'}
[1.498885] (41068_ignition_bringup) StdoutLine: {'line': b'-- Up-to-date symlink: /home/jordan/G25_RS1/RS1-Gr25/install/41068_ignition_bringup/share/41068_ignition_bringup/worlds/large_demo.sdf\n'}
[1.498963] (41068_ignition_bringup) StdoutLine: {'line': b'-- Up-to-date symlink: /home/jordan/G25_RS1/RS1-Gr25/install/41068_ignition_bringup/share/41068_ignition_bringup/worlds/simple_trees.sdf\n'}
[1.499082] (41068_ignition_bringup) StdoutLine: {'line': b'-- Up-to-date symlink: /home/jordan/G25_RS1/RS1-Gr25/install/41068_ignition_bringup/share/41068_ignition_bringup/urdf_parrot/common_properties.urdf.xacro\n'}
[1.499188] (41068_ignition_bringup) StdoutLine: {'line': b'-- Up-to-date symlink: /home/jordan/G25_RS1/RS1-Gr25/install/41068_ignition_bringup/share/41068_ignition_bringup/urdf_parrot/meshes/hull.dae\n'}
[1.499294] (41068_ignition_bringup) StdoutLine: {'line': b'-- Up-to-date symlink: /home/jordan/G25_RS1/RS1-Gr25/install/41068_ignition_bringup/share/41068_ignition_bringup/urdf_parrot/meshes/propeller_fl.dae\n'}
[1.499465] (41068_ignition_bringup) StdoutLine: {'line': b'-- Up-to-date symlink: /home/jordan/G25_RS1/RS1-Gr25/install/41068_ignition_bringup/share/41068_ignition_bringup/urdf_parrot/meshes/propeller_fr.dae\n'}
[1.499631] (41068_ignition_bringup) StdoutLine: {'line': b'-- Up-to-date symlink: /home/jordan/G25_RS1/RS1-Gr25/install/41068_ignition_bringup/share/41068_ignition_bringup/urdf_parrot/meshes/propeller_rl.dae\n'}
[1.499931] (41068_ignition_bringup) StdoutLine: {'line': b'-- Up-to-date symlink: /home/jordan/G25_RS1/RS1-Gr25/install/41068_ignition_bringup/share/41068_ignition_bringup/urdf_parrot/meshes/propeller_rr.dae\n'}
[1.500305] (41068_ignition_bringup) StdoutLine: {'line': b'-- Up-to-date symlink: /home/jordan/G25_RS1/RS1-Gr25/install/41068_ignition_bringup/share/41068_ignition_bringup/urdf_parrot/model.config\n'}
[1.500717] (41068_ignition_bringup) StdoutLine: {'line': b'-- Up-to-date symlink: /home/jordan/G25_RS1/RS1-Gr25/install/41068_ignition_bringup/share/41068_ignition_bringup/urdf_parrot/model.sdf\n'}
[1.501184] (41068_ignition_bringup) StdoutLine: {'line': b'-- Up-to-date symlink: /home/jordan/G25_RS1/RS1-Gr25/install/41068_ignition_bringup/share/41068_ignition_bringup/urdf_parrot/parrot.gazebo.xacro\n'}
[1.501479] (41068_ignition_bringup) StdoutLine: {'line': b'-- Up-to-date symlink: /home/jordan/G25_RS1/RS1-Gr25/install/41068_ignition_bringup/share/41068_ignition_bringup/urdf_parrot/parrot.urdf.xacro\n'}
[1.501674] (-) TimerEvent: {}
[1.501713] (41068_ignition_bringup) StdoutLine: {'line': b'-- Up-to-date symlink: /home/jordan/G25_RS1/RS1-Gr25/install/41068_ignition_bringup/share/41068_ignition_bringup/urdf_parrot/thumbnails/1.png\n'}
[1.501856] (41068_ignition_bringup) StdoutLine: {'line': b'-- Up-to-date symlink: /home/jordan/G25_RS1/RS1-Gr25/install/41068_ignition_bringup/share/41068_ignition_bringup/urdf_parrot/thumbnails/2.png\n'}
[1.501968] (41068_ignition_bringup) StdoutLine: {'line': b'-- Up-to-date symlink: /home/jordan/G25_RS1/RS1-Gr25/install/41068_ignition_bringup/share/41068_ignition_bringup/urdf_parrot/thumbnails/3.png\n'}
[1.502097] (41068_ignition_bringup) StdoutLine: {'line': b'-- Up-to-date symlink: /home/jordan/G25_RS1/RS1-Gr25/install/41068_ignition_bringup/share/41068_ignition_bringup/urdf_parrot/thumbnails/4.png\n'}
[1.502272] (41068_ignition_bringup) StdoutLine: {'line': b'-- Up-to-date symlink: /home/jordan/G25_RS1/RS1-Gr25/install/41068_ignition_bringup/share/41068_ignition_bringup/urdf_parrot/thumbnails/5.png\n'}
[1.502414] (41068_ignition_bringup) StdoutLine: {'line': b'-- Up-to-date symlink: /home/jordan/G25_RS1/RS1-Gr25/install/41068_ignition_bringup/share/41068_ignition_bringup/environment/pythonpath.sh\n'}
[1.502566] (41068_ignition_bringup) StdoutLine: {'line': b'-- Up-to-date symlink: /home/jordan/G25_RS1/RS1-Gr25/install/41068_ignition_bringup/share/41068_ignition_bringup/environment/pythonpath.dsv\n'}
[1.502707] (41068_ignition_bringup) StdoutLine: {'line': b'-- Up-to-date symlink: /home/jordan/G25_RS1/RS1-Gr25/install/41068_ignition_bringup/local/lib/python3.10/dist-packages/rs1_nav-1.0.5-py3.10.egg-info/PKG-INFO\n'}
[1.503001] (41068_ignition_bringup) StdoutLine: {'line': b'-- Up-to-date symlink: /home/jordan/G25_RS1/RS1-Gr25/install/41068_ignition_bringup/local/lib/python3.10/dist-packages/rs1_nav-1.0.5-py3.10.egg-info/SOURCES.txt\n'}
[1.504817] (41068_ignition_bringup) StdoutLine: {'line': b'-- Up-to-date symlink: /home/jordan/G25_RS1/RS1-Gr25/install/41068_ignition_bringup/local/lib/python3.10/dist-packages/rs1_nav-1.0.5-py3.10.egg-info/dependency_links.txt\n'}
[1.505811] (41068_ignition_bringup) StdoutLine: {'line': b'-- Up-to-date symlink: /home/jordan/G25_RS1/RS1-Gr25/install/41068_ignition_bringup/local/lib/python3.10/dist-packages/rs1_nav-1.0.5-py3.10.egg-info/top_level.txt\n'}
[1.506303] (41068_ignition_bringup) StdoutLine: {'line': b'-- Up-to-date symlink: /home/jordan/G25_RS1/RS1-Gr25/install/41068_ignition_bringup/local/lib/python3.10/dist-packages/rs1_nav/__init__.py\n'}
[1.506657] (41068_ignition_bringup) StdoutLine: {'line': b'-- Up-to-date symlink: /home/jordan/G25_RS1/RS1-Gr25/install/41068_ignition_bringup/local/lib/python3.10/dist-packages/rs1_nav/gazebo_world.py\n'}
[1.506843] (41068_ignition_bringup) StdoutLine: {'line': b'-- Up-to-date symlink: /home/jordan/G25_RS1/RS1-Gr25/install/41068_ignition_bringup/local/lib/python3.10/dist-packages/rs1_nav/geometry.py\n'}
[1.506978] (41068_ignition_bringup) StdoutLine: {'line': b'-- Up-to-date symlink: /home/jordan/G25_RS1/RS1-Gr25/install/41068_ignition_bringup/local/lib/python3.10/dist-packages/rs1_nav/mission.py\n'}
[1.507064] (41068_ignition_bringup) StdoutLine: {'line': b'-- Up-to-date symlink: /home/jordan/G25_RS1/RS1-Gr25/install/41068_ignition_bringup/local/lib/python3.10/dist-packages/rs1_nav/nav_observer.py\n'}
[1.507180] (41068_ignition_bringup) StdoutLine: {'line': b'-- Up-to-date symlink: /home/jordan/G25_RS1/RS1-Gr25/install/41068_ignition_bringup/local/lib/python3.10/dist-packages/rs1_nav/sim.py\n'}
[1.507274] (41068_ignition_bringup) StdoutLine: {'line': b'-- Up-to-date symlink: /home/jordan/G25_RS1/RS1-Gr25/install/41068_ignition_bringup/lib/41068_ignition_bringup/dynamic_world_demo.py\n'}
[1.507386] (41068_ignition_bringup) StdoutLine: {'line': b'-- Up-to-date symlink: /home/jordan/G25_RS1/RS1-Gr25/install/41068_ignition_bringup/lib/41068_ignition_bringup/basic_autonomy_demo.py\n'}
[1.507550] (41068_ignition_bringup) StdoutLine: {'line': b'-- Up-to-date symlink: /home/jordan/G25_RS1/RS1-Gr25/install/41068_ignition_bringup/lib/41068_ignition_bringup/odometry_tf_broadcaster.py\n'}
[1.507678] (41068_ignition_bringup) StdoutLine: {'line': b'-- Up-to-date symlink: /home/jordan/G25_RS1/RS1-Gr25/install/41068_ignition_bringup/lib/41068_ignition_bringup/obstacle_injector.py\n'}
[1.507762] (41068_ignition_bringup) StdoutLine: {'line': b'-- Up-to-date symlink: /home/jordan/G25_RS1/RS1-Gr25/install/41068_ignition_bringup/lib/41068_ignition_bringup/robot_status_gui.py\n'}
[1.507842] (41068_ignition_bringup) StdoutLine: {'line': b'-- Up-to-date symlink: /home/jordan/G25_RS1/RS1-Gr25/install/41068_ignition_bringup/share/ament_index/resource_index/package_run_dependencies/41068_ignition_bringup\n'}
[1.507972] (41068_ignition_bringup) StdoutLine: {'line': b'-- Up-to-date symlink: /home/jordan/G25_RS1/RS1-Gr25/install/41068_ignition_bringup/share/ament_index/resource_index/parent_prefix_path/41068_ignition_bringup\n'}
[1.508068] (41068_ignition_bringup) StdoutLine: {'line': b'-- Up-to-date symlink: /home/jordan/G25_RS1/RS1-Gr25/install/41068_ignition_bringup/share/41068_ignition_bringup/environment/ament_prefix_path.sh\n'}
[1.508242] (41068_ignition_bringup) StdoutLine: {'line': b'-- Up-to-date symlink: /home/jordan/G25_RS1/RS1-Gr25/install/41068_ignition_bringup/share/41068_ignition_bringup/environment/ament_prefix_path.dsv\n'}
[1.508506] (41068_ignition_bringup) StdoutLine: {'line': b'-- Up-to-date symlink: /home/jordan/G25_RS1/RS1-Gr25/install/41068_ignition_bringup/share/41068_ignition_bringup/environment/path.sh\n'}
[1.508759] (41068_ignition_bringup) StdoutLine: {'line': b'-- Up-to-date symlink: /home/jordan/G25_RS1/RS1-Gr25/install/41068_ignition_bringup/share/41068_ignition_bringup/environment/path.dsv\n'}
[1.509051] (41068_ignition_bringup) StdoutLine: {'line': b'-- Up-to-date symlink: /home/jordan/G25_RS1/RS1-Gr25/install/41068_ignition_bringup/share/41068_ignition_bringup/local_setup.bash\n'}
[1.509210] (41068_ignition_bringup) StdoutLine: {'line': b'-- Up-to-date symlink: /home/jordan/G25_RS1/RS1-Gr25/install/41068_ignition_bringup/share/41068_ignition_bringup/local_setup.sh\n'}
[1.509300] (41068_ignition_bringup) StdoutLine: {'line': b'-- Up-to-date symlink: /home/jordan/G25_RS1/RS1-Gr25/install/41068_ignition_bringup/share/41068_ignition_bringup/local_setup.zsh\n'}
[1.509382] (41068_ignition_bringup) StdoutLine: {'line': b'-- Up-to-date symlink: /home/jordan/G25_RS1/RS1-Gr25/install/41068_ignition_bringup/share/41068_ignition_bringup/local_setup.dsv\n'}
[1.509460] (41068_ignition_bringup) StdoutLine: {'line': b'-- Symlinking: /home/jordan/G25_RS1/RS1-Gr25/install/41068_ignition_bringup/share/41068_ignition_bringup/package.dsv\n'}
[1.520325] (41068_ignition_bringup) StdoutLine: {'line': b'-- Up-to-date symlink: /home/jordan/G25_RS1/RS1-Gr25/install/41068_ignition_bringup/share/ament_index/resource_index/packages/41068_ignition_bringup\n'}
[1.521229] (41068_ignition_bringup) StdoutLine: {'line': b'-- Up-to-date symlink: /home/jordan/G25_RS1/RS1-Gr25/install/41068_ignition_bringup/share/41068_ignition_bringup/cmake/41068_ignition_bringupConfig.cmake\n'}
[1.521417] (41068_ignition_bringup) StdoutLine: {'line': b'-- Up-to-date symlink: /home/jordan/G25_RS1/RS1-Gr25/install/41068_ignition_bringup/share/41068_ignition_bringup/cmake/41068_ignition_bringupConfig-version.cmake\n'}
[1.521501] (41068_ignition_bringup) StdoutLine: {'line': b'-- Up-to-date symlink: /home/jordan/G25_RS1/RS1-Gr25/install/41068_ignition_bringup/share/41068_ignition_bringup/package.xml\n'}
[1.558753] (41068_ignition_bringup) StdoutLine: {'line': b"Listing '/home/jordan/G25_RS1/RS1-Gr25/install/41068_ignition_bringup/local/lib/python3.10/dist-packages/rs1_nav'...\n"}
[1.565453] (41068_ignition_bringup) CommandEnded: {'returncode': 0}
[1.601901] (-) TimerEvent: {}
[1.604801] (41068_ignition_bringup) JobEnded: {'identifier': '41068_ignition_bringup', 'rc': 0}
[1.605914] (-) EventReactorShutdown: {}
