[0.000000] (-) TimerEvent: {}
[0.000530] (-) JobUnselected: {'identifier': 'beer_fire_detection'}
[0.000725] (41068_ignition_bringup) JobQueued: {'identifier': '41068_ignition_bringup', 'dependencies': OrderedDict()}
[0.010914] (41068_ignition_bringup) JobStarted: {'identifier': '41068_ignition_bringup'}
[0.063688] (41068_ignition_bringup) JobProgress: {'identifier': '41068_ignition_bringup', 'progress': 'cmake'}
[0.076533] (41068_ignition_bringup) Command: {'cmd': ['/usr/bin/cmake', '/home/jordan/G25_RS1/RS1-Gr25/src/41068_ignition_bringup_v1/41068_ignition_bringup', '-DAMENT_CMAKE_SYMLINK_INSTALL=1', '-DCMAKE_INSTALL_PREFIX=/home/jordan/G25_RS1/RS1-Gr25/install/41068_ignition_bringup'], 'cwd': '/home/jordan/G25_RS1/RS1-Gr25/build/41068_ignition_bringup', 'env': OrderedDict([('LESSOPEN', '| /usr/bin/lesspipe %s'), ('VSCODE_CWD', '/mnt/c/Users/jorda/AppData/Local/Programs/cursor'), ('VSCODE_ESM_ENTRYPOINT', 'vs/workbench/api/node/extensionHostProcess'), ('GZ_SIM_RESOURCE_PATH', '/opt/ros/humble/share'), ('USER', 'jordan'), ('VSCODE_NLS_CONFIG', '{"userLocale":"en","osLocale":"en","resolvedLanguage":"en","defaultMessagesFile":"/home/jordan/.cursor-server/bin/2ba48ff3f7514cc4643c52ca9f7b3173d9b66130/out/nls.messages.json","locale":"en","availableLanguages":{}}'), ('VSCODE_HANDLES_UNCAUGHT_ERRORS', 'true'), ('CURSOR_RIPGREP_PATH', '/home/jordan/.cursor-server/bin/2ba48ff3f7514cc4643c52ca9f7b3173d9b66130/node_modules/@vscode/ripgrep/bin/rg'), ('SHLVL', '1'), ('LD_LIBRARY_PATH', '/opt/ros/humble/opt/rviz_ogre_vendor/lib:/opt/ros/humble/lib/x86_64-linux-gnu:/opt/ros/humble/lib'), ('HOME', '/home/jordan'), ('OLDPWD', '/home/jordan/G25_RS1/RS1-Gr25/src/41068_ignition_bringup_v1/41068_ignition_bringup'), ('VSCODE_IPC_HOOK_CLI', '/run/user/1000/vscode-ipc-3517d1ba-6dd6-4d1e-86cb-c9e8c4fca531.sock'), ('ROS_PYTHON_VERSION', '3'), ('NO_COLOR', '1'), ('DBUS_SESSION_BUS_ADDRESS', 'unix:path=/run/user/1000/bus'), ('WSL_DISTRO_NAME', 'Ubuntu-22.04'), ('WAYLAND_DISPLAY', 'wayland-0'), ('VSCODE_L10N_BUNDLE_LOCATION', ''), ('ROS_DISTRO', 'humble'), ('OVSX_REGISTRY_URL', 'https://open-vsx.org'), ('LOGNAME', 'jordan'), ('FORCE_COLOR', '0'), ('NAME', 'DESKTOP-RC39RBI'), ('WSL_INTEROP', '/run/WSL/338_interop'), ('VSCODE_HANDLES_SIGPIPE', 'true'), ('PULSE_SERVER', 'unix:/mnt/wslg/PulseServer'), ('_', '/usr/bin/colcon'), ('ROS_VERSION', '2'), ('CURSOR_LAYOUT', 'unifiedAgent'), ('TERM', 'dumb'), ('ROS_LOCALHOST_ONLY', '1'), ('PATH', '/opt/ros/humble/bin:/home/jordan/.cursor-server/bin/2ba48ff3f7514cc4643c52ca9f7b3173d9b66130/node_modules/@vscode/ripgrep/bin:/home/jordan/.cursor-server/bin/2ba48ff3f7514cc4643c52ca9f7b3173d9b66130/bin/remote-cli:/home/jordan/.cursor-server/bin/2ba48ff3f7514cc4643c52ca9f7b3173d9b66130/bin/remote-cli:/usr/local/sbin:/usr/local/bin:/usr/sbin:/usr/bin:/sbin:/bin:/usr/games:/usr/local/games:/usr/lib/wsl/lib:/snap/bin:/mnt/c/Users/jorda/AppData/Local/Programs/cursor/resources/app/bin:/mnt/c/Users/jorda/AppData/Local/Programs/Microsoft VS Code/bin'), ('XDG_RUNTIME_DIR', '/run/user/1000'), ('AGENT_TRANSCRIPTS', '/home/jordan/.cursor/projects/home-jordan-G25-RS1-RS1-Gr25-src-41068-ignition-bringup-v1-41068-ignition-bringup/agent-transcripts'), ('CURSOR_AGENT', '1'), ('DISPLAY', ':0'), ('LANG', 'C.UTF-8'), ('LS_COLORS', ''), ('AMENT_PREFIX_PATH', '/opt/ros/humble'), ('SHELL', '/bin/bash'), ('LESSCLOSE', '/usr/bin/lesspipe %s %s'), ('PWD', '/home/jordan/G25_RS1/RS1-Gr25/build/41068_ignition_bringup'), ('XDG_DATA_DIRS', '/usr/local/share:/usr/share:/var/lib/snapd/desktop'), ('CURSOR_CONVERSATION_ID', 'f28fa931-f336-492e-badd-97c05ee7ac06'), ('PYTHONPATH', '/opt/ros/humble/lib/python3.10/site-packages:/opt/ros/humble/local/lib/python3.10/dist-packages'), ('COLCON', '1'), ('__CURSOR_SANDBOX_ENV_RESTORE', "builtin unset CURSOR_CONVERSATION_ID CURSOR_AGENT_STORE_FILES_DIR CURSOR_AGENT_STORE_SHARED_PATHS 2>/dev/null || true; builtin export CURSOR_CONVERSATION_ID='f28fa931-f336-492e-badd-97c05ee7ac06'"), ('_ZO_DOCTOR', '0'), ('WSL2_GUI_APPS_ENABLED', '1'), ('HOSTTYPE', 'x86_64'), ('WSLENV', ''), ('CMAKE_PREFIX_PATH', '/opt/ros/humble')]), 'shell': False}
[0.094289] (-) TimerEvent: {}
[0.194724] (-) TimerEvent: {}
[0.295313] (-) TimerEvent: {}
[0.395951] (-) TimerEvent: {}
[0.504166] (-) TimerEvent: {}
[0.604533] (-) TimerEvent: {}
[0.705088] (-) TimerEvent: {}
[0.807953] (-) TimerEvent: {}
[0.908558] (-) TimerEvent: {}
[1.010803] (-) TimerEvent: {}
[1.111511] (-) TimerEvent: {}
[1.212671] (-) TimerEvent: {}
[1.313343] (-) TimerEvent: {}
[1.416227] (-) TimerEvent: {}
[1.547503] (-) TimerEvent: {}
[1.648055] (-) TimerEvent: {}
[1.773310] (-) TimerEvent: {}
[1.879027] (-) TimerEvent: {}
[1.939046] (41068_ignition_bringup) StdoutLine: {'line': b'-- The C compiler identification is GNU 11.4.0\n'}
[1.980120] (-) TimerEvent: {}
[2.080783] (-) TimerEvent: {}
[2.186322] (-) TimerEvent: {}
[2.291106] (-) TimerEvent: {}
[2.391784] (-) TimerEvent: {}
[2.493109] (-) TimerEvent: {}
[2.593937] (-) TimerEvent: {}
[2.694428] (-) TimerEvent: {}
[2.800654] (-) TimerEvent: {}
[2.901663] (-) TimerEvent: {}
[3.002067] (-) TimerEvent: {}
[3.102642] (-) TimerEvent: {}
[3.166294] (41068_ignition_bringup) StdoutLine: {'line': b'-- The CXX compiler identification is GNU 11.4.0\n'}
[3.202965] (-) TimerEvent: {}
[3.282832] (41068_ignition_bringup) StdoutLine: {'line': b'-- Detecting C compiler ABI info\n'}
[3.303408] (-) TimerEvent: {}
[3.404639] (-) TimerEvent: {}
[3.505188] (-) TimerEvent: {}
[3.605788] (-) TimerEvent: {}
[3.644280] (41068_ignition_bringup) StdoutLine: {'line': b'-- Detecting C compiler ABI info - done\n'}
[3.665373] (41068_ignition_bringup) StdoutLine: {'line': b'-- Check for working C compiler: /usr/bin/cc - skipped\n'}
[3.667621] (41068_ignition_bringup) StdoutLine: {'line': b'-- Detecting C compile features\n'}
[3.669358] (41068_ignition_bringup) StdoutLine: {'line': b'-- Detecting C compile features - done\n'}
[3.681732] (41068_ignition_bringup) StdoutLine: {'line': b'-- Detecting CXX compiler ABI info\n'}
[3.706136] (-) TimerEvent: {}
[3.806934] (-) TimerEvent: {}
[3.907478] (-) TimerEvent: {}
[3.978227] (41068_ignition_bringup) StdoutLine: {'line': b'-- Detecting CXX compiler ABI info - done\n'}
[3.991946] (41068_ignition_bringup) StdoutLine: {'line': b'-- Check for working CXX compiler: /usr/bin/c++ - skipped\n'}
[3.993124] (41068_ignition_bringup) StdoutLine: {'line': b'-- Detecting CXX compile features\n'}
[3.994150] (41068_ignition_bringup) StdoutLine: {'line': b'-- Detecting CXX compile features - done\n'}
[4.007739] (-) TimerEvent: {}
[4.035992] (41068_ignition_bringup) StdoutLine: {'line': b'-- Found ament_cmake: 1.3.14 (/opt/ros/humble/share/ament_cmake/cmake)\n'}
[4.108541] (-) TimerEvent: {}
[4.209171] (-) TimerEvent: {}
[4.309775] (-) TimerEvent: {}
[4.410346] (-) TimerEvent: {}
[4.510922] (-) TimerEvent: {}
[4.611468] (-) TimerEvent: {}
[4.621077] (41068_ignition_bringup) StdoutLine: {'line': b'-- Found Python3: /usr/bin/python3 (found version "3.10.12") found components: Interpreter \n'}
[4.711909] (-) TimerEvent: {}
[4.814061] (-) TimerEvent: {}
[4.914547] (-) TimerEvent: {}
[4.926650] (41068_ignition_bringup) StdoutLine: {'line': b'-- Override CMake install command with custom implementation using symlinks instead of copying resources\n'}
[5.015267] (-) TimerEvent: {}
[5.115935] (-) TimerEvent: {}
[5.135372] (41068_ignition_bringup) StdoutLine: {'line': b'-- Found ros_ign_interfaces: 0.244.25 (/opt/ros/humble/share/ros_ign_interfaces/cmake)\n'}
[5.216170] (-) TimerEvent: {}
[5.316649] (-) TimerEvent: {}
[5.381826] (41068_ignition_bringup) StdoutLine: {'line': b'-- Found rosidl_generator_c: 3.1.9 (/opt/ros/humble/share/rosidl_generator_c/cmake)\n'}
[5.411626] (41068_ignition_bringup) StdoutLine: {'line': b'-- Found rosidl_adapter: 3.1.9 (/opt/ros/humble/share/rosidl_adapter/cmake)\n'}
[5.416955] (-) TimerEvent: {}
[5.464051] (41068_ignition_bringup) StdoutLine: {'line': b'-- Found rosidl_generator_cpp: 3.1.9 (/opt/ros/humble/share/rosidl_generator_cpp/cmake)\n'}
[5.517140] (-) TimerEvent: {}
[5.542802] (41068_ignition_bringup) StdoutLine: {'line': b'-- Using all available rosidl_typesupport_c: rosidl_typesupport_fastrtps_c;rosidl_typesupport_introspection_c\n'}
[5.612833] (41068_ignition_bringup) StdoutLine: {'line': b'-- Using all available rosidl_typesupport_cpp: rosidl_typesupport_fastrtps_cpp;rosidl_typesupport_introspection_cpp\n'}
[5.617360] (-) TimerEvent: {}
[5.717969] (-) TimerEvent: {}
[5.821701] (-) TimerEvent: {}
[5.922308] (-) TimerEvent: {}
[6.022715] (-) TimerEvent: {}
[6.123119] (-) TimerEvent: {}
[6.223527] (-) TimerEvent: {}
[6.249996] (41068_ignition_bringup) StderrLine: {'line': b'WARNING: Package name "41068_ignition_bringup" does not follow the naming conventions. It should start with a lower case letter and only contain lower case letters, digits, underscores, and dashes.\n'}
[6.275410] (41068_ignition_bringup) StdoutLine: {'line': b'-- Found ament_lint_auto: 0.12.15 (/opt/ros/humble/share/ament_lint_auto/cmake)\n'}
[6.323819] (-) TimerEvent: {}
[6.396773] (41068_ignition_bringup) StderrLine: {'line': b'WARNING: Package name "41068_ignition_bringup" does not follow the naming conventions. It should start with a lower case letter and only contain lower case letters, digits, underscores, and dashes.\n'}
[6.424058] (-) TimerEvent: {}
[6.499855] (41068_ignition_bringup) StdoutLine: {'line': b"-- Added test 'copyright' to check source files copyright and LICENSE\n"}
[6.524284] (-) TimerEvent: {}
[6.527274] (41068_ignition_bringup) StdoutLine: {'line': b"-- Added test 'flake8' to check Python code syntax and style conventions\n"}
[6.531637] (41068_ignition_bringup) StdoutLine: {'line': b"-- Added test 'lint_cmake' to check CMake code style\n"}
[6.536335] (41068_ignition_bringup) StdoutLine: {'line': b"-- Added test 'pep257' to check Python code against some of the docstring style conventions in PEP 257\n"}
[6.547993] (41068_ignition_bringup) StdoutLine: {'line': b"-- Added test 'xmllint' to check XML markup files\n"}
[6.557416] (41068_ignition_bringup) StdoutLine: {'line': b'-- Configuring done\n'}
[6.602327] (41068_ignition_bringup) StdoutLine: {'line': b'-- Generating done\n'}
[6.617860] (41068_ignition_bringup) StdoutLine: {'line': b'-- Build files have been written to: /home/jordan/G25_RS1/RS1-Gr25/build/41068_ignition_bringup\n'}
[6.624539] (-) TimerEvent: {}
[6.637063] (41068_ignition_bringup) CommandEnded: {'returncode': 0}
[6.642683] (41068_ignition_bringup) JobProgress: {'identifier': '41068_ignition_bringup', 'progress': 'build'}
[6.644545] (41068_ignition_bringup) Command: {'cmd': ['/usr/bin/cmake', '--build', '/home/jordan/G25_RS1/RS1-Gr25/build/41068_ignition_bringup', '--', '-j6', '-l6'], 'cwd': '/home/jordan/G25_RS1/RS1-Gr25/build/41068_ignition_bringup', 'env': OrderedDict([('LESSOPEN', '| /usr/bin/lesspipe %s'), ('VSCODE_CWD', '/mnt/c/Users/jorda/AppData/Local/Programs/cursor'), ('VSCODE_ESM_ENTRYPOINT', 'vs/workbench/api/node/extensionHostProcess'), ('GZ_SIM_RESOURCE_PATH', '/opt/ros/humble/share'), ('USER', 'jordan'), ('VSCODE_NLS_CONFIG', '{"userLocale":"en","osLocale":"en","resolvedLanguage":"en","defaultMessagesFile":"/home/jordan/.cursor-server/bin/2ba48ff3f7514cc4643c52ca9f7b3173d9b66130/out/nls.messages.json","locale":"en","availableLanguages":{}}'), ('VSCODE_HANDLES_UNCAUGHT_ERRORS', 'true'), ('CURSOR_RIPGREP_PATH', '/home/jordan/.cursor-server/bin/2ba48ff3f7514cc4643c52ca9f7b3173d9b66130/node_modules/@vscode/ripgrep/bin/rg'), ('SHLVL', '1'), ('LD_LIBRARY_PATH', '/opt/ros/humble/opt/rviz_ogre_vendor/lib:/opt/ros/humble/lib/x86_64-linux-gnu:/opt/ros/humble/lib'), ('HOME', '/home/jordan'), ('OLDPWD', '/home/jordan/G25_RS1/RS1-Gr25/src/41068_ignition_bringup_v1/41068_ignition_bringup'), ('VSCODE_IPC_HOOK_CLI', '/run/user/1000/vscode-ipc-3517d1ba-6dd6-4d1e-86cb-c9e8c4fca531.sock'), ('ROS_PYTHON_VERSION', '3'), ('NO_COLOR', '1'), ('DBUS_SESSION_BUS_ADDRESS', 'unix:path=/run/user/1000/bus'), ('WSL_DISTRO_NAME', 'Ubuntu-22.04'), ('WAYLAND_DISPLAY', 'wayland-0'), ('VSCODE_L10N_BUNDLE_LOCATION', ''), ('ROS_DISTRO', 'humble'), ('OVSX_REGISTRY_URL', 'https://open-vsx.org'), ('LOGNAME', 'jordan'), ('FORCE_COLOR', '0'), ('NAME', 'DESKTOP-RC39RBI'), ('WSL_INTEROP', '/run/WSL/338_interop'), ('VSCODE_HANDLES_SIGPIPE', 'true'), ('PULSE_SERVER', 'unix:/mnt/wslg/PulseServer'), ('_', '/usr/bin/colcon'), ('ROS_VERSION', '2'), ('CURSOR_LAYOUT', 'unifiedAgent'), ('TERM', 'dumb'), ('ROS_LOCALHOST_ONLY', '1'), ('PATH', '/opt/ros/humble/bin:/home/jordan/.cursor-server/bin/2ba48ff3f7514cc4643c52ca9f7b3173d9b66130/node_modules/@vscode/ripgrep/bin:/home/jordan/.cursor-server/bin/2ba48ff3f7514cc4643c52ca9f7b3173d9b66130/bin/remote-cli:/home/jordan/.cursor-server/bin/2ba48ff3f7514cc4643c52ca9f7b3173d9b66130/bin/remote-cli:/usr/local/sbin:/usr/local/bin:/usr/sbin:/usr/bin:/sbin:/bin:/usr/games:/usr/local/games:/usr/lib/wsl/lib:/snap/bin:/mnt/c/Users/jorda/AppData/Local/Programs/cursor/resources/app/bin:/mnt/c/Users/jorda/AppData/Local/Programs/Microsoft VS Code/bin'), ('XDG_RUNTIME_DIR', '/run/user/1000'), ('AGENT_TRANSCRIPTS', '/home/jordan/.cursor/projects/home-jordan-G25-RS1-RS1-Gr25-src-41068-ignition-bringup-v1-41068-ignition-bringup/agent-transcripts'), ('CURSOR_AGENT', '1'), ('DISPLAY', ':0'), ('LANG', 'C.UTF-8'), ('LS_COLORS', ''), ('AMENT_PREFIX_PATH', '/opt/ros/humble'), ('SHELL', '/bin/bash'), ('LESSCLOSE', '/usr/bin/lesspipe %s %s'), ('PWD', '/home/jordan/G25_RS1/RS1-Gr25/build/41068_ignition_bringup'), ('XDG_DATA_DIRS', '/usr/local/share:/usr/share:/var/lib/snapd/desktop'), ('CURSOR_CONVERSATION_ID', 'f28fa931-f336-492e-badd-97c05ee7ac06'), ('PYTHONPATH', '/opt/ros/humble/lib/python3.10/site-packages:/opt/ros/humble/local/lib/python3.10/dist-packages'), ('COLCON', '1'), ('__CURSOR_SANDBOX_ENV_RESTORE', "builtin unset CURSOR_CONVERSATION_ID CURSOR_AGENT_STORE_FILES_DIR CURSOR_AGENT_STORE_SHARED_PATHS 2>/dev/null || true; builtin export CURSOR_CONVERSATION_ID='f28fa931-f336-492e-badd-97c05ee7ac06'"), ('_ZO_DOCTOR', '0'), ('WSL2_GUI_APPS_ENABLED', '1'), ('HOSTTYPE', 'x86_64'), ('WSLENV', ''), ('CMAKE_PREFIX_PATH', '/opt/ros/humble')]), 'shell': False}
[6.724732] (-) TimerEvent: {}
[6.800786] (41068_ignition_bringup) StdoutLine: {'line': b'Built target ament_cmake_python_symlink_rs1_nav\n'}
[6.824977] (-) TimerEvent: {}
[6.925495] (-) TimerEvent: {}
[7.026019] (-) TimerEvent: {}
[7.126537] (-) TimerEvent: {}
[7.226972] (-) TimerEvent: {}
[7.327497] (-) TimerEvent: {}
[7.427886] (-) TimerEvent: {}
[7.528282] (-) TimerEvent: {}
[7.564687] (41068_ignition_bringup) StdoutLine: {'line': b'running egg_info\n'}
[7.566110] (41068_ignition_bringup) StdoutLine: {'line': b'creating rs1_nav.egg-info\n'}
[7.567860] (41068_ignition_bringup) StdoutLine: {'line': b'writing rs1_nav.egg-info/PKG-INFO\n'}
[7.569634] (41068_ignition_bringup) StdoutLine: {'line': b'writing dependency_links to rs1_nav.egg-info/dependency_links.txt\n'}
[7.573130] (41068_ignition_bringup) StdoutLine: {'line': b'writing top-level names to rs1_nav.egg-info/top_level.txt\n'}
[7.574284] (41068_ignition_bringup) StdoutLine: {'line': b"writing manifest file 'rs1_nav.egg-info/SOURCES.txt'\n"}
[7.582165] (41068_ignition_bringup) StdoutLine: {'line': b"reading manifest file 'rs1_nav.egg-info/SOURCES.txt'\n"}
[7.584146] (41068_ignition_bringup) StdoutLine: {'line': b"writing manifest file 'rs1_nav.egg-info/SOURCES.txt'\n"}
[7.628582] (-) TimerEvent: {}
[7.657757] (41068_ignition_bringup) StdoutLine: {'line': b'Built target ament_cmake_python_build_rs1_nav_egg\n'}
[7.679874] (41068_ignition_bringup) CommandEnded: {'returncode': 0}
[7.683004] (41068_ignition_bringup) JobProgress: {'identifier': '41068_ignition_bringup', 'progress': 'install'}
[7.700056] (41068_ignition_bringup) Command: {'cmd': ['/usr/bin/cmake', '--install', '/home/jordan/G25_RS1/RS1-Gr25/build/41068_ignition_bringup'], 'cwd': '/home/jordan/G25_RS1/RS1-Gr25/build/41068_ignition_bringup', 'env': OrderedDict([('LESSOPEN', '| /usr/bin/lesspipe %s'), ('VSCODE_CWD', '/mnt/c/Users/jorda/AppData/Local/Programs/cursor'), ('VSCODE_ESM_ENTRYPOINT', 'vs/workbench/api/node/extensionHostProcess'), ('GZ_SIM_RESOURCE_PATH', '/opt/ros/humble/share'), ('USER', 'jordan'), ('VSCODE_NLS_CONFIG', '{"userLocale":"en","osLocale":"en","resolvedLanguage":"en","defaultMessagesFile":"/home/jordan/.cursor-server/bin/2ba48ff3f7514cc4643c52ca9f7b3173d9b66130/out/nls.messages.json","locale":"en","availableLanguages":{}}'), ('VSCODE_HANDLES_UNCAUGHT_ERRORS', 'true'), ('CURSOR_RIPGREP_PATH', '/home/jordan/.cursor-server/bin/2ba48ff3f7514cc4643c52ca9f7b3173d9b66130/node_modules/@vscode/ripgrep/bin/rg'), ('SHLVL', '1'), ('LD_LIBRARY_PATH', '/opt/ros/humble/opt/rviz_ogre_vendor/lib:/opt/ros/humble/lib/x86_64-linux-gnu:/opt/ros/humble/lib'), ('HOME', '/home/jordan'), ('OLDPWD', '/home/jordan/G25_RS1/RS1-Gr25/src/41068_ignition_bringup_v1/41068_ignition_bringup'), ('VSCODE_IPC_HOOK_CLI', '/run/user/1000/vscode-ipc-3517d1ba-6dd6-4d1e-86cb-c9e8c4fca531.sock'), ('ROS_PYTHON_VERSION', '3'), ('NO_COLOR', '1'), ('DBUS_SESSION_BUS_ADDRESS', 'unix:path=/run/user/1000/bus'), ('WSL_DISTRO_NAME', 'Ubuntu-22.04'), ('WAYLAND_DISPLAY', 'wayland-0'), ('VSCODE_L10N_BUNDLE_LOCATION', ''), ('ROS_DISTRO', 'humble'), ('OVSX_REGISTRY_URL', 'https://open-vsx.org'), ('LOGNAME', 'jordan'), ('FORCE_COLOR', '0'), ('NAME', 'DESKTOP-RC39RBI'), ('WSL_INTEROP', '/run/WSL/338_interop'), ('VSCODE_HANDLES_SIGPIPE', 'true'), ('PULSE_SERVER', 'unix:/mnt/wslg/PulseServer'), ('_', '/usr/bin/colcon'), ('ROS_VERSION', '2'), ('CURSOR_LAYOUT', 'unifiedAgent'), ('TERM', 'dumb'), ('ROS_LOCALHOST_ONLY', '1'), ('PATH', '/opt/ros/humble/bin:/home/jordan/.cursor-server/bin/2ba48ff3f7514cc4643c52ca9f7b3173d9b66130/node_modules/@vscode/ripgrep/bin:/home/jordan/.cursor-server/bin/2ba48ff3f7514cc4643c52ca9f7b3173d9b66130/bin/remote-cli:/home/jordan/.cursor-server/bin/2ba48ff3f7514cc4643c52ca9f7b3173d9b66130/bin/remote-cli:/usr/local/sbin:/usr/local/bin:/usr/sbin:/usr/bin:/sbin:/bin:/usr/games:/usr/local/games:/usr/lib/wsl/lib:/snap/bin:/mnt/c/Users/jorda/AppData/Local/Programs/cursor/resources/app/bin:/mnt/c/Users/jorda/AppData/Local/Programs/Microsoft VS Code/bin'), ('XDG_RUNTIME_DIR', '/run/user/1000'), ('AGENT_TRANSCRIPTS', '/home/jordan/.cursor/projects/home-jordan-G25-RS1-RS1-Gr25-src-41068-ignition-bringup-v1-41068-ignition-bringup/agent-transcripts'), ('CURSOR_AGENT', '1'), ('DISPLAY', ':0'), ('LANG', 'C.UTF-8'), ('LS_COLORS', ''), ('AMENT_PREFIX_PATH', '/opt/ros/humble'), ('SHELL', '/bin/bash'), ('LESSCLOSE', '/usr/bin/lesspipe %s %s'), ('PWD', '/home/jordan/G25_RS1/RS1-Gr25/build/41068_ignition_bringup'), ('XDG_DATA_DIRS', '/usr/local/share:/usr/share:/var/lib/snapd/desktop'), ('CURSOR_CONVERSATION_ID', 'f28fa931-f336-492e-badd-97c05ee7ac06'), ('PYTHONPATH', '/opt/ros/humble/lib/python3.10/site-packages:/opt/ros/humble/local/lib/python3.10/dist-packages'), ('COLCON', '1'), ('__CURSOR_SANDBOX_ENV_RESTORE', "builtin unset CURSOR_CONVERSATION_ID CURSOR_AGENT_STORE_FILES_DIR CURSOR_AGENT_STORE_SHARED_PATHS 2>/dev/null || true; builtin export CURSOR_CONVERSATION_ID='f28fa931-f336-492e-badd-97c05ee7ac06'"), ('_ZO_DOCTOR', '0'), ('WSL2_GUI_APPS_ENABLED', '1'), ('HOSTTYPE', 'x86_64'), ('WSLENV', ''), ('CMAKE_PREFIX_PATH', '/opt/ros/humble')]), 'shell': False}
[7.716817] (41068_ignition_bringup) StdoutLine: {'line': b'-- Install configuration: ""\n'}
[7.718646] (41068_ignition_bringup) StdoutLine: {'line': b'-- Execute custom install script\n'}
[7.727875] (41068_ignition_bringup) StdoutLine: {'line': b'-- Symlinking: /home/jordan/G25_RS1/RS1-Gr25/install/41068_ignition_bringup/share/41068_ignition_bringup/config/41068.rviz\n'}
[7.728718] (-) TimerEvent: {}
[7.747642] (41068_ignition_bringup) StdoutLine: {'line': b'-- Symlinking: /home/jordan/G25_RS1/RS1-Gr25/install/41068_ignition_bringup/share/41068_ignition_bringup/config/41068_husky1.rviz\n'}
[7.764403] (41068_ignition_bringup) StdoutLine: {'line': b'-- Symlinking: /home/jordan/G25_RS1/RS1-Gr25/install/41068_ignition_bringup/share/41068_ignition_bringup/config/41068_parrot1.rviz\n'}
[7.783797] (41068_ignition_bringup) StdoutLine: {'line': b'-- Symlinking: /home/jordan/G25_RS1/RS1-Gr25/install/41068_ignition_bringup/share/41068_ignition_bringup/config/gazebo_bridge_clock.yaml\n'}
[7.806733] (41068_ignition_bringup) StdoutLine: {'line': b'-- Symlinking: /home/jordan/G25_RS1/RS1-Gr25/install/41068_ignition_bringup/share/41068_ignition_bringup/config/gazebo_bridge_husky.yaml\n'}
[7.829001] (-) TimerEvent: {}
[7.833332] (41068_ignition_bringup) StdoutLine: {'line': b'-- Symlinking: /home/jordan/G25_RS1/RS1-Gr25/install/41068_ignition_bringup/share/41068_ignition_bringup/config/gazebo_bridge_husky1.yaml\n'}
[7.860030] (41068_ignition_bringup) StdoutLine: {'line': b'-- Symlinking: /home/jordan/G25_RS1/RS1-Gr25/install/41068_ignition_bringup/share/41068_ignition_bringup/config/gazebo_bridge_parrot.yaml\n'}
[7.884475] (41068_ignition_bringup) StdoutLine: {'line': b'-- Symlinking: /home/jordan/G25_RS1/RS1-Gr25/install/41068_ignition_bringup/share/41068_ignition_bringup/config/gazebo_bridge_parrot1.yaml\n'}
[7.905798] (41068_ignition_bringup) StdoutLine: {'line': b'-- Symlinking: /home/jordan/G25_RS1/RS1-Gr25/install/41068_ignition_bringup/share/41068_ignition_bringup/config/ignition_server.config\n'}
[7.922855] (41068_ignition_bringup) StdoutLine: {'line': b'-- Symlinking: /home/jordan/G25_RS1/RS1-Gr25/install/41068_ignition_bringup/share/41068_ignition_bringup/config/nav2_params.yaml\n'}
[7.929177] (-) TimerEvent: {}
[7.943195] (41068_ignition_bringup) StdoutLine: {'line': b'-- Symlinking: /home/jordan/G25_RS1/RS1-Gr25/install/41068_ignition_bringup/share/41068_ignition_bringup/config/nav2_params_husky1.yaml\n'}
[7.965036] (41068_ignition_bringup) StdoutLine: {'line': b'-- Symlinking: /home/jordan/G25_RS1/RS1-Gr25/install/41068_ignition_bringup/share/41068_ignition_bringup/config/nav2_params_parrot1.yaml\n'}
[7.982258] (41068_ignition_bringup) StdoutLine: {'line': b'-- Symlinking: /home/jordan/G25_RS1/RS1-Gr25/install/41068_ignition_bringup/share/41068_ignition_bringup/config/robot_localization.yaml\n'}
[8.000208] (41068_ignition_bringup) StdoutLine: {'line': b'-- Symlinking: /home/jordan/G25_RS1/RS1-Gr25/install/41068_ignition_bringup/share/41068_ignition_bringup/config/robot_localization_husky1.yaml\n'}
[8.017878] (41068_ignition_bringup) StdoutLine: {'line': b'-- Symlinking: /home/jordan/G25_RS1/RS1-Gr25/install/41068_ignition_bringup/share/41068_ignition_bringup/config/robot_localization_parrot1.yaml\n'}
[8.029371] (-) TimerEvent: {}
[8.043307] (41068_ignition_bringup) StdoutLine: {'line': b'-- Symlinking: /home/jordan/G25_RS1/RS1-Gr25/install/41068_ignition_bringup/share/41068_ignition_bringup/config/slam_params.yaml\n'}
[8.070422] (41068_ignition_bringup) StdoutLine: {'line': b'-- Symlinking: /home/jordan/G25_RS1/RS1-Gr25/install/41068_ignition_bringup/share/41068_ignition_bringup/config/slam_params_husky1.yaml\n'}
[8.091130] (41068_ignition_bringup) StdoutLine: {'line': b'-- Symlinking: /home/jordan/G25_RS1/RS1-Gr25/install/41068_ignition_bringup/share/41068_ignition_bringup/config/slam_params_parrot1.yaml\n'}
[8.108522] (41068_ignition_bringup) StdoutLine: {'line': b'-- Symlinking: /home/jordan/G25_RS1/RS1-Gr25/install/41068_ignition_bringup/share/41068_ignition_bringup/launch/41068_autonomy_demo.launch.py\n'}
[8.127514] (41068_ignition_bringup) StdoutLine: {'line': b'-- Symlinking: /home/jordan/G25_RS1/RS1-Gr25/install/41068_ignition_bringup/share/41068_ignition_bringup/launch/41068_dynamic_world_demo.launch.py\n'}
[8.129562] (-) TimerEvent: {}
[8.152163] (41068_ignition_bringup) StdoutLine: {'line': b'-- Symlinking: /home/jordan/G25_RS1/RS1-Gr25/install/41068_ignition_bringup/share/41068_ignition_bringup/launch/41068_ignition.launch.py\n'}
[8.174126] (41068_ignition_bringup) StdoutLine: {'line': b'-- Symlinking: /home/jordan/G25_RS1/RS1-Gr25/install/41068_ignition_bringup/share/41068_ignition_bringup/launch/41068_ignition_husky.launch.py\n'}
[8.191214] (41068_ignition_bringup) StdoutLine: {'line': b'-- Symlinking: /home/jordan/G25_RS1/RS1-Gr25/install/41068_ignition_bringup/share/41068_ignition_bringup/launch/41068_ignition_parrot.launch.py\n'}
[8.208462] (41068_ignition_bringup) StdoutLine: {'line': b'-- Symlinking: /home/jordan/G25_RS1/RS1-Gr25/install/41068_ignition_bringup/share/41068_ignition_bringup/launch/41068_navigation.launch.py\n'}
[8.224894] (41068_ignition_bringup) StdoutLine: {'line': b'-- Symlinking: /home/jordan/G25_RS1/RS1-Gr25/install/41068_ignition_bringup/share/41068_ignition_bringup/launch/__pycache__/41068_autonomy_demo.launch.cpython-310.pyc\n'}
[8.229751] (-) TimerEvent: {}
[8.242984] (41068_ignition_bringup) StdoutLine: {'line': b'-- Symlinking: /home/jordan/G25_RS1/RS1-Gr25/install/41068_ignition_bringup/share/41068_ignition_bringup/launch/__pycache__/41068_autonomy_demo.launch.cpython-313.pyc\n'}
[8.263495] (41068_ignition_bringup) StdoutLine: {'line': b'-- Symlinking: /home/jordan/G25_RS1/RS1-Gr25/install/41068_ignition_bringup/share/41068_ignition_bringup/launch/__pycache__/41068_dynamic_world_demo.launch.cpython-313.pyc\n'}
[8.281249] (41068_ignition_bringup) StdoutLine: {'line': b'-- Symlinking: /home/jordan/G25_RS1/RS1-Gr25/install/41068_ignition_bringup/share/41068_ignition_bringup/launch/__pycache__/41068_ignition.launch.cpython-310.pyc\n'}
[8.297919] (41068_ignition_bringup) StdoutLine: {'line': b'-- Symlinking: /home/jordan/G25_RS1/RS1-Gr25/install/41068_ignition_bringup/share/41068_ignition_bringup/launch/__pycache__/41068_ignition.launch.cpython-313.pyc\n'}
[8.315566] (41068_ignition_bringup) StdoutLine: {'line': b'-- Symlinking: /home/jordan/G25_RS1/RS1-Gr25/install/41068_ignition_bringup/share/41068_ignition_bringup/launch/__pycache__/41068_ignition_husky.launch.cpython-310.pyc\n'}
[8.329948] (-) TimerEvent: {}
[8.339668] (41068_ignition_bringup) StdoutLine: {'line': b'-- Symlinking: /home/jordan/G25_RS1/RS1-Gr25/install/41068_ignition_bringup/share/41068_ignition_bringup/launch/__pycache__/41068_ignition_husky.launch.cpython-313.pyc\n'}
[8.363587] (41068_ignition_bringup) StdoutLine: {'line': b'-- Symlinking: /home/jordan/G25_RS1/RS1-Gr25/install/41068_ignition_bringup/share/41068_ignition_bringup/launch/__pycache__/41068_ignition_parrot.launch.cpython-313.pyc\n'}
[8.388206] (41068_ignition_bringup) StdoutLine: {'line': b'-- Symlinking: /home/jordan/G25_RS1/RS1-Gr25/install/41068_ignition_bringup/share/41068_ignition_bringup/launch/__pycache__/41068_navigation.launch.cpython-313.pyc\n'}
[8.410305] (41068_ignition_bringup) StdoutLine: {'line': b'-- Symlinking: /home/jordan/G25_RS1/RS1-Gr25/install/41068_ignition_bringup/share/41068_ignition_bringup/launch/beer_sensor_demo.launch.py\n'}
[8.430172] (-) TimerEvent: {}
[8.438844] (41068_ignition_bringup) StdoutLine: {'line': b'-- Symlinking: /home/jordan/G25_RS1/RS1-Gr25/install/41068_ignition_bringup/share/41068_ignition_bringup/models/custom_ground_plane/materials/forest_overhead.png\n'}
[8.465853] (41068_ignition_bringup) StdoutLine: {'line': b'-- Symlinking: /home/jordan/G25_RS1/RS1-Gr25/install/41068_ignition_bringup/share/41068_ignition_bringup/models/custom_ground_plane/materials/normalmap.png\n'}
[8.487691] (41068_ignition_bringup) StdoutLine: {'line': b'-- Symlinking: /home/jordan/G25_RS1/RS1-Gr25/install/41068_ignition_bringup/share/41068_ignition_bringup/models/custom_ground_plane/materials/pitchmap3.png\n'}
[8.508190] (41068_ignition_bringup) StdoutLine: {'line': b'-- Symlinking: /home/jordan/G25_RS1/RS1-Gr25/install/41068_ignition_bringup/share/41068_ignition_bringup/models/custom_ground_plane/model.config\n'}
[8.525361] (41068_ignition_bringup) StdoutLine: {'line': b'-- Symlinking: /home/jordan/G25_RS1/RS1-Gr25/install/41068_ignition_bringup/share/41068_ignition_bringup/models/custom_ground_plane/model.sdf\n'}
[8.530381] (-) TimerEvent: {}
[8.548367] (41068_ignition_bringup) StdoutLine: {'line': b'-- Symlinking: /home/jordan/G25_RS1/RS1-Gr25/install/41068_ignition_bringup/share/41068_ignition_bringup/models/fire/materials/fire_transparent.png\n'}
[8.570822] (41068_ignition_bringup) StdoutLine: {'line': b'-- Symlinking: /home/jordan/G25_RS1/RS1-Gr25/install/41068_ignition_bringup/share/41068_ignition_bringup/models/fire/model.config\n'}
[8.603953] (41068_ignition_bringup) StdoutLine: {'line': b'-- Symlinking: /home/jordan/G25_RS1/RS1-Gr25/install/41068_ignition_bringup/share/41068_ignition_bringup/models/fire/model.sdf\n'}
[8.628657] (41068_ignition_bringup) StdoutLine: {'line': b'-- Symlinking: /home/jordan/G25_RS1/RS1-Gr25/install/41068_ignition_bringup/share/41068_ignition_bringup/models/flat_custom_ground_plane/materials/forest_overhead_plain.png\n'}
[8.630603] (-) TimerEvent: {}
[8.650801] (41068_ignition_bringup) StdoutLine: {'line': b'-- Symlinking: /home/jordan/G25_RS1/RS1-Gr25/install/41068_ignition_bringup/share/41068_ignition_bringup/models/flat_custom_ground_plane/model.config\n'}
[8.674683] (41068_ignition_bringup) StdoutLine: {'line': b'-- Symlinking: /home/jordan/G25_RS1/RS1-Gr25/install/41068_ignition_bringup/share/41068_ignition_bringup/models/flat_custom_ground_plane/model.sdf\n'}
[8.699438] (41068_ignition_bringup) StdoutLine: {'line': b'-- Symlinking: /home/jordan/G25_RS1/RS1-Gr25/install/41068_ignition_bringup/share/41068_ignition_bringup/models/forest_plane/materials/textures/empty_grass.png\n'}
[8.718382] (41068_ignition_bringup) StdoutLine: {'line': b'-- Symlinking: /home/jordan/G25_RS1/RS1-Gr25/install/41068_ignition_bringup/share/41068_ignition_bringup/models/forest_plane/materials/textures/forest_overhead.png\n'}
[8.730779] (-) TimerEvent: {}
[8.733902] (41068_ignition_bringup) StdoutLine: {'line': b'-- Symlinking: /home/jordan/G25_RS1/RS1-Gr25/install/41068_ignition_bringup/share/41068_ignition_bringup/models/forest_plane/materials/textures/forest_overhead_plain.png\n'}
[8.751659] (41068_ignition_bringup) StdoutLine: {'line': b'-- Symlinking: /home/jordan/G25_RS1/RS1-Gr25/install/41068_ignition_bringup/share/41068_ignition_bringup/models/forest_plane/materials/textures/leaf_litter.png\n'}
[8.767088] (41068_ignition_bringup) StdoutLine: {'line': b'-- Symlinking: /home/jordan/G25_RS1/RS1-Gr25/install/41068_ignition_bringup/share/41068_ignition_bringup/models/forest_plane/model.config\n'}
[8.783606] (41068_ignition_bringup) StdoutLine: {'line': b'-- Symlinking: /home/jordan/G25_RS1/RS1-Gr25/install/41068_ignition_bringup/share/41068_ignition_bringup/models/forest_plane/model.sdf\n'}
[8.801845] (41068_ignition_bringup) StdoutLine: {'line': b'-- Symlinking: /home/jordan/G25_RS1/RS1-Gr25/install/41068_ignition_bringup/share/41068_ignition_bringup/models/forest_wall/materials/textures/forest_wall.png\n'}
[8.817290] (41068_ignition_bringup) StdoutLine: {'line': b'-- Symlinking: /home/jordan/G25_RS1/RS1-Gr25/install/41068_ignition_bringup/share/41068_ignition_bringup/models/forest_wall/materials/textures/forest_wall_transparent.png\n'}
[8.830951] (-) TimerEvent: {}
[8.835978] (41068_ignition_bringup) StdoutLine: {'line': b'-- Symlinking: /home/jordan/G25_RS1/RS1-Gr25/install/41068_ignition_bringup/share/41068_ignition_bringup/models/forest_wall/materials/textures/forest_wall_transparent_small.png\n'}
[8.852220] (41068_ignition_bringup) StdoutLine: {'line': b'-- Symlinking: /home/jordan/G25_RS1/RS1-Gr25/install/41068_ignition_bringup/share/41068_ignition_bringup/models/forest_wall/model.config\n'}
[8.868118] (41068_ignition_bringup) StdoutLine: {'line': b'-- Symlinking: /home/jordan/G25_RS1/RS1-Gr25/install/41068_ignition_bringup/share/41068_ignition_bringup/models/forest_wall/model.sdf\n'}
[8.890941] (41068_ignition_bringup) StdoutLine: {'line': b'-- Symlinking: /home/jordan/G25_RS1/RS1-Gr25/install/41068_ignition_bringup/share/41068_ignition_bringup/models/grass_plane/materials/textures/empty_grass.png\n'}
[8.919512] (41068_ignition_bringup) StdoutLine: {'line': b'-- Symlinking: /home/jordan/G25_RS1/RS1-Gr25/install/41068_ignition_bringup/share/41068_ignition_bringup/models/grass_plane/model.config\n'}
[8.931258] (-) TimerEvent: {}
[8.944809] (41068_ignition_bringup) StdoutLine: {'line': b'-- Symlinking: /home/jordan/G25_RS1/RS1-Gr25/install/41068_ignition_bringup/share/41068_ignition_bringup/models/grass_plane/model.sdf\n'}
[8.974513] (41068_ignition_bringup) StdoutLine: {'line': b'-- Symlinking: /home/jordan/G25_RS1/RS1-Gr25/install/41068_ignition_bringup/share/41068_ignition_bringup/models/tree_burning/model.config\n'}
[9.000258] (41068_ignition_bringup) StdoutLine: {'line': b'-- Symlinking: /home/jordan/G25_RS1/RS1-Gr25/install/41068_ignition_bringup/share/41068_ignition_bringup/models/tree_burning/model.sdf\n'}
[9.024962] (41068_ignition_bringup) StdoutLine: {'line': b'-- Symlinking: /home/jordan/G25_RS1/RS1-Gr25/install/41068_ignition_bringup/share/41068_ignition_bringup/urdf_husky/common_properties.urdf.xacro\n'}
[9.031468] (-) TimerEvent: {}
[9.050101] (41068_ignition_bringup) StdoutLine: {'line': b'-- Symlinking: /home/jordan/G25_RS1/RS1-Gr25/install/41068_ignition_bringup/share/41068_ignition_bringup/urdf_husky/husky.gazebo.xacro\n'}
[9.071302] (41068_ignition_bringup) StdoutLine: {'line': b'-- Symlinking: /home/jordan/G25_RS1/RS1-Gr25/install/41068_ignition_bringup/share/41068_ignition_bringup/urdf_husky/husky.urdf.xacro\n'}
[9.101430] (41068_ignition_bringup) StdoutLine: {'line': b'-- Symlinking: /home/jordan/G25_RS1/RS1-Gr25/install/41068_ignition_bringup/share/41068_ignition_bringup/urdf_husky/meshes/base_link.dae\n'}
[9.121648] (41068_ignition_bringup) StdoutLine: {'line': b'-- Symlinking: /home/jordan/G25_RS1/RS1-Gr25/install/41068_ignition_bringup/share/41068_ignition_bringup/urdf_husky/meshes/bumper.dae\n'}
[9.131732] (-) TimerEvent: {}
[9.144222] (41068_ignition_bringup) StdoutLine: {'line': b'-- Symlinking: /home/jordan/G25_RS1/RS1-Gr25/install/41068_ignition_bringup/share/41068_ignition_bringup/urdf_husky/meshes/jpl04_arch_nosensor.stl\n'}
[9.165041] (41068_ignition_bringup) StdoutLine: {'line': b'-- Symlinking: /home/jordan/G25_RS1/RS1-Gr25/install/41068_ignition_bringup/share/41068_ignition_bringup/urdf_husky/meshes/top_chassis.dae\n'}
[9.198357] (41068_ignition_bringup) StdoutLine: {'line': b'-- Symlinking: /home/jordan/G25_RS1/RS1-Gr25/install/41068_ignition_bringup/share/41068_ignition_bringup/urdf_husky/meshes/top_plate.dae\n'}
[9.229061] (41068_ignition_bringup) StdoutLine: {'line': b'-- Symlinking: /home/jordan/G25_RS1/RS1-Gr25/install/41068_ignition_bringup/share/41068_ignition_bringup/urdf_husky/meshes/wheel.dae\n'}
[9.231939] (-) TimerEvent: {}
[9.251150] (41068_ignition_bringup) StdoutLine: {'line': b'-- Symlinking: /home/jordan/G25_RS1/RS1-Gr25/install/41068_ignition_bringup/share/41068_ignition_bringup/urdf_husky/wheel.urdf.xacro\n'}
[9.279864] (41068_ignition_bringup) StdoutLine: {'line': b'-- Symlinking: /home/jordan/G25_RS1/RS1-Gr25/install/41068_ignition_bringup/share/41068_ignition_bringup/worlds/beer_demo_world.sdf\n'}
[9.303406] (41068_ignition_bringup) StdoutLine: {'line': b'-- Symlinking: /home/jordan/G25_RS1/RS1-Gr25/install/41068_ignition_bringup/share/41068_ignition_bringup/worlds/custom_world_1.sdf\n'}
[9.332156] (-) TimerEvent: {}
[9.335957] (41068_ignition_bringup) StdoutLine: {'line': b'-- Symlinking: /home/jordan/G25_RS1/RS1-Gr25/install/41068_ignition_bringup/share/41068_ignition_bringup/worlds/large_demo.sdf\n'}
[9.372176] (41068_ignition_bringup) StdoutLine: {'line': b'-- Symlinking: /home/jordan/G25_RS1/RS1-Gr25/install/41068_ignition_bringup/share/41068_ignition_bringup/worlds/simple_trees.sdf\n'}
[9.406983] (41068_ignition_bringup) StdoutLine: {'line': b'-- Symlinking: /home/jordan/G25_RS1/RS1-Gr25/install/41068_ignition_bringup/share/41068_ignition_bringup/urdf_parrot/common_properties.urdf.xacro\n'}
[9.428427] (41068_ignition_bringup) StdoutLine: {'line': b'-- Symlinking: /home/jordan/G25_RS1/RS1-Gr25/install/41068_ignition_bringup/share/41068_ignition_bringup/urdf_parrot/meshes/hull.dae\n'}
[9.432357] (-) TimerEvent: {}
[9.447855] (41068_ignition_bringup) StdoutLine: {'line': b'-- Symlinking: /home/jordan/G25_RS1/RS1-Gr25/install/41068_ignition_bringup/share/41068_ignition_bringup/urdf_parrot/meshes/propeller_fl.dae\n'}
[9.468533] (41068_ignition_bringup) StdoutLine: {'line': b'-- Symlinking: /home/jordan/G25_RS1/RS1-Gr25/install/41068_ignition_bringup/share/41068_ignition_bringup/urdf_parrot/meshes/propeller_fr.dae\n'}
[9.483728] (41068_ignition_bringup) StdoutLine: {'line': b'-- Symlinking: /home/jordan/G25_RS1/RS1-Gr25/install/41068_ignition_bringup/share/41068_ignition_bringup/urdf_parrot/meshes/propeller_rl.dae\n'}
[9.501896] (41068_ignition_bringup) StdoutLine: {'line': b'-- Symlinking: /home/jordan/G25_RS1/RS1-Gr25/install/41068_ignition_bringup/share/41068_ignition_bringup/urdf_parrot/meshes/propeller_rr.dae\n'}
[9.525731] (41068_ignition_bringup) StdoutLine: {'line': b'-- Symlinking: /home/jordan/G25_RS1/RS1-Gr25/install/41068_ignition_bringup/share/41068_ignition_bringup/urdf_parrot/model.config\n'}
[9.532586] (-) TimerEvent: {}
[9.542781] (41068_ignition_bringup) StdoutLine: {'line': b'-- Symlinking: /home/jordan/G25_RS1/RS1-Gr25/install/41068_ignition_bringup/share/41068_ignition_bringup/urdf_parrot/model.sdf\n'}
[9.558606] (41068_ignition_bringup) StdoutLine: {'line': b'-- Symlinking: /home/jordan/G25_RS1/RS1-Gr25/install/41068_ignition_bringup/share/41068_ignition_bringup/urdf_parrot/parrot.gazebo.xacro\n'}
[9.575924] (41068_ignition_bringup) StdoutLine: {'line': b'-- Symlinking: /home/jordan/G25_RS1/RS1-Gr25/install/41068_ignition_bringup/share/41068_ignition_bringup/urdf_parrot/parrot.urdf.xacro\n'}
[9.602801] (41068_ignition_bringup) StdoutLine: {'line': b'-- Symlinking: /home/jordan/G25_RS1/RS1-Gr25/install/41068_ignition_bringup/share/41068_ignition_bringup/urdf_parrot/thumbnails/1.png\n'}
[9.620041] (41068_ignition_bringup) StdoutLine: {'line': b'-- Symlinking: /home/jordan/G25_RS1/RS1-Gr25/install/41068_ignition_bringup/share/41068_ignition_bringup/urdf_parrot/thumbnails/2.png\n'}
[9.632787] (-) TimerEvent: {}
[9.641544] (41068_ignition_bringup) StdoutLine: {'line': b'-- Symlinking: /home/jordan/G25_RS1/RS1-Gr25/install/41068_ignition_bringup/share/41068_ignition_bringup/urdf_parrot/thumbnails/3.png\n'}
[9.662378] (41068_ignition_bringup) StdoutLine: {'line': b'-- Symlinking: /home/jordan/G25_RS1/RS1-Gr25/install/41068_ignition_bringup/share/41068_ignition_bringup/urdf_parrot/thumbnails/4.png\n'}
[9.681448] (41068_ignition_bringup) StdoutLine: {'line': b'-- Symlinking: /home/jordan/G25_RS1/RS1-Gr25/install/41068_ignition_bringup/share/41068_ignition_bringup/urdf_parrot/thumbnails/5.png\n'}
[9.703220] (41068_ignition_bringup) StdoutLine: {'line': b'-- Symlinking: /home/jordan/G25_RS1/RS1-Gr25/install/41068_ignition_bringup/share/41068_ignition_bringup/environment/pythonpath.sh\n'}
[9.723997] (41068_ignition_bringup) StdoutLine: {'line': b'-- Symlinking: /home/jordan/G25_RS1/RS1-Gr25/install/41068_ignition_bringup/share/41068_ignition_bringup/environment/pythonpath.dsv\n'}
[9.732977] (-) TimerEvent: {}
[9.751649] (41068_ignition_bringup) StdoutLine: {'line': b'-- Symlinking: /home/jordan/G25_RS1/RS1-Gr25/install/41068_ignition_bringup/local/lib/python3.10/dist-packages/rs1_nav-1.0.5-py3.10.egg-info/PKG-INFO\n'}
[9.778234] (41068_ignition_bringup) StdoutLine: {'line': b'-- Symlinking: /home/jordan/G25_RS1/RS1-Gr25/install/41068_ignition_bringup/local/lib/python3.10/dist-packages/rs1_nav-1.0.5-py3.10.egg-info/SOURCES.txt\n'}
[9.801169] (41068_ignition_bringup) StdoutLine: {'line': b'-- Symlinking: /home/jordan/G25_RS1/RS1-Gr25/install/41068_ignition_bringup/local/lib/python3.10/dist-packages/rs1_nav-1.0.5-py3.10.egg-info/dependency_links.txt\n'}
[9.820320] (41068_ignition_bringup) StdoutLine: {'line': b'-- Symlinking: /home/jordan/G25_RS1/RS1-Gr25/install/41068_ignition_bringup/local/lib/python3.10/dist-packages/rs1_nav-1.0.5-py3.10.egg-info/top_level.txt\n'}
[9.833170] (-) TimerEvent: {}
[9.842715] (41068_ignition_bringup) StdoutLine: {'line': b'-- Symlinking: /home/jordan/G25_RS1/RS1-Gr25/install/41068_ignition_bringup/local/lib/python3.10/dist-packages/rs1_nav/__init__.py\n'}
[9.863026] (41068_ignition_bringup) StdoutLine: {'line': b'-- Symlinking: /home/jordan/G25_RS1/RS1-Gr25/install/41068_ignition_bringup/local/lib/python3.10/dist-packages/rs1_nav/gazebo_world.py\n'}
[9.884599] (41068_ignition_bringup) StdoutLine: {'line': b'-- Symlinking: /home/jordan/G25_RS1/RS1-Gr25/install/41068_ignition_bringup/local/lib/python3.10/dist-packages/rs1_nav/geometry.py\n'}
[9.908569] (41068_ignition_bringup) StdoutLine: {'line': b'-- Symlinking: /home/jordan/G25_RS1/RS1-Gr25/install/41068_ignition_bringup/local/lib/python3.10/dist-packages/rs1_nav/mission.py\n'}
[9.932351] (41068_ignition_bringup) StdoutLine: {'line': b'-- Symlinking: /home/jordan/G25_RS1/RS1-Gr25/install/41068_ignition_bringup/local/lib/python3.10/dist-packages/rs1_nav/nav_observer.py\n'}
[9.933314] (-) TimerEvent: {}
[9.953757] (41068_ignition_bringup) StdoutLine: {'line': b'-- Symlinking: /home/jordan/G25_RS1/RS1-Gr25/install/41068_ignition_bringup/local/lib/python3.10/dist-packages/rs1_nav/sim.py\n'}
[9.993373] (41068_ignition_bringup) StdoutLine: {'line': b'-- Symlinking: /home/jordan/G25_RS1/RS1-Gr25/install/41068_ignition_bringup/lib/41068_ignition_bringup/dynamic_world_demo.py\n'}
[10.018204] (41068_ignition_bringup) StdoutLine: {'line': b'-- Symlinking: /home/jordan/G25_RS1/RS1-Gr25/install/41068_ignition_bringup/lib/41068_ignition_bringup/basic_autonomy_demo.py\n'}
[10.033559] (-) TimerEvent: {}
[10.043151] (41068_ignition_bringup) StdoutLine: {'line': b'-- Symlinking: /home/jordan/G25_RS1/RS1-Gr25/install/41068_ignition_bringup/lib/41068_ignition_bringup/odometry_tf_broadcaster.py\n'}
[10.067351] (41068_ignition_bringup) StdoutLine: {'line': b'-- Symlinking: /home/jordan/G25_RS1/RS1-Gr25/install/41068_ignition_bringup/lib/41068_ignition_bringup/obstacle_injector.py\n'}
[10.090382] (41068_ignition_bringup) StdoutLine: {'line': b'-- Symlinking: /home/jordan/G25_RS1/RS1-Gr25/install/41068_ignition_bringup/lib/41068_ignition_bringup/robot_status_gui.py\n'}
[10.135241] (-) TimerEvent: {}
[10.137966] (41068_ignition_bringup) StdoutLine: {'line': b'-- Symlinking: /home/jordan/G25_RS1/RS1-Gr25/install/41068_ignition_bringup/share/ament_index/resource_index/package_run_dependencies/41068_ignition_bringup\n'}
[10.164098] (41068_ignition_bringup) StdoutLine: {'line': b'-- Symlinking: /home/jordan/G25_RS1/RS1-Gr25/install/41068_ignition_bringup/share/ament_index/resource_index/parent_prefix_path/41068_ignition_bringup\n'}
[10.194925] (41068_ignition_bringup) StdoutLine: {'line': b'-- Symlinking: /home/jordan/G25_RS1/RS1-Gr25/install/41068_ignition_bringup/share/41068_ignition_bringup/environment/ament_prefix_path.sh\n'}
[10.219277] (41068_ignition_bringup) StdoutLine: {'line': b'-- Symlinking: /home/jordan/G25_RS1/RS1-Gr25/install/41068_ignition_bringup/share/41068_ignition_bringup/environment/ament_prefix_path.dsv\n'}
[10.234469] (-) TimerEvent: {}
[10.244418] (41068_ignition_bringup) StdoutLine: {'line': b'-- Symlinking: /home/jordan/G25_RS1/RS1-Gr25/install/41068_ignition_bringup/share/41068_ignition_bringup/environment/path.sh\n'}
[10.263463] (41068_ignition_bringup) StdoutLine: {'line': b'-- Symlinking: /home/jordan/G25_RS1/RS1-Gr25/install/41068_ignition_bringup/share/41068_ignition_bringup/environment/path.dsv\n'}
[10.283628] (41068_ignition_bringup) StdoutLine: {'line': b'-- Symlinking: /home/jordan/G25_RS1/RS1-Gr25/install/41068_ignition_bringup/share/41068_ignition_bringup/local_setup.bash\n'}
[10.311617] (41068_ignition_bringup) StdoutLine: {'line': b'-- Symlinking: /home/jordan/G25_RS1/RS1-Gr25/install/41068_ignition_bringup/share/41068_ignition_bringup/local_setup.sh\n'}
[10.334640] (-) TimerEvent: {}
[10.340027] (41068_ignition_bringup) StdoutLine: {'line': b'-- Symlinking: /home/jordan/G25_RS1/RS1-Gr25/install/41068_ignition_bringup/share/41068_ignition_bringup/local_setup.zsh\n'}
[10.358817] (41068_ignition_bringup) StdoutLine: {'line': b'-- Symlinking: /home/jordan/G25_RS1/RS1-Gr25/install/41068_ignition_bringup/share/41068_ignition_bringup/local_setup.dsv\n'}
[10.377833] (41068_ignition_bringup) StdoutLine: {'line': b'-- Symlinking: /home/jordan/G25_RS1/RS1-Gr25/install/41068_ignition_bringup/share/41068_ignition_bringup/package.dsv\n'}
[10.408441] (41068_ignition_bringup) StdoutLine: {'line': b'-- Symlinking: /home/jordan/G25_RS1/RS1-Gr25/install/41068_ignition_bringup/share/ament_index/resource_index/packages/41068_ignition_bringup\n'}
[10.428157] (41068_ignition_bringup) StdoutLine: {'line': b'-- Symlinking: /home/jordan/G25_RS1/RS1-Gr25/install/41068_ignition_bringup/share/41068_ignition_bringup/cmake/41068_ignition_bringupConfig.cmake\n'}
[10.434878] (-) TimerEvent: {}
[10.446119] (41068_ignition_bringup) StdoutLine: {'line': b'-- Symlinking: /home/jordan/G25_RS1/RS1-Gr25/install/41068_ignition_bringup/share/41068_ignition_bringup/cmake/41068_ignition_bringupConfig-version.cmake\n'}
[10.462044] (41068_ignition_bringup) StdoutLine: {'line': b'-- Symlinking: /home/jordan/G25_RS1/RS1-Gr25/install/41068_ignition_bringup/share/41068_ignition_bringup/package.xml\n'}
[10.535095] (-) TimerEvent: {}
[10.594634] (41068_ignition_bringup) StdoutLine: {'line': b"Listing '/home/jordan/G25_RS1/RS1-Gr25/install/41068_ignition_bringup/local/lib/python3.10/dist-packages/rs1_nav'...\n"}
[10.595568] (41068_ignition_bringup) StdoutLine: {'line': b"Compiling '/home/jordan/G25_RS1/RS1-Gr25/install/41068_ignition_bringup/local/lib/python3.10/dist-packages/rs1_nav/__init__.py'...\n"}
[10.596264] (41068_ignition_bringup) StdoutLine: {'line': b"Compiling '/home/jordan/G25_RS1/RS1-Gr25/install/41068_ignition_bringup/local/lib/python3.10/dist-packages/rs1_nav/gazebo_world.py'...\n"}
[10.596699] (41068_ignition_bringup) StdoutLine: {'line': b"Compiling '/home/jordan/G25_RS1/RS1-Gr25/install/41068_ignition_bringup/local/lib/python3.10/dist-packages/rs1_nav/geometry.py'...\n"}
[10.597102] (41068_ignition_bringup) StdoutLine: {'line': b"Compiling '/home/jordan/G25_RS1/RS1-Gr25/install/41068_ignition_bringup/local/lib/python3.10/dist-packages/rs1_nav/mission.py'...\n"}
[10.597486] (41068_ignition_bringup) StdoutLine: {'line': b"Compiling '/home/jordan/G25_RS1/RS1-Gr25/install/41068_ignition_bringup/local/lib/python3.10/dist-packages/rs1_nav/nav_observer.py'...\n"}
[10.598004] (41068_ignition_bringup) StdoutLine: {'line': b"Compiling '/home/jordan/G25_RS1/RS1-Gr25/install/41068_ignition_bringup/local/lib/python3.10/dist-packages/rs1_nav/sim.py'...\n"}
[10.622534] (41068_ignition_bringup) CommandEnded: {'returncode': 0}
[10.635403] (-) TimerEvent: {}
[10.715152] (41068_ignition_bringup) JobEnded: {'identifier': '41068_ignition_bringup', 'rc': 0}
[10.718359] (-) EventReactorShutdown: {}
