[0.028s] Invoking command in '/home/jordan/RS1-Gr25/build/41068_ignition_bringup': CMAKE_PREFIX_PATH=${CMAKE_PREFIX_PATH}:/opt/ros/humble /usr/bin/cmake --build /home/jordan/RS1-Gr25/build/41068_ignition_bringup -- -j12 -l12
[0.193s] Invoked command in '/home/jordan/RS1-Gr25/build/41068_ignition_bringup' returned '0': CMAKE_PREFIX_PATH=${CMAKE_PREFIX_PATH}:/opt/ros/humble /usr/bin/cmake --build /home/jordan/RS1-Gr25/build/41068_ignition_bringup -- -j12 -l12
[0.202s] Invoking command in '/home/jordan/RS1-Gr25/build/41068_ignition_bringup': CMAKE_PREFIX_PATH=${CMAKE_PREFIX_PATH}:/opt/ros/humble /usr/bin/cmake --install /home/jordan/RS1-Gr25/build/41068_ignition_bringup
[0.209s] -- Install configuration: ""
[0.209s] -- Execute custom install script
[0.210s] -- Up-to-date symlink: /home/jordan/RS1-Gr25/install/41068_ignition_bringup/share/41068_ignition_bringup/config/41068.rviz
[0.211s] -- Up-to-date symlink: /home/jordan/RS1-Gr25/install/41068_ignition_bringup/share/41068_ignition_bringup/config/41068_husky1.rviz
[0.212s] -- Up-to-date symlink: /home/jordan/RS1-Gr25/install/41068_ignition_bringup/share/41068_ignition_bringup/config/41068_parrot1.rviz
[0.213s] -- Up-to-date symlink: /home/jordan/RS1-Gr25/install/41068_ignition_bringup/share/41068_ignition_bringup/config/gazebo_bridge_clock.yaml
[0.213s] -- Up-to-date symlink: /home/jordan/RS1-Gr25/install/41068_ignition_bringup/share/41068_ignition_bringup/config/gazebo_bridge_husky.yaml
[0.214s] -- Up-to-date symlink: /home/jordan/RS1-Gr25/install/41068_ignition_bringup/share/41068_ignition_bringup/config/gazebo_bridge_husky1.yaml
[0.215s] -- Up-to-date symlink: /home/jordan/RS1-Gr25/install/41068_ignition_bringup/share/41068_ignition_bringup/config/gazebo_bridge_parrot.yaml
[0.216s] -- Up-to-date symlink: /home/jordan/RS1-Gr25/install/41068_ignition_bringup/share/41068_ignition_bringup/config/gazebo_bridge_parrot1.yaml
[0.217s] -- Up-to-date symlink: /home/jordan/RS1-Gr25/install/41068_ignition_bringup/share/41068_ignition_bringup/config/ignition_server.config
[0.218s] -- Up-to-date symlink: /home/jordan/RS1-Gr25/install/41068_ignition_bringup/share/41068_ignition_bringup/config/nav2_params.yaml
[0.218s] -- Up-to-date symlink: /home/jordan/RS1-Gr25/install/41068_ignition_bringup/share/41068_ignition_bringup/config/nav2_params_husky1.yaml
[0.219s] -- Up-to-date symlink: /home/jordan/RS1-Gr25/install/41068_ignition_bringup/share/41068_ignition_bringup/config/nav2_params_parrot1.yaml
[0.220s] -- Up-to-date symlink: /home/jordan/RS1-Gr25/install/41068_ignition_bringup/share/41068_ignition_bringup/config/robot_localization.yaml
[0.221s] -- Up-to-date symlink: /home/jordan/RS1-Gr25/install/41068_ignition_bringup/share/41068_ignition_bringup/config/robot_localization_husky1.yaml
[0.221s] -- Up-to-date symlink: /home/jordan/RS1-Gr25/install/41068_ignition_bringup/share/41068_ignition_bringup/config/robot_localization_parrot1.yaml
[0.223s] -- Up-to-date symlink: /home/jordan/RS1-Gr25/install/41068_ignition_bringup/share/41068_ignition_bringup/config/slam_params.yaml
[0.223s] -- Up-to-date symlink: /home/jordan/RS1-Gr25/install/41068_ignition_bringup/share/41068_ignition_bringup/config/slam_params_husky1.yaml
[0.224s] -- Up-to-date symlink: /home/jordan/RS1-Gr25/install/41068_ignition_bringup/share/41068_ignition_bringup/config/slam_params_parrot1.yaml
[0.225s] -- Up-to-date symlink: /home/jordan/RS1-Gr25/install/41068_ignition_bringup/share/41068_ignition_bringup/launch/41068_autonomy_demo.launch.py
[0.226s] -- Up-to-date symlink: /home/jordan/RS1-Gr25/install/41068_ignition_bringup/share/41068_ignition_bringup/launch/41068_dynamic_world_demo.launch.py
[0.226s] -- Up-to-date symlink: /home/jordan/RS1-Gr25/install/41068_ignition_bringup/share/41068_ignition_bringup/launch/41068_ignition.launch.py
[0.227s] -- Up-to-date symlink: /home/jordan/RS1-Gr25/install/41068_ignition_bringup/share/41068_ignition_bringup/launch/41068_ignition_husky.launch.py
[0.228s] -- Up-to-date symlink: /home/jordan/RS1-Gr25/install/41068_ignition_bringup/share/41068_ignition_bringup/launch/41068_ignition_parrot.launch.py
[0.229s] -- Up-to-date symlink: /home/jordan/RS1-Gr25/install/41068_ignition_bringup/share/41068_ignition_bringup/launch/41068_navigation.launch.py
[0.229s] -- Up-to-date symlink: /home/jordan/RS1-Gr25/install/41068_ignition_bringup/share/41068_ignition_bringup/launch/__pycache__/41068_autonomy_demo.launch.cpython-313.pyc
[0.230s] -- Up-to-date symlink: /home/jordan/RS1-Gr25/install/41068_ignition_bringup/share/41068_ignition_bringup/launch/__pycache__/41068_dynamic_world_demo.launch.cpython-313.pyc
[0.231s] -- Up-to-date symlink: /home/jordan/RS1-Gr25/install/41068_ignition_bringup/share/41068_ignition_bringup/launch/__pycache__/41068_ignition.launch.cpython-313.pyc
[0.232s] -- Up-to-date symlink: /home/jordan/RS1-Gr25/install/41068_ignition_bringup/share/41068_ignition_bringup/launch/__pycache__/41068_ignition_husky.launch.cpython-313.pyc
[0.232s] -- Up-to-date symlink: /home/jordan/RS1-Gr25/install/41068_ignition_bringup/share/41068_ignition_bringup/launch/__pycache__/41068_ignition_parrot.launch.cpython-313.pyc
[0.233s] -- Up-to-date symlink: /home/jordan/RS1-Gr25/install/41068_ignition_bringup/share/41068_ignition_bringup/launch/__pycache__/41068_navigation.launch.cpython-313.pyc
[0.235s] -- Up-to-date symlink: /home/jordan/RS1-Gr25/install/41068_ignition_bringup/share/41068_ignition_bringup/models/forest_plane/materials/textures/empty_grass.png
[0.236s] -- Up-to-date symlink: /home/jordan/RS1-Gr25/install/41068_ignition_bringup/share/41068_ignition_bringup/models/forest_plane/materials/textures/forest_overhead.png
[0.237s] -- Up-to-date symlink: /home/jordan/RS1-Gr25/install/41068_ignition_bringup/share/41068_ignition_bringup/models/forest_plane/materials/textures/forest_overhead_plain.png
[0.237s] -- Up-to-date symlink: /home/jordan/RS1-Gr25/install/41068_ignition_bringup/share/41068_ignition_bringup/models/forest_plane/materials/textures/leaf_litter.png
[0.238s] -- Up-to-date symlink: /home/jordan/RS1-Gr25/install/41068_ignition_bringup/share/41068_ignition_bringup/models/forest_plane/model.config
[0.239s] -- Up-to-date symlink: /home/jordan/RS1-Gr25/install/41068_ignition_bringup/share/41068_ignition_bringup/models/forest_plane/model.sdf
[0.240s] -- Up-to-date symlink: /home/jordan/RS1-Gr25/install/41068_ignition_bringup/share/41068_ignition_bringup/models/forest_wall/materials/textures/forest_wall.png
[0.241s] -- Up-to-date symlink: /home/jordan/RS1-Gr25/install/41068_ignition_bringup/share/41068_ignition_bringup/models/forest_wall/materials/textures/forest_wall_transparent.png
[0.242s] -- Up-to-date symlink: /home/jordan/RS1-Gr25/install/41068_ignition_bringup/share/41068_ignition_bringup/models/forest_wall/materials/textures/forest_wall_transparent_small.png
[0.242s] -- Up-to-date symlink: /home/jordan/RS1-Gr25/install/41068_ignition_bringup/share/41068_ignition_bringup/models/forest_wall/model.config
[0.243s] -- Up-to-date symlink: /home/jordan/RS1-Gr25/install/41068_ignition_bringup/share/41068_ignition_bringup/models/forest_wall/model.sdf
[0.244s] -- Up-to-date symlink: /home/jordan/RS1-Gr25/install/41068_ignition_bringup/share/41068_ignition_bringup/models/grass_plane/materials/textures/empty_grass.png
[0.245s] -- Up-to-date symlink: /home/jordan/RS1-Gr25/install/41068_ignition_bringup/share/41068_ignition_bringup/models/grass_plane/model.config
[0.245s] -- Up-to-date symlink: /home/jordan/RS1-Gr25/install/41068_ignition_bringup/share/41068_ignition_bringup/models/grass_plane/model.sdf
[0.246s] -- Up-to-date symlink: /home/jordan/RS1-Gr25/install/41068_ignition_bringup/share/41068_ignition_bringup/urdf_husky/common_properties.urdf.xacro
[0.247s] -- Up-to-date symlink: /home/jordan/RS1-Gr25/install/41068_ignition_bringup/share/41068_ignition_bringup/urdf_husky/husky.gazebo.xacro
[0.248s] -- Up-to-date symlink: /home/jordan/RS1-Gr25/install/41068_ignition_bringup/share/41068_ignition_bringup/urdf_husky/husky.urdf.xacro
[0.248s] -- Up-to-date symlink: /home/jordan/RS1-Gr25/install/41068_ignition_bringup/share/41068_ignition_bringup/urdf_husky/meshes/base_link.dae
[0.249s] -- Up-to-date symlink: /home/jordan/RS1-Gr25/install/41068_ignition_bringup/share/41068_ignition_bringup/urdf_husky/meshes/bumper.dae
[0.250s] -- Up-to-date symlink: /home/jordan/RS1-Gr25/install/41068_ignition_bringup/share/41068_ignition_bringup/urdf_husky/meshes/jpl04_arch_nosensor.stl
[0.251s] -- Up-to-date symlink: /home/jordan/RS1-Gr25/install/41068_ignition_bringup/share/41068_ignition_bringup/urdf_husky/meshes/top_chassis.dae
[0.252s] -- Up-to-date symlink: /home/jordan/RS1-Gr25/install/41068_ignition_bringup/share/41068_ignition_bringup/urdf_husky/meshes/top_plate.dae
[0.253s] -- Up-to-date symlink: /home/jordan/RS1-Gr25/install/41068_ignition_bringup/share/41068_ignition_bringup/urdf_husky/meshes/wheel.dae
[0.253s] -- Up-to-date symlink: /home/jordan/RS1-Gr25/install/41068_ignition_bringup/share/41068_ignition_bringup/urdf_husky/wheel.urdf.xacro
[0.254s] -- Up-to-date symlink: /home/jordan/RS1-Gr25/install/41068_ignition_bringup/share/41068_ignition_bringup/worlds/large_demo.sdf
[0.255s] -- Up-to-date symlink: /home/jordan/RS1-Gr25/install/41068_ignition_bringup/share/41068_ignition_bringup/worlds/simple_trees.sdf
[0.256s] -- Up-to-date symlink: /home/jordan/RS1-Gr25/install/41068_ignition_bringup/share/41068_ignition_bringup/urdf_parrot/common_properties.urdf.xacro
[0.256s] -- Up-to-date symlink: /home/jordan/RS1-Gr25/install/41068_ignition_bringup/share/41068_ignition_bringup/urdf_parrot/meshes/hull.dae
[0.257s] -- Up-to-date symlink: /home/jordan/RS1-Gr25/install/41068_ignition_bringup/share/41068_ignition_bringup/urdf_parrot/meshes/propeller_fl.dae
[0.258s] -- Up-to-date symlink: /home/jordan/RS1-Gr25/install/41068_ignition_bringup/share/41068_ignition_bringup/urdf_parrot/meshes/propeller_fr.dae
[0.259s] -- Up-to-date symlink: /home/jordan/RS1-Gr25/install/41068_ignition_bringup/share/41068_ignition_bringup/urdf_parrot/meshes/propeller_rl.dae
[0.259s] -- Up-to-date symlink: /home/jordan/RS1-Gr25/install/41068_ignition_bringup/share/41068_ignition_bringup/urdf_parrot/meshes/propeller_rr.dae
[0.261s] -- Up-to-date symlink: /home/jordan/RS1-Gr25/install/41068_ignition_bringup/share/41068_ignition_bringup/urdf_parrot/model.config
[0.261s] -- Up-to-date symlink: /home/jordan/RS1-Gr25/install/41068_ignition_bringup/share/41068_ignition_bringup/urdf_parrot/model.sdf
[0.263s] -- Up-to-date symlink: /home/jordan/RS1-Gr25/install/41068_ignition_bringup/share/41068_ignition_bringup/urdf_parrot/parrot.gazebo.xacro
[0.263s] -- Up-to-date symlink: /home/jordan/RS1-Gr25/install/41068_ignition_bringup/share/41068_ignition_bringup/urdf_parrot/parrot.urdf.xacro
[0.265s] -- Up-to-date symlink: /home/jordan/RS1-Gr25/install/41068_ignition_bringup/share/41068_ignition_bringup/urdf_parrot/thumbnails/1.png
[0.265s] -- Up-to-date symlink: /home/jordan/RS1-Gr25/install/41068_ignition_bringup/share/41068_ignition_bringup/urdf_parrot/thumbnails/2.png
[0.266s] -- Up-to-date symlink: /home/jordan/RS1-Gr25/install/41068_ignition_bringup/share/41068_ignition_bringup/urdf_parrot/thumbnails/3.png
[0.266s] -- Up-to-date symlink: /home/jordan/RS1-Gr25/install/41068_ignition_bringup/share/41068_ignition_bringup/urdf_parrot/thumbnails/4.png
[0.268s] -- Up-to-date symlink: /home/jordan/RS1-Gr25/install/41068_ignition_bringup/share/41068_ignition_bringup/urdf_parrot/thumbnails/5.png
[0.268s] -- Up-to-date symlink: /home/jordan/RS1-Gr25/install/41068_ignition_bringup/lib/41068_ignition_bringup/dynamic_world_demo.py
[0.269s] -- Up-to-date symlink: /home/jordan/RS1-Gr25/install/41068_ignition_bringup/lib/41068_ignition_bringup/basic_autonomy_demo.py
[0.269s] -- Up-to-date symlink: /home/jordan/RS1-Gr25/install/41068_ignition_bringup/share/ament_index/resource_index/package_run_dependencies/41068_ignition_bringup
[0.270s] -- Up-to-date symlink: /home/jordan/RS1-Gr25/install/41068_ignition_bringup/share/ament_index/resource_index/parent_prefix_path/41068_ignition_bringup
[0.271s] -- Up-to-date symlink: /home/jordan/RS1-Gr25/install/41068_ignition_bringup/share/41068_ignition_bringup/environment/ament_prefix_path.sh
[0.271s] -- Up-to-date symlink: /home/jordan/RS1-Gr25/install/41068_ignition_bringup/share/41068_ignition_bringup/environment/ament_prefix_path.dsv
[0.272s] -- Up-to-date symlink: /home/jordan/RS1-Gr25/install/41068_ignition_bringup/share/41068_ignition_bringup/environment/path.sh
[0.273s] -- Up-to-date symlink: /home/jordan/RS1-Gr25/install/41068_ignition_bringup/share/41068_ignition_bringup/environment/path.dsv
[0.274s] -- Up-to-date symlink: /home/jordan/RS1-Gr25/install/41068_ignition_bringup/share/41068_ignition_bringup/local_setup.bash
[0.274s] -- Up-to-date symlink: /home/jordan/RS1-Gr25/install/41068_ignition_bringup/share/41068_ignition_bringup/local_setup.sh
[0.275s] -- Up-to-date symlink: /home/jordan/RS1-Gr25/install/41068_ignition_bringup/share/41068_ignition_bringup/local_setup.zsh
[0.276s] -- Up-to-date symlink: /home/jordan/RS1-Gr25/install/41068_ignition_bringup/share/41068_ignition_bringup/local_setup.dsv
[0.276s] -- Symlinking: /home/jordan/RS1-Gr25/install/41068_ignition_bringup/share/41068_ignition_bringup/package.dsv
[0.288s] -- Up-to-date symlink: /home/jordan/RS1-Gr25/install/41068_ignition_bringup/share/ament_index/resource_index/packages/41068_ignition_bringup
[0.289s] -- Up-to-date symlink: /home/jordan/RS1-Gr25/install/41068_ignition_bringup/share/41068_ignition_bringup/cmake/41068_ignition_bringupConfig.cmake
[0.290s] -- Up-to-date symlink: /home/jordan/RS1-Gr25/install/41068_ignition_bringup/share/41068_ignition_bringup/cmake/41068_ignition_bringupConfig-version.cmake
[0.291s] -- Up-to-date symlink: /home/jordan/RS1-Gr25/install/41068_ignition_bringup/share/41068_ignition_bringup/package.xml
[0.294s] Invoked command in '/home/jordan/RS1-Gr25/build/41068_ignition_bringup' returned '0': CMAKE_PREFIX_PATH=${CMAKE_PREFIX_PATH}:/opt/ros/humble /usr/bin/cmake --install /home/jordan/RS1-Gr25/build/41068_ignition_bringup
