[0.013s] Invoking command in '/home/tajw/git/team25_rs1/RS1-Gr25/build/41068_ignition_bringup': CMAKE_PREFIX_PATH=${CMAKE_PREFIX_PATH}:/opt/ros/humble /usr/bin/cmake /home/tajw/git/team25_rs1/RS1-Gr25/src/41068_ignition_bringup_v1/41068_ignition_bringup -DAMENT_CMAKE_SYMLINK_INSTALL=1 -DCMAKE_INSTALL_PREFIX=/home/tajw/git/team25_rs1/RS1-Gr25/install/41068_ignition_bringup
[0.276s] -- The C compiler identification is GNU 11.4.0
[0.579s] -- The CXX compiler identification is GNU 11.4.0
[0.725s] -- Detecting C compiler ABI info
[0.835s] -- Detecting C compiler ABI info - done
[0.841s] -- Check for working C compiler: /usr/bin/cc - skipped
[0.842s] -- Detecting C compile features
[0.843s] -- Detecting C compile features - done
[0.848s] -- Detecting CXX compiler ABI info
[0.960s] -- Detecting CXX compiler ABI info - done
[0.966s] -- Check for working CXX compiler: /usr/bin/c++ - skipped
[0.966s] -- Detecting CXX compile features
[0.967s] -- Detecting CXX compile features - done
[0.992s] -- Found ament_cmake: 1.3.14 (/opt/ros/humble/share/ament_cmake/cmake)
[1.125s] -- Found Python3: /usr/bin/python3 (found version "3.10.12") found components: Interpreter 
[1.208s] -- Override CMake install command with custom implementation using symlinks instead of copying resources
[1.279s] -- Found ros_ign_interfaces: 0.244.25 (/opt/ros/humble/share/ros_ign_interfaces/cmake)
[1.426s] -- Found rosidl_generator_c: 3.1.9 (/opt/ros/humble/share/rosidl_generator_c/cmake)
[1.437s] -- Found rosidl_adapter: 3.1.9 (/opt/ros/humble/share/rosidl_adapter/cmake)
[1.453s] -- Found rosidl_generator_cpp: 3.1.9 (/opt/ros/humble/share/rosidl_generator_cpp/cmake)
[1.483s] -- Using all available rosidl_typesupport_c: rosidl_typesupport_fastrtps_c;rosidl_typesupport_introspection_c
[1.510s] -- Using all available rosidl_typesupport_cpp: rosidl_typesupport_fastrtps_cpp;rosidl_typesupport_introspection_cpp
[1.679s] -- Found ament_lint_auto: 0.12.15 (/opt/ros/humble/share/ament_lint_auto/cmake)
[1.731s] WARNING: Package name "41068_ignition_bringup" does not follow the naming conventions. It should start with a lower case letter and only contain lower case letters, digits, underscores, and dashes.
[1.785s] -- Added test 'copyright' to check source files copyright and LICENSE
[1.796s] -- Added test 'flake8' to check Python code syntax and style conventions
[1.798s] -- Added test 'lint_cmake' to check CMake code style
[1.800s] -- Added test 'pep257' to check Python code against some of the docstring style conventions in PEP 257
[1.807s] -- Added test 'xmllint' to check XML markup files
[1.811s] -- Configuring done
[1.816s] -- Generating done
[1.818s] -- Build files have been written to: /home/tajw/git/team25_rs1/RS1-Gr25/build/41068_ignition_bringup
[1.825s] Invoked command in '/home/tajw/git/team25_rs1/RS1-Gr25/build/41068_ignition_bringup' returned '0': CMAKE_PREFIX_PATH=${CMAKE_PREFIX_PATH}:/opt/ros/humble /usr/bin/cmake /home/tajw/git/team25_rs1/RS1-Gr25/src/41068_ignition_bringup_v1/41068_ignition_bringup -DAMENT_CMAKE_SYMLINK_INSTALL=1 -DCMAKE_INSTALL_PREFIX=/home/tajw/git/team25_rs1/RS1-Gr25/install/41068_ignition_bringup
[1.827s] Invoking command in '/home/tajw/git/team25_rs1/RS1-Gr25/build/41068_ignition_bringup': CMAKE_PREFIX_PATH=${CMAKE_PREFIX_PATH}:/opt/ros/humble /usr/bin/cmake --build /home/tajw/git/team25_rs1/RS1-Gr25/build/41068_ignition_bringup -- -j8 -l8
[1.857s] Invoked command in '/home/tajw/git/team25_rs1/RS1-Gr25/build/41068_ignition_bringup' returned '0': CMAKE_PREFIX_PATH=${CMAKE_PREFIX_PATH}:/opt/ros/humble /usr/bin/cmake --build /home/tajw/git/team25_rs1/RS1-Gr25/build/41068_ignition_bringup -- -j8 -l8
[1.866s] Invoking command in '/home/tajw/git/team25_rs1/RS1-Gr25/build/41068_ignition_bringup': CMAKE_PREFIX_PATH=${CMAKE_PREFIX_PATH}:/opt/ros/humble /usr/bin/cmake --install /home/tajw/git/team25_rs1/RS1-Gr25/build/41068_ignition_bringup
[1.871s] -- Install configuration: ""
[1.872s] -- Execute custom install script
[1.873s] -- Symlinking: /home/tajw/git/team25_rs1/RS1-Gr25/install/41068_ignition_bringup/share/41068_ignition_bringup/config/41068.rviz
[1.881s] -- Symlinking: /home/tajw/git/team25_rs1/RS1-Gr25/install/41068_ignition_bringup/share/41068_ignition_bringup/config/41068.rviz:Zone.Identifier
[1.888s] -- Symlinking: /home/tajw/git/team25_rs1/RS1-Gr25/install/41068_ignition_bringup/share/41068_ignition_bringup/config/41068_husky1.rviz
[1.895s] -- Symlinking: /home/tajw/git/team25_rs1/RS1-Gr25/install/41068_ignition_bringup/share/41068_ignition_bringup/config/41068_husky1.rviz:Zone.Identifier
[1.902s] -- Symlinking: /home/tajw/git/team25_rs1/RS1-Gr25/install/41068_ignition_bringup/share/41068_ignition_bringup/config/41068_parrot1.rviz
[1.911s] -- Symlinking: /home/tajw/git/team25_rs1/RS1-Gr25/install/41068_ignition_bringup/share/41068_ignition_bringup/config/41068_parrot1.rviz:Zone.Identifier
[1.919s] -- Symlinking: /home/tajw/git/team25_rs1/RS1-Gr25/install/41068_ignition_bringup/share/41068_ignition_bringup/config/gazebo_bridge_clock.yaml
[1.927s] -- Symlinking: /home/tajw/git/team25_rs1/RS1-Gr25/install/41068_ignition_bringup/share/41068_ignition_bringup/config/gazebo_bridge_clock.yaml:Zone.Identifier
[1.935s] -- Symlinking: /home/tajw/git/team25_rs1/RS1-Gr25/install/41068_ignition_bringup/share/41068_ignition_bringup/config/gazebo_bridge_husky.yaml
[1.942s] -- Symlinking: /home/tajw/git/team25_rs1/RS1-Gr25/install/41068_ignition_bringup/share/41068_ignition_bringup/config/gazebo_bridge_husky.yaml:Zone.Identifier
[1.950s] -- Symlinking: /home/tajw/git/team25_rs1/RS1-Gr25/install/41068_ignition_bringup/share/41068_ignition_bringup/config/gazebo_bridge_husky1.yaml
[1.957s] -- Symlinking: /home/tajw/git/team25_rs1/RS1-Gr25/install/41068_ignition_bringup/share/41068_ignition_bringup/config/gazebo_bridge_husky1.yaml:Zone.Identifier
[1.965s] -- Symlinking: /home/tajw/git/team25_rs1/RS1-Gr25/install/41068_ignition_bringup/share/41068_ignition_bringup/config/gazebo_bridge_parrot.yaml
[1.973s] -- Symlinking: /home/tajw/git/team25_rs1/RS1-Gr25/install/41068_ignition_bringup/share/41068_ignition_bringup/config/gazebo_bridge_parrot.yaml:Zone.Identifier
[1.980s] -- Symlinking: /home/tajw/git/team25_rs1/RS1-Gr25/install/41068_ignition_bringup/share/41068_ignition_bringup/config/gazebo_bridge_parrot1.yaml
[1.988s] -- Symlinking: /home/tajw/git/team25_rs1/RS1-Gr25/install/41068_ignition_bringup/share/41068_ignition_bringup/config/gazebo_bridge_parrot1.yaml:Zone.Identifier
[1.996s] -- Symlinking: /home/tajw/git/team25_rs1/RS1-Gr25/install/41068_ignition_bringup/share/41068_ignition_bringup/config/ignition_server.config
[2.004s] -- Symlinking: /home/tajw/git/team25_rs1/RS1-Gr25/install/41068_ignition_bringup/share/41068_ignition_bringup/config/ignition_server.config:Zone.Identifier
[2.012s] -- Symlinking: /home/tajw/git/team25_rs1/RS1-Gr25/install/41068_ignition_bringup/share/41068_ignition_bringup/config/nav2_params.yaml
[2.020s] -- Symlinking: /home/tajw/git/team25_rs1/RS1-Gr25/install/41068_ignition_bringup/share/41068_ignition_bringup/config/nav2_params.yaml:Zone.Identifier
[2.029s] -- Symlinking: /home/tajw/git/team25_rs1/RS1-Gr25/install/41068_ignition_bringup/share/41068_ignition_bringup/config/nav2_params_husky1.yaml
[2.037s] -- Symlinking: /home/tajw/git/team25_rs1/RS1-Gr25/install/41068_ignition_bringup/share/41068_ignition_bringup/config/nav2_params_husky1.yaml:Zone.Identifier
[2.045s] -- Symlinking: /home/tajw/git/team25_rs1/RS1-Gr25/install/41068_ignition_bringup/share/41068_ignition_bringup/config/nav2_params_parrot1.yaml
[2.054s] -- Symlinking: /home/tajw/git/team25_rs1/RS1-Gr25/install/41068_ignition_bringup/share/41068_ignition_bringup/config/nav2_params_parrot1.yaml:Zone.Identifier
[2.062s] -- Symlinking: /home/tajw/git/team25_rs1/RS1-Gr25/install/41068_ignition_bringup/share/41068_ignition_bringup/config/robot_localization.yaml
[2.070s] -- Symlinking: /home/tajw/git/team25_rs1/RS1-Gr25/install/41068_ignition_bringup/share/41068_ignition_bringup/config/robot_localization.yaml:Zone.Identifier
[2.078s] -- Symlinking: /home/tajw/git/team25_rs1/RS1-Gr25/install/41068_ignition_bringup/share/41068_ignition_bringup/config/robot_localization_husky1.yaml
[2.085s] -- Symlinking: /home/tajw/git/team25_rs1/RS1-Gr25/install/41068_ignition_bringup/share/41068_ignition_bringup/config/robot_localization_husky1.yaml:Zone.Identifier
[2.092s] -- Symlinking: /home/tajw/git/team25_rs1/RS1-Gr25/install/41068_ignition_bringup/share/41068_ignition_bringup/config/robot_localization_parrot1.yaml
[2.099s] -- Symlinking: /home/tajw/git/team25_rs1/RS1-Gr25/install/41068_ignition_bringup/share/41068_ignition_bringup/config/robot_localization_parrot1.yaml:Zone.Identifier
[2.107s] -- Symlinking: /home/tajw/git/team25_rs1/RS1-Gr25/install/41068_ignition_bringup/share/41068_ignition_bringup/config/slam_params.yaml
[2.115s] -- Symlinking: /home/tajw/git/team25_rs1/RS1-Gr25/install/41068_ignition_bringup/share/41068_ignition_bringup/config/slam_params.yaml:Zone.Identifier
[2.123s] -- Symlinking: /home/tajw/git/team25_rs1/RS1-Gr25/install/41068_ignition_bringup/share/41068_ignition_bringup/config/slam_params_husky1.yaml
[2.131s] -- Symlinking: /home/tajw/git/team25_rs1/RS1-Gr25/install/41068_ignition_bringup/share/41068_ignition_bringup/config/slam_params_husky1.yaml:Zone.Identifier
[2.137s] -- Symlinking: /home/tajw/git/team25_rs1/RS1-Gr25/install/41068_ignition_bringup/share/41068_ignition_bringup/config/slam_params_parrot1.yaml
[2.144s] -- Symlinking: /home/tajw/git/team25_rs1/RS1-Gr25/install/41068_ignition_bringup/share/41068_ignition_bringup/config/slam_params_parrot1.yaml:Zone.Identifier
[2.153s] -- Symlinking: /home/tajw/git/team25_rs1/RS1-Gr25/install/41068_ignition_bringup/share/41068_ignition_bringup/launch/41068_autonomy_demo.launch.py
[2.161s] -- Symlinking: /home/tajw/git/team25_rs1/RS1-Gr25/install/41068_ignition_bringup/share/41068_ignition_bringup/launch/41068_autonomy_demo.launch.py:Zone.Identifier
[2.170s] -- Symlinking: /home/tajw/git/team25_rs1/RS1-Gr25/install/41068_ignition_bringup/share/41068_ignition_bringup/launch/41068_dynamic_world_demo.launch.py
[2.177s] -- Symlinking: /home/tajw/git/team25_rs1/RS1-Gr25/install/41068_ignition_bringup/share/41068_ignition_bringup/launch/41068_dynamic_world_demo.launch.py:Zone.Identifier
[2.185s] -- Symlinking: /home/tajw/git/team25_rs1/RS1-Gr25/install/41068_ignition_bringup/share/41068_ignition_bringup/launch/41068_ignition.launch.py
[2.192s] -- Symlinking: /home/tajw/git/team25_rs1/RS1-Gr25/install/41068_ignition_bringup/share/41068_ignition_bringup/launch/41068_ignition.launch.py:Zone.Identifier
[2.199s] -- Symlinking: /home/tajw/git/team25_rs1/RS1-Gr25/install/41068_ignition_bringup/share/41068_ignition_bringup/launch/41068_ignition_husky.launch.py
[2.207s] -- Symlinking: /home/tajw/git/team25_rs1/RS1-Gr25/install/41068_ignition_bringup/share/41068_ignition_bringup/launch/41068_ignition_husky.launch.py:Zone.Identifier
[2.215s] -- Symlinking: /home/tajw/git/team25_rs1/RS1-Gr25/install/41068_ignition_bringup/share/41068_ignition_bringup/launch/41068_ignition_parrot.launch.py
[2.222s] -- Symlinking: /home/tajw/git/team25_rs1/RS1-Gr25/install/41068_ignition_bringup/share/41068_ignition_bringup/launch/41068_ignition_parrot.launch.py:Zone.Identifier
[2.230s] -- Symlinking: /home/tajw/git/team25_rs1/RS1-Gr25/install/41068_ignition_bringup/share/41068_ignition_bringup/launch/41068_navigation.launch.py
[2.237s] -- Symlinking: /home/tajw/git/team25_rs1/RS1-Gr25/install/41068_ignition_bringup/share/41068_ignition_bringup/launch/41068_navigation.launch.py:Zone.Identifier
[2.245s] -- Symlinking: /home/tajw/git/team25_rs1/RS1-Gr25/install/41068_ignition_bringup/share/41068_ignition_bringup/launch/__pycache__/41068_autonomy_demo.launch.cpython-313.pyc
[2.252s] -- Symlinking: /home/tajw/git/team25_rs1/RS1-Gr25/install/41068_ignition_bringup/share/41068_ignition_bringup/launch/__pycache__/41068_autonomy_demo.launch.cpython-313.pyc:Zone.Identifier
[2.258s] -- Symlinking: /home/tajw/git/team25_rs1/RS1-Gr25/install/41068_ignition_bringup/share/41068_ignition_bringup/launch/__pycache__/41068_dynamic_world_demo.launch.cpython-313.pyc
[2.266s] -- Symlinking: /home/tajw/git/team25_rs1/RS1-Gr25/install/41068_ignition_bringup/share/41068_ignition_bringup/launch/__pycache__/41068_dynamic_world_demo.launch.cpython-313.pyc:Zone.Identifier
[2.272s] -- Symlinking: /home/tajw/git/team25_rs1/RS1-Gr25/install/41068_ignition_bringup/share/41068_ignition_bringup/launch/__pycache__/41068_ignition.launch.cpython-313.pyc
[2.280s] -- Symlinking: /home/tajw/git/team25_rs1/RS1-Gr25/install/41068_ignition_bringup/share/41068_ignition_bringup/launch/__pycache__/41068_ignition.launch.cpython-313.pyc:Zone.Identifier
[2.287s] -- Symlinking: /home/tajw/git/team25_rs1/RS1-Gr25/install/41068_ignition_bringup/share/41068_ignition_bringup/launch/__pycache__/41068_ignition_husky.launch.cpython-313.pyc
[2.296s] -- Symlinking: /home/tajw/git/team25_rs1/RS1-Gr25/install/41068_ignition_bringup/share/41068_ignition_bringup/launch/__pycache__/41068_ignition_husky.launch.cpython-313.pyc:Zone.Identifier
[2.303s] -- Symlinking: /home/tajw/git/team25_rs1/RS1-Gr25/install/41068_ignition_bringup/share/41068_ignition_bringup/launch/__pycache__/41068_ignition_parrot.launch.cpython-313.pyc
[2.311s] -- Symlinking: /home/tajw/git/team25_rs1/RS1-Gr25/install/41068_ignition_bringup/share/41068_ignition_bringup/launch/__pycache__/41068_ignition_parrot.launch.cpython-313.pyc:Zone.Identifier
[2.319s] -- Symlinking: /home/tajw/git/team25_rs1/RS1-Gr25/install/41068_ignition_bringup/share/41068_ignition_bringup/launch/__pycache__/41068_navigation.launch.cpython-313.pyc
[2.327s] -- Symlinking: /home/tajw/git/team25_rs1/RS1-Gr25/install/41068_ignition_bringup/share/41068_ignition_bringup/launch/__pycache__/41068_navigation.launch.cpython-313.pyc:Zone.Identifier
[2.336s] -- Symlinking: /home/tajw/git/team25_rs1/RS1-Gr25/install/41068_ignition_bringup/share/41068_ignition_bringup/models/forest_plane/materials/textures/empty_grass.png
[2.345s] -- Symlinking: /home/tajw/git/team25_rs1/RS1-Gr25/install/41068_ignition_bringup/share/41068_ignition_bringup/models/forest_plane/materials/textures/empty_grass.png:Zone.Identifier
[2.352s] -- Symlinking: /home/tajw/git/team25_rs1/RS1-Gr25/install/41068_ignition_bringup/share/41068_ignition_bringup/models/forest_plane/materials/textures/forest_overhead.png
[2.360s] -- Symlinking: /home/tajw/git/team25_rs1/RS1-Gr25/install/41068_ignition_bringup/share/41068_ignition_bringup/models/forest_plane/materials/textures/forest_overhead.png:Zone.Identifier
[2.368s] -- Symlinking: /home/tajw/git/team25_rs1/RS1-Gr25/install/41068_ignition_bringup/share/41068_ignition_bringup/models/forest_plane/materials/textures/forest_overhead_plain.png
[2.376s] -- Symlinking: /home/tajw/git/team25_rs1/RS1-Gr25/install/41068_ignition_bringup/share/41068_ignition_bringup/models/forest_plane/materials/textures/forest_overhead_plain.png:Zone.Identifier
[2.383s] -- Symlinking: /home/tajw/git/team25_rs1/RS1-Gr25/install/41068_ignition_bringup/share/41068_ignition_bringup/models/forest_plane/materials/textures/leaf_litter.png
[2.390s] -- Symlinking: /home/tajw/git/team25_rs1/RS1-Gr25/install/41068_ignition_bringup/share/41068_ignition_bringup/models/forest_plane/materials/textures/leaf_litter.png:Zone.Identifier
[2.398s] -- Symlinking: /home/tajw/git/team25_rs1/RS1-Gr25/install/41068_ignition_bringup/share/41068_ignition_bringup/models/forest_plane/model.config
[2.405s] -- Symlinking: /home/tajw/git/team25_rs1/RS1-Gr25/install/41068_ignition_bringup/share/41068_ignition_bringup/models/forest_plane/model.config:Zone.Identifier
[2.413s] -- Symlinking: /home/tajw/git/team25_rs1/RS1-Gr25/install/41068_ignition_bringup/share/41068_ignition_bringup/models/forest_plane/model.sdf
[2.421s] -- Symlinking: /home/tajw/git/team25_rs1/RS1-Gr25/install/41068_ignition_bringup/share/41068_ignition_bringup/models/forest_plane/model.sdf:Zone.Identifier
[2.428s] -- Symlinking: /home/tajw/git/team25_rs1/RS1-Gr25/install/41068_ignition_bringup/share/41068_ignition_bringup/models/forest_wall/materials/textures/forest_wall.png
[2.436s] -- Symlinking: /home/tajw/git/team25_rs1/RS1-Gr25/install/41068_ignition_bringup/share/41068_ignition_bringup/models/forest_wall/materials/textures/forest_wall.png:Zone.Identifier
[2.443s] -- Symlinking: /home/tajw/git/team25_rs1/RS1-Gr25/install/41068_ignition_bringup/share/41068_ignition_bringup/models/forest_wall/materials/textures/forest_wall_transparent.png
[2.450s] -- Symlinking: /home/tajw/git/team25_rs1/RS1-Gr25/install/41068_ignition_bringup/share/41068_ignition_bringup/models/forest_wall/materials/textures/forest_wall_transparent.png:Zone.Identifier
[2.457s] -- Symlinking: /home/tajw/git/team25_rs1/RS1-Gr25/install/41068_ignition_bringup/share/41068_ignition_bringup/models/forest_wall/materials/textures/forest_wall_transparent_small.png
[2.464s] -- Symlinking: /home/tajw/git/team25_rs1/RS1-Gr25/install/41068_ignition_bringup/share/41068_ignition_bringup/models/forest_wall/materials/textures/forest_wall_transparent_small.png:Zone.Identifier
[2.471s] -- Symlinking: /home/tajw/git/team25_rs1/RS1-Gr25/install/41068_ignition_bringup/share/41068_ignition_bringup/models/forest_wall/model.config
[2.479s] -- Symlinking: /home/tajw/git/team25_rs1/RS1-Gr25/install/41068_ignition_bringup/share/41068_ignition_bringup/models/forest_wall/model.config:Zone.Identifier
[2.486s] -- Symlinking: /home/tajw/git/team25_rs1/RS1-Gr25/install/41068_ignition_bringup/share/41068_ignition_bringup/models/forest_wall/model.sdf
[2.493s] -- Symlinking: /home/tajw/git/team25_rs1/RS1-Gr25/install/41068_ignition_bringup/share/41068_ignition_bringup/models/forest_wall/model.sdf:Zone.Identifier
[2.501s] -- Symlinking: /home/tajw/git/team25_rs1/RS1-Gr25/install/41068_ignition_bringup/share/41068_ignition_bringup/models/grass_plane/materials/textures/empty_grass.png
[2.508s] -- Symlinking: /home/tajw/git/team25_rs1/RS1-Gr25/install/41068_ignition_bringup/share/41068_ignition_bringup/models/grass_plane/materials/textures/empty_grass.png:Zone.Identifier
[2.516s] -- Symlinking: /home/tajw/git/team25_rs1/RS1-Gr25/install/41068_ignition_bringup/share/41068_ignition_bringup/models/grass_plane/model.config
[2.523s] -- Symlinking: /home/tajw/git/team25_rs1/RS1-Gr25/install/41068_ignition_bringup/share/41068_ignition_bringup/models/grass_plane/model.config:Zone.Identifier
[2.530s] -- Symlinking: /home/tajw/git/team25_rs1/RS1-Gr25/install/41068_ignition_bringup/share/41068_ignition_bringup/models/grass_plane/model.sdf
[2.537s] -- Symlinking: /home/tajw/git/team25_rs1/RS1-Gr25/install/41068_ignition_bringup/share/41068_ignition_bringup/models/grass_plane/model.sdf:Zone.Identifier
[2.544s] -- Symlinking: /home/tajw/git/team25_rs1/RS1-Gr25/install/41068_ignition_bringup/share/41068_ignition_bringup/urdf_husky/common_properties.urdf.xacro
[2.552s] -- Symlinking: /home/tajw/git/team25_rs1/RS1-Gr25/install/41068_ignition_bringup/share/41068_ignition_bringup/urdf_husky/common_properties.urdf.xacro:Zone.Identifier
[2.558s] -- Symlinking: /home/tajw/git/team25_rs1/RS1-Gr25/install/41068_ignition_bringup/share/41068_ignition_bringup/urdf_husky/husky.gazebo.xacro
[2.566s] -- Symlinking: /home/tajw/git/team25_rs1/RS1-Gr25/install/41068_ignition_bringup/share/41068_ignition_bringup/urdf_husky/husky.gazebo.xacro:Zone.Identifier
[2.572s] -- Symlinking: /home/tajw/git/team25_rs1/RS1-Gr25/install/41068_ignition_bringup/share/41068_ignition_bringup/urdf_husky/husky.urdf.xacro
[2.579s] -- Symlinking: /home/tajw/git/team25_rs1/RS1-Gr25/install/41068_ignition_bringup/share/41068_ignition_bringup/urdf_husky/husky.urdf.xacro:Zone.Identifier
[2.587s] -- Symlinking: /home/tajw/git/team25_rs1/RS1-Gr25/install/41068_ignition_bringup/share/41068_ignition_bringup/urdf_husky/meshes/base_link.dae
[2.594s] -- Symlinking: /home/tajw/git/team25_rs1/RS1-Gr25/install/41068_ignition_bringup/share/41068_ignition_bringup/urdf_husky/meshes/base_link.dae:Zone.Identifier
[2.601s] -- Symlinking: /home/tajw/git/team25_rs1/RS1-Gr25/install/41068_ignition_bringup/share/41068_ignition_bringup/urdf_husky/meshes/bumper.dae
[2.608s] -- Symlinking: /home/tajw/git/team25_rs1/RS1-Gr25/install/41068_ignition_bringup/share/41068_ignition_bringup/urdf_husky/meshes/bumper.dae:Zone.Identifier
[2.616s] -- Symlinking: /home/tajw/git/team25_rs1/RS1-Gr25/install/41068_ignition_bringup/share/41068_ignition_bringup/urdf_husky/meshes/jpl04_arch_nosensor.stl
[2.623s] -- Symlinking: /home/tajw/git/team25_rs1/RS1-Gr25/install/41068_ignition_bringup/share/41068_ignition_bringup/urdf_husky/meshes/jpl04_arch_nosensor.stl:Zone.Identifier
[2.630s] -- Symlinking: /home/tajw/git/team25_rs1/RS1-Gr25/install/41068_ignition_bringup/share/41068_ignition_bringup/urdf_husky/meshes/top_chassis.dae
[2.636s] -- Symlinking: /home/tajw/git/team25_rs1/RS1-Gr25/install/41068_ignition_bringup/share/41068_ignition_bringup/urdf_husky/meshes/top_chassis.dae:Zone.Identifier
[2.644s] -- Symlinking: /home/tajw/git/team25_rs1/RS1-Gr25/install/41068_ignition_bringup/share/41068_ignition_bringup/urdf_husky/meshes/top_plate.dae
[2.650s] -- Symlinking: /home/tajw/git/team25_rs1/RS1-Gr25/install/41068_ignition_bringup/share/41068_ignition_bringup/urdf_husky/meshes/top_plate.dae:Zone.Identifier
[2.658s] -- Symlinking: /home/tajw/git/team25_rs1/RS1-Gr25/install/41068_ignition_bringup/share/41068_ignition_bringup/urdf_husky/meshes/wheel.dae
[2.666s] -- Symlinking: /home/tajw/git/team25_rs1/RS1-Gr25/install/41068_ignition_bringup/share/41068_ignition_bringup/urdf_husky/meshes/wheel.dae:Zone.Identifier
[2.673s] -- Symlinking: /home/tajw/git/team25_rs1/RS1-Gr25/install/41068_ignition_bringup/share/41068_ignition_bringup/urdf_husky/wheel.urdf.xacro
[2.680s] -- Symlinking: /home/tajw/git/team25_rs1/RS1-Gr25/install/41068_ignition_bringup/share/41068_ignition_bringup/urdf_husky/wheel.urdf.xacro:Zone.Identifier
[2.688s] -- Symlinking: /home/tajw/git/team25_rs1/RS1-Gr25/install/41068_ignition_bringup/share/41068_ignition_bringup/worlds/large_demo.sdf
[2.695s] -- Symlinking: /home/tajw/git/team25_rs1/RS1-Gr25/install/41068_ignition_bringup/share/41068_ignition_bringup/worlds/large_demo.sdf:Zone.Identifier
[2.701s] -- Symlinking: /home/tajw/git/team25_rs1/RS1-Gr25/install/41068_ignition_bringup/share/41068_ignition_bringup/worlds/simple_trees.sdf
[2.709s] -- Symlinking: /home/tajw/git/team25_rs1/RS1-Gr25/install/41068_ignition_bringup/share/41068_ignition_bringup/worlds/simple_trees.sdf:Zone.Identifier
[2.717s] -- Symlinking: /home/tajw/git/team25_rs1/RS1-Gr25/install/41068_ignition_bringup/share/41068_ignition_bringup/urdf_parrot/common_properties.urdf.xacro
[2.724s] -- Symlinking: /home/tajw/git/team25_rs1/RS1-Gr25/install/41068_ignition_bringup/share/41068_ignition_bringup/urdf_parrot/common_properties.urdf.xacro:Zone.Identifier
[2.731s] -- Symlinking: /home/tajw/git/team25_rs1/RS1-Gr25/install/41068_ignition_bringup/share/41068_ignition_bringup/urdf_parrot/meshes/hull.dae
[2.739s] -- Symlinking: /home/tajw/git/team25_rs1/RS1-Gr25/install/41068_ignition_bringup/share/41068_ignition_bringup/urdf_parrot/meshes/hull.dae:Zone.Identifier
[2.746s] -- Symlinking: /home/tajw/git/team25_rs1/RS1-Gr25/install/41068_ignition_bringup/share/41068_ignition_bringup/urdf_parrot/meshes/propeller_fl.dae
[2.753s] -- Symlinking: /home/tajw/git/team25_rs1/RS1-Gr25/install/41068_ignition_bringup/share/41068_ignition_bringup/urdf_parrot/meshes/propeller_fl.dae:Zone.Identifier
[2.760s] -- Symlinking: /home/tajw/git/team25_rs1/RS1-Gr25/install/41068_ignition_bringup/share/41068_ignition_bringup/urdf_parrot/meshes/propeller_fr.dae
[2.767s] -- Symlinking: /home/tajw/git/team25_rs1/RS1-Gr25/install/41068_ignition_bringup/share/41068_ignition_bringup/urdf_parrot/meshes/propeller_fr.dae:Zone.Identifier
[2.774s] -- Symlinking: /home/tajw/git/team25_rs1/RS1-Gr25/install/41068_ignition_bringup/share/41068_ignition_bringup/urdf_parrot/meshes/propeller_rl.dae
[2.781s] -- Symlinking: /home/tajw/git/team25_rs1/RS1-Gr25/install/41068_ignition_bringup/share/41068_ignition_bringup/urdf_parrot/meshes/propeller_rl.dae:Zone.Identifier
[2.788s] -- Symlinking: /home/tajw/git/team25_rs1/RS1-Gr25/install/41068_ignition_bringup/share/41068_ignition_bringup/urdf_parrot/meshes/propeller_rr.dae
[2.795s] -- Symlinking: /home/tajw/git/team25_rs1/RS1-Gr25/install/41068_ignition_bringup/share/41068_ignition_bringup/urdf_parrot/meshes/propeller_rr.dae:Zone.Identifier
[2.803s] -- Symlinking: /home/tajw/git/team25_rs1/RS1-Gr25/install/41068_ignition_bringup/share/41068_ignition_bringup/urdf_parrot/model.config
[2.810s] -- Symlinking: /home/tajw/git/team25_rs1/RS1-Gr25/install/41068_ignition_bringup/share/41068_ignition_bringup/urdf_parrot/model.config:Zone.Identifier
[2.819s] -- Symlinking: /home/tajw/git/team25_rs1/RS1-Gr25/install/41068_ignition_bringup/share/41068_ignition_bringup/urdf_parrot/model.sdf
[2.827s] -- Symlinking: /home/tajw/git/team25_rs1/RS1-Gr25/install/41068_ignition_bringup/share/41068_ignition_bringup/urdf_parrot/model.sdf:Zone.Identifier
[2.835s] -- Symlinking: /home/tajw/git/team25_rs1/RS1-Gr25/install/41068_ignition_bringup/share/41068_ignition_bringup/urdf_parrot/parrot.gazebo.xacro
[2.843s] -- Symlinking: /home/tajw/git/team25_rs1/RS1-Gr25/install/41068_ignition_bringup/share/41068_ignition_bringup/urdf_parrot/parrot.gazebo.xacro:Zone.Identifier
[2.851s] -- Symlinking: /home/tajw/git/team25_rs1/RS1-Gr25/install/41068_ignition_bringup/share/41068_ignition_bringup/urdf_parrot/parrot.urdf.xacro
[2.858s] -- Symlinking: /home/tajw/git/team25_rs1/RS1-Gr25/install/41068_ignition_bringup/share/41068_ignition_bringup/urdf_parrot/parrot.urdf.xacro:Zone.Identifier
[2.866s] -- Symlinking: /home/tajw/git/team25_rs1/RS1-Gr25/install/41068_ignition_bringup/share/41068_ignition_bringup/urdf_parrot/thumbnails/1.png
[2.872s] -- Symlinking: /home/tajw/git/team25_rs1/RS1-Gr25/install/41068_ignition_bringup/share/41068_ignition_bringup/urdf_parrot/thumbnails/1.png:Zone.Identifier
[2.880s] -- Symlinking: /home/tajw/git/team25_rs1/RS1-Gr25/install/41068_ignition_bringup/share/41068_ignition_bringup/urdf_parrot/thumbnails/2.png
[2.886s] -- Symlinking: /home/tajw/git/team25_rs1/RS1-Gr25/install/41068_ignition_bringup/share/41068_ignition_bringup/urdf_parrot/thumbnails/2.png:Zone.Identifier
[2.893s] -- Symlinking: /home/tajw/git/team25_rs1/RS1-Gr25/install/41068_ignition_bringup/share/41068_ignition_bringup/urdf_parrot/thumbnails/3.png
[2.900s] -- Symlinking: /home/tajw/git/team25_rs1/RS1-Gr25/install/41068_ignition_bringup/share/41068_ignition_bringup/urdf_parrot/thumbnails/3.png:Zone.Identifier
[2.907s] -- Symlinking: /home/tajw/git/team25_rs1/RS1-Gr25/install/41068_ignition_bringup/share/41068_ignition_bringup/urdf_parrot/thumbnails/4.png
[2.915s] -- Symlinking: /home/tajw/git/team25_rs1/RS1-Gr25/install/41068_ignition_bringup/share/41068_ignition_bringup/urdf_parrot/thumbnails/4.png:Zone.Identifier
[2.922s] -- Symlinking: /home/tajw/git/team25_rs1/RS1-Gr25/install/41068_ignition_bringup/share/41068_ignition_bringup/urdf_parrot/thumbnails/5.png
[2.929s] -- Symlinking: /home/tajw/git/team25_rs1/RS1-Gr25/install/41068_ignition_bringup/share/41068_ignition_bringup/urdf_parrot/thumbnails/5.png:Zone.Identifier
[2.936s] -- Symlinking: /home/tajw/git/team25_rs1/RS1-Gr25/install/41068_ignition_bringup/lib/41068_ignition_bringup/dynamic_world_demo.py
[2.943s] -- Symlinking: /home/tajw/git/team25_rs1/RS1-Gr25/install/41068_ignition_bringup/lib/41068_ignition_bringup/basic_autonomy_demo.py
[2.951s] -- Symlinking: /home/tajw/git/team25_rs1/RS1-Gr25/install/41068_ignition_bringup/share/ament_index/resource_index/package_run_dependencies/41068_ignition_bringup
[2.959s] -- Symlinking: /home/tajw/git/team25_rs1/RS1-Gr25/install/41068_ignition_bringup/share/ament_index/resource_index/parent_prefix_path/41068_ignition_bringup
[2.966s] -- Symlinking: /home/tajw/git/team25_rs1/RS1-Gr25/install/41068_ignition_bringup/share/41068_ignition_bringup/environment/ament_prefix_path.sh
[2.973s] -- Symlinking: /home/tajw/git/team25_rs1/RS1-Gr25/install/41068_ignition_bringup/share/41068_ignition_bringup/environment/ament_prefix_path.dsv
[2.981s] -- Symlinking: /home/tajw/git/team25_rs1/RS1-Gr25/install/41068_ignition_bringup/share/41068_ignition_bringup/environment/path.sh
[2.989s] -- Symlinking: /home/tajw/git/team25_rs1/RS1-Gr25/install/41068_ignition_bringup/share/41068_ignition_bringup/environment/path.dsv
[2.998s] -- Symlinking: /home/tajw/git/team25_rs1/RS1-Gr25/install/41068_ignition_bringup/share/41068_ignition_bringup/local_setup.bash
[3.006s] -- Symlinking: /home/tajw/git/team25_rs1/RS1-Gr25/install/41068_ignition_bringup/share/41068_ignition_bringup/local_setup.sh
[3.014s] -- Symlinking: /home/tajw/git/team25_rs1/RS1-Gr25/install/41068_ignition_bringup/share/41068_ignition_bringup/local_setup.zsh
[3.022s] -- Symlinking: /home/tajw/git/team25_rs1/RS1-Gr25/install/41068_ignition_bringup/share/41068_ignition_bringup/local_setup.dsv
[3.029s] -- Symlinking: /home/tajw/git/team25_rs1/RS1-Gr25/install/41068_ignition_bringup/share/41068_ignition_bringup/package.dsv
[3.037s] -- Symlinking: /home/tajw/git/team25_rs1/RS1-Gr25/install/41068_ignition_bringup/share/ament_index/resource_index/packages/41068_ignition_bringup
[3.044s] -- Symlinking: /home/tajw/git/team25_rs1/RS1-Gr25/install/41068_ignition_bringup/share/41068_ignition_bringup/cmake/41068_ignition_bringupConfig.cmake
[3.051s] -- Symlinking: /home/tajw/git/team25_rs1/RS1-Gr25/install/41068_ignition_bringup/share/41068_ignition_bringup/cmake/41068_ignition_bringupConfig-version.cmake
[3.059s] -- Symlinking: /home/tajw/git/team25_rs1/RS1-Gr25/install/41068_ignition_bringup/share/41068_ignition_bringup/package.xml
[3.067s] Invoked command in '/home/tajw/git/team25_rs1/RS1-Gr25/build/41068_ignition_bringup' returned '0': CMAKE_PREFIX_PATH=${CMAKE_PREFIX_PATH}:/opt/ros/humble /usr/bin/cmake --install /home/tajw/git/team25_rs1/RS1-Gr25/build/41068_ignition_bringup
