[0.000000] (-) TimerEvent: {}
[0.000431] (-) JobUnselected: {'identifier': '41068_ignition_bringup'}
[0.001088] (beer_fire_detection) JobQueued: {'identifier': 'beer_fire_detection', 'dependencies': OrderedDict()}
[0.001645] (beer_fire_detection) JobStarted: {'identifier': 'beer_fire_detection'}
[0.099550] (-) TimerEvent: {}
[0.199818] (-) TimerEvent: {}
[0.300048] (-) TimerEvent: {}
[0.400296] (-) TimerEvent: {}
[0.500696] (-) TimerEvent: {}
[0.601225] (-) TimerEvent: {}
[0.701626] (-) TimerEvent: {}
[0.802097] (-) TimerEvent: {}
[0.902511] (-) TimerEvent: {}
[1.002868] (-) TimerEvent: {}
[1.103146] (-) TimerEvent: {}
[1.203508] (-) TimerEvent: {}
[1.303778] (-) TimerEvent: {}
[1.404079] (-) TimerEvent: {}
[1.504308] (-) TimerEvent: {}
[1.604597] (-) TimerEvent: {}
[1.687359] (beer_fire_detection) Command: {'cmd': ['/usr/bin/python3', '-W', 'ignore:setup.py install is deprecated', '-W', 'ignore:easy_install command is deprecated', 'setup.py', 'develop', '--editable', '--build-directory', '/home/jordan/G25_RS1/RS1-Gr25/build/beer_fire_detection/build', '--no-deps', 'symlink_data'], 'cwd': '/home/jordan/G25_RS1/RS1-Gr25/build/beer_fire_detection', 'env': {'LESSOPEN': '| /usr/bin/lesspipe %s', 'VSCODE_CWD': '/mnt/c/Users/jorda/AppData/Local/Programs/cursor', 'VSCODE_ESM_ENTRYPOINT': 'vs/workbench/api/node/extensionHostProcess', 'GZ_SIM_RESOURCE_PATH': '/opt/ros/humble/share', 'USER': 'jordan', 'VSCODE_NLS_CONFIG': '{"userLocale":"en","osLocale":"en","resolvedLanguage":"en","defaultMessagesFile":"/home/jordan/.cursor-server/bin/2ba48ff3f7514cc4643c52ca9f7b3173d9b66130/out/nls.messages.json","locale":"en","availableLanguages":{}}', 'VSCODE_HANDLES_UNCAUGHT_ERRORS': 'true', 'CURSOR_RIPGREP_PATH': '/home/jordan/.cursor-server/bin/2ba48ff3f7514cc4643c52ca9f7b3173d9b66130/node_modules/@vscode/ripgrep/bin/rg', 'SHLVL': '1', 'LD_LIBRARY_PATH': '/opt/ros/humble/opt/rviz_ogre_vendor/lib:/opt/ros/humble/lib/x86_64-linux-gnu:/opt/ros/humble/lib', 'HOME': '/home/jordan', 'OLDPWD': '/home/jordan/G25_RS1/RS1-Gr25', 'VSCODE_IPC_HOOK_CLI': '/run/user/1000/vscode-ipc-3517d1ba-6dd6-4d1e-86cb-c9e8c4fca531.sock', 'ROS_PYTHON_VERSION': '3', 'NO_COLOR': '1', 'DBUS_SESSION_BUS_ADDRESS': 'unix:path=/run/user/1000/bus', 'WSL_DISTRO_NAME': 'Ubuntu-22.04', 'WAYLAND_DISPLAY': 'wayland-0', 'VSCODE_L10N_BUNDLE_LOCATION': '', 'COLCON_PREFIX_PATH': '/home/jordan/G25_RS1/RS1-Gr25/install', 'ROS_DISTRO': 'humble', 'OVSX_REGISTRY_URL': 'https://open-vsx.org', 'LOGNAME': 'jordan', 'FORCE_COLOR': '0', 'NAME': 'DESKTOP-RC39RBI', 'WSL_INTEROP': '/run/WSL/338_interop', 'VSCODE_HANDLES_SIGPIPE': 'true', 'PULSE_SERVER': 'unix:/mnt/wslg/PulseServer', '_': '/usr/bin/colcon', 'ROS_VERSION': '2', 'CURSOR_LAYOUT': 'unifiedAgent', 'TERM': 'dumb', 'LIBGL_ALWAYS_INDIRECT': '1', 'ROS_LOCALHOST_ONLY': '1', 'PATH': '/home/jordan/G25_RS1/RS1-Gr25/install/beer_fire_detection/bin:/opt/ros/humble/bin:/home/jordan/.cursor-server/bin/2ba48ff3f7514cc4643c52ca9f7b3173d9b66130/node_modules/@vscode/ripgrep/bin:/home/jordan/.cursor-server/bin/2ba48ff3f7514cc4643c52ca9f7b3173d9b66130/bin/remote-cli:/home/jordan/.cursor-server/bin/2ba48ff3f7514cc4643c52ca9f7b3173d9b66130/bin/remote-cli:/usr/local/sbin:/usr/local/bin:/usr/sbin:/usr/bin:/sbin:/bin:/usr/games:/usr/local/games:/usr/lib/wsl/lib:/snap/bin:/mnt/c/Users/jorda/AppData/Local/Programs/cursor/resources/app/bin:/mnt/c/Users/jorda/AppData/Local/Programs/Microsoft VS Code/bin', 'XDG_RUNTIME_DIR': '/run/user/1000', 'AGENT_TRANSCRIPTS': '/home/jordan/.cursor/projects/home-jordan-G25-RS1-RS1-Gr25-src-41068-ignition-bringup-v1-41068-ignition-bringup/agent-transcripts', 'CURSOR_AGENT': '1', 'DISPLAY': '172.22.192.1:0', 'LANG': 'C.UTF-8', 'LS_COLORS': '', 'AMENT_PREFIX_PATH': '/home/jordan/G25_RS1/RS1-Gr25/install/beer_fire_detection:/home/jordan/G25_RS1/RS1-Gr25/install/41068_ignition_bringup:/opt/ros/humble', 'SHELL': '/bin/bash', 'LESSCLOSE': '/usr/bin/lesspipe %s %s', 'PWD': '/home/jordan/G25_RS1/RS1-Gr25/build/beer_fire_detection', 'XDG_DATA_DIRS': '/usr/local/share:/usr/share:/var/lib/snapd/desktop', 'CURSOR_CONVERSATION_ID': 'f28fa931-f336-492e-badd-97c05ee7ac06', 'PYTHONPATH': '/home/jordan/G25_RS1/RS1-Gr25/build/beer_fire_detection/prefix_override:/usr/lib/python3/dist-packages/colcon_core/task/python/colcon_distutils_commands:/home/jordan/G25_RS1/RS1-Gr25/install/beer_fire_detection/lib/python3.10/site-packages:/home/jordan/G25_RS1/RS1-Gr25/build/beer_fire_detection:/home/jordan/G25_RS1/RS1-Gr25/install/beer_fire_detection/lib/python3.10/site-packages:/home/jordan/G25_RS1/RS1-Gr25/install/41068_ignition_bringup/local/lib/python3.10/dist-packages:/opt/ros/humble/lib/python3.10/site-packages:/opt/ros/humble/local/lib/python3.10/dist-packages', 'COLCON': '1', '__CURSOR_SANDBOX_ENV_RESTORE': "builtin unset CURSOR_CONVERSATION_ID CURSOR_AGENT_STORE_FILES_DIR CURSOR_AGENT_STORE_SHARED_PATHS 2>/dev/null || true; builtin export CURSOR_CONVERSATION_ID='f28fa931-f336-492e-badd-97c05ee7ac06'", '_ZO_DOCTOR': '0', 'WSL2_GUI_APPS_ENABLED': '1', 'HOSTTYPE': 'x86_64', 'CMAKE_PREFIX_PATH': '/home/jordan/G25_RS1/RS1-Gr25/install/41068_ignition_bringup', 'WSLENV': ''}, 'shell': False}
[1.704752] (-) TimerEvent: {}
[1.805137] (-) TimerEvent: {}
[1.905354] (-) TimerEvent: {}
[2.005599] (-) TimerEvent: {}
[2.105944] (-) TimerEvent: {}
[2.186024] (beer_fire_detection) StdoutLine: {'line': b'running develop\n'}
[2.206051] (-) TimerEvent: {}
[2.306378] (-) TimerEvent: {}
[2.406833] (-) TimerEvent: {}
[2.507214] (-) TimerEvent: {}
[2.607492] (-) TimerEvent: {}
[2.609034] (beer_fire_detection) StdoutLine: {'line': b'running egg_info\n'}
[2.609386] (beer_fire_detection) StdoutLine: {'line': b'creating beer_fire_detection.egg-info\n'}
[2.609920] (beer_fire_detection) StdoutLine: {'line': b'writing beer_fire_detection.egg-info/PKG-INFO\n'}
[2.610965] (beer_fire_detection) StdoutLine: {'line': b'writing dependency_links to beer_fire_detection.egg-info/dependency_links.txt\n'}
[2.611893] (beer_fire_detection) StdoutLine: {'line': b'writing entry points to beer_fire_detection.egg-info/entry_points.txt\n'}
[2.612498] (beer_fire_detection) StdoutLine: {'line': b'writing requirements to beer_fire_detection.egg-info/requires.txt\n'}
[2.613613] (beer_fire_detection) StdoutLine: {'line': b'writing top-level names to beer_fire_detection.egg-info/top_level.txt\n'}
[2.614120] (beer_fire_detection) StdoutLine: {'line': b"writing manifest file 'beer_fire_detection.egg-info/SOURCES.txt'\n"}
[2.617684] (beer_fire_detection) StdoutLine: {'line': b"reading manifest file 'beer_fire_detection.egg-info/SOURCES.txt'\n"}
[2.618667] (beer_fire_detection) StdoutLine: {'line': b"writing manifest file 'beer_fire_detection.egg-info/SOURCES.txt'\n"}
[2.621081] (beer_fire_detection) StdoutLine: {'line': b'running build_ext\n'}
[2.621804] (beer_fire_detection) StdoutLine: {'line': b'Creating /home/jordan/G25_RS1/RS1-Gr25/install/beer_fire_detection/lib/python3.10/site-packages/beer-fire-detection.egg-link (link to .)\n'}
[2.623626] (beer_fire_detection) StdoutLine: {'line': b'Installing fire_detector script to /home/jordan/G25_RS1/RS1-Gr25/install/beer_fire_detection/lib/beer_fire_detection\n'}
[2.625154] (beer_fire_detection) StdoutLine: {'line': b'Installing synthetic_thermal_demo script to /home/jordan/G25_RS1/RS1-Gr25/install/beer_fire_detection/lib/beer_fire_detection\n'}
[2.626174] (beer_fire_detection) StdoutLine: {'line': b'\n'}
[2.626564] (beer_fire_detection) StdoutLine: {'line': b'Installed /home/jordan/G25_RS1/RS1-Gr25/build/beer_fire_detection\n'}
[2.627051] (beer_fire_detection) StdoutLine: {'line': b'running symlink_data\n'}
[2.627639] (beer_fire_detection) StdoutLine: {'line': b'creating /home/jordan/G25_RS1/RS1-Gr25/install/beer_fire_detection/share/ament_index\n'}
[2.628273] (beer_fire_detection) StdoutLine: {'line': b'creating /home/jordan/G25_RS1/RS1-Gr25/install/beer_fire_detection/share/ament_index/resource_index\n'}
[2.628583] (beer_fire_detection) StdoutLine: {'line': b'creating /home/jordan/G25_RS1/RS1-Gr25/install/beer_fire_detection/share/ament_index/resource_index/packages\n'}
[2.629088] (beer_fire_detection) StdoutLine: {'line': b'symbolically linking /home/jordan/G25_RS1/RS1-Gr25/build/beer_fire_detection/resource/beer_fire_detection -> /home/jordan/G25_RS1/RS1-Gr25/install/beer_fire_detection/share/ament_index/resource_index/packages\n'}
[2.630083] (beer_fire_detection) StdoutLine: {'line': b'symbolically linking /home/jordan/G25_RS1/RS1-Gr25/build/beer_fire_detection/package.xml -> /home/jordan/G25_RS1/RS1-Gr25/install/beer_fire_detection/share/beer_fire_detection\n'}
[2.707644] (-) TimerEvent: {}
[2.714380] (beer_fire_detection) CommandEnded: {'returncode': 0}
[2.738423] (beer_fire_detection) JobEnded: {'identifier': 'beer_fire_detection', 'rc': 0}
[2.739714] (-) EventReactorShutdown: {}
