[0.246s] DEBUG:colcon:Command line arguments: ['/usr/bin/colcon', 'build', '--symlink-install', '--packages-select', 'beer_fire_detection']
[0.246s] DEBUG:colcon:Parsed command line arguments: Namespace(log_base=None, log_level=None, verb_name='build', build_base='build', install_base='install', merge_install=False, symlink_install=True, test_result_base=None, continue_on_error=False, executor='parallel', parallel_workers=6, event_handlers=None, ignore_user_meta=False, metas=['./colcon.meta'], base_paths=['.'], packages_ignore=None, packages_ignore_regex=None, paths=None, packages_up_to=None, packages_up_to_regex=None, packages_above=None, packages_above_and_dependencies=None, packages_above_depth=None, packages_select_by_dep=None, packages_skip_by_dep=None, packages_skip_up_to=None, packages_select_build_failed=False, packages_skip_build_finished=False, packages_select_test_failures=False, packages_skip_test_passed=False, packages_select=['beer_fire_detection'], packages_skip=None, packages_select_regex=None, packages_skip_regex=None, packages_start=None, packages_end=None, allow_overriding=[], cmake_args=None, cmake_target=None, cmake_target_skip_unavailable=False, cmake_clean_cache=False, cmake_clean_first=False, cmake_force_configure=False, ament_cmake_args=None, catkin_cmake_args=None, catkin_skip_building_tests=False, mixin_files=None, mixin=None, verb_parser=<colcon_mixin.mixin.mixin_argument.MixinArgumentDecorator object at 0x78a77e96a380>, verb_extension=<colcon_core.verb.build.BuildVerb object at 0x78a77e969e40>, main=<bound method BuildVerb.main of <colcon_core.verb.build.BuildVerb object at 0x78a77e969e40>>, mixin_verb=('build',))
[0.523s] Level 1:colcon.colcon_core.package_discovery:discover_packages(colcon_meta) check parameters
[0.523s] Level 1:colcon.colcon_core.package_discovery:discover_packages(recursive) check parameters
[0.523s] Level 1:colcon.colcon_core.package_discovery:discover_packages(ignore) check parameters
[0.524s] Level 1:colcon.colcon_core.package_discovery:discover_packages(path) check parameters
[0.524s] Level 1:colcon.colcon_core.package_discovery:discover_packages(colcon_meta) discover
[0.524s] Level 1:colcon.colcon_core.package_discovery:discover_packages(recursive) discover
[0.524s] INFO:colcon.colcon_core.package_discovery:Crawling recursively for packages in '/home/jordan/G25_RS1/RS1-Gr25'
[0.524s] Level 1:colcon.colcon_core.package_identification:_identify(.) by extensions ['ignore', 'ignore_ament_install']
[0.524s] Level 1:colcon.colcon_core.package_identification:_identify(.) by extension 'ignore'
[0.524s] Level 1:colcon.colcon_core.package_identification:_identify(.) by extension 'ignore_ament_install'
[0.525s] Level 1:colcon.colcon_core.package_identification:_identify(.) by extensions ['colcon_pkg']
[0.525s] Level 1:colcon.colcon_core.package_identification:_identify(.) by extension 'colcon_pkg'
[0.525s] Level 1:colcon.colcon_core.package_identification:_identify(.) by extensions ['colcon_meta']
[0.525s] Level 1:colcon.colcon_core.package_identification:_identify(.) by extension 'colcon_meta'
[0.525s] Level 1:colcon.colcon_core.package_identification:_identify(.) by extensions ['ros']
[0.525s] Level 1:colcon.colcon_core.package_identification:_identify(.) by extension 'ros'
[0.540s] Level 1:colcon.colcon_core.package_identification:_identify(.) by extensions ['cmake', 'python']
[0.540s] Level 1:colcon.colcon_core.package_identification:_identify(.) by extension 'cmake'
[0.540s] Level 1:colcon.colcon_core.package_identification:_identify(.) by extension 'python'
[0.540s] Level 1:colcon.colcon_core.package_identification:_identify(.) by extensions ['python_setup_py']
[0.540s] Level 1:colcon.colcon_core.package_identification:_identify(.) by extension 'python_setup_py'
[0.541s] Level 1:colcon.colcon_core.package_identification:_identify(build) by extensions ['ignore', 'ignore_ament_install']
[0.541s] Level 1:colcon.colcon_core.package_identification:_identify(build) by extension 'ignore'
[0.541s] Level 1:colcon.colcon_core.package_identification:_identify(build) ignored
[0.541s] Level 1:colcon.colcon_core.package_identification:_identify(install) by extensions ['ignore', 'ignore_ament_install']
[0.541s] Level 1:colcon.colcon_core.package_identification:_identify(install) by extension 'ignore'
[0.541s] Level 1:colcon.colcon_core.package_identification:_identify(install) ignored
[0.542s] Level 1:colcon.colcon_core.package_identification:_identify(log) by extensions ['ignore', 'ignore_ament_install']
[0.542s] Level 1:colcon.colcon_core.package_identification:_identify(log) by extension 'ignore'
[0.542s] Level 1:colcon.colcon_core.package_identification:_identify(log) ignored
[0.542s] Level 1:colcon.colcon_core.package_identification:_identify(src) by extensions ['ignore', 'ignore_ament_install']
[0.542s] Level 1:colcon.colcon_core.package_identification:_identify(src) by extension 'ignore'
[0.542s] Level 1:colcon.colcon_core.package_identification:_identify(src) by extension 'ignore_ament_install'
[0.542s] Level 1:colcon.colcon_core.package_identification:_identify(src) by extensions ['colcon_pkg']
[0.543s] Level 1:colcon.colcon_core.package_identification:_identify(src) by extension 'colcon_pkg'
[0.543s] Level 1:colcon.colcon_core.package_identification:_identify(src) by extensions ['colcon_meta']
[0.543s] Level 1:colcon.colcon_core.package_identification:_identify(src) by extension 'colcon_meta'
[0.543s] Level 1:colcon.colcon_core.package_identification:_identify(src) by extensions ['ros']
[0.543s] Level 1:colcon.colcon_core.package_identification:_identify(src) by extension 'ros'
[0.543s] Level 1:colcon.colcon_core.package_identification:_identify(src) by extensions ['cmake', 'python']
[0.543s] Level 1:colcon.colcon_core.package_identification:_identify(src) by extension 'cmake'
[0.543s] Level 1:colcon.colcon_core.package_identification:_identify(src) by extension 'python'
[0.544s] Level 1:colcon.colcon_core.package_identification:_identify(src) by extensions ['python_setup_py']
[0.544s] Level 1:colcon.colcon_core.package_identification:_identify(src) by extension 'python_setup_py'
[0.544s] Level 1:colcon.colcon_core.package_identification:_identify(src/41068_ignition_bringup_v1) by extensions ['ignore', 'ignore_ament_install']
[0.544s] Level 1:colcon.colcon_core.package_identification:_identify(src/41068_ignition_bringup_v1) by extension 'ignore'
[0.544s] Level 1:colcon.colcon_core.package_identification:_identify(src/41068_ignition_bringup_v1) by extension 'ignore_ament_install'
[0.544s] Level 1:colcon.colcon_core.package_identification:_identify(src/41068_ignition_bringup_v1) by extensions ['colcon_pkg']
[0.545s] Level 1:colcon.colcon_core.package_identification:_identify(src/41068_ignition_bringup_v1) by extension 'colcon_pkg'
[0.545s] Level 1:colcon.colcon_core.package_identification:_identify(src/41068_ignition_bringup_v1) by extensions ['colcon_meta']
[0.545s] Level 1:colcon.colcon_core.package_identification:_identify(src/41068_ignition_bringup_v1) by extension 'colcon_meta'
[0.545s] Level 1:colcon.colcon_core.package_identification:_identify(src/41068_ignition_bringup_v1) by extensions ['ros']
[0.545s] Level 1:colcon.colcon_core.package_identification:_identify(src/41068_ignition_bringup_v1) by extension 'ros'
[0.545s] Level 1:colcon.colcon_core.package_identification:_identify(src/41068_ignition_bringup_v1) by extensions ['cmake', 'python']
[0.545s] Level 1:colcon.colcon_core.package_identification:_identify(src/41068_ignition_bringup_v1) by extension 'cmake'
[0.545s] Level 1:colcon.colcon_core.package_identification:_identify(src/41068_ignition_bringup_v1) by extension 'python'
[0.545s] Level 1:colcon.colcon_core.package_identification:_identify(src/41068_ignition_bringup_v1) by extensions ['python_setup_py']
[0.545s] Level 1:colcon.colcon_core.package_identification:_identify(src/41068_ignition_bringup_v1) by extension 'python_setup_py'
[0.546s] Level 1:colcon.colcon_core.package_identification:_identify(src/41068_ignition_bringup_v1/41068_ignition_bringup) by extensions ['ignore', 'ignore_ament_install']
[0.546s] Level 1:colcon.colcon_core.package_identification:_identify(src/41068_ignition_bringup_v1/41068_ignition_bringup) by extension 'ignore'
[0.546s] Level 1:colcon.colcon_core.package_identification:_identify(src/41068_ignition_bringup_v1/41068_ignition_bringup) by extension 'ignore_ament_install'
[0.546s] Level 1:colcon.colcon_core.package_identification:_identify(src/41068_ignition_bringup_v1/41068_ignition_bringup) by extensions ['colcon_pkg']
[0.546s] Level 1:colcon.colcon_core.package_identification:_identify(src/41068_ignition_bringup_v1/41068_ignition_bringup) by extension 'colcon_pkg'
[0.546s] Level 1:colcon.colcon_core.package_identification:_identify(src/41068_ignition_bringup_v1/41068_ignition_bringup) by extensions ['colcon_meta']
[0.546s] Level 1:colcon.colcon_core.package_identification:_identify(src/41068_ignition_bringup_v1/41068_ignition_bringup) by extension 'colcon_meta'
[0.547s] Level 1:colcon.colcon_core.package_identification:_identify(src/41068_ignition_bringup_v1/41068_ignition_bringup) by extensions ['ros']
[0.547s] Level 1:colcon.colcon_core.package_identification:_identify(src/41068_ignition_bringup_v1/41068_ignition_bringup) by extension 'ros'
[0.550s] DEBUG:colcon.colcon_core.package_identification:Package 'src/41068_ignition_bringup_v1/41068_ignition_bringup' with type 'ros.ament_cmake' and name '41068_ignition_bringup'
[0.551s] Level 1:colcon.colcon_core.package_identification:_identify(src/beer_fire_detection) by extensions ['ignore', 'ignore_ament_install']
[0.551s] Level 1:colcon.colcon_core.package_identification:_identify(src/beer_fire_detection) by extension 'ignore'
[0.551s] Level 1:colcon.colcon_core.package_identification:_identify(src/beer_fire_detection) by extension 'ignore_ament_install'
[0.551s] Level 1:colcon.colcon_core.package_identification:_identify(src/beer_fire_detection) by extensions ['colcon_pkg']
[0.551s] Level 1:colcon.colcon_core.package_identification:_identify(src/beer_fire_detection) by extension 'colcon_pkg'
[0.551s] Level 1:colcon.colcon_core.package_identification:_identify(src/beer_fire_detection) by extensions ['colcon_meta']
[0.552s] Level 1:colcon.colcon_core.package_identification:_identify(src/beer_fire_detection) by extension 'colcon_meta'
[0.552s] Level 1:colcon.colcon_core.package_identification:_identify(src/beer_fire_detection) by extensions ['ros']
[0.552s] Level 1:colcon.colcon_core.package_identification:_identify(src/beer_fire_detection) by extension 'ros'
[0.553s] DEBUG:colcon.colcon_core.package_identification:Package 'src/beer_fire_detection' with type 'ros.ament_python' and name 'beer_fire_detection'
[0.554s] Level 1:colcon.colcon_core.package_identification:_identify(test) by extensions ['ignore', 'ignore_ament_install']
[0.554s] Level 1:colcon.colcon_core.package_identification:_identify(test) by extension 'ignore'
[0.554s] Level 1:colcon.colcon_core.package_identification:_identify(test) by extension 'ignore_ament_install'
[0.555s] Level 1:colcon.colcon_core.package_identification:_identify(test) by extensions ['colcon_pkg']
[0.555s] Level 1:colcon.colcon_core.package_identification:_identify(test) by extension 'colcon_pkg'
[0.555s] Level 1:colcon.colcon_core.package_identification:_identify(test) by extensions ['colcon_meta']
[0.555s] Level 1:colcon.colcon_core.package_identification:_identify(test) by extension 'colcon_meta'
[0.555s] Level 1:colcon.colcon_core.package_identification:_identify(test) by extensions ['ros']
[0.555s] Level 1:colcon.colcon_core.package_identification:_identify(test) by extension 'ros'
[0.555s] Level 1:colcon.colcon_core.package_identification:_identify(test) by extensions ['cmake', 'python']
[0.555s] Level 1:colcon.colcon_core.package_identification:_identify(test) by extension 'cmake'
[0.555s] Level 1:colcon.colcon_core.package_identification:_identify(test) by extension 'python'
[0.556s] Level 1:colcon.colcon_core.package_identification:_identify(test) by extensions ['python_setup_py']
[0.556s] Level 1:colcon.colcon_core.package_identification:_identify(test) by extension 'python_setup_py'
[0.556s] Level 1:colcon.colcon_core.package_identification:_identify(test/__pycache__) by extensions ['ignore', 'ignore_ament_install']
[0.556s] Level 1:colcon.colcon_core.package_identification:_identify(test/__pycache__) by extension 'ignore'
[0.556s] Level 1:colcon.colcon_core.package_identification:_identify(test/__pycache__) by extension 'ignore_ament_install'
[0.556s] Level 1:colcon.colcon_core.package_identification:_identify(test/__pycache__) by extensions ['colcon_pkg']
[0.556s] Level 1:colcon.colcon_core.package_identification:_identify(test/__pycache__) by extension 'colcon_pkg'
[0.557s] Level 1:colcon.colcon_core.package_identification:_identify(test/__pycache__) by extensions ['colcon_meta']
[0.557s] Level 1:colcon.colcon_core.package_identification:_identify(test/__pycache__) by extension 'colcon_meta'
[0.557s] Level 1:colcon.colcon_core.package_identification:_identify(test/__pycache__) by extensions ['ros']
[0.557s] Level 1:colcon.colcon_core.package_identification:_identify(test/__pycache__) by extension 'ros'
[0.557s] Level 1:colcon.colcon_core.package_identification:_identify(test/__pycache__) by extensions ['cmake', 'python']
[0.557s] Level 1:colcon.colcon_core.package_identification:_identify(test/__pycache__) by extension 'cmake'
[0.557s] Level 1:colcon.colcon_core.package_identification:_identify(test/__pycache__) by extension 'python'
[0.557s] Level 1:colcon.colcon_core.package_identification:_identify(test/__pycache__) by extensions ['python_setup_py']
[0.557s] Level 1:colcon.colcon_core.package_identification:_identify(test/__pycache__) by extension 'python_setup_py'
[0.558s] Level 1:colcon.colcon_core.package_discovery:discover_packages(recursive) using defaults
[0.558s] Level 1:colcon.colcon_core.package_discovery:discover_packages(ignore) discover
[0.558s] Level 1:colcon.colcon_core.package_discovery:discover_packages(ignore) using defaults
[0.558s] Level 1:colcon.colcon_core.package_discovery:discover_packages(path) discover
[0.558s] Level 1:colcon.colcon_core.package_discovery:discover_packages(path) using defaults
[0.616s] INFO:colcon.colcon_core.package_selection:Skipping not selected package '41068_ignition_bringup' in 'src/41068_ignition_bringup_v1/41068_ignition_bringup'
[0.617s] Level 1:colcon.colcon_core.package_discovery:discover_packages(prefix_path) check parameters
[0.617s] Level 1:colcon.colcon_core.package_discovery:discover_packages(prefix_path) discover
[0.621s] WARNING:colcon.colcon_ros.prefix_path.ament:The path '/home/jordan/G25_RS1/RS1-Gr25/install/beer_fire_detection' in the environment variable AMENT_PREFIX_PATH doesn't exist
[0.623s] DEBUG:colcon.colcon_installed_package_information.package_discovery:Found 1 installed packages in /home/jordan/G25_RS1/RS1-Gr25/install
[0.625s] DEBUG:colcon.colcon_installed_package_information.package_discovery:Found 405 installed packages in /opt/ros/humble
[0.628s] Level 1:colcon.colcon_core.package_discovery:discover_packages(prefix_path) using defaults
[0.747s] Level 5:colcon.colcon_core.verb:set package 'beer_fire_detection' build argument 'cmake_args' from command line to 'None'
[0.747s] Level 5:colcon.colcon_core.verb:set package 'beer_fire_detection' build argument 'cmake_target' from command line to 'None'
[0.747s] Level 5:colcon.colcon_core.verb:set package 'beer_fire_detection' build argument 'cmake_target_skip_unavailable' from command line to 'False'
[0.747s] Level 5:colcon.colcon_core.verb:set package 'beer_fire_detection' build argument 'cmake_clean_cache' from command line to 'False'
[0.748s] Level 5:colcon.colcon_core.verb:set package 'beer_fire_detection' build argument 'cmake_clean_first' from command line to 'False'
[0.748s] Level 5:colcon.colcon_core.verb:set package 'beer_fire_detection' build argument 'cmake_force_configure' from command line to 'False'
[0.748s] Level 5:colcon.colcon_core.verb:set package 'beer_fire_detection' build argument 'ament_cmake_args' from command line to 'None'
[0.748s] Level 5:colcon.colcon_core.verb:set package 'beer_fire_detection' build argument 'catkin_cmake_args' from command line to 'None'
[0.748s] Level 5:colcon.colcon_core.verb:set package 'beer_fire_detection' build argument 'catkin_skip_building_tests' from command line to 'False'
[0.748s] DEBUG:colcon.colcon_core.verb:Building package 'beer_fire_detection' with the following arguments: {'ament_cmake_args': None, 'build_base': '/home/jordan/G25_RS1/RS1-Gr25/build/beer_fire_detection', 'catkin_cmake_args': None, 'catkin_skip_building_tests': False, 'cmake_args': None, 'cmake_clean_cache': False, 'cmake_clean_first': False, 'cmake_force_configure': False, 'cmake_target': None, 'cmake_target_skip_unavailable': False, 'install_base': '/home/jordan/G25_RS1/RS1-Gr25/install/beer_fire_detection', 'merge_install': False, 'path': '/home/jordan/G25_RS1/RS1-Gr25/src/beer_fire_detection', 'symlink_install': True, 'test_result_base': None}
[0.749s] INFO:colcon.colcon_core.executor:Executing jobs using 'parallel' executor
[0.750s] DEBUG:colcon.colcon_parallel_executor.executor.parallel:run_until_complete
[0.751s] INFO:colcon.colcon_ros.task.ament_python.build:Building ROS package in '/home/jordan/G25_RS1/RS1-Gr25/src/beer_fire_detection' with build type 'ament_python'
[0.751s] Level 1:colcon.colcon_core.shell:create_environment_hook('beer_fire_detection', 'ament_prefix_path')
[0.757s] INFO:colcon.colcon_core.plugin_system:Skipping extension 'colcon_core.shell.bat': Not used on non-Windows systems
[0.757s] INFO:colcon.colcon_core.shell:Creating environment hook '/home/jordan/G25_RS1/RS1-Gr25/install/beer_fire_detection/share/beer_fire_detection/hook/ament_prefix_path.ps1'
[0.761s] INFO:colcon.colcon_core.shell:Creating environment descriptor '/home/jordan/G25_RS1/RS1-Gr25/install/beer_fire_detection/share/beer_fire_detection/hook/ament_prefix_path.dsv'
[0.762s] INFO:colcon.colcon_core.shell:Creating environment hook '/home/jordan/G25_RS1/RS1-Gr25/install/beer_fire_detection/share/beer_fire_detection/hook/ament_prefix_path.sh'
[0.763s] INFO:colcon.colcon_core.shell:Skip shell extension 'powershell' for command environment: Not usable outside of PowerShell
[0.764s] DEBUG:colcon.colcon_core.shell:Skip shell extension 'dsv' for command environment
[1.205s] INFO:colcon.colcon_core.task.python.build:Building Python package in '/home/jordan/G25_RS1/RS1-Gr25/src/beer_fire_detection'
[1.206s] INFO:colcon.colcon_core.shell:Skip shell extension 'powershell' for command environment: Not usable outside of PowerShell
[1.206s] DEBUG:colcon.colcon_core.shell:Skip shell extension 'dsv' for command environment
[1.922s] DEBUG:colcon.colcon_core.task.python.build:Available setuptools commands: develop, dist_info, egg_info, bdist_egg, install_lib, upload, alias, bdist, saveopts, symlink_data, init_catalog, update_catalog, upload_docs, install_headers, setopt, build_py, sdist, install_data, install, install_scripts, register, build, rotate, build_scripts, clean, extract_messages, test, compile_catalog, build_ext, install_egg_info, bdist_dumb, bdist_rpm, easy_install, build_clib, check
[2.435s] DEBUG:colcon.colcon_core.task.python.build:Available setuptools 'develop' options: --record, --version, --force-installation-into-system-dir, --exclude-scripts, --verbose, --find-links, --local-snapshots-ok, --index-url, --quiet, --uninstall, --build-directory, --no-user-cfg, --prefix, --script-dir, --no-deps, --egg-path, --user, --help, --site-dirs, --no-find-links, --dry-run, --multi-version, --install-dir, --install-layout, --zip-ok, --upgrade, --always-copy, --always-unzip, --allow-hosts, --editable, --optimize
[2.440s] DEBUG:colcon.colcon_core.event_handler.log_command:Invoking command in '/home/jordan/G25_RS1/RS1-Gr25/build/beer_fire_detection': PYTHONPATH=/home/jordan/G25_RS1/RS1-Gr25/build/beer_fire_detection/prefix_override:/usr/lib/python3/dist-packages/colcon_core/task/python/colcon_distutils_commands:/home/jordan/G25_RS1/RS1-Gr25/install/beer_fire_detection/lib/python3.10/site-packages:${PYTHONPATH} /usr/bin/python3 -W ignore:setup.py install is deprecated -W ignore:easy_install command is deprecated setup.py develop --editable --build-directory /home/jordan/G25_RS1/RS1-Gr25/build/beer_fire_detection/build --no-deps symlink_data
[3.464s] Level 1:colcon.colcon_core.shell:create_environment_hook('beer_fire_detection', 'pythonpath_develop')
[3.465s] INFO:colcon.colcon_core.shell:Creating environment hook '/home/jordan/G25_RS1/RS1-Gr25/build/beer_fire_detection/share/beer_fire_detection/hook/pythonpath_develop.ps1'
[3.467s] DEBUG:colcon.colcon_core.event_handler.log_command:Invoked command in '/home/jordan/G25_RS1/RS1-Gr25/build/beer_fire_detection' returned '0': PYTHONPATH=/home/jordan/G25_RS1/RS1-Gr25/build/beer_fire_detection/prefix_override:/usr/lib/python3/dist-packages/colcon_core/task/python/colcon_distutils_commands:/home/jordan/G25_RS1/RS1-Gr25/install/beer_fire_detection/lib/python3.10/site-packages:${PYTHONPATH} /usr/bin/python3 -W ignore:setup.py install is deprecated -W ignore:easy_install command is deprecated setup.py develop --editable --build-directory /home/jordan/G25_RS1/RS1-Gr25/build/beer_fire_detection/build --no-deps symlink_data
[3.468s] INFO:colcon.colcon_core.shell:Creating environment descriptor '/home/jordan/G25_RS1/RS1-Gr25/build/beer_fire_detection/share/beer_fire_detection/hook/pythonpath_develop.dsv'
[3.469s] INFO:colcon.colcon_core.shell:Creating environment hook '/home/jordan/G25_RS1/RS1-Gr25/build/beer_fire_detection/share/beer_fire_detection/hook/pythonpath_develop.sh'
[3.472s] Level 1:colcon.colcon_core.environment:checking '/home/jordan/G25_RS1/RS1-Gr25/install/beer_fire_detection' for CMake module files
[3.473s] Level 1:colcon.colcon_core.environment:checking '/home/jordan/G25_RS1/RS1-Gr25/install/beer_fire_detection' for CMake config files
[3.474s] Level 1:colcon.colcon_core.environment:checking '/home/jordan/G25_RS1/RS1-Gr25/install/beer_fire_detection/lib'
[3.474s] Level 1:colcon.colcon_core.environment:checking '/home/jordan/G25_RS1/RS1-Gr25/install/beer_fire_detection/bin'
[3.474s] Level 1:colcon.colcon_core.environment:checking '/home/jordan/G25_RS1/RS1-Gr25/install/beer_fire_detection/lib/pkgconfig/beer_fire_detection.pc'
[3.475s] Level 1:colcon.colcon_core.environment:checking '/home/jordan/G25_RS1/RS1-Gr25/install/beer_fire_detection/lib/python3.10/site-packages'
[3.475s] Level 1:colcon.colcon_core.shell:create_environment_hook('beer_fire_detection', 'pythonpath')
[3.475s] INFO:colcon.colcon_core.shell:Creating environment hook '/home/jordan/G25_RS1/RS1-Gr25/install/beer_fire_detection/share/beer_fire_detection/hook/pythonpath.ps1'
[3.476s] INFO:colcon.colcon_core.shell:Creating environment descriptor '/home/jordan/G25_RS1/RS1-Gr25/install/beer_fire_detection/share/beer_fire_detection/hook/pythonpath.dsv'
[3.477s] INFO:colcon.colcon_core.shell:Creating environment hook '/home/jordan/G25_RS1/RS1-Gr25/install/beer_fire_detection/share/beer_fire_detection/hook/pythonpath.sh'
[3.479s] Level 1:colcon.colcon_core.environment:checking '/home/jordan/G25_RS1/RS1-Gr25/install/beer_fire_detection/bin'
[3.479s] Level 1:colcon.colcon_core.environment:create_environment_scripts_only(beer_fire_detection)
[3.480s] INFO:colcon.colcon_core.shell:Creating package script '/home/jordan/G25_RS1/RS1-Gr25/install/beer_fire_detection/share/beer_fire_detection/package.ps1'
[3.483s] INFO:colcon.colcon_core.shell:Creating package descriptor '/home/jordan/G25_RS1/RS1-Gr25/install/beer_fire_detection/share/beer_fire_detection/package.dsv'
[3.483s] INFO:colcon.colcon_core.shell:Creating package script '/home/jordan/G25_RS1/RS1-Gr25/install/beer_fire_detection/share/beer_fire_detection/package.sh'
[3.484s] INFO:colcon.colcon_core.shell:Creating package script '/home/jordan/G25_RS1/RS1-Gr25/install/beer_fire_detection/share/beer_fire_detection/package.bash'
[3.486s] INFO:colcon.colcon_core.shell:Creating package script '/home/jordan/G25_RS1/RS1-Gr25/install/beer_fire_detection/share/beer_fire_detection/package.zsh'
[3.487s] Level 1:colcon.colcon_core.environment:create_file_with_runtime_dependencies(/home/jordan/G25_RS1/RS1-Gr25/install/beer_fire_detection/share/colcon-core/packages/beer_fire_detection)
[3.488s] DEBUG:colcon.colcon_parallel_executor.executor.parallel:closing loop
[3.489s] DEBUG:colcon.colcon_parallel_executor.executor.parallel:loop closed
[3.489s] DEBUG:colcon.colcon_parallel_executor.executor.parallel:run_until_complete finished with '0'
[3.490s] DEBUG:colcon.colcon_core.event_reactor:joining thread
[3.500s] INFO:colcon.colcon_core.plugin_system:Skipping extension 'colcon_notification.desktop_notification.notify_send': Could not find 'notify-send'
[3.500s] INFO:colcon.colcon_core.plugin_system:Skipping extension 'colcon_notification.desktop_notification.terminal_notifier': Not used on non-Darwin systems
[3.500s] INFO:colcon.colcon_core.plugin_system:Skipping extension 'colcon_notification.desktop_notification.win32': Not used on non-Windows systems
[3.500s] INFO:colcon.colcon_notification.desktop_notification:Sending desktop notification using 'notify2'
[3.502s] DEBUG:colcon.colcon_notification.desktop_notification.notify2:Failed to initialize notify2: org.freedesktop.DBus.Error.ServiceUnknown: The name org.freedesktop.Notifications was not provided by any .service files
[3.502s] DEBUG:colcon.colcon_core.event_reactor:joined thread
[3.502s] INFO:colcon.colcon_core.shell:Creating prefix script '/home/jordan/G25_RS1/RS1-Gr25/install/local_setup.ps1'
[3.504s] INFO:colcon.colcon_core.shell:Creating prefix util module '/home/jordan/G25_RS1/RS1-Gr25/install/_local_setup_util_ps1.py'
[3.506s] INFO:colcon.colcon_core.shell:Creating prefix chain script '/home/jordan/G25_RS1/RS1-Gr25/install/setup.ps1'
[3.509s] INFO:colcon.colcon_core.shell:Creating prefix script '/home/jordan/G25_RS1/RS1-Gr25/install/local_setup.sh'
[3.511s] INFO:colcon.colcon_core.shell:Creating prefix util module '/home/jordan/G25_RS1/RS1-Gr25/install/_local_setup_util_sh.py'
[3.516s] INFO:colcon.colcon_core.shell:Creating prefix chain script '/home/jordan/G25_RS1/RS1-Gr25/install/setup.sh'
[3.520s] INFO:colcon.colcon_core.shell:Creating prefix script '/home/jordan/G25_RS1/RS1-Gr25/install/local_setup.bash'
[3.522s] INFO:colcon.colcon_core.shell:Creating prefix chain script '/home/jordan/G25_RS1/RS1-Gr25/install/setup.bash'
[3.525s] INFO:colcon.colcon_core.shell:Creating prefix script '/home/jordan/G25_RS1/RS1-Gr25/install/local_setup.zsh'
[3.527s] INFO:colcon.colcon_core.shell:Creating prefix chain script '/home/jordan/G25_RS1/RS1-Gr25/install/setup.zsh'
