[1.825s] Invoking command in '/home/jordan/G25_RS1/RS1-Gr25/build/beer_fire_detection': PYTHONPATH=/home/jordan/G25_RS1/RS1-Gr25/build/beer_fire_detection/prefix_override:/usr/lib/python3/dist-packages/colcon_core/task/python/colcon_distutils_commands:/home/jordan/G25_RS1/RS1-Gr25/install/beer_fire_detection/lib/python3.10/site-packages:${PYTHONPATH} /usr/bin/python3 -W ignore:setup.py install is deprecated -W ignore:easy_install command is deprecated setup.py develop --editable --build-directory /home/jordan/G25_RS1/RS1-Gr25/build/beer_fire_detection/build --no-deps symlink_data
[2.351s] running develop
[2.720s] running egg_info
[2.720s] creating beer_fire_detection.egg-info
[2.720s] writing beer_fire_detection.egg-info/PKG-INFO
[2.721s] writing dependency_links to beer_fire_detection.egg-info/dependency_links.txt
[2.722s] writing entry points to beer_fire_detection.egg-info/entry_points.txt
[2.722s] writing requirements to beer_fire_detection.egg-info/requires.txt
[2.723s] writing top-level names to beer_fire_detection.egg-info/top_level.txt
[2.723s] writing manifest file 'beer_fire_detection.egg-info/SOURCES.txt'
[2.725s] reading manifest file 'beer_fire_detection.egg-info/SOURCES.txt'
[2.725s] writing manifest file 'beer_fire_detection.egg-info/SOURCES.txt'
[2.728s] running build_ext
[2.728s] Creating /home/jordan/G25_RS1/RS1-Gr25/install/beer_fire_detection/lib/python3.10/site-packages/beer-fire-detection.egg-link (link to .)
[2.729s] Installing fire_detector script to /home/jordan/G25_RS1/RS1-Gr25/install/beer_fire_detection/bin
[2.731s] Installing synthetic_thermal_demo script to /home/jordan/G25_RS1/RS1-Gr25/install/beer_fire_detection/bin
[2.732s] 
[2.732s] Installed /home/jordan/G25_RS1/RS1-Gr25/build/beer_fire_detection
[2.733s] running symlink_data
[2.733s] creating /home/jordan/G25_RS1/RS1-Gr25/install/beer_fire_detection/share
[2.733s] creating /home/jordan/G25_RS1/RS1-Gr25/install/beer_fire_detection/share/ament_index
[2.734s] creating /home/jordan/G25_RS1/RS1-Gr25/install/beer_fire_detection/share/ament_index/resource_index
[2.739s] creating /home/jordan/G25_RS1/RS1-Gr25/install/beer_fire_detection/share/ament_index/resource_index/packages
[2.740s] symbolically linking /home/jordan/G25_RS1/RS1-Gr25/build/beer_fire_detection/resource/beer_fire_detection -> /home/jordan/G25_RS1/RS1-Gr25/install/beer_fire_detection/share/ament_index/resource_index/packages
[2.740s] creating /home/jordan/G25_RS1/RS1-Gr25/install/beer_fire_detection/share/beer_fire_detection
[2.741s] symbolically linking /home/jordan/G25_RS1/RS1-Gr25/build/beer_fire_detection/package.xml -> /home/jordan/G25_RS1/RS1-Gr25/install/beer_fire_detection/share/beer_fire_detection
[2.787s] Invoked command in '/home/jordan/G25_RS1/RS1-Gr25/build/beer_fire_detection' returned '0': PYTHONPATH=/home/jordan/G25_RS1/RS1-Gr25/build/beer_fire_detection/prefix_override:/usr/lib/python3/dist-packages/colcon_core/task/python/colcon_distutils_commands:/home/jordan/G25_RS1/RS1-Gr25/install/beer_fire_detection/lib/python3.10/site-packages:${PYTHONPATH} /usr/bin/python3 -W ignore:setup.py install is deprecated -W ignore:easy_install command is deprecated setup.py develop --editable --build-directory /home/jordan/G25_RS1/RS1-Gr25/build/beer_fire_detection/build --no-deps symlink_data
