[0.000000] (-) TimerEvent: {}
[0.000466] (beer_fire_detection) JobQueued: {'identifier': 'beer_fire_detection', 'dependencies': OrderedDict()}
[0.001273] (41068_ignition_bringup) JobQueued: {'identifier': '41068_ignition_bringup', 'dependencies': OrderedDict([('beer_fire_detection', '/home/jordan/G25_RS1/RS1-Gr25/install/beer_fire_detection')])}
[0.002039] (beer_fire_detection) JobStarted: {'identifier': 'beer_fire_detection'}
[0.097599] (-) TimerEvent: {}
[0.198035] (-) TimerEvent: {}
[0.298571] (-) TimerEvent: {}
[0.398930] (-) TimerEvent: {}
[0.499629] (-) TimerEvent: {}
[0.600256] (-) TimerEvent: {}
[0.700706] (-) TimerEvent: {}
[0.801187] (-) TimerEvent: {}
[0.901995] (-) TimerEvent: {}
[1.002501] (-) TimerEvent: {}
[1.102818] (-) TimerEvent: {}
[1.203261] (-) TimerEvent: {}
[1.303550] (-) TimerEvent: {}
[1.404064] (-) TimerEvent: {}
[1.504844] (-) TimerEvent: {}
[1.605137] (-) TimerEvent: {}
[1.608194] (beer_fire_detection) Command: {'cmd': ['/usr/bin/python3', '-W', 'ignore:setup.py install is deprecated', '-W', 'ignore:easy_install command is deprecated', 'setup.py', 'develop', '--editable', '--build-directory', '/home/jordan/G25_RS1/RS1-Gr25/build/beer_fire_detection/build', '--no-deps'], 'cwd': '/home/jordan/G25_RS1/RS1-Gr25/build/beer_fire_detection', 'env': {'LESSOPEN': '| /usr/bin/lesspipe %s', 'VSCODE_CWD': '/mnt/c/Users/jorda/AppData/Local/Programs/cursor', 'VSCODE_ESM_ENTRYPOINT': 'vs/workbench/api/node/extensionHostProcess', 'GZ_SIM_RESOURCE_PATH': '/opt/ros/humble/share', 'USER': 'jordan', 'VSCODE_NLS_CONFIG': '{"userLocale":"en","osLocale":"en","resolvedLanguage":"en","defaultMessagesFile":"/home/jordan/.cursor-server/bin/2ba48ff3f7514cc4643c52ca9f7b3173d9b66130/out/nls.messages.json","locale":"en","availableLanguages":{}}', 'VSCODE_HANDLES_UNCAUGHT_ERRORS': 'true', 'CURSOR_RIPGREP_PATH': '/home/jordan/.cursor-server/bin/2ba48ff3f7514cc4643c52ca9f7b3173d9b66130/node_modules/@vscode/ripgrep/bin/rg', 'SHLVL': '1', 'LD_LIBRARY_PATH': '/opt/ros/humble/opt/rviz_ogre_vendor/lib:/opt/ros/humble/lib/x86_64-linux-gnu:/opt/ros/humble/lib', 'HOME': '/home/jordan', 'OLDPWD': '/home/jordan/G25_RS1/RS1-Gr25', 'VSCODE_IPC_HOOK_CLI': '/run/user/1000/vscode-ipc-3517d1ba-6dd6-4d1e-86cb-c9e8c4fca531.sock', 'ROS_PYTHON_VERSION': '3', 'NO_COLOR': '1', 'DBUS_SESSION_BUS_ADDRESS': 'unix:path=/run/user/1000/bus', 'WSL_DISTRO_NAME': 'Ubuntu-22.04', 'WAYLAND_DISPLAY': 'wayland-0', 'VSCODE_L10N_BUNDLE_LOCATION': '', 'COLCON_PREFIX_PATH': '/home/jordan/G25_RS1/RS1-Gr25/install', 'ROS_DISTRO': 'humble', 'OVSX_REGISTRY_URL': 'https://open-vsx.org', 'LOGNAME': 'jordan', 'FORCE_COLOR': '0', 'NAME': 'DESKTOP-RC39RBI', 'WSL_INTEROP': '/run/WSL/338_interop', 'VSCODE_HANDLES_SIGPIPE': 'true', 'PULSE_SERVER': 'unix:/mnt/wslg/PulseServer', '_': '/usr/bin/colcon', 'ROS_VERSION': '2', 'CURSOR_LAYOUT': 'unifiedAgent', 'TERM': 'dumb', 'LIBGL_ALWAYS_INDIRECT': '1', 'ROS_LOCALHOST_ONLY': '1', 'PATH': '/opt/ros/humble/bin:/home/jordan/.cursor-server/bin/2ba48ff3f7514cc4643c52ca9f7b3173d9b66130/node_modules/@vscode/ripgrep/bin:/home/jordan/.cursor-server/bin/2ba48ff3f7514cc4643c52ca9f7b3173d9b66130/bin/remote-cli:/home/jordan/.cursor-server/bin/2ba48ff3f7514cc4643c52ca9f7b3173d9b66130/bin/remote-cli:/usr/local/sbin:/usr/local/bin:/usr/sbin:/usr/bin:/sbin:/bin:/usr/games:/usr/local/games:/usr/lib/wsl/lib:/snap/bin:/mnt/c/Users/jorda/AppData/Local/Programs/cursor/resources/app/bin:/mnt/c/Users/jorda/AppData/Local/Programs/Microsoft VS Code/bin', 'XDG_RUNTIME_DIR': '/run/user/1000', 'AGENT_TRANSCRIPTS': '/home/jordan/.cursor/projects/home-jordan-G25-RS1-RS1-Gr25-src-41068-ignition-bringup-v1-41068-ignition-bringup/agent-transcripts', 'CURSOR_AGENT': '1', 'DISPLAY': '172.22.192.1:0', 'LANG': 'C.UTF-8', 'LS_COLORS': '', 'AMENT_PREFIX_PATH': '/home/jordan/G25_RS1/RS1-Gr25/install/41068_ignition_bringup:/opt/ros/humble', 'SHELL': '/bin/bash', 'LESSCLOSE': '/usr/bin/lesspipe %s %s', 'PWD': '/home/jordan/G25_RS1/RS1-Gr25/build/beer_fire_detection', 'XDG_DATA_DIRS': '/usr/local/share:/usr/share:/var/lib/snapd/desktop', 'CURSOR_CONVERSATION_ID': 'f28fa931-f336-492e-badd-97c05ee7ac06', 'PYTHONPATH': '/home/jordan/G25_RS1/RS1-Gr25/build/beer_fire_detection/prefix_override:/usr/lib/python3/dist-packages/colcon_core/task/python/colcon_distutils_commands:/home/jordan/G25_RS1/RS1-Gr25/install/beer_fire_detection/lib/python3.10/site-packages:/home/jordan/G25_RS1/RS1-Gr25/install/41068_ignition_bringup/local/lib/python3.10/dist-packages:/opt/ros/humble/lib/python3.10/site-packages:/opt/ros/humble/local/lib/python3.10/dist-packages', 'COLCON': '1', '__CURSOR_SANDBOX_ENV_RESTORE': "builtin unset CURSOR_CONVERSATION_ID CURSOR_AGENT_STORE_FILES_DIR CURSOR_AGENT_STORE_SHARED_PATHS 2>/dev/null || true; builtin export CURSOR_CONVERSATION_ID='f28fa931-f336-492e-badd-97c05ee7ac06'", '_ZO_DOCTOR': '0', 'WSL2_GUI_APPS_ENABLED': '1', 'HOSTTYPE': 'x86_64', 'CMAKE_PREFIX_PATH': '/home/jordan/G25_RS1/RS1-Gr25/install/41068_ignition_bringup', 'WSLENV': ''}, 'shell': False}
[1.705292] (-) TimerEvent: {}
[1.805972] (-) TimerEvent: {}
[1.906274] (-) TimerEvent: {}
[1.980709] (beer_fire_detection) StdoutLine: {'line': b'running develop\n'}
[2.006454] (-) TimerEvent: {}
[2.106746] (-) TimerEvent: {}
[2.207111] (-) TimerEvent: {}
[2.244004] (beer_fire_detection) StdoutLine: {'line': b'running egg_info\n'}
[2.244223] (beer_fire_detection) StdoutLine: {'line': b'creating beer_fire_detection.egg-info\n'}
[2.244649] (beer_fire_detection) StdoutLine: {'line': b'writing beer_fire_detection.egg-info/PKG-INFO\n'}
[2.245041] (beer_fire_detection) StdoutLine: {'line': b'writing dependency_links to beer_fire_detection.egg-info/dependency_links.txt\n'}
[2.247489] (beer_fire_detection) StdoutLine: {'line': b'writing entry points to beer_fire_detection.egg-info/entry_points.txt\n'}
[2.248193] (beer_fire_detection) StdoutLine: {'line': b'writing requirements to beer_fire_detection.egg-info/requires.txt\n'}
[2.248393] (beer_fire_detection) StdoutLine: {'line': b'writing top-level names to beer_fire_detection.egg-info/top_level.txt\n'}
[2.248822] (beer_fire_detection) StdoutLine: {'line': b"writing manifest file 'beer_fire_detection.egg-info/SOURCES.txt'\n"}
[2.251483] (beer_fire_detection) StdoutLine: {'line': b"reading manifest file 'beer_fire_detection.egg-info/SOURCES.txt'\n"}
[2.252736] (beer_fire_detection) StdoutLine: {'line': b"writing manifest file 'beer_fire_detection.egg-info/SOURCES.txt'\n"}
[2.254611] (beer_fire_detection) StdoutLine: {'line': b'running build_ext\n'}
[2.255166] (beer_fire_detection) StdoutLine: {'line': b'Creating /home/jordan/G25_RS1/RS1-Gr25/install/beer_fire_detection/lib/python3.10/site-packages/beer-fire-detection.egg-link (link to .)\n'}
[2.255836] (beer_fire_detection) StdoutLine: {'line': b'Installing fire_detector script to /home/jordan/G25_RS1/RS1-Gr25/install/beer_fire_detection/bin\n'}
[2.256525] (beer_fire_detection) StdoutLine: {'line': b'Installing synthetic_thermal_demo script to /home/jordan/G25_RS1/RS1-Gr25/install/beer_fire_detection/bin\n'}
[2.256827] (beer_fire_detection) StdoutLine: {'line': b'\n'}
[2.257036] (beer_fire_detection) StdoutLine: {'line': b'Installed /home/jordan/G25_RS1/RS1-Gr25/build/beer_fire_detection\n'}
[2.289351] (beer_fire_detection) CommandEnded: {'returncode': 0}
[2.307454] (-) TimerEvent: {}
[2.320905] (beer_fire_detection) JobEnded: {'identifier': 'beer_fire_detection', 'rc': 0}
[2.322378] (41068_ignition_bringup) JobStarted: {'identifier': '41068_ignition_bringup'}
[2.339560] (41068_ignition_bringup) JobProgress: {'identifier': '41068_ignition_bringup', 'progress': 'cmake'}
[2.340357] (41068_ignition_bringup) JobProgress: {'identifier': '41068_ignition_bringup', 'progress': 'build'}
[2.341990] (41068_ignition_bringup) Command: {'cmd': ['/usr/bin/cmake', '--build', '/home/jordan/G25_RS1/RS1-Gr25/build/41068_ignition_bringup', '--', '-j6', '-l6'], 'cwd': '/home/jordan/G25_RS1/RS1-Gr25/build/41068_ignition_bringup', 'env': OrderedDict([('LESSOPEN', '| /usr/bin/lesspipe %s'), ('VSCODE_CWD', '/mnt/c/Users/jorda/AppData/Local/Programs/cursor'), ('VSCODE_ESM_ENTRYPOINT', 'vs/workbench/api/node/extensionHostProcess'), ('GZ_SIM_RESOURCE_PATH', '/opt/ros/humble/share'), ('USER', 'jordan'), ('VSCODE_NLS_CONFIG', '{"userLocale":"en","osLocale":"en","resolvedLanguage":"en","defaultMessagesFile":"/home/jordan/.cursor-server/bin/2ba48ff3f7514cc4643c52ca9f7b3173d9b66130/out/nls.messages.json","locale":"en","availableLanguages":{}}'), ('VSCODE_HANDLES_UNCAUGHT_ERRORS', 'true'), ('CURSOR_RIPGREP_PATH', '/home/jordan/.cursor-server/bin/2ba48ff3f7514cc4643c52ca9f7b3173d9b66130/node_modules/@vscode/ripgrep/bin/rg'), ('SHLVL', '1'), ('LD_LIBRARY_PATH', '/opt/ros/humble/opt/rviz_ogre_vendor/lib:/opt/ros/humble/lib/x86_64-linux-gnu:/opt/ros/humble/lib'), ('HOME', '/home/jordan'), ('OLDPWD', '/home/jordan/G25_RS1/RS1-Gr25'), ('VSCODE_IPC_HOOK_CLI', '/run/user/1000/vscode-ipc-3517d1ba-6dd6-4d1e-86cb-c9e8c4fca531.sock'), ('ROS_PYTHON_VERSION', '3'), ('NO_COLOR', '1'), ('DBUS_SESSION_BUS_ADDRESS', 'unix:path=/run/user/1000/bus'), ('WSL_DISTRO_NAME', 'Ubuntu-22.04'), ('WAYLAND_DISPLAY', 'wayland-0'), ('VSCODE_L10N_BUNDLE_LOCATION', ''), ('COLCON_PREFIX_PATH', '/home/jordan/G25_RS1/RS1-Gr25/install'), ('ROS_DISTRO', 'humble'), ('OVSX_REGISTRY_URL', 'https://open-vsx.org'), ('LOGNAME', 'jordan'), ('FORCE_COLOR', '0'), ('NAME', 'DESKTOP-RC39RBI'), ('WSL_INTEROP', '/run/WSL/338_interop'), ('VSCODE_HANDLES_SIGPIPE', 'true'), ('PULSE_SERVER', 'unix:/mnt/wslg/PulseServer'), ('_', '/usr/bin/colcon'), ('ROS_VERSION', '2'), ('CURSOR_LAYOUT', 'unifiedAgent'), ('TERM', 'dumb'), ('LIBGL_ALWAYS_INDIRECT', '1'), ('ROS_LOCALHOST_ONLY', '1'), ('PATH', '/home/jordan/G25_RS1/RS1-Gr25/install/beer_fire_detection/bin:/opt/ros/humble/bin:/home/jordan/.cursor-server/bin/2ba48ff3f7514cc4643c52ca9f7b3173d9b66130/node_modules/@vscode/ripgrep/bin:/home/jordan/.cursor-server/bin/2ba48ff3f7514cc4643c52ca9f7b3173d9b66130/bin/remote-cli:/home/jordan/.cursor-server/bin/2ba48ff3f7514cc4643c52ca9f7b3173d9b66130/bin/remote-cli:/usr/local/sbin:/usr/local/bin:/usr/sbin:/usr/bin:/sbin:/bin:/usr/games:/usr/local/games:/usr/lib/wsl/lib:/snap/bin:/mnt/c/Users/jorda/AppData/Local/Programs/cursor/resources/app/bin:/mnt/c/Users/jorda/AppData/Local/Programs/Microsoft VS Code/bin'), ('XDG_RUNTIME_DIR', '/run/user/1000'), ('AGENT_TRANSCRIPTS', '/home/jordan/.cursor/projects/home-jordan-G25-RS1-RS1-Gr25-src-41068-ignition-bringup-v1-41068-ignition-bringup/agent-transcripts'), ('CURSOR_AGENT', '1'), ('DISPLAY', '172.22.192.1:0'), ('LANG', 'C.UTF-8'), ('LS_COLORS', ''), ('AMENT_PREFIX_PATH', '/home/jordan/G25_RS1/RS1-Gr25/install/41068_ignition_bringup:/opt/ros/humble'), ('SHELL', '/bin/bash'), ('LESSCLOSE', '/usr/bin/lesspipe %s %s'), ('PWD', '/home/jordan/G25_RS1/RS1-Gr25/build/41068_ignition_bringup'), ('XDG_DATA_DIRS', '/usr/local/share:/usr/share:/var/lib/snapd/desktop'), ('CURSOR_CONVERSATION_ID', 'f28fa931-f336-492e-badd-97c05ee7ac06'), ('PYTHONPATH', '/home/jordan/G25_RS1/RS1-Gr25/build/beer_fire_detection:/home/jordan/G25_RS1/RS1-Gr25/install/beer_fire_detection/lib/python3.10/site-packages:/home/jordan/G25_RS1/RS1-Gr25/install/41068_ignition_bringup/local/lib/python3.10/dist-packages:/opt/ros/humble/lib/python3.10/site-packages:/opt/ros/humble/local/lib/python3.10/dist-packages'), ('COLCON', '1'), ('__CURSOR_SANDBOX_ENV_RESTORE', "builtin unset CURSOR_CONVERSATION_ID CURSOR_AGENT_STORE_FILES_DIR CURSOR_AGENT_STORE_SHARED_PATHS 2>/dev/null || true; builtin export CURSOR_CONVERSATION_ID='f28fa931-f336-492e-badd-97c05ee7ac06'"), ('_ZO_DOCTOR', '0'), ('WSL2_GUI_APPS_ENABLED', '1'), ('HOSTTYPE', 'x86_64'), ('CMAKE_PREFIX_PATH', '/home/jordan/G25_RS1/RS1-Gr25/install/41068_ignition_bringup:/opt/ros/humble'), ('WSLENV', '')]), 'shell': False}
[2.407714] (-) TimerEvent: {}
[2.447183] (41068_ignition_bringup) StdoutLine: {'line': b'-- Found ament_cmake: 1.3.14 (/opt/ros/humble/share/ament_cmake/cmake)\n'}
[2.507908] (-) TimerEvent: {}
[2.608190] (-) TimerEvent: {}
[2.651432] (41068_ignition_bringup) StdoutLine: {'line': b'-- Override CMake install command with custom implementation using symlinks instead of copying resources\n'}
[2.675335] (41068_ignition_bringup) StdoutLine: {'line': b'-- Found ros_ign_interfaces: 0.244.25 (/opt/ros/humble/share/ros_ign_interfaces/cmake)\n'}
[2.708352] (-) TimerEvent: {}
[2.733667] (41068_ignition_bringup) StdoutLine: {'line': b'-- Found rosidl_generator_c: 3.1.9 (/opt/ros/humble/share/rosidl_generator_c/cmake)\n'}
[2.738762] (41068_ignition_bringup) StdoutLine: {'line': b'-- Found rosidl_adapter: 3.1.9 (/opt/ros/humble/share/rosidl_adapter/cmake)\n'}
[2.753180] (41068_ignition_bringup) StdoutLine: {'line': b'-- Found rosidl_generator_cpp: 3.1.9 (/opt/ros/humble/share/rosidl_generator_cpp/cmake)\n'}
[2.779485] (41068_ignition_bringup) StdoutLine: {'line': b'-- Using all available rosidl_typesupport_c: rosidl_typesupport_fastrtps_c;rosidl_typesupport_introspection_c\n'}
[2.805539] (41068_ignition_bringup) StdoutLine: {'line': b'-- Using all available rosidl_typesupport_cpp: rosidl_typesupport_fastrtps_cpp;rosidl_typesupport_introspection_cpp\n'}
[2.808501] (-) TimerEvent: {}
[2.908961] (-) TimerEvent: {}
[3.009326] (-) TimerEvent: {}
[3.062066] (41068_ignition_bringup) StderrLine: {'line': b'WARNING: Package name "41068_ignition_bringup" does not follow the naming conventions. It should start with a lower case letter and only contain lower case letters, digits, underscores, and dashes.\n'}
[3.077875] (41068_ignition_bringup) StdoutLine: {'line': b'-- Found ament_lint_auto: 0.12.15 (/opt/ros/humble/share/ament_lint_auto/cmake)\n'}
[3.109573] (-) TimerEvent: {}
[3.173700] (41068_ignition_bringup) StderrLine: {'line': b'WARNING: Package name "41068_ignition_bringup" does not follow the naming conventions. It should start with a lower case letter and only contain lower case letters, digits, underscores, and dashes.\n'}
[3.209407] (41068_ignition_bringup) StdoutLine: {'line': b"-- Added test 'copyright' to check source files copyright and LICENSE\n"}
[3.209667] (-) TimerEvent: {}
[3.229394] (41068_ignition_bringup) StdoutLine: {'line': b"-- Added test 'flake8' to check Python code syntax and style conventions\n"}
[3.232599] (41068_ignition_bringup) StdoutLine: {'line': b"-- Added test 'lint_cmake' to check CMake code style\n"}
[3.235285] (41068_ignition_bringup) StdoutLine: {'line': b"-- Added test 'pep257' to check Python code against some of the docstring style conventions in PEP 257\n"}
[3.251397] (41068_ignition_bringup) StdoutLine: {'line': b"-- Added test 'xmllint' to check XML markup files\n"}
[3.272838] (41068_ignition_bringup) StdoutLine: {'line': b'-- Configuring done\n'}
[3.309817] (-) TimerEvent: {}
[3.403301] (41068_ignition_bringup) StdoutLine: {'line': b'-- Generating done\n'}
[3.410012] (-) TimerEvent: {}
[3.412681] (41068_ignition_bringup) StdoutLine: {'line': b'-- Build files have been written to: /home/jordan/G25_RS1/RS1-Gr25/build/41068_ignition_bringup\n'}
[3.467042] (41068_ignition_bringup) StdoutLine: {'line': b'Built target ament_cmake_python_symlink_rs1_nav\n'}
[3.510123] (-) TimerEvent: {}
[3.610392] (-) TimerEvent: {}
[3.710667] (-) TimerEvent: {}
[3.769455] (41068_ignition_bringup) StdoutLine: {'line': b'running egg_info\n'}
[3.770638] (41068_ignition_bringup) StdoutLine: {'line': b'writing rs1_nav.egg-info/PKG-INFO\n'}
[3.771211] (41068_ignition_bringup) StdoutLine: {'line': b'writing dependency_links to rs1_nav.egg-info/dependency_links.txt\n'}
[3.771560] (41068_ignition_bringup) StdoutLine: {'line': b'writing top-level names to rs1_nav.egg-info/top_level.txt\n'}
[3.774104] (41068_ignition_bringup) StdoutLine: {'line': b"reading manifest file 'rs1_nav.egg-info/SOURCES.txt'\n"}
[3.774779] (41068_ignition_bringup) StdoutLine: {'line': b"writing manifest file 'rs1_nav.egg-info/SOURCES.txt'\n"}
[3.806589] (41068_ignition_bringup) StdoutLine: {'line': b'Built target ament_cmake_python_build_rs1_nav_egg\n'}
[3.810837] (-) TimerEvent: {}
[3.817098] (41068_ignition_bringup) CommandEnded: {'returncode': 0}
[3.819848] (41068_ignition_bringup) JobProgress: {'identifier': '41068_ignition_bringup', 'progress': 'install'}
[3.829041] (41068_ignition_bringup) Command: {'cmd': ['/usr/bin/cmake', '--install', '/home/jordan/G25_RS1/RS1-Gr25/build/41068_ignition_bringup'], 'cwd': '/home/jordan/G25_RS1/RS1-Gr25/build/41068_ignition_bringup', 'env': OrderedDict([('LESSOPEN', '| /usr/bin/lesspipe %s'), ('VSCODE_CWD', '/mnt/c/Users/jorda/AppData/Local/Programs/cursor'), ('VSCODE_ESM_ENTRYPOINT', 'vs/workbench/api/node/extensionHostProcess'), ('GZ_SIM_RESOURCE_PATH', '/opt/ros/humble/share'), ('USER', 'jordan'), ('VSCODE_NLS_CONFIG', '{"userLocale":"en","osLocale":"en","resolvedLanguage":"en","defaultMessagesFile":"/home/jordan/.cursor-server/bin/2ba48ff3f7514cc4643c52ca9f7b3173d9b66130/out/nls.messages.json","locale":"en","availableLanguages":{}}'), ('VSCODE_HANDLES_UNCAUGHT_ERRORS', 'true'), ('CURSOR_RIPGREP_PATH', '/home/jordan/.cursor-server/bin/2ba48ff3f7514cc4643c52ca9f7b3173d9b66130/node_modules/@vscode/ripgrep/bin/rg'), ('SHLVL', '1'), ('LD_LIBRARY_PATH', '/opt/ros/humble/opt/rviz_ogre_vendor/lib:/opt/ros/humble/lib/x86_64-linux-gnu:/opt/ros/humble/lib'), ('HOME', '/home/jordan'), ('OLDPWD', '/home/jordan/G25_RS1/RS1-Gr25'), ('VSCODE_IPC_HOOK_CLI', '/run/user/1000/vscode-ipc-3517d1ba-6dd6-4d1e-86cb-c9e8c4fca531.sock'), ('ROS_PYTHON_VERSION', '3'), ('NO_COLOR', '1'), ('DBUS_SESSION_BUS_ADDRESS', 'unix:path=/run/user/1000/bus'), ('WSL_DISTRO_NAME', 'Ubuntu-22.04'), ('WAYLAND_DISPLAY', 'wayland-0'), ('VSCODE_L10N_BUNDLE_LOCATION', ''), ('COLCON_PREFIX_PATH', '/home/jordan/G25_RS1/RS1-Gr25/install'), ('ROS_DISTRO', 'humble'), ('OVSX_REGISTRY_URL', 'https://open-vsx.org'), ('LOGNAME', 'jordan'), ('FORCE_COLOR', '0'), ('NAME', 'DESKTOP-RC39RBI'), ('WSL_INTEROP', '/run/WSL/338_interop'), ('VSCODE_HANDLES_SIGPIPE', 'true'), ('PULSE_SERVER', 'unix:/mnt/wslg/PulseServer'), ('_', '/usr/bin/colcon'), ('ROS_VERSION', '2'), ('CURSOR_LAYOUT', 'unifiedAgent'), ('TERM', 'dumb'), ('LIBGL_ALWAYS_INDIRECT', '1'), ('ROS_LOCALHOST_ONLY', '1'), ('PATH', '/home/jordan/G25_RS1/RS1-Gr25/install/beer_fire_detection/bin:/opt/ros/humble/bin:/home/jordan/.cursor-server/bin/2ba48ff3f7514cc4643c52ca9f7b3173d9b66130/node_modules/@vscode/ripgrep/bin:/home/jordan/.cursor-server/bin/2ba48ff3f7514cc4643c52ca9f7b3173d9b66130/bin/remote-cli:/home/jordan/.cursor-server/bin/2ba48ff3f7514cc4643c52ca9f7b3173d9b66130/bin/remote-cli:/usr/local/sbin:/usr/local/bin:/usr/sbin:/usr/bin:/sbin:/bin:/usr/games:/usr/local/games:/usr/lib/wsl/lib:/snap/bin:/mnt/c/Users/jorda/AppData/Local/Programs/cursor/resources/app/bin:/mnt/c/Users/jorda/AppData/Local/Programs/Microsoft VS Code/bin'), ('XDG_RUNTIME_DIR', '/run/user/1000'), ('AGENT_TRANSCRIPTS', '/home/jordan/.cursor/projects/home-jordan-G25-RS1-RS1-Gr25-src-41068-ignition-bringup-v1-41068-ignition-bringup/agent-transcripts'), ('CURSOR_AGENT', '1'), ('DISPLAY', '172.22.192.1:0'), ('LANG', 'C.UTF-8'), ('LS_COLORS', ''), ('AMENT_PREFIX_PATH', '/home/jordan/G25_RS1/RS1-Gr25/install/41068_ignition_bringup:/opt/ros/humble'), ('SHELL', '/bin/bash'), ('LESSCLOSE', '/usr/bin/lesspipe %s %s'), ('PWD', '/home/jordan/G25_RS1/RS1-Gr25/build/41068_ignition_bringup'), ('XDG_DATA_DIRS', '/usr/local/share:/usr/share:/var/lib/snapd/desktop'), ('CURSOR_CONVERSATION_ID', 'f28fa931-f336-492e-badd-97c05ee7ac06'), ('PYTHONPATH', '/home/jordan/G25_RS1/RS1-Gr25/build/beer_fire_detection:/home/jordan/G25_RS1/RS1-Gr25/install/beer_fire_detection/lib/python3.10/site-packages:/home/jordan/G25_RS1/RS1-Gr25/install/41068_ignition_bringup/local/lib/python3.10/dist-packages:/opt/ros/humble/lib/python3.10/site-packages:/opt/ros/humble/local/lib/python3.10/dist-packages'), ('COLCON', '1'), ('__CURSOR_SANDBOX_ENV_RESTORE', "builtin unset CURSOR_CONVERSATION_ID CURSOR_AGENT_STORE_FILES_DIR CURSOR_AGENT_STORE_SHARED_PATHS 2>/dev/null || true; builtin export CURSOR_CONVERSATION_ID='f28fa931-f336-492e-badd-97c05ee7ac06'"), ('_ZO_DOCTOR', '0'), ('WSL2_GUI_APPS_ENABLED', '1'), ('HOSTTYPE', 'x86_64'), ('CMAKE_PREFIX_PATH', '/home/jordan/G25_RS1/RS1-Gr25/install/41068_ignition_bringup:/opt/ros/humble'), ('WSLENV', '')]), 'shell': False}
[3.839457] (41068_ignition_bringup) StdoutLine: {'line': b'-- Install configuration: ""\n'}
[3.841657] (41068_ignition_bringup) StdoutLine: {'line': b'-- Execute custom install script\n'}
[3.843487] (41068_ignition_bringup) StdoutLine: {'line': b'-- Up-to-date symlink: /home/jordan/G25_RS1/RS1-Gr25/install/41068_ignition_bringup/share/41068_ignition_bringup/config/41068.rviz\n'}
[3.844877] (41068_ignition_bringup) StdoutLine: {'line': b'-- Up-to-date symlink: /home/jordan/G25_RS1/RS1-Gr25/install/41068_ignition_bringup/share/41068_ignition_bringup/config/41068_husky1.rviz\n'}
[3.845560] (41068_ignition_bringup) StdoutLine: {'line': b'-- Up-to-date symlink: /home/jordan/G25_RS1/RS1-Gr25/install/41068_ignition_bringup/share/41068_ignition_bringup/config/41068_parrot1.rviz\n'}
[3.845869] (41068_ignition_bringup) StdoutLine: {'line': b'-- Up-to-date symlink: /home/jordan/G25_RS1/RS1-Gr25/install/41068_ignition_bringup/share/41068_ignition_bringup/config/gazebo_bridge_clock.yaml\n'}
[3.847095] (41068_ignition_bringup) StdoutLine: {'line': b'-- Up-to-date symlink: /home/jordan/G25_RS1/RS1-Gr25/install/41068_ignition_bringup/share/41068_ignition_bringup/config/gazebo_bridge_husky.yaml\n'}
[3.848564] (41068_ignition_bringup) StdoutLine: {'line': b'-- Up-to-date symlink: /home/jordan/G25_RS1/RS1-Gr25/install/41068_ignition_bringup/share/41068_ignition_bringup/config/gazebo_bridge_husky1.yaml\n'}
[3.848807] (41068_ignition_bringup) StdoutLine: {'line': b'-- Up-to-date symlink: /home/jordan/G25_RS1/RS1-Gr25/install/41068_ignition_bringup/share/41068_ignition_bringup/config/gazebo_bridge_parrot.yaml\n'}
[3.849506] (41068_ignition_bringup) StdoutLine: {'line': b'-- Up-to-date symlink: /home/jordan/G25_RS1/RS1-Gr25/install/41068_ignition_bringup/share/41068_ignition_bringup/config/gazebo_bridge_parrot1.yaml\n'}
[3.850795] (41068_ignition_bringup) StdoutLine: {'line': b'-- Up-to-date symlink: /home/jordan/G25_RS1/RS1-Gr25/install/41068_ignition_bringup/share/41068_ignition_bringup/config/ignition_server.config\n'}
[3.852641] (41068_ignition_bringup) StdoutLine: {'line': b'-- Up-to-date symlink: /home/jordan/G25_RS1/RS1-Gr25/install/41068_ignition_bringup/share/41068_ignition_bringup/config/nav2_params.yaml\n'}
[3.853036] (41068_ignition_bringup) StdoutLine: {'line': b'-- Up-to-date symlink: /home/jordan/G25_RS1/RS1-Gr25/install/41068_ignition_bringup/share/41068_ignition_bringup/config/nav2_params_husky1.yaml\n'}
[3.853204] (41068_ignition_bringup) StdoutLine: {'line': b'-- Up-to-date symlink: /home/jordan/G25_RS1/RS1-Gr25/install/41068_ignition_bringup/share/41068_ignition_bringup/config/nav2_params_parrot1.yaml\n'}
[3.853367] (41068_ignition_bringup) StdoutLine: {'line': b'-- Up-to-date symlink: /home/jordan/G25_RS1/RS1-Gr25/install/41068_ignition_bringup/share/41068_ignition_bringup/config/robot_localization.yaml\n'}
[3.853686] (41068_ignition_bringup) StdoutLine: {'line': b'-- Up-to-date symlink: /home/jordan/G25_RS1/RS1-Gr25/install/41068_ignition_bringup/share/41068_ignition_bringup/config/robot_localization_husky1.yaml\n'}
[3.854169] (41068_ignition_bringup) StdoutLine: {'line': b'-- Up-to-date symlink: /home/jordan/G25_RS1/RS1-Gr25/install/41068_ignition_bringup/share/41068_ignition_bringup/config/robot_localization_parrot1.yaml\n'}
[3.854551] (41068_ignition_bringup) StdoutLine: {'line': b'-- Up-to-date symlink: /home/jordan/G25_RS1/RS1-Gr25/install/41068_ignition_bringup/share/41068_ignition_bringup/config/slam_params.yaml\n'}
[3.854918] (41068_ignition_bringup) StdoutLine: {'line': b'-- Up-to-date symlink: /home/jordan/G25_RS1/RS1-Gr25/install/41068_ignition_bringup/share/41068_ignition_bringup/config/slam_params_husky1.yaml\n'}
[3.855224] (41068_ignition_bringup) StdoutLine: {'line': b'-- Up-to-date symlink: /home/jordan/G25_RS1/RS1-Gr25/install/41068_ignition_bringup/share/41068_ignition_bringup/config/slam_params_parrot1.yaml\n'}
[3.855524] (41068_ignition_bringup) StdoutLine: {'line': b'-- Up-to-date symlink: /home/jordan/G25_RS1/RS1-Gr25/install/41068_ignition_bringup/share/41068_ignition_bringup/launch/41068_autonomy_demo.launch.py\n'}
[3.855888] (41068_ignition_bringup) StdoutLine: {'line': b'-- Up-to-date symlink: /home/jordan/G25_RS1/RS1-Gr25/install/41068_ignition_bringup/share/41068_ignition_bringup/launch/41068_dynamic_world_demo.launch.py\n'}
[3.856127] (41068_ignition_bringup) StdoutLine: {'line': b'-- Up-to-date symlink: /home/jordan/G25_RS1/RS1-Gr25/install/41068_ignition_bringup/share/41068_ignition_bringup/launch/41068_ignition.launch.py\n'}
[3.856408] (41068_ignition_bringup) StdoutLine: {'line': b'-- Up-to-date symlink: /home/jordan/G25_RS1/RS1-Gr25/install/41068_ignition_bringup/share/41068_ignition_bringup/launch/41068_ignition_husky.launch.py\n'}
[3.856644] (41068_ignition_bringup) StdoutLine: {'line': b'-- Up-to-date symlink: /home/jordan/G25_RS1/RS1-Gr25/install/41068_ignition_bringup/share/41068_ignition_bringup/launch/41068_ignition_parrot.launch.py\n'}
[3.856923] (41068_ignition_bringup) StdoutLine: {'line': b'-- Up-to-date symlink: /home/jordan/G25_RS1/RS1-Gr25/install/41068_ignition_bringup/share/41068_ignition_bringup/launch/41068_navigation.launch.py\n'}
[3.857188] (41068_ignition_bringup) StdoutLine: {'line': b'-- Up-to-date symlink: /home/jordan/G25_RS1/RS1-Gr25/install/41068_ignition_bringup/share/41068_ignition_bringup/launch/__pycache__/41068_autonomy_demo.launch.cpython-310.pyc\n'}
[3.857490] (41068_ignition_bringup) StdoutLine: {'line': b'-- Up-to-date symlink: /home/jordan/G25_RS1/RS1-Gr25/install/41068_ignition_bringup/share/41068_ignition_bringup/launch/__pycache__/41068_autonomy_demo.launch.cpython-313.pyc\n'}
[3.857812] (41068_ignition_bringup) StdoutLine: {'line': b'-- Up-to-date symlink: /home/jordan/G25_RS1/RS1-Gr25/install/41068_ignition_bringup/share/41068_ignition_bringup/launch/__pycache__/41068_dynamic_world_demo.launch.cpython-313.pyc\n'}
[3.858114] (41068_ignition_bringup) StdoutLine: {'line': b'-- Symlinking: /home/jordan/G25_RS1/RS1-Gr25/install/41068_ignition_bringup/share/41068_ignition_bringup/launch/__pycache__/41068_ignition.launch.cpython-310.pyc\n'}
[3.865270] (41068_ignition_bringup) StdoutLine: {'line': b'-- Up-to-date symlink: /home/jordan/G25_RS1/RS1-Gr25/install/41068_ignition_bringup/share/41068_ignition_bringup/launch/__pycache__/41068_ignition.launch.cpython-313.pyc\n'}
[3.865512] (41068_ignition_bringup) StdoutLine: {'line': b'-- Symlinking: /home/jordan/G25_RS1/RS1-Gr25/install/41068_ignition_bringup/share/41068_ignition_bringup/launch/__pycache__/41068_ignition_husky.launch.cpython-310.pyc\n'}
[3.875578] (41068_ignition_bringup) StdoutLine: {'line': b'-- Up-to-date symlink: /home/jordan/G25_RS1/RS1-Gr25/install/41068_ignition_bringup/share/41068_ignition_bringup/launch/__pycache__/41068_ignition_husky.launch.cpython-313.pyc\n'}
[3.875958] (41068_ignition_bringup) StdoutLine: {'line': b'-- Up-to-date symlink: /home/jordan/G25_RS1/RS1-Gr25/install/41068_ignition_bringup/share/41068_ignition_bringup/launch/__pycache__/41068_ignition_parrot.launch.cpython-313.pyc\n'}
[3.876331] (41068_ignition_bringup) StdoutLine: {'line': b'-- Up-to-date symlink: /home/jordan/G25_RS1/RS1-Gr25/install/41068_ignition_bringup/share/41068_ignition_bringup/launch/__pycache__/41068_navigation.launch.cpython-313.pyc\n'}
[3.876489] (41068_ignition_bringup) StdoutLine: {'line': b'-- Up-to-date symlink: /home/jordan/G25_RS1/RS1-Gr25/install/41068_ignition_bringup/share/41068_ignition_bringup/launch/beer_sensor_demo.launch.py\n'}
[3.876620] (41068_ignition_bringup) StdoutLine: {'line': b'-- Up-to-date symlink: /home/jordan/G25_RS1/RS1-Gr25/install/41068_ignition_bringup/share/41068_ignition_bringup/launch/robot_status_gui.launch.py\n'}
[3.877126] (41068_ignition_bringup) StdoutLine: {'line': b'-- Up-to-date symlink: /home/jordan/G25_RS1/RS1-Gr25/install/41068_ignition_bringup/share/41068_ignition_bringup/models/custom_ground_plane/materials/forest_overhead.png\n'}
[3.877727] (41068_ignition_bringup) StdoutLine: {'line': b'-- Up-to-date symlink: /home/jordan/G25_RS1/RS1-Gr25/install/41068_ignition_bringup/share/41068_ignition_bringup/models/custom_ground_plane/materials/normalmap.png\n'}
[3.878392] (41068_ignition_bringup) StdoutLine: {'line': b'-- Up-to-date symlink: /home/jordan/G25_RS1/RS1-Gr25/install/41068_ignition_bringup/share/41068_ignition_bringup/models/custom_ground_plane/materials/pitchmap3.png\n'}
[3.878893] (41068_ignition_bringup) StdoutLine: {'line': b'-- Up-to-date symlink: /home/jordan/G25_RS1/RS1-Gr25/install/41068_ignition_bringup/share/41068_ignition_bringup/models/custom_ground_plane/model.config\n'}
[3.879622] (41068_ignition_bringup) StdoutLine: {'line': b'-- Up-to-date symlink: /home/jordan/G25_RS1/RS1-Gr25/install/41068_ignition_bringup/share/41068_ignition_bringup/models/custom_ground_plane/model.sdf\n'}
[3.880011] (41068_ignition_bringup) StdoutLine: {'line': b'-- Up-to-date symlink: /home/jordan/G25_RS1/RS1-Gr25/install/41068_ignition_bringup/share/41068_ignition_bringup/models/fire/materials/fire_transparent.png\n'}
[3.880946] (41068_ignition_bringup) StdoutLine: {'line': b'-- Up-to-date symlink: /home/jordan/G25_RS1/RS1-Gr25/install/41068_ignition_bringup/share/41068_ignition_bringup/models/fire/model.config\n'}
[3.881494] (41068_ignition_bringup) StdoutLine: {'line': b'-- Up-to-date symlink: /home/jordan/G25_RS1/RS1-Gr25/install/41068_ignition_bringup/share/41068_ignition_bringup/models/fire/model.sdf\n'}
[3.881846] (41068_ignition_bringup) StdoutLine: {'line': b'-- Up-to-date symlink: /home/jordan/G25_RS1/RS1-Gr25/install/41068_ignition_bringup/share/41068_ignition_bringup/models/flat_custom_ground_plane/materials/forest_overhead_plain.png\n'}
[3.883137] (41068_ignition_bringup) StdoutLine: {'line': b'-- Up-to-date symlink: /home/jordan/G25_RS1/RS1-Gr25/install/41068_ignition_bringup/share/41068_ignition_bringup/models/flat_custom_ground_plane/model.config\n'}
[3.883493] (41068_ignition_bringup) StdoutLine: {'line': b'-- Up-to-date symlink: /home/jordan/G25_RS1/RS1-Gr25/install/41068_ignition_bringup/share/41068_ignition_bringup/models/flat_custom_ground_plane/model.sdf\n'}
[3.883768] (41068_ignition_bringup) StdoutLine: {'line': b'-- Up-to-date symlink: /home/jordan/G25_RS1/RS1-Gr25/install/41068_ignition_bringup/share/41068_ignition_bringup/models/forest_plane/materials/textures/empty_grass.png\n'}
[3.884247] (41068_ignition_bringup) StdoutLine: {'line': b'-- Up-to-date symlink: /home/jordan/G25_RS1/RS1-Gr25/install/41068_ignition_bringup/share/41068_ignition_bringup/models/forest_plane/materials/textures/forest_overhead.png\n'}
[3.885264] (41068_ignition_bringup) StdoutLine: {'line': b'-- Up-to-date symlink: /home/jordan/G25_RS1/RS1-Gr25/install/41068_ignition_bringup/share/41068_ignition_bringup/models/forest_plane/materials/textures/forest_overhead_plain.png\n'}
[3.886372] (41068_ignition_bringup) StdoutLine: {'line': b'-- Up-to-date symlink: /home/jordan/G25_RS1/RS1-Gr25/install/41068_ignition_bringup/share/41068_ignition_bringup/models/forest_plane/materials/textures/leaf_litter.png\n'}
[3.887099] (41068_ignition_bringup) StdoutLine: {'line': b'-- Up-to-date symlink: /home/jordan/G25_RS1/RS1-Gr25/install/41068_ignition_bringup/share/41068_ignition_bringup/models/forest_plane/model.config\n'}
[3.888034] (41068_ignition_bringup) StdoutLine: {'line': b'-- Up-to-date symlink: /home/jordan/G25_RS1/RS1-Gr25/install/41068_ignition_bringup/share/41068_ignition_bringup/models/forest_plane/model.sdf\n'}
[3.888438] (41068_ignition_bringup) StdoutLine: {'line': b'-- Up-to-date symlink: /home/jordan/G25_RS1/RS1-Gr25/install/41068_ignition_bringup/share/41068_ignition_bringup/models/forest_wall/materials/textures/forest_wall.png\n'}
[3.889451] (41068_ignition_bringup) StdoutLine: {'line': b'-- Up-to-date symlink: /home/jordan/G25_RS1/RS1-Gr25/install/41068_ignition_bringup/share/41068_ignition_bringup/models/forest_wall/materials/textures/forest_wall_transparent.png\n'}
[3.889685] (41068_ignition_bringup) StdoutLine: {'line': b'-- Up-to-date symlink: /home/jordan/G25_RS1/RS1-Gr25/install/41068_ignition_bringup/share/41068_ignition_bringup/models/forest_wall/materials/textures/forest_wall_transparent_small.png\n'}
[3.890283] (41068_ignition_bringup) StdoutLine: {'line': b'-- Up-to-date symlink: /home/jordan/G25_RS1/RS1-Gr25/install/41068_ignition_bringup/share/41068_ignition_bringup/models/forest_wall/model.config\n'}
[3.890877] (41068_ignition_bringup) StdoutLine: {'line': b'-- Up-to-date symlink: /home/jordan/G25_RS1/RS1-Gr25/install/41068_ignition_bringup/share/41068_ignition_bringup/models/forest_wall/model.sdf\n'}
[3.891222] (41068_ignition_bringup) StdoutLine: {'line': b'-- Up-to-date symlink: /home/jordan/G25_RS1/RS1-Gr25/install/41068_ignition_bringup/share/41068_ignition_bringup/models/grass_plane/materials/textures/empty_grass.png\n'}
[3.891453] (41068_ignition_bringup) StdoutLine: {'line': b'-- Up-to-date symlink: /home/jordan/G25_RS1/RS1-Gr25/install/41068_ignition_bringup/share/41068_ignition_bringup/models/grass_plane/model.config\n'}
[3.892291] (41068_ignition_bringup) StdoutLine: {'line': b'-- Up-to-date symlink: /home/jordan/G25_RS1/RS1-Gr25/install/41068_ignition_bringup/share/41068_ignition_bringup/models/grass_plane/model.sdf\n'}
[3.892615] (41068_ignition_bringup) StdoutLine: {'line': b'-- Up-to-date symlink: /home/jordan/G25_RS1/RS1-Gr25/install/41068_ignition_bringup/share/41068_ignition_bringup/models/tree_burning/model.config\n'}
[3.892856] (41068_ignition_bringup) StdoutLine: {'line': b'-- Up-to-date symlink: /home/jordan/G25_RS1/RS1-Gr25/install/41068_ignition_bringup/share/41068_ignition_bringup/models/tree_burning/model.sdf\n'}
[3.893469] (41068_ignition_bringup) StdoutLine: {'line': b'-- Up-to-date symlink: /home/jordan/G25_RS1/RS1-Gr25/install/41068_ignition_bringup/share/41068_ignition_bringup/urdf_husky/common_properties.urdf.xacro\n'}
[3.893614] (41068_ignition_bringup) StdoutLine: {'line': b'-- Up-to-date symlink: /home/jordan/G25_RS1/RS1-Gr25/install/41068_ignition_bringup/share/41068_ignition_bringup/urdf_husky/husky.gazebo.xacro\n'}
[3.894272] (41068_ignition_bringup) StdoutLine: {'line': b'-- Up-to-date symlink: /home/jordan/G25_RS1/RS1-Gr25/install/41068_ignition_bringup/share/41068_ignition_bringup/urdf_husky/husky.urdf.xacro\n'}
[3.895220] (41068_ignition_bringup) StdoutLine: {'line': b'-- Up-to-date symlink: /home/jordan/G25_RS1/RS1-Gr25/install/41068_ignition_bringup/share/41068_ignition_bringup/urdf_husky/meshes/base_link.dae\n'}
[3.895660] (41068_ignition_bringup) StdoutLine: {'line': b'-- Up-to-date symlink: /home/jordan/G25_RS1/RS1-Gr25/install/41068_ignition_bringup/share/41068_ignition_bringup/urdf_husky/meshes/bumper.dae\n'}
[3.896063] (41068_ignition_bringup) StdoutLine: {'line': b'-- Up-to-date symlink: /home/jordan/G25_RS1/RS1-Gr25/install/41068_ignition_bringup/share/41068_ignition_bringup/urdf_husky/meshes/jpl04_arch_nosensor.stl\n'}
[3.896420] (41068_ignition_bringup) StdoutLine: {'line': b'-- Up-to-date symlink: /home/jordan/G25_RS1/RS1-Gr25/install/41068_ignition_bringup/share/41068_ignition_bringup/urdf_husky/meshes/top_chassis.dae\n'}
[3.897082] (41068_ignition_bringup) StdoutLine: {'line': b'-- Up-to-date symlink: /home/jordan/G25_RS1/RS1-Gr25/install/41068_ignition_bringup/share/41068_ignition_bringup/urdf_husky/meshes/top_plate.dae\n'}
[3.897504] (41068_ignition_bringup) StdoutLine: {'line': b'-- Up-to-date symlink: /home/jordan/G25_RS1/RS1-Gr25/install/41068_ignition_bringup/share/41068_ignition_bringup/urdf_husky/meshes/wheel.dae\n'}
[3.898385] (41068_ignition_bringup) StdoutLine: {'line': b'-- Up-to-date symlink: /home/jordan/G25_RS1/RS1-Gr25/install/41068_ignition_bringup/share/41068_ignition_bringup/urdf_husky/wheel.urdf.xacro\n'}
[3.899234] (41068_ignition_bringup) StdoutLine: {'line': b'-- Up-to-date symlink: /home/jordan/G25_RS1/RS1-Gr25/install/41068_ignition_bringup/share/41068_ignition_bringup/worlds/beer_demo_world.sdf\n'}
[3.899752] (41068_ignition_bringup) StdoutLine: {'line': b'-- Up-to-date symlink: /home/jordan/G25_RS1/RS1-Gr25/install/41068_ignition_bringup/share/41068_ignition_bringup/worlds/custom_world_1.sdf\n'}
[3.902121] (41068_ignition_bringup) StdoutLine: {'line': b'-- Up-to-date symlink: /home/jordan/G25_RS1/RS1-Gr25/install/41068_ignition_bringup/share/41068_ignition_bringup/worlds/large_demo.sdf\n'}
[3.902624] (41068_ignition_bringup) StdoutLine: {'line': b'-- Up-to-date symlink: /home/jordan/G25_RS1/RS1-Gr25/install/41068_ignition_bringup/share/41068_ignition_bringup/worlds/simple_trees.sdf\n'}
[3.903030] (41068_ignition_bringup) StdoutLine: {'line': b'-- Up-to-date symlink: /home/jordan/G25_RS1/RS1-Gr25/install/41068_ignition_bringup/share/41068_ignition_bringup/urdf_parrot/common_properties.urdf.xacro\n'}
[3.903369] (41068_ignition_bringup) StdoutLine: {'line': b'-- Up-to-date symlink: /home/jordan/G25_RS1/RS1-Gr25/install/41068_ignition_bringup/share/41068_ignition_bringup/urdf_parrot/meshes/hull.dae\n'}
[3.903735] (41068_ignition_bringup) StdoutLine: {'line': b'-- Up-to-date symlink: /home/jordan/G25_RS1/RS1-Gr25/install/41068_ignition_bringup/share/41068_ignition_bringup/urdf_parrot/meshes/propeller_fl.dae\n'}
[3.903975] (41068_ignition_bringup) StdoutLine: {'line': b'-- Up-to-date symlink: /home/jordan/G25_RS1/RS1-Gr25/install/41068_ignition_bringup/share/41068_ignition_bringup/urdf_parrot/meshes/propeller_fr.dae\n'}
[3.904085] (41068_ignition_bringup) StdoutLine: {'line': b'-- Up-to-date symlink: /home/jordan/G25_RS1/RS1-Gr25/install/41068_ignition_bringup/share/41068_ignition_bringup/urdf_parrot/meshes/propeller_rl.dae\n'}
[3.904172] (41068_ignition_bringup) StdoutLine: {'line': b'-- Up-to-date symlink: /home/jordan/G25_RS1/RS1-Gr25/install/41068_ignition_bringup/share/41068_ignition_bringup/urdf_parrot/meshes/propeller_rr.dae\n'}
[3.904256] (41068_ignition_bringup) StdoutLine: {'line': b'-- Up-to-date symlink: /home/jordan/G25_RS1/RS1-Gr25/install/41068_ignition_bringup/share/41068_ignition_bringup/urdf_parrot/model.config\n'}
[3.904340] (41068_ignition_bringup) StdoutLine: {'line': b'-- Up-to-date symlink: /home/jordan/G25_RS1/RS1-Gr25/install/41068_ignition_bringup/share/41068_ignition_bringup/urdf_parrot/model.sdf\n'}
[3.904423] (41068_ignition_bringup) StdoutLine: {'line': b'-- Up-to-date symlink: /home/jordan/G25_RS1/RS1-Gr25/install/41068_ignition_bringup/share/41068_ignition_bringup/urdf_parrot/parrot.gazebo.xacro\n'}
[3.904555] (41068_ignition_bringup) StdoutLine: {'line': b'-- Up-to-date symlink: /home/jordan/G25_RS1/RS1-Gr25/install/41068_ignition_bringup/share/41068_ignition_bringup/urdf_parrot/parrot.urdf.xacro\n'}
[3.904645] (41068_ignition_bringup) StdoutLine: {'line': b'-- Up-to-date symlink: /home/jordan/G25_RS1/RS1-Gr25/install/41068_ignition_bringup/share/41068_ignition_bringup/urdf_parrot/thumbnails/1.png\n'}
[3.904727] (41068_ignition_bringup) StdoutLine: {'line': b'-- Up-to-date symlink: /home/jordan/G25_RS1/RS1-Gr25/install/41068_ignition_bringup/share/41068_ignition_bringup/urdf_parrot/thumbnails/2.png\n'}
[3.904808] (41068_ignition_bringup) StdoutLine: {'line': b'-- Up-to-date symlink: /home/jordan/G25_RS1/RS1-Gr25/install/41068_ignition_bringup/share/41068_ignition_bringup/urdf_parrot/thumbnails/3.png\n'}
[3.904890] (41068_ignition_bringup) StdoutLine: {'line': b'-- Up-to-date symlink: /home/jordan/G25_RS1/RS1-Gr25/install/41068_ignition_bringup/share/41068_ignition_bringup/urdf_parrot/thumbnails/4.png\n'}
[3.904972] (41068_ignition_bringup) StdoutLine: {'line': b'-- Up-to-date symlink: /home/jordan/G25_RS1/RS1-Gr25/install/41068_ignition_bringup/share/41068_ignition_bringup/urdf_parrot/thumbnails/5.png\n'}
[3.905053] (41068_ignition_bringup) StdoutLine: {'line': b'-- Up-to-date symlink: /home/jordan/G25_RS1/RS1-Gr25/install/41068_ignition_bringup/share/41068_ignition_bringup/environment/pythonpath.sh\n'}
[3.905135] (41068_ignition_bringup) StdoutLine: {'line': b'-- Up-to-date symlink: /home/jordan/G25_RS1/RS1-Gr25/install/41068_ignition_bringup/share/41068_ignition_bringup/environment/pythonpath.dsv\n'}
[3.905215] (41068_ignition_bringup) StdoutLine: {'line': b'-- Up-to-date symlink: /home/jordan/G25_RS1/RS1-Gr25/install/41068_ignition_bringup/local/lib/python3.10/dist-packages/rs1_nav-1.0.5-py3.10.egg-info/PKG-INFO\n'}
[3.905300] (41068_ignition_bringup) StdoutLine: {'line': b'-- Up-to-date symlink: /home/jordan/G25_RS1/RS1-Gr25/install/41068_ignition_bringup/local/lib/python3.10/dist-packages/rs1_nav-1.0.5-py3.10.egg-info/SOURCES.txt\n'}
[3.905390] (41068_ignition_bringup) StdoutLine: {'line': b'-- Up-to-date symlink: /home/jordan/G25_RS1/RS1-Gr25/install/41068_ignition_bringup/local/lib/python3.10/dist-packages/rs1_nav-1.0.5-py3.10.egg-info/dependency_links.txt\n'}
[3.905513] (41068_ignition_bringup) StdoutLine: {'line': b'-- Up-to-date symlink: /home/jordan/G25_RS1/RS1-Gr25/install/41068_ignition_bringup/local/lib/python3.10/dist-packages/rs1_nav-1.0.5-py3.10.egg-info/top_level.txt\n'}
[3.905633] (41068_ignition_bringup) StdoutLine: {'line': b'-- Up-to-date symlink: /home/jordan/G25_RS1/RS1-Gr25/install/41068_ignition_bringup/local/lib/python3.10/dist-packages/rs1_nav/__init__.py\n'}
[3.905717] (41068_ignition_bringup) StdoutLine: {'line': b'-- Up-to-date symlink: /home/jordan/G25_RS1/RS1-Gr25/install/41068_ignition_bringup/local/lib/python3.10/dist-packages/rs1_nav/gazebo_world.py\n'}
[3.905799] (41068_ignition_bringup) StdoutLine: {'line': b'-- Up-to-date symlink: /home/jordan/G25_RS1/RS1-Gr25/install/41068_ignition_bringup/local/lib/python3.10/dist-packages/rs1_nav/geometry.py\n'}
[3.905880] (41068_ignition_bringup) StdoutLine: {'line': b'-- Up-to-date symlink: /home/jordan/G25_RS1/RS1-Gr25/install/41068_ignition_bringup/local/lib/python3.10/dist-packages/rs1_nav/mission.py\n'}
[3.906013] (41068_ignition_bringup) StdoutLine: {'line': b'-- Up-to-date symlink: /home/jordan/G25_RS1/RS1-Gr25/install/41068_ignition_bringup/local/lib/python3.10/dist-packages/rs1_nav/nav_observer.py\n'}
[3.906097] (41068_ignition_bringup) StdoutLine: {'line': b'-- Up-to-date symlink: /home/jordan/G25_RS1/RS1-Gr25/install/41068_ignition_bringup/local/lib/python3.10/dist-packages/rs1_nav/sim.py\n'}
[3.906178] (41068_ignition_bringup) StdoutLine: {'line': b'-- Up-to-date symlink: /home/jordan/G25_RS1/RS1-Gr25/install/41068_ignition_bringup/lib/41068_ignition_bringup/dynamic_world_demo.py\n'}
[3.906258] (41068_ignition_bringup) StdoutLine: {'line': b'-- Up-to-date symlink: /home/jordan/G25_RS1/RS1-Gr25/install/41068_ignition_bringup/lib/41068_ignition_bringup/basic_autonomy_demo.py\n'}
[3.906344] (41068_ignition_bringup) StdoutLine: {'line': b'-- Up-to-date symlink: /home/jordan/G25_RS1/RS1-Gr25/install/41068_ignition_bringup/lib/41068_ignition_bringup/odometry_tf_broadcaster.py\n'}
[3.906426] (41068_ignition_bringup) StdoutLine: {'line': b'-- Up-to-date symlink: /home/jordan/G25_RS1/RS1-Gr25/install/41068_ignition_bringup/lib/41068_ignition_bringup/obstacle_injector.py\n'}
[3.906555] (41068_ignition_bringup) StdoutLine: {'line': b'-- Up-to-date symlink: /home/jordan/G25_RS1/RS1-Gr25/install/41068_ignition_bringup/lib/41068_ignition_bringup/robot_status_gui.py\n'}
[3.906646] (41068_ignition_bringup) StdoutLine: {'line': b'-- Up-to-date symlink: /home/jordan/G25_RS1/RS1-Gr25/install/41068_ignition_bringup/share/ament_index/resource_index/package_run_dependencies/41068_ignition_bringup\n'}
[3.906730] (41068_ignition_bringup) StdoutLine: {'line': b'-- Up-to-date symlink: /home/jordan/G25_RS1/RS1-Gr25/install/41068_ignition_bringup/share/ament_index/resource_index/parent_prefix_path/41068_ignition_bringup\n'}
[3.906813] (41068_ignition_bringup) StdoutLine: {'line': b'-- Up-to-date symlink: /home/jordan/G25_RS1/RS1-Gr25/install/41068_ignition_bringup/share/41068_ignition_bringup/environment/ament_prefix_path.sh\n'}
[3.906894] (41068_ignition_bringup) StdoutLine: {'line': b'-- Up-to-date symlink: /home/jordan/G25_RS1/RS1-Gr25/install/41068_ignition_bringup/share/41068_ignition_bringup/environment/ament_prefix_path.dsv\n'}
[3.906976] (41068_ignition_bringup) StdoutLine: {'line': b'-- Up-to-date symlink: /home/jordan/G25_RS1/RS1-Gr25/install/41068_ignition_bringup/share/41068_ignition_bringup/environment/path.sh\n'}
[3.907056] (41068_ignition_bringup) StdoutLine: {'line': b'-- Up-to-date symlink: /home/jordan/G25_RS1/RS1-Gr25/install/41068_ignition_bringup/share/41068_ignition_bringup/environment/path.dsv\n'}
[3.907156] (41068_ignition_bringup) StdoutLine: {'line': b'-- Up-to-date symlink: /home/jordan/G25_RS1/RS1-Gr25/install/41068_ignition_bringup/share/41068_ignition_bringup/local_setup.bash\n'}
[3.907405] (41068_ignition_bringup) StdoutLine: {'line': b'-- Up-to-date symlink: /home/jordan/G25_RS1/RS1-Gr25/install/41068_ignition_bringup/share/41068_ignition_bringup/local_setup.sh\n'}
[3.907550] (41068_ignition_bringup) StdoutLine: {'line': b'-- Up-to-date symlink: /home/jordan/G25_RS1/RS1-Gr25/install/41068_ignition_bringup/share/41068_ignition_bringup/local_setup.zsh\n'}
[3.907643] (41068_ignition_bringup) StdoutLine: {'line': b'-- Up-to-date symlink: /home/jordan/G25_RS1/RS1-Gr25/install/41068_ignition_bringup/share/41068_ignition_bringup/local_setup.dsv\n'}
[3.907726] (41068_ignition_bringup) StdoutLine: {'line': b'-- Symlinking: /home/jordan/G25_RS1/RS1-Gr25/install/41068_ignition_bringup/share/41068_ignition_bringup/package.dsv\n'}
[3.910981] (-) TimerEvent: {}
[3.913966] (41068_ignition_bringup) StdoutLine: {'line': b'-- Up-to-date symlink: /home/jordan/G25_RS1/RS1-Gr25/install/41068_ignition_bringup/share/ament_index/resource_index/packages/41068_ignition_bringup\n'}
[3.914601] (41068_ignition_bringup) StdoutLine: {'line': b'-- Up-to-date symlink: /home/jordan/G25_RS1/RS1-Gr25/install/41068_ignition_bringup/share/41068_ignition_bringup/cmake/41068_ignition_bringupConfig.cmake\n'}
[3.914771] (41068_ignition_bringup) StdoutLine: {'line': b'-- Up-to-date symlink: /home/jordan/G25_RS1/RS1-Gr25/install/41068_ignition_bringup/share/41068_ignition_bringup/cmake/41068_ignition_bringupConfig-version.cmake\n'}
[3.914974] (41068_ignition_bringup) StdoutLine: {'line': b'-- Up-to-date symlink: /home/jordan/G25_RS1/RS1-Gr25/install/41068_ignition_bringup/share/41068_ignition_bringup/package.xml\n'}
[3.970964] (41068_ignition_bringup) StdoutLine: {'line': b"Listing '/home/jordan/G25_RS1/RS1-Gr25/install/41068_ignition_bringup/local/lib/python3.10/dist-packages/rs1_nav'...\n"}
[3.978737] (41068_ignition_bringup) CommandEnded: {'returncode': 0}
[4.008769] (41068_ignition_bringup) JobEnded: {'identifier': '41068_ignition_bringup', 'rc': 0}
[4.010236] (-) EventReactorShutdown: {}
