[0.311s] DEBUG:colcon:Command line arguments: ['/usr/bin/colcon', 'build', '--symlink-install', '--packages-select', 'beer_fire_detection', '41068_ignition_bringup']
[0.312s] DEBUG:colcon:Parsed command line arguments: Namespace(log_base=None, log_level=None, verb_name='build', build_base='build', install_base='install', merge_install=False, symlink_install=True, test_result_base=None, continue_on_error=False, executor='parallel', parallel_workers=6, event_handlers=None, ignore_user_meta=False, metas=['./colcon.meta'], base_paths=['.'], packages_ignore=None, packages_ignore_regex=None, paths=None, packages_up_to=None, packages_up_to_regex=None, packages_above=None, packages_above_and_dependencies=None, packages_above_depth=None, packages_select_by_dep=None, packages_skip_by_dep=None, packages_skip_up_to=None, packages_select_build_failed=False, packages_skip_build_finished=False, packages_select_test_failures=False, packages_skip_test_passed=False, packages_select=['beer_fire_detection', '41068_ignition_bringup'], packages_skip=None, packages_select_regex=None, packages_skip_regex=None, packages_start=None, packages_end=None, allow_overriding=[], cmake_args=None, cmake_target=None, cmake_target_skip_unavailable=False, cmake_clean_cache=False, cmake_clean_first=False, cmake_force_configure=False, ament_cmake_args=None, catkin_cmake_args=None, catkin_skip_building_tests=False, mixin_files=None, mixin=None, verb_parser=<colcon_mixin.mixin.mixin_argument.MixinArgumentDecorator object at 0x78ea61369cf0>, verb_extension=<colcon_core.verb.build.BuildVerb object at 0x78ea613697b0>, main=<bound method BuildVerb.main of <colcon_core.verb.build.BuildVerb object at 0x78ea613697b0>>, mixin_verb=('build',))
[0.658s] Level 1:colcon.colcon_core.package_discovery:discover_packages(colcon_meta) check parameters
[0.659s] Level 1:colcon.colcon_core.package_discovery:discover_packages(recursive) check parameters
[0.659s] Level 1:colcon.colcon_core.package_discovery:discover_packages(ignore) check parameters
[0.659s] Level 1:colcon.colcon_core.package_discovery:discover_packages(path) check parameters
[0.659s] Level 1:colcon.colcon_core.package_discovery:discover_packages(colcon_meta) discover
[0.659s] Level 1:colcon.colcon_core.package_discovery:discover_packages(recursive) discover
[0.659s] INFO:colcon.colcon_core.package_discovery:Crawling recursively for packages in '/home/jordan/G25_RS1/RS1-Gr25'
[0.659s] Level 1:colcon.colcon_core.package_identification:_identify(.) by extensions ['ignore', 'ignore_ament_install']
[0.660s] Level 1:colcon.colcon_core.package_identification:_identify(.) by extension 'ignore'
[0.660s] Level 1:colcon.colcon_core.package_identification:_identify(.) by extension 'ignore_ament_install'
[0.660s] Level 1:colcon.colcon_core.package_identification:_identify(.) by extensions ['colcon_pkg']
[0.660s] Level 1:colcon.colcon_core.package_identification:_identify(.) by extension 'colcon_pkg'
[0.660s] Level 1:colcon.colcon_core.package_identification:_identify(.) by extensions ['colcon_meta']
[0.661s] Level 1:colcon.colcon_core.package_identification:_identify(.) by extension 'colcon_meta'
[0.661s] Level 1:colcon.colcon_core.package_identification:_identify(.) by extensions ['ros']
[0.661s] Level 1:colcon.colcon_core.package_identification:_identify(.) by extension 'ros'
[0.673s] Level 1:colcon.colcon_core.package_identification:_identify(.) by extensions ['cmake', 'python']
[0.673s] Level 1:colcon.colcon_core.package_identification:_identify(.) by extension 'cmake'
[0.673s] Level 1:colcon.colcon_core.package_identification:_identify(.) by extension 'python'
[0.673s] Level 1:colcon.colcon_core.package_identification:_identify(.) by extensions ['python_setup_py']
[0.673s] Level 1:colcon.colcon_core.package_identification:_identify(.) by extension 'python_setup_py'
[0.674s] Level 1:colcon.colcon_core.package_identification:_identify(build) by extensions ['ignore', 'ignore_ament_install']
[0.674s] Level 1:colcon.colcon_core.package_identification:_identify(build) by extension 'ignore'
[0.674s] Level 1:colcon.colcon_core.package_identification:_identify(build) ignored
[0.674s] Level 1:colcon.colcon_core.package_identification:_identify(install) by extensions ['ignore', 'ignore_ament_install']
[0.674s] Level 1:colcon.colcon_core.package_identification:_identify(install) by extension 'ignore'
[0.674s] Level 1:colcon.colcon_core.package_identification:_identify(install) ignored
[0.674s] Level 1:colcon.colcon_core.package_identification:_identify(log) by extensions ['ignore', 'ignore_ament_install']
[0.675s] Level 1:colcon.colcon_core.package_identification:_identify(log) by extension 'ignore'
[0.675s] Level 1:colcon.colcon_core.package_identification:_identify(log) ignored
[0.675s] Level 1:colcon.colcon_core.package_identification:_identify(src) by extensions ['ignore', 'ignore_ament_install']
[0.675s] Level 1:colcon.colcon_core.package_identification:_identify(src) by extension 'ignore'
[0.675s] Level 1:colcon.colcon_core.package_identification:_identify(src) by extension 'ignore_ament_install'
[0.675s] Level 1:colcon.colcon_core.package_identification:_identify(src) by extensions ['colcon_pkg']
[0.675s] Level 1:colcon.colcon_core.package_identification:_identify(src) by extension 'colcon_pkg'
[0.675s] Level 1:colcon.colcon_core.package_identification:_identify(src) by extensions ['colcon_meta']
[0.675s] Level 1:colcon.colcon_core.package_identification:_identify(src) by extension 'colcon_meta'
[0.675s] Level 1:colcon.colcon_core.package_identification:_identify(src) by extensions ['ros']
[0.675s] Level 1:colcon.colcon_core.package_identification:_identify(src) by extension 'ros'
[0.676s] Level 1:colcon.colcon_core.package_identification:_identify(src) by extensions ['cmake', 'python']
[0.676s] Level 1:colcon.colcon_core.package_identification:_identify(src) by extension 'cmake'
[0.676s] Level 1:colcon.colcon_core.package_identification:_identify(src) by extension 'python'
[0.676s] Level 1:colcon.colcon_core.package_identification:_identify(src) by extensions ['python_setup_py']
[0.676s] Level 1:colcon.colcon_core.package_identification:_identify(src) by extension 'python_setup_py'
[0.676s] Level 1:colcon.colcon_core.package_identification:_identify(src/41068_ignition_bringup_v1) by extensions ['ignore', 'ignore_ament_install']
[0.676s] Level 1:colcon.colcon_core.package_identification:_identify(src/41068_ignition_bringup_v1) by extension 'ignore'
[0.676s] Level 1:colcon.colcon_core.package_identification:_identify(src/41068_ignition_bringup_v1) by extension 'ignore_ament_install'
[0.677s] Level 1:colcon.colcon_core.package_identification:_identify(src/41068_ignition_bringup_v1) by extensions ['colcon_pkg']
[0.677s] Level 1:colcon.colcon_core.package_identification:_identify(src/41068_ignition_bringup_v1) by extension 'colcon_pkg'
[0.677s] Level 1:colcon.colcon_core.package_identification:_identify(src/41068_ignition_bringup_v1) by extensions ['colcon_meta']
[0.677s] Level 1:colcon.colcon_core.package_identification:_identify(src/41068_ignition_bringup_v1) by extension 'colcon_meta'
[0.677s] Level 1:colcon.colcon_core.package_identification:_identify(src/41068_ignition_bringup_v1) by extensions ['ros']
[0.677s] Level 1:colcon.colcon_core.package_identification:_identify(src/41068_ignition_bringup_v1) by extension 'ros'
[0.678s] Level 1:colcon.colcon_core.package_identification:_identify(src/41068_ignition_bringup_v1) by extensions ['cmake', 'python']
[0.678s] Level 1:colcon.colcon_core.package_identification:_identify(src/41068_ignition_bringup_v1) by extension 'cmake'
[0.678s] Level 1:colcon.colcon_core.package_identification:_identify(src/41068_ignition_bringup_v1) by extension 'python'
[0.678s] Level 1:colcon.colcon_core.package_identification:_identify(src/41068_ignition_bringup_v1) by extensions ['python_setup_py']
[0.678s] Level 1:colcon.colcon_core.package_identification:_identify(src/41068_ignition_bringup_v1) by extension 'python_setup_py'
[0.679s] Level 1:colcon.colcon_core.package_identification:_identify(src/41068_ignition_bringup_v1/41068_ignition_bringup) by extensions ['ignore', 'ignore_ament_install']
[0.680s] Level 1:colcon.colcon_core.package_identification:_identify(src/41068_ignition_bringup_v1/41068_ignition_bringup) by extension 'ignore'
[0.680s] Level 1:colcon.colcon_core.package_identification:_identify(src/41068_ignition_bringup_v1/41068_ignition_bringup) by extension 'ignore_ament_install'
[0.680s] Level 1:colcon.colcon_core.package_identification:_identify(src/41068_ignition_bringup_v1/41068_ignition_bringup) by extensions ['colcon_pkg']
[0.681s] Level 1:colcon.colcon_core.package_identification:_identify(src/41068_ignition_bringup_v1/41068_ignition_bringup) by extension 'colcon_pkg'
[0.681s] Level 1:colcon.colcon_core.package_identification:_identify(src/41068_ignition_bringup_v1/41068_ignition_bringup) by extensions ['colcon_meta']
[0.681s] Level 1:colcon.colcon_core.package_identification:_identify(src/41068_ignition_bringup_v1/41068_ignition_bringup) by extension 'colcon_meta'
[0.681s] Level 1:colcon.colcon_core.package_identification:_identify(src/41068_ignition_bringup_v1/41068_ignition_bringup) by extensions ['ros']
[0.681s] Level 1:colcon.colcon_core.package_identification:_identify(src/41068_ignition_bringup_v1/41068_ignition_bringup) by extension 'ros'
[0.685s] DEBUG:colcon.colcon_core.package_identification:Package 'src/41068_ignition_bringup_v1/41068_ignition_bringup' with type 'ros.ament_cmake' and name '41068_ignition_bringup'
[0.686s] Level 1:colcon.colcon_core.package_identification:_identify(src/beer_fire_detection) by extensions ['ignore', 'ignore_ament_install']
[0.686s] Level 1:colcon.colcon_core.package_identification:_identify(src/beer_fire_detection) by extension 'ignore'
[0.686s] Level 1:colcon.colcon_core.package_identification:_identify(src/beer_fire_detection) by extension 'ignore_ament_install'
[0.686s] Level 1:colcon.colcon_core.package_identification:_identify(src/beer_fire_detection) by extensions ['colcon_pkg']
[0.686s] Level 1:colcon.colcon_core.package_identification:_identify(src/beer_fire_detection) by extension 'colcon_pkg'
[0.686s] Level 1:colcon.colcon_core.package_identification:_identify(src/beer_fire_detection) by extensions ['colcon_meta']
[0.686s] Level 1:colcon.colcon_core.package_identification:_identify(src/beer_fire_detection) by extension 'colcon_meta'
[0.686s] Level 1:colcon.colcon_core.package_identification:_identify(src/beer_fire_detection) by extensions ['ros']
[0.687s] Level 1:colcon.colcon_core.package_identification:_identify(src/beer_fire_detection) by extension 'ros'
[0.687s] DEBUG:colcon.colcon_core.package_identification:Failed to parse potential ROS package manifest in'src/beer_fire_detection': Error(s) in package 'src/beer_fire_detection/package.xml':
Error(s):
- The manifest of package "beer_fire_detection" (with format version 3) must not contain the following tags: build_type
[0.687s] Level 1:colcon.colcon_core.package_identification:_identify(src/beer_fire_detection) by extensions ['cmake', 'python']
[0.687s] Level 1:colcon.colcon_core.package_identification:_identify(src/beer_fire_detection) by extension 'cmake'
[0.688s] Level 1:colcon.colcon_core.package_identification:_identify(src/beer_fire_detection) by extension 'python'
[0.688s] DEBUG:colcon.colcon_core.package_identification:Python package in 'src/beer_fire_detection' passes arguments to the setup() function which requires a different identification extension than 'python'
[0.688s] Level 1:colcon.colcon_core.package_identification:_identify(src/beer_fire_detection) by extensions ['python_setup_py']
[0.688s] Level 1:colcon.colcon_core.package_identification:_identify(src/beer_fire_detection) by extension 'python_setup_py'
[1.062s] DEBUG:colcon.colcon_core.package_identification:Package 'src/beer_fire_detection' with type 'python' and name 'beer_fire_detection'
[1.062s] Level 1:colcon.colcon_core.package_identification:_identify(test) by extensions ['ignore', 'ignore_ament_install']
[1.062s] Level 1:colcon.colcon_core.package_identification:_identify(test) by extension 'ignore'
[1.063s] Level 1:colcon.colcon_core.package_identification:_identify(test) by extension 'ignore_ament_install'
[1.063s] Level 1:colcon.colcon_core.package_identification:_identify(test) by extensions ['colcon_pkg']
[1.063s] Level 1:colcon.colcon_core.package_identification:_identify(test) by extension 'colcon_pkg'
[1.063s] Level 1:colcon.colcon_core.package_identification:_identify(test) by extensions ['colcon_meta']
[1.063s] Level 1:colcon.colcon_core.package_identification:_identify(test) by extension 'colcon_meta'
[1.063s] Level 1:colcon.colcon_core.package_identification:_identify(test) by extensions ['ros']
[1.063s] Level 1:colcon.colcon_core.package_identification:_identify(test) by extension 'ros'
[1.063s] Level 1:colcon.colcon_core.package_identification:_identify(test) by extensions ['cmake', 'python']
[1.063s] Level 1:colcon.colcon_core.package_identification:_identify(test) by extension 'cmake'
[1.064s] Level 1:colcon.colcon_core.package_identification:_identify(test) by extension 'python'
[1.064s] Level 1:colcon.colcon_core.package_identification:_identify(test) by extensions ['python_setup_py']
[1.064s] Level 1:colcon.colcon_core.package_identification:_identify(test) by extension 'python_setup_py'
[1.064s] Level 1:colcon.colcon_core.package_identification:_identify(test/__pycache__) by extensions ['ignore', 'ignore_ament_install']
[1.064s] Level 1:colcon.colcon_core.package_identification:_identify(test/__pycache__) by extension 'ignore'
[1.064s] Level 1:colcon.colcon_core.package_identification:_identify(test/__pycache__) by extension 'ignore_ament_install'
[1.064s] Level 1:colcon.colcon_core.package_identification:_identify(test/__pycache__) by extensions ['colcon_pkg']
[1.064s] Level 1:colcon.colcon_core.package_identification:_identify(test/__pycache__) by extension 'colcon_pkg'
[1.064s] Level 1:colcon.colcon_core.package_identification:_identify(test/__pycache__) by extensions ['colcon_meta']
[1.064s] Level 1:colcon.colcon_core.package_identification:_identify(test/__pycache__) by extension 'colcon_meta'
[1.065s] Level 1:colcon.colcon_core.package_identification:_identify(test/__pycache__) by extensions ['ros']
[1.065s] Level 1:colcon.colcon_core.package_identification:_identify(test/__pycache__) by extension 'ros'
[1.065s] Level 1:colcon.colcon_core.package_identification:_identify(test/__pycache__) by extensions ['cmake', 'python']
[1.065s] Level 1:colcon.colcon_core.package_identification:_identify(test/__pycache__) by extension 'cmake'
[1.065s] Level 1:colcon.colcon_core.package_identification:_identify(test/__pycache__) by extension 'python'
[1.065s] Level 1:colcon.colcon_core.package_identification:_identify(test/__pycache__) by extensions ['python_setup_py']
[1.065s] Level 1:colcon.colcon_core.package_identification:_identify(test/__pycache__) by extension 'python_setup_py'
[1.066s] Level 1:colcon.colcon_core.package_discovery:discover_packages(recursive) using defaults
[1.066s] Level 1:colcon.colcon_core.package_discovery:discover_packages(ignore) discover
[1.066s] Level 1:colcon.colcon_core.package_discovery:discover_packages(ignore) using defaults
[1.066s] Level 1:colcon.colcon_core.package_discovery:discover_packages(path) discover
[1.066s] Level 1:colcon.colcon_core.package_discovery:discover_packages(path) using defaults
[1.130s] Level 1:colcon.colcon_core.package_discovery:discover_packages(prefix_path) check parameters
[1.131s] Level 1:colcon.colcon_core.package_discovery:discover_packages(prefix_path) discover
[1.134s] DEBUG:colcon.colcon_installed_package_information.package_discovery:Found 1 installed packages in /home/jordan/G25_RS1/RS1-Gr25/install
[1.138s] DEBUG:colcon.colcon_installed_package_information.package_discovery:Found 405 installed packages in /opt/ros/humble
[1.141s] Level 1:colcon.colcon_core.package_discovery:discover_packages(prefix_path) using defaults
[1.211s] Level 5:colcon.colcon_core.verb:set package 'beer_fire_detection' build argument 'cmake_args' from command line to 'None'
[1.211s] Level 5:colcon.colcon_core.verb:set package 'beer_fire_detection' build argument 'cmake_target' from command line to 'None'
[1.211s] Level 5:colcon.colcon_core.verb:set package 'beer_fire_detection' build argument 'cmake_target_skip_unavailable' from command line to 'False'
[1.211s] Level 5:colcon.colcon_core.verb:set package 'beer_fire_detection' build argument 'cmake_clean_cache' from command line to 'False'
[1.211s] Level 5:colcon.colcon_core.verb:set package 'beer_fire_detection' build argument 'cmake_clean_first' from command line to 'False'
[1.211s] Level 5:colcon.colcon_core.verb:set package 'beer_fire_detection' build argument 'cmake_force_configure' from command line to 'False'
[1.211s] Level 5:colcon.colcon_core.verb:set package 'beer_fire_detection' build argument 'ament_cmake_args' from command line to 'None'
[1.211s] Level 5:colcon.colcon_core.verb:set package 'beer_fire_detection' build argument 'catkin_cmake_args' from command line to 'None'
[1.211s] Level 5:colcon.colcon_core.verb:set package 'beer_fire_detection' build argument 'catkin_skip_building_tests' from command line to 'False'
[1.212s] DEBUG:colcon.colcon_core.verb:Building package 'beer_fire_detection' with the following arguments: {'ament_cmake_args': None, 'build_base': '/home/jordan/G25_RS1/RS1-Gr25/build/beer_fire_detection', 'catkin_cmake_args': None, 'catkin_skip_building_tests': False, 'cmake_args': None, 'cmake_clean_cache': False, 'cmake_clean_first': False, 'cmake_force_configure': False, 'cmake_target': None, 'cmake_target_skip_unavailable': False, 'install_base': '/home/jordan/G25_RS1/RS1-Gr25/install/beer_fire_detection', 'merge_install': False, 'path': '/home/jordan/G25_RS1/RS1-Gr25/src/beer_fire_detection', 'symlink_install': True, 'test_result_base': None}
[1.212s] Level 5:colcon.colcon_core.verb:set package '41068_ignition_bringup' build argument 'cmake_args' from command line to 'None'
[1.212s] Level 5:colcon.colcon_core.verb:set package '41068_ignition_bringup' build argument 'cmake_target' from command line to 'None'
[1.212s] Level 5:colcon.colcon_core.verb:set package '41068_ignition_bringup' build argument 'cmake_target_skip_unavailable' from command line to 'False'
[1.212s] Level 5:colcon.colcon_core.verb:set package '41068_ignition_bringup' build argument 'cmake_clean_cache' from command line to 'False'
[1.212s] Level 5:colcon.colcon_core.verb:set package '41068_ignition_bringup' build argument 'cmake_clean_first' from command line to 'False'
[1.212s] Level 5:colcon.colcon_core.verb:set package '41068_ignition_bringup' build argument 'cmake_force_configure' from command line to 'False'
[1.212s] Level 5:colcon.colcon_core.verb:set package '41068_ignition_bringup' build argument 'ament_cmake_args' from command line to 'None'
[1.213s] Level 5:colcon.colcon_core.verb:set package '41068_ignition_bringup' build argument 'catkin_cmake_args' from command line to 'None'
[1.213s] Level 5:colcon.colcon_core.verb:set package '41068_ignition_bringup' build argument 'catkin_skip_building_tests' from command line to 'False'
[1.213s] DEBUG:colcon.colcon_core.verb:Building package '41068_ignition_bringup' with the following arguments: {'ament_cmake_args': None, 'build_base': '/home/jordan/G25_RS1/RS1-Gr25/build/41068_ignition_bringup', 'catkin_cmake_args': None, 'catkin_skip_building_tests': False, 'cmake_args': None, 'cmake_clean_cache': False, 'cmake_clean_first': False, 'cmake_force_configure': False, 'cmake_target': None, 'cmake_target_skip_unavailable': False, 'install_base': '/home/jordan/G25_RS1/RS1-Gr25/install/41068_ignition_bringup', 'merge_install': False, 'path': '/home/jordan/G25_RS1/RS1-Gr25/src/41068_ignition_bringup_v1/41068_ignition_bringup', 'symlink_install': True, 'test_result_base': None}
[1.213s] INFO:colcon.colcon_core.executor:Executing jobs using 'parallel' executor
[1.214s] DEBUG:colcon.colcon_parallel_executor.executor.parallel:run_until_complete
[1.216s] INFO:colcon.colcon_core.task.python.build:Building Python package in '/home/jordan/G25_RS1/RS1-Gr25/src/beer_fire_detection'
[1.227s] INFO:colcon.colcon_core.plugin_system:Skipping extension 'colcon_core.shell.bat': Not used on non-Windows systems
[1.227s] INFO:colcon.colcon_core.shell:Skip shell extension 'powershell' for command environment: Not usable outside of PowerShell
[1.227s] DEBUG:colcon.colcon_core.shell:Skip shell extension 'dsv' for command environment
[2.456s] DEBUG:colcon.colcon_core.task.python.build:Available setuptools commands: bdist, install, sdist, install_headers, register, rotate, saveopts, dist_info, build_clib, egg_info, bdist_dumb, upload, install_lib, build, install_data, develop, build_ext, install_scripts, bdist_egg, compile_catalog, extract_messages, install_egg_info, init_catalog, symlink_data, clean, check, bdist_rpm, build_py, build_scripts, test, alias, update_catalog, upload_docs, setopt, easy_install
[2.823s] DEBUG:colcon.colcon_core.task.python.build:Available setuptools 'develop' options: --uninstall, --build-directory, --multi-version, --zip-ok, --site-dirs, --dry-run, --always-copy, --script-dir, --quiet, --prefix, --egg-path, --version, --editable, --index-url, --no-deps, --local-snapshots-ok, --record, --no-user-cfg, --upgrade, --exclude-scripts, --user, --verbose, --install-dir, --help, --always-unzip, --optimize, --install-layout, --force-installation-into-system-dir, --no-find-links, --allow-hosts, --find-links
[2.827s] DEBUG:colcon.colcon_core.event_handler.log_command:Invoking command in '/home/jordan/G25_RS1/RS1-Gr25/build/beer_fire_detection': PYTHONPATH=/home/jordan/G25_RS1/RS1-Gr25/build/beer_fire_detection/prefix_override:/usr/lib/python3/dist-packages/colcon_core/task/python/colcon_distutils_commands:/home/jordan/G25_RS1/RS1-Gr25/install/beer_fire_detection/lib/python3.10/site-packages:${PYTHONPATH} /usr/bin/python3 -W ignore:setup.py install is deprecated -W ignore:easy_install command is deprecated setup.py develop --editable --build-directory /home/jordan/G25_RS1/RS1-Gr25/build/beer_fire_detection/build --no-deps
[3.505s] Level 1:colcon.colcon_core.shell:create_environment_hook('beer_fire_detection', 'pythonpath_develop')
[3.505s] INFO:colcon.colcon_core.shell:Creating environment hook '/home/jordan/G25_RS1/RS1-Gr25/build/beer_fire_detection/share/beer_fire_detection/hook/pythonpath_develop.ps1'
[3.506s] DEBUG:colcon.colcon_core.event_handler.log_command:Invoked command in '/home/jordan/G25_RS1/RS1-Gr25/build/beer_fire_detection' returned '0': PYTHONPATH=/home/jordan/G25_RS1/RS1-Gr25/build/beer_fire_detection/prefix_override:/usr/lib/python3/dist-packages/colcon_core/task/python/colcon_distutils_commands:/home/jordan/G25_RS1/RS1-Gr25/install/beer_fire_detection/lib/python3.10/site-packages:${PYTHONPATH} /usr/bin/python3 -W ignore:setup.py install is deprecated -W ignore:easy_install command is deprecated setup.py develop --editable --build-directory /home/jordan/G25_RS1/RS1-Gr25/build/beer_fire_detection/build --no-deps
[3.508s] INFO:colcon.colcon_core.shell:Creating environment descriptor '/home/jordan/G25_RS1/RS1-Gr25/build/beer_fire_detection/share/beer_fire_detection/hook/pythonpath_develop.dsv'
[3.510s] INFO:colcon.colcon_core.shell:Creating environment hook '/home/jordan/G25_RS1/RS1-Gr25/build/beer_fire_detection/share/beer_fire_detection/hook/pythonpath_develop.sh'
[3.515s] Level 1:colcon.colcon_core.environment:checking '/home/jordan/G25_RS1/RS1-Gr25/install/beer_fire_detection' for CMake module files
[3.515s] Level 1:colcon.colcon_core.environment:checking '/home/jordan/G25_RS1/RS1-Gr25/install/beer_fire_detection' for CMake config files
[3.517s] Level 1:colcon.colcon_core.environment:checking '/home/jordan/G25_RS1/RS1-Gr25/install/beer_fire_detection/lib'
[3.517s] Level 1:colcon.colcon_core.environment:checking '/home/jordan/G25_RS1/RS1-Gr25/install/beer_fire_detection/bin'
[3.518s] Level 1:colcon.colcon_core.shell:create_environment_hook('beer_fire_detection', 'path')
[3.518s] INFO:colcon.colcon_core.shell:Creating environment hook '/home/jordan/G25_RS1/RS1-Gr25/install/beer_fire_detection/share/beer_fire_detection/hook/path.ps1'
[3.521s] INFO:colcon.colcon_core.shell:Creating environment descriptor '/home/jordan/G25_RS1/RS1-Gr25/install/beer_fire_detection/share/beer_fire_detection/hook/path.dsv'
[3.523s] INFO:colcon.colcon_core.shell:Creating environment hook '/home/jordan/G25_RS1/RS1-Gr25/install/beer_fire_detection/share/beer_fire_detection/hook/path.sh'
[3.523s] Level 1:colcon.colcon_core.environment:checking '/home/jordan/G25_RS1/RS1-Gr25/install/beer_fire_detection/lib/pkgconfig/beer_fire_detection.pc'
[3.524s] Level 1:colcon.colcon_core.environment:checking '/home/jordan/G25_RS1/RS1-Gr25/install/beer_fire_detection/lib/python3.10/site-packages'
[3.524s] Level 1:colcon.colcon_core.shell:create_environment_hook('beer_fire_detection', 'pythonpath')
[3.524s] INFO:colcon.colcon_core.shell:Creating environment hook '/home/jordan/G25_RS1/RS1-Gr25/install/beer_fire_detection/share/beer_fire_detection/hook/pythonpath.ps1'
[3.525s] INFO:colcon.colcon_core.shell:Creating environment descriptor '/home/jordan/G25_RS1/RS1-Gr25/install/beer_fire_detection/share/beer_fire_detection/hook/pythonpath.dsv'
[3.525s] INFO:colcon.colcon_core.shell:Creating environment hook '/home/jordan/G25_RS1/RS1-Gr25/install/beer_fire_detection/share/beer_fire_detection/hook/pythonpath.sh'
[3.526s] Level 1:colcon.colcon_core.environment:checking '/home/jordan/G25_RS1/RS1-Gr25/install/beer_fire_detection/bin'
[3.527s] Level 1:colcon.colcon_core.shell:create_environment_hook('beer_fire_detection', 'pythonscriptspath')
[3.527s] INFO:colcon.colcon_core.shell:Creating environment hook '/home/jordan/G25_RS1/RS1-Gr25/install/beer_fire_detection/share/beer_fire_detection/hook/pythonscriptspath.ps1'
[3.527s] INFO:colcon.colcon_core.shell:Creating environment descriptor '/home/jordan/G25_RS1/RS1-Gr25/install/beer_fire_detection/share/beer_fire_detection/hook/pythonscriptspath.dsv'
[3.528s] INFO:colcon.colcon_core.shell:Creating environment hook '/home/jordan/G25_RS1/RS1-Gr25/install/beer_fire_detection/share/beer_fire_detection/hook/pythonscriptspath.sh'
[3.528s] Level 1:colcon.colcon_core.environment:create_environment_scripts_only(beer_fire_detection)
[3.529s] INFO:colcon.colcon_core.shell:Creating package script '/home/jordan/G25_RS1/RS1-Gr25/install/beer_fire_detection/share/beer_fire_detection/package.ps1'
[3.530s] INFO:colcon.colcon_core.shell:Creating package descriptor '/home/jordan/G25_RS1/RS1-Gr25/install/beer_fire_detection/share/beer_fire_detection/package.dsv'
[3.531s] INFO:colcon.colcon_core.shell:Creating package script '/home/jordan/G25_RS1/RS1-Gr25/install/beer_fire_detection/share/beer_fire_detection/package.sh'
[3.532s] INFO:colcon.colcon_core.shell:Creating package script '/home/jordan/G25_RS1/RS1-Gr25/install/beer_fire_detection/share/beer_fire_detection/package.bash'
[3.534s] INFO:colcon.colcon_core.shell:Creating package script '/home/jordan/G25_RS1/RS1-Gr25/install/beer_fire_detection/share/beer_fire_detection/package.zsh'
[3.536s] Level 1:colcon.colcon_core.environment:create_file_with_runtime_dependencies(/home/jordan/G25_RS1/RS1-Gr25/install/beer_fire_detection/share/colcon-core/packages/beer_fire_detection)
[3.537s] INFO:colcon.colcon_ros.task.ament_cmake.build:Building ROS package in '/home/jordan/G25_RS1/RS1-Gr25/src/41068_ignition_bringup_v1/41068_ignition_bringup' with build type 'ament_cmake'
[3.538s] INFO:colcon.colcon_cmake.task.cmake.build:Building CMake package in '/home/jordan/G25_RS1/RS1-Gr25/src/41068_ignition_bringup_v1/41068_ignition_bringup'
[3.538s] INFO:colcon.colcon_core.shell:Skip shell extension 'powershell' for command environment: Not usable outside of PowerShell
[3.539s] DEBUG:colcon.colcon_core.shell:Skip shell extension 'dsv' for command environment
[3.560s] DEBUG:colcon.colcon_core.event_handler.log_command:Invoking command in '/home/jordan/G25_RS1/RS1-Gr25/build/41068_ignition_bringup': CMAKE_PREFIX_PATH=${CMAKE_PREFIX_PATH}:/opt/ros/humble PATH=/home/jordan/G25_RS1/RS1-Gr25/install/beer_fire_detection/bin:${PATH} PYTHONPATH=/home/jordan/G25_RS1/RS1-Gr25/build/beer_fire_detection:/home/jordan/G25_RS1/RS1-Gr25/install/beer_fire_detection/lib/python3.10/site-packages:${PYTHONPATH} /usr/bin/cmake --build /home/jordan/G25_RS1/RS1-Gr25/build/41068_ignition_bringup -- -j6 -l6
[5.036s] DEBUG:colcon.colcon_core.event_handler.log_command:Invoked command in '/home/jordan/G25_RS1/RS1-Gr25/build/41068_ignition_bringup' returned '0': CMAKE_PREFIX_PATH=${CMAKE_PREFIX_PATH}:/opt/ros/humble PATH=/home/jordan/G25_RS1/RS1-Gr25/install/beer_fire_detection/bin:${PATH} PYTHONPATH=/home/jordan/G25_RS1/RS1-Gr25/build/beer_fire_detection:/home/jordan/G25_RS1/RS1-Gr25/install/beer_fire_detection/lib/python3.10/site-packages:${PYTHONPATH} /usr/bin/cmake --build /home/jordan/G25_RS1/RS1-Gr25/build/41068_ignition_bringup -- -j6 -l6
[5.047s] DEBUG:colcon.colcon_core.event_handler.log_command:Invoking command in '/home/jordan/G25_RS1/RS1-Gr25/build/41068_ignition_bringup': CMAKE_PREFIX_PATH=${CMAKE_PREFIX_PATH}:/opt/ros/humble PATH=/home/jordan/G25_RS1/RS1-Gr25/install/beer_fire_detection/bin:${PATH} PYTHONPATH=/home/jordan/G25_RS1/RS1-Gr25/build/beer_fire_detection:/home/jordan/G25_RS1/RS1-Gr25/install/beer_fire_detection/lib/python3.10/site-packages:${PYTHONPATH} /usr/bin/cmake --install /home/jordan/G25_RS1/RS1-Gr25/build/41068_ignition_bringup
[5.195s] Level 1:colcon.colcon_core.environment:create_environment_scripts_only(41068_ignition_bringup)
[5.195s] Level 1:colcon.colcon_core.environment:checking '/home/jordan/G25_RS1/RS1-Gr25/install/41068_ignition_bringup' for CMake module files
[5.197s] DEBUG:colcon.colcon_core.event_handler.log_command:Invoked command in '/home/jordan/G25_RS1/RS1-Gr25/build/41068_ignition_bringup' returned '0': CMAKE_PREFIX_PATH=${CMAKE_PREFIX_PATH}:/opt/ros/humble PATH=/home/jordan/G25_RS1/RS1-Gr25/install/beer_fire_detection/bin:${PATH} PYTHONPATH=/home/jordan/G25_RS1/RS1-Gr25/build/beer_fire_detection:/home/jordan/G25_RS1/RS1-Gr25/install/beer_fire_detection/lib/python3.10/site-packages:${PYTHONPATH} /usr/bin/cmake --install /home/jordan/G25_RS1/RS1-Gr25/build/41068_ignition_bringup
[5.198s] Level 1:colcon.colcon_core.environment:checking '/home/jordan/G25_RS1/RS1-Gr25/install/41068_ignition_bringup' for CMake config files
[5.199s] Level 1:colcon.colcon_core.shell:create_environment_hook('41068_ignition_bringup', 'cmake_prefix_path')
[5.199s] INFO:colcon.colcon_core.shell:Creating environment hook '/home/jordan/G25_RS1/RS1-Gr25/install/41068_ignition_bringup/share/41068_ignition_bringup/hook/cmake_prefix_path.ps1'
[5.200s] INFO:colcon.colcon_core.shell:Creating environment descriptor '/home/jordan/G25_RS1/RS1-Gr25/install/41068_ignition_bringup/share/41068_ignition_bringup/hook/cmake_prefix_path.dsv'
[5.202s] INFO:colcon.colcon_core.shell:Creating environment hook '/home/jordan/G25_RS1/RS1-Gr25/install/41068_ignition_bringup/share/41068_ignition_bringup/hook/cmake_prefix_path.sh'
[5.203s] Level 1:colcon.colcon_core.environment:checking '/home/jordan/G25_RS1/RS1-Gr25/install/41068_ignition_bringup/lib'
[5.204s] Level 1:colcon.colcon_core.environment:checking '/home/jordan/G25_RS1/RS1-Gr25/install/41068_ignition_bringup/bin'
[5.204s] Level 1:colcon.colcon_core.environment:checking '/home/jordan/G25_RS1/RS1-Gr25/install/41068_ignition_bringup/lib/pkgconfig/41068_ignition_bringup.pc'
[5.205s] Level 1:colcon.colcon_core.environment:checking '/home/jordan/G25_RS1/RS1-Gr25/install/41068_ignition_bringup/lib/python3.10/site-packages'
[5.205s] Level 1:colcon.colcon_core.environment:checking '/home/jordan/G25_RS1/RS1-Gr25/install/41068_ignition_bringup/bin'
[5.206s] INFO:colcon.colcon_core.shell:Creating package script '/home/jordan/G25_RS1/RS1-Gr25/install/41068_ignition_bringup/share/41068_ignition_bringup/package.ps1'
[5.208s] INFO:colcon.colcon_core.shell:Creating package descriptor '/home/jordan/G25_RS1/RS1-Gr25/install/41068_ignition_bringup/share/41068_ignition_bringup/package.dsv'
[5.209s] INFO:colcon.colcon_core.shell:Creating package script '/home/jordan/G25_RS1/RS1-Gr25/install/41068_ignition_bringup/share/41068_ignition_bringup/package.sh'
[5.210s] INFO:colcon.colcon_core.shell:Creating package script '/home/jordan/G25_RS1/RS1-Gr25/install/41068_ignition_bringup/share/41068_ignition_bringup/package.bash'
[5.210s] INFO:colcon.colcon_core.shell:Creating package script '/home/jordan/G25_RS1/RS1-Gr25/install/41068_ignition_bringup/share/41068_ignition_bringup/package.zsh'
[5.211s] Level 1:colcon.colcon_core.environment:create_file_with_runtime_dependencies(/home/jordan/G25_RS1/RS1-Gr25/install/41068_ignition_bringup/share/colcon-core/packages/41068_ignition_bringup)
[5.212s] Level 1:colcon.colcon_core.environment:create_environment_scripts_only(41068_ignition_bringup)
[5.212s] Level 1:colcon.colcon_core.environment:checking '/home/jordan/G25_RS1/RS1-Gr25/install/41068_ignition_bringup' for CMake module files
[5.213s] Level 1:colcon.colcon_core.environment:checking '/home/jordan/G25_RS1/RS1-Gr25/install/41068_ignition_bringup' for CMake config files
[5.214s] Level 1:colcon.colcon_core.shell:create_environment_hook('41068_ignition_bringup', 'cmake_prefix_path')
[5.214s] INFO:colcon.colcon_core.shell:Creating environment hook '/home/jordan/G25_RS1/RS1-Gr25/install/41068_ignition_bringup/share/41068_ignition_bringup/hook/cmake_prefix_path.ps1'
[5.215s] INFO:colcon.colcon_core.shell:Creating environment descriptor '/home/jordan/G25_RS1/RS1-Gr25/install/41068_ignition_bringup/share/41068_ignition_bringup/hook/cmake_prefix_path.dsv'
[5.216s] INFO:colcon.colcon_core.shell:Creating environment hook '/home/jordan/G25_RS1/RS1-Gr25/install/41068_ignition_bringup/share/41068_ignition_bringup/hook/cmake_prefix_path.sh'
[5.217s] Level 1:colcon.colcon_core.environment:checking '/home/jordan/G25_RS1/RS1-Gr25/install/41068_ignition_bringup/lib'
[5.218s] Level 1:colcon.colcon_core.environment:checking '/home/jordan/G25_RS1/RS1-Gr25/install/41068_ignition_bringup/bin'
[5.218s] Level 1:colcon.colcon_core.environment:checking '/home/jordan/G25_RS1/RS1-Gr25/install/41068_ignition_bringup/lib/pkgconfig/41068_ignition_bringup.pc'
[5.219s] Level 1:colcon.colcon_core.environment:checking '/home/jordan/G25_RS1/RS1-Gr25/install/41068_ignition_bringup/lib/python3.10/site-packages'
[5.220s] Level 1:colcon.colcon_core.environment:checking '/home/jordan/G25_RS1/RS1-Gr25/install/41068_ignition_bringup/bin'
[5.220s] INFO:colcon.colcon_core.shell:Creating package script '/home/jordan/G25_RS1/RS1-Gr25/install/41068_ignition_bringup/share/41068_ignition_bringup/package.ps1'
[5.221s] INFO:colcon.colcon_core.shell:Creating package descriptor '/home/jordan/G25_RS1/RS1-Gr25/install/41068_ignition_bringup/share/41068_ignition_bringup/package.dsv'
[5.222s] INFO:colcon.colcon_core.shell:Creating package script '/home/jordan/G25_RS1/RS1-Gr25/install/41068_ignition_bringup/share/41068_ignition_bringup/package.sh'
[5.223s] INFO:colcon.colcon_core.shell:Creating package script '/home/jordan/G25_RS1/RS1-Gr25/install/41068_ignition_bringup/share/41068_ignition_bringup/package.bash'
[5.224s] INFO:colcon.colcon_core.shell:Creating package script '/home/jordan/G25_RS1/RS1-Gr25/install/41068_ignition_bringup/share/41068_ignition_bringup/package.zsh'
[5.224s] Level 1:colcon.colcon_core.environment:create_file_with_runtime_dependencies(/home/jordan/G25_RS1/RS1-Gr25/install/41068_ignition_bringup/share/colcon-core/packages/41068_ignition_bringup)
[5.225s] DEBUG:colcon.colcon_parallel_executor.executor.parallel:closing loop
[5.226s] DEBUG:colcon.colcon_parallel_executor.executor.parallel:loop closed
[5.226s] DEBUG:colcon.colcon_parallel_executor.executor.parallel:run_until_complete finished with '0'
[5.226s] DEBUG:colcon.colcon_core.event_reactor:joining thread
[5.243s] INFO:colcon.colcon_core.plugin_system:Skipping extension 'colcon_notification.desktop_notification.notify_send': Could not find 'notify-send'
[5.243s] INFO:colcon.colcon_core.plugin_system:Skipping extension 'colcon_notification.desktop_notification.terminal_notifier': Not used on non-Darwin systems
[5.243s] INFO:colcon.colcon_core.plugin_system:Skipping extension 'colcon_notification.desktop_notification.win32': Not used on non-Windows systems
[5.244s] INFO:colcon.colcon_notification.desktop_notification:Sending desktop notification using 'notify2'
[5.248s] DEBUG:colcon.colcon_notification.desktop_notification.notify2:Failed to initialize notify2: org.freedesktop.DBus.Error.ServiceUnknown: The name org.freedesktop.Notifications was not provided by any .service files
[5.248s] DEBUG:colcon.colcon_core.event_reactor:joined thread
[5.248s] INFO:colcon.colcon_core.shell:Creating prefix script '/home/jordan/G25_RS1/RS1-Gr25/install/local_setup.ps1'
[5.250s] INFO:colcon.colcon_core.shell:Creating prefix util module '/home/jordan/G25_RS1/RS1-Gr25/install/_local_setup_util_ps1.py'
[5.255s] INFO:colcon.colcon_core.shell:Creating prefix chain script '/home/jordan/G25_RS1/RS1-Gr25/install/setup.ps1'
[5.257s] INFO:colcon.colcon_core.shell:Creating prefix script '/home/jordan/G25_RS1/RS1-Gr25/install/local_setup.sh'
[5.259s] INFO:colcon.colcon_core.shell:Creating prefix util module '/home/jordan/G25_RS1/RS1-Gr25/install/_local_setup_util_sh.py'
[5.261s] INFO:colcon.colcon_core.shell:Creating prefix chain script '/home/jordan/G25_RS1/RS1-Gr25/install/setup.sh'
[5.263s] INFO:colcon.colcon_core.shell:Creating prefix script '/home/jordan/G25_RS1/RS1-Gr25/install/local_setup.bash'
[5.266s] INFO:colcon.colcon_core.shell:Creating prefix chain script '/home/jordan/G25_RS1/RS1-Gr25/install/setup.bash'
[5.272s] INFO:colcon.colcon_core.shell:Creating prefix script '/home/jordan/G25_RS1/RS1-Gr25/install/local_setup.zsh'
[5.274s] INFO:colcon.colcon_core.shell:Creating prefix chain script '/home/jordan/G25_RS1/RS1-Gr25/install/setup.zsh'
