[0.074s] Invoking command in '/home/jordan/G25_RS1/RS1-Gr25/build/41068_ignition_bringup': CMAKE_PREFIX_PATH=/opt/ros/humble /usr/bin/cmake /home/jordan/G25_RS1/RS1-Gr25/src/41068_ignition_bringup_v1/41068_ignition_bringup -DAMENT_CMAKE_SYMLINK_INSTALL=1 -DCMAKE_INSTALL_PREFIX=/home/jordan/G25_RS1/RS1-Gr25/install/41068_ignition_bringup
[1.928s] -- The C compiler identification is GNU 11.4.0
[3.155s] -- The CXX compiler identification is GNU 11.4.0
[3.272s] -- Detecting C compiler ABI info
[3.633s] -- Detecting C compiler ABI info - done
[3.654s] -- Check for working C compiler: /usr/bin/cc - skipped
[3.657s] -- Detecting C compile features
[3.659s] -- Detecting C compile features - done
[3.670s] -- Detecting CXX compiler ABI info
[3.967s] -- Detecting CXX compiler ABI info - done
[3.981s] -- Check for working CXX compiler: /usr/bin/c++ - skipped
[3.982s] -- Detecting CXX compile features
[3.983s] -- Detecting CXX compile features - done
[4.025s] -- Found ament_cmake: 1.3.14 (/opt/ros/humble/share/ament_cmake/cmake)
[4.610s] -- Found Python3: /usr/bin/python3 (found version "3.10.12") found components: Interpreter 
[4.916s] -- Override CMake install command with custom implementation using symlinks instead of copying resources
[5.124s] -- Found ros_ign_interfaces: 0.244.25 (/opt/ros/humble/share/ros_ign_interfaces/cmake)
[5.371s] -- Found rosidl_generator_c: 3.1.9 (/opt/ros/humble/share/rosidl_generator_c/cmake)
[5.401s] -- Found rosidl_adapter: 3.1.9 (/opt/ros/humble/share/rosidl_adapter/cmake)
[5.453s] -- Found rosidl_generator_cpp: 3.1.9 (/opt/ros/humble/share/rosidl_generator_cpp/cmake)
[5.532s] -- Using all available rosidl_typesupport_c: rosidl_typesupport_fastrtps_c;rosidl_typesupport_introspection_c
[5.602s] -- Using all available rosidl_typesupport_cpp: rosidl_typesupport_fastrtps_cpp;rosidl_typesupport_introspection_cpp
[6.239s] WARNING: Package name "41068_ignition_bringup" does not follow the naming conventions. It should start with a lower case letter and only contain lower case letters, digits, underscores, and dashes.
[6.264s] -- Found ament_lint_auto: 0.12.15 (/opt/ros/humble/share/ament_lint_auto/cmake)
[6.386s] WARNING: Package name "41068_ignition_bringup" does not follow the naming conventions. It should start with a lower case letter and only contain lower case letters, digits, underscores, and dashes.
[6.489s] -- Added test 'copyright' to check source files copyright and LICENSE
[6.516s] -- Added test 'flake8' to check Python code syntax and style conventions
[6.520s] -- Added test 'lint_cmake' to check CMake code style
[6.526s] -- Added test 'pep257' to check Python code against some of the docstring style conventions in PEP 257
[6.537s] -- Added test 'xmllint' to check XML markup files
[6.546s] -- Configuring done
[6.591s] -- Generating done
[6.607s] -- Build files have been written to: /home/jordan/G25_RS1/RS1-Gr25/build/41068_ignition_bringup
[6.626s] Invoked command in '/home/jordan/G25_RS1/RS1-Gr25/build/41068_ignition_bringup' returned '0': CMAKE_PREFIX_PATH=/opt/ros/humble /usr/bin/cmake /home/jordan/G25_RS1/RS1-Gr25/src/41068_ignition_bringup_v1/41068_ignition_bringup -DAMENT_CMAKE_SYMLINK_INSTALL=1 -DCMAKE_INSTALL_PREFIX=/home/jordan/G25_RS1/RS1-Gr25/install/41068_ignition_bringup
[6.634s] Invoking command in '/home/jordan/G25_RS1/RS1-Gr25/build/41068_ignition_bringup': CMAKE_PREFIX_PATH=/opt/ros/humble /usr/bin/cmake --build /home/jordan/G25_RS1/RS1-Gr25/build/41068_ignition_bringup -- -j6 -l6
[6.790s] Built target ament_cmake_python_symlink_rs1_nav
[7.554s] running egg_info
[7.555s] creating rs1_nav.egg-info
[7.557s] writing rs1_nav.egg-info/PKG-INFO
[7.560s] writing dependency_links to rs1_nav.egg-info/dependency_links.txt
[7.562s] writing top-level names to rs1_nav.egg-info/top_level.txt
[7.563s] writing manifest file 'rs1_nav.egg-info/SOURCES.txt'
[7.571s] reading manifest file 'rs1_nav.egg-info/SOURCES.txt'
[7.573s] writing manifest file 'rs1_nav.egg-info/SOURCES.txt'
[7.647s] Built target ament_cmake_python_build_rs1_nav_egg
[7.670s] Invoked command in '/home/jordan/G25_RS1/RS1-Gr25/build/41068_ignition_bringup' returned '0': CMAKE_PREFIX_PATH=/opt/ros/humble /usr/bin/cmake --build /home/jordan/G25_RS1/RS1-Gr25/build/41068_ignition_bringup -- -j6 -l6
[7.691s] Invoking command in '/home/jordan/G25_RS1/RS1-Gr25/build/41068_ignition_bringup': CMAKE_PREFIX_PATH=/opt/ros/humble /usr/bin/cmake --install /home/jordan/G25_RS1/RS1-Gr25/build/41068_ignition_bringup
[7.706s] -- Install configuration: ""
[7.708s] -- Execute custom install script
[7.717s] -- Symlinking: /home/jordan/G25_RS1/RS1-Gr25/install/41068_ignition_bringup/share/41068_ignition_bringup/config/41068.rviz
[7.736s] -- Symlinking: /home/jordan/G25_RS1/RS1-Gr25/install/41068_ignition_bringup/share/41068_ignition_bringup/config/41068_husky1.rviz
[7.753s] -- Symlinking: /home/jordan/G25_RS1/RS1-Gr25/install/41068_ignition_bringup/share/41068_ignition_bringup/config/41068_parrot1.rviz
[7.773s] -- Symlinking: /home/jordan/G25_RS1/RS1-Gr25/install/41068_ignition_bringup/share/41068_ignition_bringup/config/gazebo_bridge_clock.yaml
[7.796s] -- Symlinking: /home/jordan/G25_RS1/RS1-Gr25/install/41068_ignition_bringup/share/41068_ignition_bringup/config/gazebo_bridge_husky.yaml
[7.822s] -- Symlinking: /home/jordan/G25_RS1/RS1-Gr25/install/41068_ignition_bringup/share/41068_ignition_bringup/config/gazebo_bridge_husky1.yaml
[7.849s] -- Symlinking: /home/jordan/G25_RS1/RS1-Gr25/install/41068_ignition_bringup/share/41068_ignition_bringup/config/gazebo_bridge_parrot.yaml
[7.873s] -- Symlinking: /home/jordan/G25_RS1/RS1-Gr25/install/41068_ignition_bringup/share/41068_ignition_bringup/config/gazebo_bridge_parrot1.yaml
[7.895s] -- Symlinking: /home/jordan/G25_RS1/RS1-Gr25/install/41068_ignition_bringup/share/41068_ignition_bringup/config/ignition_server.config
[7.912s] -- Symlinking: /home/jordan/G25_RS1/RS1-Gr25/install/41068_ignition_bringup/share/41068_ignition_bringup/config/nav2_params.yaml
[7.932s] -- Symlinking: /home/jordan/G25_RS1/RS1-Gr25/install/41068_ignition_bringup/share/41068_ignition_bringup/config/nav2_params_husky1.yaml
[7.954s] -- Symlinking: /home/jordan/G25_RS1/RS1-Gr25/install/41068_ignition_bringup/share/41068_ignition_bringup/config/nav2_params_parrot1.yaml
[7.971s] -- Symlinking: /home/jordan/G25_RS1/RS1-Gr25/install/41068_ignition_bringup/share/41068_ignition_bringup/config/robot_localization.yaml
[7.989s] -- Symlinking: /home/jordan/G25_RS1/RS1-Gr25/install/41068_ignition_bringup/share/41068_ignition_bringup/config/robot_localization_husky1.yaml
[8.007s] -- Symlinking: /home/jordan/G25_RS1/RS1-Gr25/install/41068_ignition_bringup/share/41068_ignition_bringup/config/robot_localization_parrot1.yaml
[8.032s] -- Symlinking: /home/jordan/G25_RS1/RS1-Gr25/install/41068_ignition_bringup/share/41068_ignition_bringup/config/slam_params.yaml
[8.059s] -- Symlinking: /home/jordan/G25_RS1/RS1-Gr25/install/41068_ignition_bringup/share/41068_ignition_bringup/config/slam_params_husky1.yaml
[8.080s] -- Symlinking: /home/jordan/G25_RS1/RS1-Gr25/install/41068_ignition_bringup/share/41068_ignition_bringup/config/slam_params_parrot1.yaml
[8.097s] -- Symlinking: /home/jordan/G25_RS1/RS1-Gr25/install/41068_ignition_bringup/share/41068_ignition_bringup/launch/41068_autonomy_demo.launch.py
[8.116s] -- Symlinking: /home/jordan/G25_RS1/RS1-Gr25/install/41068_ignition_bringup/share/41068_ignition_bringup/launch/41068_dynamic_world_demo.launch.py
[8.141s] -- Symlinking: /home/jordan/G25_RS1/RS1-Gr25/install/41068_ignition_bringup/share/41068_ignition_bringup/launch/41068_ignition.launch.py
[8.163s] -- Symlinking: /home/jordan/G25_RS1/RS1-Gr25/install/41068_ignition_bringup/share/41068_ignition_bringup/launch/41068_ignition_husky.launch.py
[8.180s] -- Symlinking: /home/jordan/G25_RS1/RS1-Gr25/install/41068_ignition_bringup/share/41068_ignition_bringup/launch/41068_ignition_parrot.launch.py
[8.197s] -- Symlinking: /home/jordan/G25_RS1/RS1-Gr25/install/41068_ignition_bringup/share/41068_ignition_bringup/launch/41068_navigation.launch.py
[8.214s] -- Symlinking: /home/jordan/G25_RS1/RS1-Gr25/install/41068_ignition_bringup/share/41068_ignition_bringup/launch/__pycache__/41068_autonomy_demo.launch.cpython-310.pyc
[8.232s] -- Symlinking: /home/jordan/G25_RS1/RS1-Gr25/install/41068_ignition_bringup/share/41068_ignition_bringup/launch/__pycache__/41068_autonomy_demo.launch.cpython-313.pyc
[8.252s] -- Symlinking: /home/jordan/G25_RS1/RS1-Gr25/install/41068_ignition_bringup/share/41068_ignition_bringup/launch/__pycache__/41068_dynamic_world_demo.launch.cpython-313.pyc
[8.270s] -- Symlinking: /home/jordan/G25_RS1/RS1-Gr25/install/41068_ignition_bringup/share/41068_ignition_bringup/launch/__pycache__/41068_ignition.launch.cpython-310.pyc
[8.287s] -- Symlinking: /home/jordan/G25_RS1/RS1-Gr25/install/41068_ignition_bringup/share/41068_ignition_bringup/launch/__pycache__/41068_ignition.launch.cpython-313.pyc
[8.304s] -- Symlinking: /home/jordan/G25_RS1/RS1-Gr25/install/41068_ignition_bringup/share/41068_ignition_bringup/launch/__pycache__/41068_ignition_husky.launch.cpython-310.pyc
[8.329s] -- Symlinking: /home/jordan/G25_RS1/RS1-Gr25/install/41068_ignition_bringup/share/41068_ignition_bringup/launch/__pycache__/41068_ignition_husky.launch.cpython-313.pyc
[8.352s] -- Symlinking: /home/jordan/G25_RS1/RS1-Gr25/install/41068_ignition_bringup/share/41068_ignition_bringup/launch/__pycache__/41068_ignition_parrot.launch.cpython-313.pyc
[8.377s] -- Symlinking: /home/jordan/G25_RS1/RS1-Gr25/install/41068_ignition_bringup/share/41068_ignition_bringup/launch/__pycache__/41068_navigation.launch.cpython-313.pyc
[8.399s] -- Symlinking: /home/jordan/G25_RS1/RS1-Gr25/install/41068_ignition_bringup/share/41068_ignition_bringup/launch/beer_sensor_demo.launch.py
[8.428s] -- Symlinking: /home/jordan/G25_RS1/RS1-Gr25/install/41068_ignition_bringup/share/41068_ignition_bringup/models/custom_ground_plane/materials/forest_overhead.png
[8.455s] -- Symlinking: /home/jordan/G25_RS1/RS1-Gr25/install/41068_ignition_bringup/share/41068_ignition_bringup/models/custom_ground_plane/materials/normalmap.png
[8.477s] -- Symlinking: /home/jordan/G25_RS1/RS1-Gr25/install/41068_ignition_bringup/share/41068_ignition_bringup/models/custom_ground_plane/materials/pitchmap3.png
[8.497s] -- Symlinking: /home/jordan/G25_RS1/RS1-Gr25/install/41068_ignition_bringup/share/41068_ignition_bringup/models/custom_ground_plane/model.config
[8.514s] -- Symlinking: /home/jordan/G25_RS1/RS1-Gr25/install/41068_ignition_bringup/share/41068_ignition_bringup/models/custom_ground_plane/model.sdf
[8.537s] -- Symlinking: /home/jordan/G25_RS1/RS1-Gr25/install/41068_ignition_bringup/share/41068_ignition_bringup/models/fire/materials/fire_transparent.png
[8.560s] -- Symlinking: /home/jordan/G25_RS1/RS1-Gr25/install/41068_ignition_bringup/share/41068_ignition_bringup/models/fire/model.config
[8.593s] -- Symlinking: /home/jordan/G25_RS1/RS1-Gr25/install/41068_ignition_bringup/share/41068_ignition_bringup/models/fire/model.sdf
[8.618s] -- Symlinking: /home/jordan/G25_RS1/RS1-Gr25/install/41068_ignition_bringup/share/41068_ignition_bringup/models/flat_custom_ground_plane/materials/forest_overhead_plain.png
[8.640s] -- Symlinking: /home/jordan/G25_RS1/RS1-Gr25/install/41068_ignition_bringup/share/41068_ignition_bringup/models/flat_custom_ground_plane/model.config
[8.664s] -- Symlinking: /home/jordan/G25_RS1/RS1-Gr25/install/41068_ignition_bringup/share/41068_ignition_bringup/models/flat_custom_ground_plane/model.sdf
[8.688s] -- Symlinking: /home/jordan/G25_RS1/RS1-Gr25/install/41068_ignition_bringup/share/41068_ignition_bringup/models/forest_plane/materials/textures/empty_grass.png
[8.707s] -- Symlinking: /home/jordan/G25_RS1/RS1-Gr25/install/41068_ignition_bringup/share/41068_ignition_bringup/models/forest_plane/materials/textures/forest_overhead.png
[8.723s] -- Symlinking: /home/jordan/G25_RS1/RS1-Gr25/install/41068_ignition_bringup/share/41068_ignition_bringup/models/forest_plane/materials/textures/forest_overhead_plain.png
[8.741s] -- Symlinking: /home/jordan/G25_RS1/RS1-Gr25/install/41068_ignition_bringup/share/41068_ignition_bringup/models/forest_plane/materials/textures/leaf_litter.png
[8.756s] -- Symlinking: /home/jordan/G25_RS1/RS1-Gr25/install/41068_ignition_bringup/share/41068_ignition_bringup/models/forest_plane/model.config
[8.772s] -- Symlinking: /home/jordan/G25_RS1/RS1-Gr25/install/41068_ignition_bringup/share/41068_ignition_bringup/models/forest_plane/model.sdf
[8.791s] -- Symlinking: /home/jordan/G25_RS1/RS1-Gr25/install/41068_ignition_bringup/share/41068_ignition_bringup/models/forest_wall/materials/textures/forest_wall.png
[8.806s] -- Symlinking: /home/jordan/G25_RS1/RS1-Gr25/install/41068_ignition_bringup/share/41068_ignition_bringup/models/forest_wall/materials/textures/forest_wall_transparent.png
[8.825s] -- Symlinking: /home/jordan/G25_RS1/RS1-Gr25/install/41068_ignition_bringup/share/41068_ignition_bringup/models/forest_wall/materials/textures/forest_wall_transparent_small.png
[8.841s] -- Symlinking: /home/jordan/G25_RS1/RS1-Gr25/install/41068_ignition_bringup/share/41068_ignition_bringup/models/forest_wall/model.config
[8.857s] -- Symlinking: /home/jordan/G25_RS1/RS1-Gr25/install/41068_ignition_bringup/share/41068_ignition_bringup/models/forest_wall/model.sdf
[8.880s] -- Symlinking: /home/jordan/G25_RS1/RS1-Gr25/install/41068_ignition_bringup/share/41068_ignition_bringup/models/grass_plane/materials/textures/empty_grass.png
[8.908s] -- Symlinking: /home/jordan/G25_RS1/RS1-Gr25/install/41068_ignition_bringup/share/41068_ignition_bringup/models/grass_plane/model.config
[8.934s] -- Symlinking: /home/jordan/G25_RS1/RS1-Gr25/install/41068_ignition_bringup/share/41068_ignition_bringup/models/grass_plane/model.sdf
[8.963s] -- Symlinking: /home/jordan/G25_RS1/RS1-Gr25/install/41068_ignition_bringup/share/41068_ignition_bringup/models/tree_burning/model.config
[8.989s] -- Symlinking: /home/jordan/G25_RS1/RS1-Gr25/install/41068_ignition_bringup/share/41068_ignition_bringup/models/tree_burning/model.sdf
[9.014s] -- Symlinking: /home/jordan/G25_RS1/RS1-Gr25/install/41068_ignition_bringup/share/41068_ignition_bringup/urdf_husky/common_properties.urdf.xacro
[9.039s] -- Symlinking: /home/jordan/G25_RS1/RS1-Gr25/install/41068_ignition_bringup/share/41068_ignition_bringup/urdf_husky/husky.gazebo.xacro
[9.060s] -- Symlinking: /home/jordan/G25_RS1/RS1-Gr25/install/41068_ignition_bringup/share/41068_ignition_bringup/urdf_husky/husky.urdf.xacro
[9.090s] -- Symlinking: /home/jordan/G25_RS1/RS1-Gr25/install/41068_ignition_bringup/share/41068_ignition_bringup/urdf_husky/meshes/base_link.dae
[9.111s] -- Symlinking: /home/jordan/G25_RS1/RS1-Gr25/install/41068_ignition_bringup/share/41068_ignition_bringup/urdf_husky/meshes/bumper.dae
[9.133s] -- Symlinking: /home/jordan/G25_RS1/RS1-Gr25/install/41068_ignition_bringup/share/41068_ignition_bringup/urdf_husky/meshes/jpl04_arch_nosensor.stl
[9.154s] -- Symlinking: /home/jordan/G25_RS1/RS1-Gr25/install/41068_ignition_bringup/share/41068_ignition_bringup/urdf_husky/meshes/top_chassis.dae
[9.187s] -- Symlinking: /home/jordan/G25_RS1/RS1-Gr25/install/41068_ignition_bringup/share/41068_ignition_bringup/urdf_husky/meshes/top_plate.dae
[9.218s] -- Symlinking: /home/jordan/G25_RS1/RS1-Gr25/install/41068_ignition_bringup/share/41068_ignition_bringup/urdf_husky/meshes/wheel.dae
[9.240s] -- Symlinking: /home/jordan/G25_RS1/RS1-Gr25/install/41068_ignition_bringup/share/41068_ignition_bringup/urdf_husky/wheel.urdf.xacro
[9.269s] -- Symlinking: /home/jordan/G25_RS1/RS1-Gr25/install/41068_ignition_bringup/share/41068_ignition_bringup/worlds/beer_demo_world.sdf
[9.292s] -- Symlinking: /home/jordan/G25_RS1/RS1-Gr25/install/41068_ignition_bringup/share/41068_ignition_bringup/worlds/custom_world_1.sdf
[9.325s] -- Symlinking: /home/jordan/G25_RS1/RS1-Gr25/install/41068_ignition_bringup/share/41068_ignition_bringup/worlds/large_demo.sdf
[9.361s] -- Symlinking: /home/jordan/G25_RS1/RS1-Gr25/install/41068_ignition_bringup/share/41068_ignition_bringup/worlds/simple_trees.sdf
[9.396s] -- Symlinking: /home/jordan/G25_RS1/RS1-Gr25/install/41068_ignition_bringup/share/41068_ignition_bringup/urdf_parrot/common_properties.urdf.xacro
[9.417s] -- Symlinking: /home/jordan/G25_RS1/RS1-Gr25/install/41068_ignition_bringup/share/41068_ignition_bringup/urdf_parrot/meshes/hull.dae
[9.437s] -- Symlinking: /home/jordan/G25_RS1/RS1-Gr25/install/41068_ignition_bringup/share/41068_ignition_bringup/urdf_parrot/meshes/propeller_fl.dae
[9.457s] -- Symlinking: /home/jordan/G25_RS1/RS1-Gr25/install/41068_ignition_bringup/share/41068_ignition_bringup/urdf_parrot/meshes/propeller_fr.dae
[9.473s] -- Symlinking: /home/jordan/G25_RS1/RS1-Gr25/install/41068_ignition_bringup/share/41068_ignition_bringup/urdf_parrot/meshes/propeller_rl.dae
[9.491s] -- Symlinking: /home/jordan/G25_RS1/RS1-Gr25/install/41068_ignition_bringup/share/41068_ignition_bringup/urdf_parrot/meshes/propeller_rr.dae
[9.515s] -- Symlinking: /home/jordan/G25_RS1/RS1-Gr25/install/41068_ignition_bringup/share/41068_ignition_bringup/urdf_parrot/model.config
[9.532s] -- Symlinking: /home/jordan/G25_RS1/RS1-Gr25/install/41068_ignition_bringup/share/41068_ignition_bringup/urdf_parrot/model.sdf
[9.547s] -- Symlinking: /home/jordan/G25_RS1/RS1-Gr25/install/41068_ignition_bringup/share/41068_ignition_bringup/urdf_parrot/parrot.gazebo.xacro
[9.565s] -- Symlinking: /home/jordan/G25_RS1/RS1-Gr25/install/41068_ignition_bringup/share/41068_ignition_bringup/urdf_parrot/parrot.urdf.xacro
[9.592s] -- Symlinking: /home/jordan/G25_RS1/RS1-Gr25/install/41068_ignition_bringup/share/41068_ignition_bringup/urdf_parrot/thumbnails/1.png
[9.609s] -- Symlinking: /home/jordan/G25_RS1/RS1-Gr25/install/41068_ignition_bringup/share/41068_ignition_bringup/urdf_parrot/thumbnails/2.png
[9.630s] -- Symlinking: /home/jordan/G25_RS1/RS1-Gr25/install/41068_ignition_bringup/share/41068_ignition_bringup/urdf_parrot/thumbnails/3.png
[9.651s] -- Symlinking: /home/jordan/G25_RS1/RS1-Gr25/install/41068_ignition_bringup/share/41068_ignition_bringup/urdf_parrot/thumbnails/4.png
[9.670s] -- Symlinking: /home/jordan/G25_RS1/RS1-Gr25/install/41068_ignition_bringup/share/41068_ignition_bringup/urdf_parrot/thumbnails/5.png
[9.692s] -- Symlinking: /home/jordan/G25_RS1/RS1-Gr25/install/41068_ignition_bringup/share/41068_ignition_bringup/environment/pythonpath.sh
[9.713s] -- Symlinking: /home/jordan/G25_RS1/RS1-Gr25/install/41068_ignition_bringup/share/41068_ignition_bringup/environment/pythonpath.dsv
[9.741s] -- Symlinking: /home/jordan/G25_RS1/RS1-Gr25/install/41068_ignition_bringup/local/lib/python3.10/dist-packages/rs1_nav-1.0.5-py3.10.egg-info/PKG-INFO
[9.767s] -- Symlinking: /home/jordan/G25_RS1/RS1-Gr25/install/41068_ignition_bringup/local/lib/python3.10/dist-packages/rs1_nav-1.0.5-py3.10.egg-info/SOURCES.txt
[9.790s] -- Symlinking: /home/jordan/G25_RS1/RS1-Gr25/install/41068_ignition_bringup/local/lib/python3.10/dist-packages/rs1_nav-1.0.5-py3.10.egg-info/dependency_links.txt
[9.809s] -- Symlinking: /home/jordan/G25_RS1/RS1-Gr25/install/41068_ignition_bringup/local/lib/python3.10/dist-packages/rs1_nav-1.0.5-py3.10.egg-info/top_level.txt
[9.832s] -- Symlinking: /home/jordan/G25_RS1/RS1-Gr25/install/41068_ignition_bringup/local/lib/python3.10/dist-packages/rs1_nav/__init__.py
[9.852s] -- Symlinking: /home/jordan/G25_RS1/RS1-Gr25/install/41068_ignition_bringup/local/lib/python3.10/dist-packages/rs1_nav/gazebo_world.py
[9.873s] -- Symlinking: /home/jordan/G25_RS1/RS1-Gr25/install/41068_ignition_bringup/local/lib/python3.10/dist-packages/rs1_nav/geometry.py
[9.897s] -- Symlinking: /home/jordan/G25_RS1/RS1-Gr25/install/41068_ignition_bringup/local/lib/python3.10/dist-packages/rs1_nav/mission.py
[9.921s] -- Symlinking: /home/jordan/G25_RS1/RS1-Gr25/install/41068_ignition_bringup/local/lib/python3.10/dist-packages/rs1_nav/nav_observer.py
[9.943s] -- Symlinking: /home/jordan/G25_RS1/RS1-Gr25/install/41068_ignition_bringup/local/lib/python3.10/dist-packages/rs1_nav/sim.py
[9.982s] -- Symlinking: /home/jordan/G25_RS1/RS1-Gr25/install/41068_ignition_bringup/lib/41068_ignition_bringup/dynamic_world_demo.py
[10.007s] -- Symlinking: /home/jordan/G25_RS1/RS1-Gr25/install/41068_ignition_bringup/lib/41068_ignition_bringup/basic_autonomy_demo.py
[10.032s] -- Symlinking: /home/jordan/G25_RS1/RS1-Gr25/install/41068_ignition_bringup/lib/41068_ignition_bringup/odometry_tf_broadcaster.py
[10.056s] -- Symlinking: /home/jordan/G25_RS1/RS1-Gr25/install/41068_ignition_bringup/lib/41068_ignition_bringup/obstacle_injector.py
[10.079s] -- Symlinking: /home/jordan/G25_RS1/RS1-Gr25/install/41068_ignition_bringup/lib/41068_ignition_bringup/robot_status_gui.py
[10.127s] -- Symlinking: /home/jordan/G25_RS1/RS1-Gr25/install/41068_ignition_bringup/share/ament_index/resource_index/package_run_dependencies/41068_ignition_bringup
[10.153s] -- Symlinking: /home/jordan/G25_RS1/RS1-Gr25/install/41068_ignition_bringup/share/ament_index/resource_index/parent_prefix_path/41068_ignition_bringup
[10.184s] -- Symlinking: /home/jordan/G25_RS1/RS1-Gr25/install/41068_ignition_bringup/share/41068_ignition_bringup/environment/ament_prefix_path.sh
[10.208s] -- Symlinking: /home/jordan/G25_RS1/RS1-Gr25/install/41068_ignition_bringup/share/41068_ignition_bringup/environment/ament_prefix_path.dsv
[10.233s] -- Symlinking: /home/jordan/G25_RS1/RS1-Gr25/install/41068_ignition_bringup/share/41068_ignition_bringup/environment/path.sh
[10.252s] -- Symlinking: /home/jordan/G25_RS1/RS1-Gr25/install/41068_ignition_bringup/share/41068_ignition_bringup/environment/path.dsv
[10.273s] -- Symlinking: /home/jordan/G25_RS1/RS1-Gr25/install/41068_ignition_bringup/share/41068_ignition_bringup/local_setup.bash
[10.301s] -- Symlinking: /home/jordan/G25_RS1/RS1-Gr25/install/41068_ignition_bringup/share/41068_ignition_bringup/local_setup.sh
[10.329s] -- Symlinking: /home/jordan/G25_RS1/RS1-Gr25/install/41068_ignition_bringup/share/41068_ignition_bringup/local_setup.zsh
[10.348s] -- Symlinking: /home/jordan/G25_RS1/RS1-Gr25/install/41068_ignition_bringup/share/41068_ignition_bringup/local_setup.dsv
[10.367s] -- Symlinking: /home/jordan/G25_RS1/RS1-Gr25/install/41068_ignition_bringup/share/41068_ignition_bringup/package.dsv
[10.397s] -- Symlinking: /home/jordan/G25_RS1/RS1-Gr25/install/41068_ignition_bringup/share/ament_index/resource_index/packages/41068_ignition_bringup
[10.417s] -- Symlinking: /home/jordan/G25_RS1/RS1-Gr25/install/41068_ignition_bringup/share/41068_ignition_bringup/cmake/41068_ignition_bringupConfig.cmake
[10.435s] -- Symlinking: /home/jordan/G25_RS1/RS1-Gr25/install/41068_ignition_bringup/share/41068_ignition_bringup/cmake/41068_ignition_bringupConfig-version.cmake
[10.451s] -- Symlinking: /home/jordan/G25_RS1/RS1-Gr25/install/41068_ignition_bringup/share/41068_ignition_bringup/package.xml
[10.584s] Listing '/home/jordan/G25_RS1/RS1-Gr25/install/41068_ignition_bringup/local/lib/python3.10/dist-packages/rs1_nav'...
[10.585s] Compiling '/home/jordan/G25_RS1/RS1-Gr25/install/41068_ignition_bringup/local/lib/python3.10/dist-packages/rs1_nav/__init__.py'...
[10.585s] Compiling '/home/jordan/G25_RS1/RS1-Gr25/install/41068_ignition_bringup/local/lib/python3.10/dist-packages/rs1_nav/gazebo_world.py'...
[10.585s] Compiling '/home/jordan/G25_RS1/RS1-Gr25/install/41068_ignition_bringup/local/lib/python3.10/dist-packages/rs1_nav/geometry.py'...
[10.586s] Compiling '/home/jordan/G25_RS1/RS1-Gr25/install/41068_ignition_bringup/local/lib/python3.10/dist-packages/rs1_nav/mission.py'...
[10.586s] Compiling '/home/jordan/G25_RS1/RS1-Gr25/install/41068_ignition_bringup/local/lib/python3.10/dist-packages/rs1_nav/nav_observer.py'...
[10.587s] Compiling '/home/jordan/G25_RS1/RS1-Gr25/install/41068_ignition_bringup/local/lib/python3.10/dist-packages/rs1_nav/sim.py'...
[10.612s] Invoked command in '/home/jordan/G25_RS1/RS1-Gr25/build/41068_ignition_bringup' returned '0': CMAKE_PREFIX_PATH=/opt/ros/humble /usr/bin/cmake --install /home/jordan/G25_RS1/RS1-Gr25/build/41068_ignition_bringup
