[0.011s] Invoking command in '/home/jordan/RS1-Gr25/build/41068_ignition_bringup': CMAKE_PREFIX_PATH=${CMAKE_PREFIX_PATH}:/opt/ros/humble /usr/bin/cmake --build /home/jordan/RS1-Gr25/build/41068_ignition_bringup -- -j12 -l12
[0.040s] -- Found ament_cmake: 1.3.14 (/opt/ros/humble/share/ament_cmake/cmake)
[0.155s] -- Override CMake install command with custom implementation using symlinks instead of copying resources
[0.176s] -- Found ros_ign_interfaces: 0.244.25 (/opt/ros/humble/share/ros_ign_interfaces/cmake)
[0.344s] -- Found rosidl_generator_c: 3.1.9 (/opt/ros/humble/share/rosidl_generator_c/cmake)
[0.348s] -- Found rosidl_adapter: 3.1.9 (/opt/ros/humble/share/rosidl_adapter/cmake)
[0.359s] -- Found rosidl_generator_cpp: 3.1.9 (/opt/ros/humble/share/rosidl_generator_cpp/cmake)
[0.373s] -- Using all available rosidl_typesupport_c: rosidl_typesupport_fastrtps_c;rosidl_typesupport_introspection_c
[0.389s] -- Using all available rosidl_typesupport_cpp: rosidl_typesupport_fastrtps_cpp;rosidl_typesupport_introspection_cpp
[0.554s] WARNING: Package name "41068_ignition_bringup" does not follow the naming conventions. It should start with a lower case letter and only contain lower case letters, digits, underscores, and dashes.
[0.562s] -- Found ament_lint_auto: 0.12.15 (/opt/ros/humble/share/ament_lint_auto/cmake)
[0.606s] WARNING: Package name "41068_ignition_bringup" does not follow the naming conventions. It should start with a lower case letter and only contain lower case letters, digits, underscores, and dashes.
[0.632s] -- Added test 'copyright' to check source files copyright and LICENSE
[0.740s] -- Added test 'flake8' to check Python code syntax and style conventions
[0.752s] -- Added test 'lint_cmake' to check CMake code style
[0.760s] -- Added test 'pep257' to check Python code against some of the docstring style conventions in PEP 257
[0.817s] -- Added test 'xmllint' to check XML markup files
[0.819s] -- Configuring done
[0.828s] -- Generating done
[0.831s] -- Build files have been written to: /home/jordan/RS1-Gr25/build/41068_ignition_bringup
[0.868s] Built target ament_cmake_python_symlink_rs1_nav
[1.087s] running egg_info
[1.088s] creating rs1_nav.egg-info
[1.088s] writing rs1_nav.egg-info/PKG-INFO
[1.089s] writing dependency_links to rs1_nav.egg-info/dependency_links.txt
[1.089s] writing top-level names to rs1_nav.egg-info/top_level.txt
[1.089s] writing manifest file 'rs1_nav.egg-info/SOURCES.txt'
[1.092s] reading manifest file 'rs1_nav.egg-info/SOURCES.txt'
[1.092s] writing manifest file 'rs1_nav.egg-info/SOURCES.txt'
[1.113s] Built target ament_cmake_python_build_rs1_nav_egg
[1.123s] Invoked command in '/home/jordan/RS1-Gr25/build/41068_ignition_bringup' returned '0': CMAKE_PREFIX_PATH=${CMAKE_PREFIX_PATH}:/opt/ros/humble /usr/bin/cmake --build /home/jordan/RS1-Gr25/build/41068_ignition_bringup -- -j12 -l12
[1.133s] Invoking command in '/home/jordan/RS1-Gr25/build/41068_ignition_bringup': CMAKE_PREFIX_PATH=${CMAKE_PREFIX_PATH}:/opt/ros/humble /usr/bin/cmake --install /home/jordan/RS1-Gr25/build/41068_ignition_bringup
[1.139s] -- Install configuration: ""
[1.140s] -- Execute custom install script
[1.140s] -- Up-to-date symlink: /home/jordan/RS1-Gr25/install/41068_ignition_bringup/share/41068_ignition_bringup/config/41068.rviz
[1.141s] -- Up-to-date symlink: /home/jordan/RS1-Gr25/install/41068_ignition_bringup/share/41068_ignition_bringup/config/41068_husky1.rviz
[1.142s] -- Up-to-date symlink: /home/jordan/RS1-Gr25/install/41068_ignition_bringup/share/41068_ignition_bringup/config/41068_parrot1.rviz
[1.142s] -- Up-to-date symlink: /home/jordan/RS1-Gr25/install/41068_ignition_bringup/share/41068_ignition_bringup/config/gazebo_bridge_clock.yaml
[1.142s] -- Up-to-date symlink: /home/jordan/RS1-Gr25/install/41068_ignition_bringup/share/41068_ignition_bringup/config/gazebo_bridge_husky.yaml
[1.143s] -- Up-to-date symlink: /home/jordan/RS1-Gr25/install/41068_ignition_bringup/share/41068_ignition_bringup/config/gazebo_bridge_husky1.yaml
[1.143s] -- Up-to-date symlink: /home/jordan/RS1-Gr25/install/41068_ignition_bringup/share/41068_ignition_bringup/config/gazebo_bridge_parrot.yaml
[1.144s] -- Up-to-date symlink: /home/jordan/RS1-Gr25/install/41068_ignition_bringup/share/41068_ignition_bringup/config/gazebo_bridge_parrot1.yaml
[1.144s] -- Up-to-date symlink: /home/jordan/RS1-Gr25/install/41068_ignition_bringup/share/41068_ignition_bringup/config/ignition_server.config
[1.144s] -- Up-to-date symlink: /home/jordan/RS1-Gr25/install/41068_ignition_bringup/share/41068_ignition_bringup/config/nav2_params.yaml
[1.144s] -- Up-to-date symlink: /home/jordan/RS1-Gr25/install/41068_ignition_bringup/share/41068_ignition_bringup/config/nav2_params_husky1.yaml
[1.144s] -- Up-to-date symlink: /home/jordan/RS1-Gr25/install/41068_ignition_bringup/share/41068_ignition_bringup/config/nav2_params_parrot1.yaml
[1.145s] -- Up-to-date symlink: /home/jordan/RS1-Gr25/install/41068_ignition_bringup/share/41068_ignition_bringup/config/robot_localization.yaml
[1.146s] -- Up-to-date symlink: /home/jordan/RS1-Gr25/install/41068_ignition_bringup/share/41068_ignition_bringup/config/robot_localization_husky1.yaml
[1.146s] -- Up-to-date symlink: /home/jordan/RS1-Gr25/install/41068_ignition_bringup/share/41068_ignition_bringup/config/robot_localization_parrot1.yaml
[1.147s] -- Up-to-date symlink: /home/jordan/RS1-Gr25/install/41068_ignition_bringup/share/41068_ignition_bringup/config/slam_params.yaml
[1.147s] -- Up-to-date symlink: /home/jordan/RS1-Gr25/install/41068_ignition_bringup/share/41068_ignition_bringup/config/slam_params_husky1.yaml
[1.147s] -- Up-to-date symlink: /home/jordan/RS1-Gr25/install/41068_ignition_bringup/share/41068_ignition_bringup/config/slam_params_parrot1.yaml
[1.147s] -- Up-to-date symlink: /home/jordan/RS1-Gr25/install/41068_ignition_bringup/share/41068_ignition_bringup/launch/41068_autonomy_demo.launch.py
[1.148s] -- Up-to-date symlink: /home/jordan/RS1-Gr25/install/41068_ignition_bringup/share/41068_ignition_bringup/launch/41068_dynamic_world_demo.launch.py
[1.148s] -- Up-to-date symlink: /home/jordan/RS1-Gr25/install/41068_ignition_bringup/share/41068_ignition_bringup/launch/41068_ignition.launch.py
[1.149s] -- Up-to-date symlink: /home/jordan/RS1-Gr25/install/41068_ignition_bringup/share/41068_ignition_bringup/launch/41068_ignition_husky.launch.py
[1.149s] -- Up-to-date symlink: /home/jordan/RS1-Gr25/install/41068_ignition_bringup/share/41068_ignition_bringup/launch/41068_ignition_parrot.launch.py
[1.149s] -- Up-to-date symlink: /home/jordan/RS1-Gr25/install/41068_ignition_bringup/share/41068_ignition_bringup/launch/41068_navigation.launch.py
[1.149s] -- Up-to-date symlink: /home/jordan/RS1-Gr25/install/41068_ignition_bringup/share/41068_ignition_bringup/launch/__pycache__/41068_autonomy_demo.launch.cpython-313.pyc
[1.151s] -- Up-to-date symlink: /home/jordan/RS1-Gr25/install/41068_ignition_bringup/share/41068_ignition_bringup/launch/__pycache__/41068_dynamic_world_demo.launch.cpython-313.pyc
[1.151s] -- Up-to-date symlink: /home/jordan/RS1-Gr25/install/41068_ignition_bringup/share/41068_ignition_bringup/launch/__pycache__/41068_ignition.launch.cpython-313.pyc
[1.151s] -- Up-to-date symlink: /home/jordan/RS1-Gr25/install/41068_ignition_bringup/share/41068_ignition_bringup/launch/__pycache__/41068_ignition_husky.launch.cpython-313.pyc
[1.152s] -- Up-to-date symlink: /home/jordan/RS1-Gr25/install/41068_ignition_bringup/share/41068_ignition_bringup/launch/__pycache__/41068_ignition_parrot.launch.cpython-313.pyc
[1.152s] -- Up-to-date symlink: /home/jordan/RS1-Gr25/install/41068_ignition_bringup/share/41068_ignition_bringup/launch/__pycache__/41068_navigation.launch.cpython-313.pyc
[1.152s] -- Up-to-date symlink: /home/jordan/RS1-Gr25/install/41068_ignition_bringup/share/41068_ignition_bringup/models/forest_plane/materials/textures/empty_grass.png
[1.152s] -- Up-to-date symlink: /home/jordan/RS1-Gr25/install/41068_ignition_bringup/share/41068_ignition_bringup/models/forest_plane/materials/textures/forest_overhead.png
[1.152s] -- Up-to-date symlink: /home/jordan/RS1-Gr25/install/41068_ignition_bringup/share/41068_ignition_bringup/models/forest_plane/materials/textures/forest_overhead_plain.png
[1.152s] -- Up-to-date symlink: /home/jordan/RS1-Gr25/install/41068_ignition_bringup/share/41068_ignition_bringup/models/forest_plane/materials/textures/leaf_litter.png
[1.152s] -- Up-to-date symlink: /home/jordan/RS1-Gr25/install/41068_ignition_bringup/share/41068_ignition_bringup/models/forest_plane/model.config
[1.152s] -- Up-to-date symlink: /home/jordan/RS1-Gr25/install/41068_ignition_bringup/share/41068_ignition_bringup/models/forest_plane/model.sdf
[1.152s] -- Up-to-date symlink: /home/jordan/RS1-Gr25/install/41068_ignition_bringup/share/41068_ignition_bringup/models/forest_wall/materials/textures/forest_wall.png
[1.152s] -- Up-to-date symlink: /home/jordan/RS1-Gr25/install/41068_ignition_bringup/share/41068_ignition_bringup/models/forest_wall/materials/textures/forest_wall_transparent.png
[1.152s] -- Up-to-date symlink: /home/jordan/RS1-Gr25/install/41068_ignition_bringup/share/41068_ignition_bringup/models/forest_wall/materials/textures/forest_wall_transparent_small.png
[1.152s] -- Up-to-date symlink: /home/jordan/RS1-Gr25/install/41068_ignition_bringup/share/41068_ignition_bringup/models/forest_wall/model.config
[1.152s] -- Up-to-date symlink: /home/jordan/RS1-Gr25/install/41068_ignition_bringup/share/41068_ignition_bringup/models/forest_wall/model.sdf
[1.152s] -- Up-to-date symlink: /home/jordan/RS1-Gr25/install/41068_ignition_bringup/share/41068_ignition_bringup/models/grass_plane/materials/textures/empty_grass.png
[1.152s] -- Up-to-date symlink: /home/jordan/RS1-Gr25/install/41068_ignition_bringup/share/41068_ignition_bringup/models/grass_plane/model.config
[1.152s] -- Up-to-date symlink: /home/jordan/RS1-Gr25/install/41068_ignition_bringup/share/41068_ignition_bringup/models/grass_plane/model.sdf
[1.152s] -- Up-to-date symlink: /home/jordan/RS1-Gr25/install/41068_ignition_bringup/share/41068_ignition_bringup/urdf_husky/common_properties.urdf.xacro
[1.152s] -- Up-to-date symlink: /home/jordan/RS1-Gr25/install/41068_ignition_bringup/share/41068_ignition_bringup/urdf_husky/husky.gazebo.xacro
[1.152s] -- Up-to-date symlink: /home/jordan/RS1-Gr25/install/41068_ignition_bringup/share/41068_ignition_bringup/urdf_husky/husky.urdf.xacro
[1.152s] -- Up-to-date symlink: /home/jordan/RS1-Gr25/install/41068_ignition_bringup/share/41068_ignition_bringup/urdf_husky/meshes/base_link.dae
[1.153s] -- Up-to-date symlink: /home/jordan/RS1-Gr25/install/41068_ignition_bringup/share/41068_ignition_bringup/urdf_husky/meshes/bumper.dae
[1.153s] -- Up-to-date symlink: /home/jordan/RS1-Gr25/install/41068_ignition_bringup/share/41068_ignition_bringup/urdf_husky/meshes/jpl04_arch_nosensor.stl
[1.153s] -- Up-to-date symlink: /home/jordan/RS1-Gr25/install/41068_ignition_bringup/share/41068_ignition_bringup/urdf_husky/meshes/top_chassis.dae
[1.153s] -- Up-to-date symlink: /home/jordan/RS1-Gr25/install/41068_ignition_bringup/share/41068_ignition_bringup/urdf_husky/meshes/top_plate.dae
[1.153s] -- Up-to-date symlink: /home/jordan/RS1-Gr25/install/41068_ignition_bringup/share/41068_ignition_bringup/urdf_husky/meshes/wheel.dae
[1.153s] -- Up-to-date symlink: /home/jordan/RS1-Gr25/install/41068_ignition_bringup/share/41068_ignition_bringup/urdf_husky/wheel.urdf.xacro
[1.153s] -- Up-to-date symlink: /home/jordan/RS1-Gr25/install/41068_ignition_bringup/share/41068_ignition_bringup/worlds/large_demo.sdf
[1.153s] -- Up-to-date symlink: /home/jordan/RS1-Gr25/install/41068_ignition_bringup/share/41068_ignition_bringup/worlds/simple_trees.sdf
[1.153s] -- Up-to-date symlink: /home/jordan/RS1-Gr25/install/41068_ignition_bringup/share/41068_ignition_bringup/urdf_parrot/common_properties.urdf.xacro
[1.153s] -- Up-to-date symlink: /home/jordan/RS1-Gr25/install/41068_ignition_bringup/share/41068_ignition_bringup/urdf_parrot/meshes/hull.dae
[1.153s] -- Up-to-date symlink: /home/jordan/RS1-Gr25/install/41068_ignition_bringup/share/41068_ignition_bringup/urdf_parrot/meshes/propeller_fl.dae
[1.153s] -- Up-to-date symlink: /home/jordan/RS1-Gr25/install/41068_ignition_bringup/share/41068_ignition_bringup/urdf_parrot/meshes/propeller_fr.dae
[1.153s] -- Up-to-date symlink: /home/jordan/RS1-Gr25/install/41068_ignition_bringup/share/41068_ignition_bringup/urdf_parrot/meshes/propeller_rl.dae
[1.153s] -- Up-to-date symlink: /home/jordan/RS1-Gr25/install/41068_ignition_bringup/share/41068_ignition_bringup/urdf_parrot/meshes/propeller_rr.dae
[1.153s] -- Up-to-date symlink: /home/jordan/RS1-Gr25/install/41068_ignition_bringup/share/41068_ignition_bringup/urdf_parrot/model.config
[1.153s] -- Up-to-date symlink: /home/jordan/RS1-Gr25/install/41068_ignition_bringup/share/41068_ignition_bringup/urdf_parrot/model.sdf
[1.153s] -- Up-to-date symlink: /home/jordan/RS1-Gr25/install/41068_ignition_bringup/share/41068_ignition_bringup/urdf_parrot/parrot.gazebo.xacro
[1.153s] -- Up-to-date symlink: /home/jordan/RS1-Gr25/install/41068_ignition_bringup/share/41068_ignition_bringup/urdf_parrot/parrot.urdf.xacro
[1.153s] -- Up-to-date symlink: /home/jordan/RS1-Gr25/install/41068_ignition_bringup/share/41068_ignition_bringup/urdf_parrot/thumbnails/1.png
[1.154s] -- Up-to-date symlink: /home/jordan/RS1-Gr25/install/41068_ignition_bringup/share/41068_ignition_bringup/urdf_parrot/thumbnails/2.png
[1.154s] -- Up-to-date symlink: /home/jordan/RS1-Gr25/install/41068_ignition_bringup/share/41068_ignition_bringup/urdf_parrot/thumbnails/3.png
[1.154s] -- Up-to-date symlink: /home/jordan/RS1-Gr25/install/41068_ignition_bringup/share/41068_ignition_bringup/urdf_parrot/thumbnails/4.png
[1.154s] -- Up-to-date symlink: /home/jordan/RS1-Gr25/install/41068_ignition_bringup/share/41068_ignition_bringup/urdf_parrot/thumbnails/5.png
[1.154s] -- Symlinking: /home/jordan/RS1-Gr25/install/41068_ignition_bringup/share/41068_ignition_bringup/environment/pythonpath.sh
[1.160s] -- Symlinking: /home/jordan/RS1-Gr25/install/41068_ignition_bringup/share/41068_ignition_bringup/environment/pythonpath.dsv
[1.171s] -- Symlinking: /home/jordan/RS1-Gr25/install/41068_ignition_bringup/local/lib/python3.10/dist-packages/rs1_nav-1.0.5-py3.10.egg-info/PKG-INFO
[1.179s] -- Symlinking: /home/jordan/RS1-Gr25/install/41068_ignition_bringup/local/lib/python3.10/dist-packages/rs1_nav-1.0.5-py3.10.egg-info/SOURCES.txt
[1.186s] -- Symlinking: /home/jordan/RS1-Gr25/install/41068_ignition_bringup/local/lib/python3.10/dist-packages/rs1_nav-1.0.5-py3.10.egg-info/dependency_links.txt
[1.194s] -- Symlinking: /home/jordan/RS1-Gr25/install/41068_ignition_bringup/local/lib/python3.10/dist-packages/rs1_nav-1.0.5-py3.10.egg-info/top_level.txt
[1.203s] -- Symlinking: /home/jordan/RS1-Gr25/install/41068_ignition_bringup/local/lib/python3.10/dist-packages/rs1_nav/__init__.py
[1.211s] -- Symlinking: /home/jordan/RS1-Gr25/install/41068_ignition_bringup/local/lib/python3.10/dist-packages/rs1_nav/gazebo_world.py
[1.219s] -- Symlinking: /home/jordan/RS1-Gr25/install/41068_ignition_bringup/local/lib/python3.10/dist-packages/rs1_nav/geometry.py
[1.226s] -- Up-to-date symlink: /home/jordan/RS1-Gr25/install/41068_ignition_bringup/lib/41068_ignition_bringup/dynamic_world_demo.py
[1.227s] -- Up-to-date symlink: /home/jordan/RS1-Gr25/install/41068_ignition_bringup/lib/41068_ignition_bringup/basic_autonomy_demo.py
[1.227s] -- Symlinking: /home/jordan/RS1-Gr25/install/41068_ignition_bringup/lib/41068_ignition_bringup/obstacle_injector.py
[1.234s] -- Up-to-date symlink: /home/jordan/RS1-Gr25/install/41068_ignition_bringup/share/ament_index/resource_index/package_run_dependencies/41068_ignition_bringup
[1.235s] -- Up-to-date symlink: /home/jordan/RS1-Gr25/install/41068_ignition_bringup/share/ament_index/resource_index/parent_prefix_path/41068_ignition_bringup
[1.236s] -- Up-to-date symlink: /home/jordan/RS1-Gr25/install/41068_ignition_bringup/share/41068_ignition_bringup/environment/ament_prefix_path.sh
[1.236s] -- Up-to-date symlink: /home/jordan/RS1-Gr25/install/41068_ignition_bringup/share/41068_ignition_bringup/environment/ament_prefix_path.dsv
[1.236s] -- Up-to-date symlink: /home/jordan/RS1-Gr25/install/41068_ignition_bringup/share/41068_ignition_bringup/environment/path.sh
[1.236s] -- Up-to-date symlink: /home/jordan/RS1-Gr25/install/41068_ignition_bringup/share/41068_ignition_bringup/environment/path.dsv
[1.236s] -- Up-to-date symlink: /home/jordan/RS1-Gr25/install/41068_ignition_bringup/share/41068_ignition_bringup/local_setup.bash
[1.236s] -- Up-to-date symlink: /home/jordan/RS1-Gr25/install/41068_ignition_bringup/share/41068_ignition_bringup/local_setup.sh
[1.236s] -- Up-to-date symlink: /home/jordan/RS1-Gr25/install/41068_ignition_bringup/share/41068_ignition_bringup/local_setup.zsh
[1.236s] -- Up-to-date symlink: /home/jordan/RS1-Gr25/install/41068_ignition_bringup/share/41068_ignition_bringup/local_setup.dsv
[1.236s] -- Symlinking: /home/jordan/RS1-Gr25/install/41068_ignition_bringup/share/41068_ignition_bringup/package.dsv
[1.244s] -- Up-to-date symlink: /home/jordan/RS1-Gr25/install/41068_ignition_bringup/share/ament_index/resource_index/packages/41068_ignition_bringup
[1.245s] -- Up-to-date symlink: /home/jordan/RS1-Gr25/install/41068_ignition_bringup/share/41068_ignition_bringup/cmake/41068_ignition_bringupConfig.cmake
[1.245s] -- Up-to-date symlink: /home/jordan/RS1-Gr25/install/41068_ignition_bringup/share/41068_ignition_bringup/cmake/41068_ignition_bringupConfig-version.cmake
[1.245s] -- Up-to-date symlink: /home/jordan/RS1-Gr25/install/41068_ignition_bringup/share/41068_ignition_bringup/package.xml
[1.275s] Listing '/home/jordan/RS1-Gr25/install/41068_ignition_bringup/local/lib/python3.10/dist-packages/rs1_nav'...
[1.275s] Compiling '/home/jordan/RS1-Gr25/install/41068_ignition_bringup/local/lib/python3.10/dist-packages/rs1_nav/__init__.py'...
[1.275s] Compiling '/home/jordan/RS1-Gr25/install/41068_ignition_bringup/local/lib/python3.10/dist-packages/rs1_nav/gazebo_world.py'...
[1.275s] Compiling '/home/jordan/RS1-Gr25/install/41068_ignition_bringup/local/lib/python3.10/dist-packages/rs1_nav/geometry.py'...
[1.282s] Invoked command in '/home/jordan/RS1-Gr25/build/41068_ignition_bringup' returned '0': CMAKE_PREFIX_PATH=${CMAKE_PREFIX_PATH}:/opt/ros/humble /usr/bin/cmake --install /home/jordan/RS1-Gr25/build/41068_ignition_bringup
