[0.000000] (-) TimerEvent: {}
[0.000339] (beer_fire_detection) JobQueued: {'identifier': 'beer_fire_detection', 'dependencies': OrderedDict()}
[0.001267] (41068_ignition_bringup) JobQueued: {'identifier': '41068_ignition_bringup', 'dependencies': OrderedDict([('beer_fire_detection', '/home/jordan/G25_RS1/RS1-Gr25/install/beer_fire_detection')])}
[0.001492] (beer_fire_detection) JobStarted: {'identifier': 'beer_fire_detection'}
[0.099104] (-) TimerEvent: {}
[0.199397] (-) TimerEvent: {}
[0.299755] (-) TimerEvent: {}
[0.400581] (-) TimerEvent: {}
[0.501166] (-) TimerEvent: {}
[0.601642] (-) TimerEvent: {}
[0.702024] (-) TimerEvent: {}
[0.802324] (-) TimerEvent: {}
[0.902674] (-) TimerEvent: {}
[1.002973] (-) TimerEvent: {}
[1.103279] (-) TimerEvent: {}
[1.203544] (-) TimerEvent: {}
[1.303863] (-) TimerEvent: {}
[1.404176] (-) TimerEvent: {}
[1.504466] (-) TimerEvent: {}
[1.604776] (-) TimerEvent: {}
[1.705126] (-) TimerEvent: {}
[1.805421] (-) TimerEvent: {}
[1.902470] (beer_fire_detection) Command: {'cmd': ['/usr/bin/python3', '-W', 'ignore:setup.py install is deprecated', '-W', 'ignore:easy_install command is deprecated', 'setup.py', 'develop', '--editable', '--build-directory', '/home/jordan/G25_RS1/RS1-Gr25/build/beer_fire_detection/build', '--no-deps', 'symlink_data'], 'cwd': '/home/jordan/G25_RS1/RS1-Gr25/build/beer_fire_detection', 'env': {'LESSOPEN': '| /usr/bin/lesspipe %s', 'VSCODE_CWD': '/mnt/c/Users/jorda/AppData/Local/Programs/cursor', 'VSCODE_ESM_ENTRYPOINT': 'vs/workbench/api/node/extensionHostProcess', 'GZ_SIM_RESOURCE_PATH': '/opt/ros/humble/share', 'USER': 'jordan', 'VSCODE_NLS_CONFIG': '{"userLocale":"en","osLocale":"en","resolvedLanguage":"en","defaultMessagesFile":"/home/jordan/.cursor-server/bin/2ba48ff3f7514cc4643c52ca9f7b3173d9b66130/out/nls.messages.json","locale":"en","availableLanguages":{}}', 'VSCODE_HANDLES_UNCAUGHT_ERRORS': 'true', 'CURSOR_RIPGREP_PATH': '/home/jordan/.cursor-server/bin/2ba48ff3f7514cc4643c52ca9f7b3173d9b66130/node_modules/@vscode/ripgrep/bin/rg', 'SHLVL': '1', 'LD_LIBRARY_PATH': '/opt/ros/humble/opt/rviz_ogre_vendor/lib:/opt/ros/humble/lib/x86_64-linux-gnu:/opt/ros/humble/lib', 'HOME': '/home/jordan', 'OLDPWD': '/home/jordan/G25_RS1/RS1-Gr25', 'VSCODE_IPC_HOOK_CLI': '/run/user/1000/vscode-ipc-3517d1ba-6dd6-4d1e-86cb-c9e8c4fca531.sock', 'ROS_PYTHON_VERSION': '3', 'NO_COLOR': '1', 'DBUS_SESSION_BUS_ADDRESS': 'unix:path=/run/user/1000/bus', 'WSL_DISTRO_NAME': 'Ubuntu-22.04', 'WAYLAND_DISPLAY': 'wayland-0', 'VSCODE_L10N_BUNDLE_LOCATION': '', 'COLCON_PREFIX_PATH': '/home/jordan/G25_RS1/RS1-Gr25/install', 'ROS_DISTRO': 'humble', 'OVSX_REGISTRY_URL': 'https://open-vsx.org', 'LOGNAME': 'jordan', 'FORCE_COLOR': '0', 'NAME': 'DESKTOP-RC39RBI', 'WSL_INTEROP': '/run/WSL/338_interop', 'VSCODE_HANDLES_SIGPIPE': 'true', 'PULSE_SERVER': 'unix:/mnt/wslg/PulseServer', '_': '/usr/bin/colcon', 'ROS_VERSION': '2', 'CURSOR_LAYOUT': 'unifiedAgent', 'TERM': 'dumb', 'LIBGL_ALWAYS_INDIRECT': '1', 'ROS_LOCALHOST_ONLY': '1', 'PATH': '/home/jordan/G25_RS1/RS1-Gr25/install/beer_fire_detection/bin:/opt/ros/humble/bin:/home/jordan/.cursor-server/bin/2ba48ff3f7514cc4643c52ca9f7b3173d9b66130/node_modules/@vscode/ripgrep/bin:/home/jordan/.cursor-server/bin/2ba48ff3f7514cc4643c52ca9f7b3173d9b66130/bin/remote-cli:/home/jordan/.cursor-server/bin/2ba48ff3f7514cc4643c52ca9f7b3173d9b66130/bin/remote-cli:/usr/local/sbin:/usr/local/bin:/usr/sbin:/usr/bin:/sbin:/bin:/usr/games:/usr/local/games:/usr/lib/wsl/lib:/snap/bin:/mnt/c/Users/jorda/AppData/Local/Programs/cursor/resources/app/bin:/mnt/c/Users/jorda/AppData/Local/Programs/Microsoft VS Code/bin', 'XDG_RUNTIME_DIR': '/run/user/1000', 'AGENT_TRANSCRIPTS': '/home/jordan/.cursor/projects/home-jordan-G25-RS1-RS1-Gr25-src-41068-ignition-bringup-v1-41068-ignition-bringup/agent-transcripts', 'CURSOR_AGENT': '1', 'DISPLAY': '172.22.192.1:0', 'LANG': 'C.UTF-8', 'LS_COLORS': '', 'AMENT_PREFIX_PATH': '/home/jordan/G25_RS1/RS1-Gr25/install/41068_ignition_bringup:/opt/ros/humble', 'SHELL': '/bin/bash', 'LESSCLOSE': '/usr/bin/lesspipe %s %s', 'PWD': '/home/jordan/G25_RS1/RS1-Gr25/build/beer_fire_detection', 'XDG_DATA_DIRS': '/usr/local/share:/usr/share:/var/lib/snapd/desktop', 'CURSOR_CONVERSATION_ID': 'f28fa931-f336-492e-badd-97c05ee7ac06', 'PYTHONPATH': '/home/jordan/G25_RS1/RS1-Gr25/build/beer_fire_detection/prefix_override:/usr/lib/python3/dist-packages/colcon_core/task/python/colcon_distutils_commands:/home/jordan/G25_RS1/RS1-Gr25/install/beer_fire_detection/lib/python3.10/site-packages:/home/jordan/G25_RS1/RS1-Gr25/build/beer_fire_detection:/home/jordan/G25_RS1/RS1-Gr25/install/beer_fire_detection/lib/python3.10/site-packages:/home/jordan/G25_RS1/RS1-Gr25/install/41068_ignition_bringup/local/lib/python3.10/dist-packages:/opt/ros/humble/lib/python3.10/site-packages:/opt/ros/humble/local/lib/python3.10/dist-packages', 'COLCON': '1', '__CURSOR_SANDBOX_ENV_RESTORE': "builtin unset CURSOR_CONVERSATION_ID CURSOR_AGENT_STORE_FILES_DIR CURSOR_AGENT_STORE_SHARED_PATHS 2>/dev/null || true; builtin export CURSOR_CONVERSATION_ID='f28fa931-f336-492e-badd-97c05ee7ac06'", '_ZO_DOCTOR': '0', 'WSL2_GUI_APPS_ENABLED': '1', 'HOSTTYPE': 'x86_64', 'CMAKE_PREFIX_PATH': '/home/jordan/G25_RS1/RS1-Gr25/install/41068_ignition_bringup', 'WSLENV': ''}, 'shell': False}
[1.905521] (-) TimerEvent: {}
[2.005794] (-) TimerEvent: {}
[2.106059] (-) TimerEvent: {}
[2.206350] (-) TimerEvent: {}
[2.306578] (-) TimerEvent: {}
[2.358631] (beer_fire_detection) StdoutLine: {'line': b'running develop\n'}
[2.406688] (-) TimerEvent: {}
[2.506907] (-) TimerEvent: {}
[2.607144] (-) TimerEvent: {}
[2.615902] (beer_fire_detection) StdoutLine: {'line': b'running egg_info\n'}
[2.616178] (beer_fire_detection) StdoutLine: {'line': b'creating beer_fire_detection.egg-info\n'}
[2.616881] (beer_fire_detection) StdoutLine: {'line': b'writing beer_fire_detection.egg-info/PKG-INFO\n'}
[2.617567] (beer_fire_detection) StdoutLine: {'line': b'writing dependency_links to beer_fire_detection.egg-info/dependency_links.txt\n'}
[2.618124] (beer_fire_detection) StdoutLine: {'line': b'writing entry points to beer_fire_detection.egg-info/entry_points.txt\n'}
[2.618434] (beer_fire_detection) StdoutLine: {'line': b'writing requirements to beer_fire_detection.egg-info/requires.txt\n'}
[2.618668] (beer_fire_detection) StdoutLine: {'line': b'writing top-level names to beer_fire_detection.egg-info/top_level.txt\n'}
[2.619135] (beer_fire_detection) StdoutLine: {'line': b"writing manifest file 'beer_fire_detection.egg-info/SOURCES.txt'\n"}
[2.621006] (beer_fire_detection) StdoutLine: {'line': b"reading manifest file 'beer_fire_detection.egg-info/SOURCES.txt'\n"}
[2.621769] (beer_fire_detection) StdoutLine: {'line': b"writing manifest file 'beer_fire_detection.egg-info/SOURCES.txt'\n"}
[2.623772] (beer_fire_detection) StdoutLine: {'line': b'running build_ext\n'}
[2.624383] (beer_fire_detection) StdoutLine: {'line': b'Creating /home/jordan/G25_RS1/RS1-Gr25/install/beer_fire_detection/lib/python3.10/site-packages/beer-fire-detection.egg-link (link to .)\n'}
[2.625120] (beer_fire_detection) StdoutLine: {'line': b'Installing fire_detector script to /home/jordan/G25_RS1/RS1-Gr25/install/beer_fire_detection/bin\n'}
[2.625837] (beer_fire_detection) StdoutLine: {'line': b'Installing synthetic_thermal_demo script to /home/jordan/G25_RS1/RS1-Gr25/install/beer_fire_detection/bin\n'}
[2.626490] (beer_fire_detection) StdoutLine: {'line': b'\n'}
[2.626865] (beer_fire_detection) StdoutLine: {'line': b'Installed /home/jordan/G25_RS1/RS1-Gr25/build/beer_fire_detection\n'}
[2.627229] (beer_fire_detection) StdoutLine: {'line': b'running symlink_data\n'}
[2.627875] (beer_fire_detection) StdoutLine: {'line': b'creating /home/jordan/G25_RS1/RS1-Gr25/install/beer_fire_detection/share/ament_index\n'}
[2.628264] (beer_fire_detection) StdoutLine: {'line': b'creating /home/jordan/G25_RS1/RS1-Gr25/install/beer_fire_detection/share/ament_index/resource_index\n'}
[2.628671] (beer_fire_detection) StdoutLine: {'line': b'creating /home/jordan/G25_RS1/RS1-Gr25/install/beer_fire_detection/share/ament_index/resource_index/packages\n'}
[2.629112] (beer_fire_detection) StdoutLine: {'line': b'symbolically linking /home/jordan/G25_RS1/RS1-Gr25/build/beer_fire_detection/resource/beer_fire_detection -> /home/jordan/G25_RS1/RS1-Gr25/install/beer_fire_detection/share/ament_index/resource_index/packages\n'}
[2.630047] (beer_fire_detection) StdoutLine: {'line': b'symbolically linking /home/jordan/G25_RS1/RS1-Gr25/build/beer_fire_detection/package.xml -> /home/jordan/G25_RS1/RS1-Gr25/install/beer_fire_detection/share/beer_fire_detection\n'}
[2.706752] (beer_fire_detection) CommandEnded: {'returncode': 0}
[2.708196] (-) TimerEvent: {}
[2.739783] (beer_fire_detection) JobEnded: {'identifier': 'beer_fire_detection', 'rc': 0}
[2.741241] (41068_ignition_bringup) JobStarted: {'identifier': '41068_ignition_bringup'}
[2.782296] (41068_ignition_bringup) JobProgress: {'identifier': '41068_ignition_bringup', 'progress': 'cmake'}
[2.783922] (41068_ignition_bringup) JobProgress: {'identifier': '41068_ignition_bringup', 'progress': 'build'}
[2.785060] (41068_ignition_bringup) Command: {'cmd': ['/usr/bin/cmake', '--build', '/home/jordan/G25_RS1/RS1-Gr25/build/41068_ignition_bringup', '--', '-j6', '-l6'], 'cwd': '/home/jordan/G25_RS1/RS1-Gr25/build/41068_ignition_bringup', 'env': OrderedDict([('LESSOPEN', '| /usr/bin/lesspipe %s'), ('VSCODE_CWD', '/mnt/c/Users/jorda/AppData/Local/Programs/cursor'), ('VSCODE_ESM_ENTRYPOINT', 'vs/workbench/api/node/extensionHostProcess'), ('GZ_SIM_RESOURCE_PATH', '/opt/ros/humble/share'), ('USER', 'jordan'), ('VSCODE_NLS_CONFIG', '{"userLocale":"en","osLocale":"en","resolvedLanguage":"en","defaultMessagesFile":"/home/jordan/.cursor-server/bin/2ba48ff3f7514cc4643c52ca9f7b3173d9b66130/out/nls.messages.json","locale":"en","availableLanguages":{}}'), ('VSCODE_HANDLES_UNCAUGHT_ERRORS', 'true'), ('CURSOR_RIPGREP_PATH', '/home/jordan/.cursor-server/bin/2ba48ff3f7514cc4643c52ca9f7b3173d9b66130/node_modules/@vscode/ripgrep/bin/rg'), ('SHLVL', '1'), ('LD_LIBRARY_PATH', '/opt/ros/humble/opt/rviz_ogre_vendor/lib:/opt/ros/humble/lib/x86_64-linux-gnu:/opt/ros/humble/lib'), ('HOME', '/home/jordan'), ('OLDPWD', '/home/jordan/G25_RS1/RS1-Gr25'), ('VSCODE_IPC_HOOK_CLI', '/run/user/1000/vscode-ipc-3517d1ba-6dd6-4d1e-86cb-c9e8c4fca531.sock'), ('ROS_PYTHON_VERSION', '3'), ('NO_COLOR', '1'), ('DBUS_SESSION_BUS_ADDRESS', 'unix:path=/run/user/1000/bus'), ('WSL_DISTRO_NAME', 'Ubuntu-22.04'), ('WAYLAND_DISPLAY', 'wayland-0'), ('VSCODE_L10N_BUNDLE_LOCATION', ''), ('COLCON_PREFIX_PATH', '/home/jordan/G25_RS1/RS1-Gr25/install'), ('ROS_DISTRO', 'humble'), ('OVSX_REGISTRY_URL', 'https://open-vsx.org'), ('LOGNAME', 'jordan'), ('FORCE_COLOR', '0'), ('NAME', 'DESKTOP-RC39RBI'), ('WSL_INTEROP', '/run/WSL/338_interop'), ('VSCODE_HANDLES_SIGPIPE', 'true'), ('PULSE_SERVER', 'unix:/mnt/wslg/PulseServer'), ('_', '/usr/bin/colcon'), ('ROS_VERSION', '2'), ('CURSOR_LAYOUT', 'unifiedAgent'), ('TERM', 'dumb'), ('LIBGL_ALWAYS_INDIRECT', '1'), ('ROS_LOCALHOST_ONLY', '1'), ('PATH', '/home/jordan/G25_RS1/RS1-Gr25/install/beer_fire_detection/bin:/opt/ros/humble/bin:/home/jordan/.cursor-server/bin/2ba48ff3f7514cc4643c52ca9f7b3173d9b66130/node_modules/@vscode/ripgrep/bin:/home/jordan/.cursor-server/bin/2ba48ff3f7514cc4643c52ca9f7b3173d9b66130/bin/remote-cli:/home/jordan/.cursor-server/bin/2ba48ff3f7514cc4643c52ca9f7b3173d9b66130/bin/remote-cli:/usr/local/sbin:/usr/local/bin:/usr/sbin:/usr/bin:/sbin:/bin:/usr/games:/usr/local/games:/usr/lib/wsl/lib:/snap/bin:/mnt/c/Users/jorda/AppData/Local/Programs/cursor/resources/app/bin:/mnt/c/Users/jorda/AppData/Local/Programs/Microsoft VS Code/bin'), ('XDG_RUNTIME_DIR', '/run/user/1000'), ('AGENT_TRANSCRIPTS', '/home/jordan/.cursor/projects/home-jordan-G25-RS1-RS1-Gr25-src-41068-ignition-bringup-v1-41068-ignition-bringup/agent-transcripts'), ('CURSOR_AGENT', '1'), ('DISPLAY', '172.22.192.1:0'), ('LANG', 'C.UTF-8'), ('LS_COLORS', ''), ('AMENT_PREFIX_PATH', '/home/jordan/G25_RS1/RS1-Gr25/install/beer_fire_detection:/home/jordan/G25_RS1/RS1-Gr25/install/41068_ignition_bringup:/opt/ros/humble'), ('SHELL', '/bin/bash'), ('LESSCLOSE', '/usr/bin/lesspipe %s %s'), ('PWD', '/home/jordan/G25_RS1/RS1-Gr25/build/41068_ignition_bringup'), ('XDG_DATA_DIRS', '/usr/local/share:/usr/share:/var/lib/snapd/desktop'), ('CURSOR_CONVERSATION_ID', 'f28fa931-f336-492e-badd-97c05ee7ac06'), ('PYTHONPATH', '/home/jordan/G25_RS1/RS1-Gr25/build/beer_fire_detection:/home/jordan/G25_RS1/RS1-Gr25/install/beer_fire_detection/lib/python3.10/site-packages:/home/jordan/G25_RS1/RS1-Gr25/install/41068_ignition_bringup/local/lib/python3.10/dist-packages:/opt/ros/humble/lib/python3.10/site-packages:/opt/ros/humble/local/lib/python3.10/dist-packages'), ('COLCON', '1'), ('__CURSOR_SANDBOX_ENV_RESTORE', "builtin unset CURSOR_CONVERSATION_ID CURSOR_AGENT_STORE_FILES_DIR CURSOR_AGENT_STORE_SHARED_PATHS 2>/dev/null || true; builtin export CURSOR_CONVERSATION_ID='f28fa931-f336-492e-badd-97c05ee7ac06'"), ('_ZO_DOCTOR', '0'), ('WSL2_GUI_APPS_ENABLED', '1'), ('HOSTTYPE', 'x86_64'), ('CMAKE_PREFIX_PATH', '/home/jordan/G25_RS1/RS1-Gr25/install/41068_ignition_bringup:/opt/ros/humble'), ('WSLENV', '')]), 'shell': False}
[2.808375] (-) TimerEvent: {}
[2.881911] (41068_ignition_bringup) StdoutLine: {'line': b'Built target ament_cmake_python_symlink_rs1_nav\n'}
[2.908495] (-) TimerEvent: {}
[3.008822] (-) TimerEvent: {}
[3.109102] (-) TimerEvent: {}
[3.209366] (-) TimerEvent: {}
[3.298917] (41068_ignition_bringup) StdoutLine: {'line': b'running egg_info\n'}
[3.300130] (41068_ignition_bringup) StdoutLine: {'line': b'writing rs1_nav.egg-info/PKG-INFO\n'}
[3.300590] (41068_ignition_bringup) StdoutLine: {'line': b'writing dependency_links to rs1_nav.egg-info/dependency_links.txt\n'}
[3.301017] (41068_ignition_bringup) StdoutLine: {'line': b'writing top-level names to rs1_nav.egg-info/top_level.txt\n'}
[3.304160] (41068_ignition_bringup) StdoutLine: {'line': b"reading manifest file 'rs1_nav.egg-info/SOURCES.txt'\n"}
[3.304902] (41068_ignition_bringup) StdoutLine: {'line': b"writing manifest file 'rs1_nav.egg-info/SOURCES.txt'\n"}
[3.309629] (-) TimerEvent: {}
[3.349347] (41068_ignition_bringup) StdoutLine: {'line': b'Built target ament_cmake_python_build_rs1_nav_egg\n'}
[3.364102] (41068_ignition_bringup) CommandEnded: {'returncode': 0}
[3.365657] (41068_ignition_bringup) JobProgress: {'identifier': '41068_ignition_bringup', 'progress': 'install'}
[3.377402] (41068_ignition_bringup) Command: {'cmd': ['/usr/bin/cmake', '--install', '/home/jordan/G25_RS1/RS1-Gr25/build/41068_ignition_bringup'], 'cwd': '/home/jordan/G25_RS1/RS1-Gr25/build/41068_ignition_bringup', 'env': OrderedDict([('LESSOPEN', '| /usr/bin/lesspipe %s'), ('VSCODE_CWD', '/mnt/c/Users/jorda/AppData/Local/Programs/cursor'), ('VSCODE_ESM_ENTRYPOINT', 'vs/workbench/api/node/extensionHostProcess'), ('GZ_SIM_RESOURCE_PATH', '/opt/ros/humble/share'), ('USER', 'jordan'), ('VSCODE_NLS_CONFIG', '{"userLocale":"en","osLocale":"en","resolvedLanguage":"en","defaultMessagesFile":"/home/jordan/.cursor-server/bin/2ba48ff3f7514cc4643c52ca9f7b3173d9b66130/out/nls.messages.json","locale":"en","availableLanguages":{}}'), ('VSCODE_HANDLES_UNCAUGHT_ERRORS', 'true'), ('CURSOR_RIPGREP_PATH', '/home/jordan/.cursor-server/bin/2ba48ff3f7514cc4643c52ca9f7b3173d9b66130/node_modules/@vscode/ripgrep/bin/rg'), ('SHLVL', '1'), ('LD_LIBRARY_PATH', '/opt/ros/humble/opt/rviz_ogre_vendor/lib:/opt/ros/humble/lib/x86_64-linux-gnu:/opt/ros/humble/lib'), ('HOME', '/home/jordan'), ('OLDPWD', '/home/jordan/G25_RS1/RS1-Gr25'), ('VSCODE_IPC_HOOK_CLI', '/run/user/1000/vscode-ipc-3517d1ba-6dd6-4d1e-86cb-c9e8c4fca531.sock'), ('ROS_PYTHON_VERSION', '3'), ('NO_COLOR', '1'), ('DBUS_SESSION_BUS_ADDRESS', 'unix:path=/run/user/1000/bus'), ('WSL_DISTRO_NAME', 'Ubuntu-22.04'), ('WAYLAND_DISPLAY', 'wayland-0'), ('VSCODE_L10N_BUNDLE_LOCATION', ''), ('COLCON_PREFIX_PATH', '/home/jordan/G25_RS1/RS1-Gr25/install'), ('ROS_DISTRO', 'humble'), ('OVSX_REGISTRY_URL', 'https://open-vsx.org'), ('LOGNAME', 'jordan'), ('FORCE_COLOR', '0'), ('NAME', 'DESKTOP-RC39RBI'), ('WSL_INTEROP', '/run/WSL/338_interop'), ('VSCODE_HANDLES_SIGPIPE', 'true'), ('PULSE_SERVER', 'unix:/mnt/wslg/PulseServer'), ('_', '/usr/bin/colcon'), ('ROS_VERSION', '2'), ('CURSOR_LAYOUT', 'unifiedAgent'), ('TERM', 'dumb'), ('LIBGL_ALWAYS_INDIRECT', '1'), ('ROS_LOCALHOST_ONLY', '1'), ('PATH', '/home/jordan/G25_RS1/RS1-Gr25/install/beer_fire_detection/bin:/opt/ros/humble/bin:/home/jordan/.cursor-server/bin/2ba48ff3f7514cc4643c52ca9f7b3173d9b66130/node_modules/@vscode/ripgrep/bin:/home/jordan/.cursor-server/bin/2ba48ff3f7514cc4643c52ca9f7b3173d9b66130/bin/remote-cli:/home/jordan/.cursor-server/bin/2ba48ff3f7514cc4643c52ca9f7b3173d9b66130/bin/remote-cli:/usr/local/sbin:/usr/local/bin:/usr/sbin:/usr/bin:/sbin:/bin:/usr/games:/usr/local/games:/usr/lib/wsl/lib:/snap/bin:/mnt/c/Users/jorda/AppData/Local/Programs/cursor/resources/app/bin:/mnt/c/Users/jorda/AppData/Local/Programs/Microsoft VS Code/bin'), ('XDG_RUNTIME_DIR', '/run/user/1000'), ('AGENT_TRANSCRIPTS', '/home/jordan/.cursor/projects/home-jordan-G25-RS1-RS1-Gr25-src-41068-ignition-bringup-v1-41068-ignition-bringup/agent-transcripts'), ('CURSOR_AGENT', '1'), ('DISPLAY', '172.22.192.1:0'), ('LANG', 'C.UTF-8'), ('LS_COLORS', ''), ('AMENT_PREFIX_PATH', '/home/jordan/G25_RS1/RS1-Gr25/install/beer_fire_detection:/home/jordan/G25_RS1/RS1-Gr25/install/41068_ignition_bringup:/opt/ros/humble'), ('SHELL', '/bin/bash'), ('LESSCLOSE', '/usr/bin/lesspipe %s %s'), ('PWD', '/home/jordan/G25_RS1/RS1-Gr25/build/41068_ignition_bringup'), ('XDG_DATA_DIRS', '/usr/local/share:/usr/share:/var/lib/snapd/desktop'), ('CURSOR_CONVERSATION_ID', 'f28fa931-f336-492e-badd-97c05ee7ac06'), ('PYTHONPATH', '/home/jordan/G25_RS1/RS1-Gr25/build/beer_fire_detection:/home/jordan/G25_RS1/RS1-Gr25/install/beer_fire_detection/lib/python3.10/site-packages:/home/jordan/G25_RS1/RS1-Gr25/install/41068_ignition_bringup/local/lib/python3.10/dist-packages:/opt/ros/humble/lib/python3.10/site-packages:/opt/ros/humble/local/lib/python3.10/dist-packages'), ('COLCON', '1'), ('__CURSOR_SANDBOX_ENV_RESTORE', "builtin unset CURSOR_CONVERSATION_ID CURSOR_AGENT_STORE_FILES_DIR CURSOR_AGENT_STORE_SHARED_PATHS 2>/dev/null || true; builtin export CURSOR_CONVERSATION_ID='f28fa931-f336-492e-badd-97c05ee7ac06'"), ('_ZO_DOCTOR', '0'), ('WSL2_GUI_APPS_ENABLED', '1'), ('HOSTTYPE', 'x86_64'), ('CMAKE_PREFIX_PATH', '/home/jordan/G25_RS1/RS1-Gr25/install/41068_ignition_bringup:/opt/ros/humble'), ('WSLENV', '')]), 'shell': False}
[3.388824] (41068_ignition_bringup) StdoutLine: {'line': b'-- Install configuration: ""\n'}
[3.390011] (41068_ignition_bringup) StdoutLine: {'line': b'-- Execute custom install script\n'}
[3.390757] (41068_ignition_bringup) StdoutLine: {'line': b'-- Up-to-date symlink: /home/jordan/G25_RS1/RS1-Gr25/install/41068_ignition_bringup/share/41068_ignition_bringup/config/41068.rviz\n'}
[3.391803] (41068_ignition_bringup) StdoutLine: {'line': b'-- Up-to-date symlink: /home/jordan/G25_RS1/RS1-Gr25/install/41068_ignition_bringup/share/41068_ignition_bringup/config/41068_husky1.rviz\n'}
[3.394677] (41068_ignition_bringup) StdoutLine: {'line': b'-- Up-to-date symlink: /home/jordan/G25_RS1/RS1-Gr25/install/41068_ignition_bringup/share/41068_ignition_bringup/config/41068_parrot1.rviz\n'}
[3.395028] (41068_ignition_bringup) StdoutLine: {'line': b'-- Up-to-date symlink: /home/jordan/G25_RS1/RS1-Gr25/install/41068_ignition_bringup/share/41068_ignition_bringup/config/gazebo_bridge_clock.yaml\n'}
[3.395294] (41068_ignition_bringup) StdoutLine: {'line': b'-- Up-to-date symlink: /home/jordan/G25_RS1/RS1-Gr25/install/41068_ignition_bringup/share/41068_ignition_bringup/config/gazebo_bridge_husky.yaml\n'}
[3.395421] (41068_ignition_bringup) StdoutLine: {'line': b'-- Up-to-date symlink: /home/jordan/G25_RS1/RS1-Gr25/install/41068_ignition_bringup/share/41068_ignition_bringup/config/gazebo_bridge_husky1.yaml\n'}
[3.396375] (41068_ignition_bringup) StdoutLine: {'line': b'-- Up-to-date symlink: /home/jordan/G25_RS1/RS1-Gr25/install/41068_ignition_bringup/share/41068_ignition_bringup/config/gazebo_bridge_parrot.yaml\n'}
[3.397810] (41068_ignition_bringup) StdoutLine: {'line': b'-- Up-to-date symlink: /home/jordan/G25_RS1/RS1-Gr25/install/41068_ignition_bringup/share/41068_ignition_bringup/config/gazebo_bridge_parrot1.yaml\n'}
[3.399182] (41068_ignition_bringup) StdoutLine: {'line': b'-- Up-to-date symlink: /home/jordan/G25_RS1/RS1-Gr25/install/41068_ignition_bringup/share/41068_ignition_bringup/config/ignition_server.config\n'}
[3.399338] (41068_ignition_bringup) StdoutLine: {'line': b'-- Up-to-date symlink: /home/jordan/G25_RS1/RS1-Gr25/install/41068_ignition_bringup/share/41068_ignition_bringup/config/nav2_params.yaml\n'}
[3.399496] (41068_ignition_bringup) StdoutLine: {'line': b'-- Up-to-date symlink: /home/jordan/G25_RS1/RS1-Gr25/install/41068_ignition_bringup/share/41068_ignition_bringup/config/nav2_params_husky1.yaml\n'}
[3.399645] (41068_ignition_bringup) StdoutLine: {'line': b'-- Up-to-date symlink: /home/jordan/G25_RS1/RS1-Gr25/install/41068_ignition_bringup/share/41068_ignition_bringup/config/nav2_params_parrot1.yaml\n'}
[3.399746] (41068_ignition_bringup) StdoutLine: {'line': b'-- Up-to-date symlink: /home/jordan/G25_RS1/RS1-Gr25/install/41068_ignition_bringup/share/41068_ignition_bringup/config/robot_localization.yaml\n'}
[3.399859] (41068_ignition_bringup) StdoutLine: {'line': b'-- Up-to-date symlink: /home/jordan/G25_RS1/RS1-Gr25/install/41068_ignition_bringup/share/41068_ignition_bringup/config/robot_localization_husky1.yaml\n'}
[3.400148] (41068_ignition_bringup) StdoutLine: {'line': b'-- Up-to-date symlink: /home/jordan/G25_RS1/RS1-Gr25/install/41068_ignition_bringup/share/41068_ignition_bringup/config/robot_localization_parrot1.yaml\n'}
[3.400322] (41068_ignition_bringup) StdoutLine: {'line': b'-- Up-to-date symlink: /home/jordan/G25_RS1/RS1-Gr25/install/41068_ignition_bringup/share/41068_ignition_bringup/config/slam_params.yaml\n'}
[3.400426] (41068_ignition_bringup) StdoutLine: {'line': b'-- Up-to-date symlink: /home/jordan/G25_RS1/RS1-Gr25/install/41068_ignition_bringup/share/41068_ignition_bringup/config/slam_params_husky1.yaml\n'}
[3.400526] (41068_ignition_bringup) StdoutLine: {'line': b'-- Up-to-date symlink: /home/jordan/G25_RS1/RS1-Gr25/install/41068_ignition_bringup/share/41068_ignition_bringup/config/slam_params_parrot1.yaml\n'}
[3.400612] (41068_ignition_bringup) StdoutLine: {'line': b'-- Up-to-date symlink: /home/jordan/G25_RS1/RS1-Gr25/install/41068_ignition_bringup/share/41068_ignition_bringup/launch/41068_autonomy_demo.launch.py\n'}
[3.400694] (41068_ignition_bringup) StdoutLine: {'line': b'-- Up-to-date symlink: /home/jordan/G25_RS1/RS1-Gr25/install/41068_ignition_bringup/share/41068_ignition_bringup/launch/41068_dynamic_world_demo.launch.py\n'}
[3.400809] (41068_ignition_bringup) StdoutLine: {'line': b'-- Up-to-date symlink: /home/jordan/G25_RS1/RS1-Gr25/install/41068_ignition_bringup/share/41068_ignition_bringup/launch/41068_ignition.launch.py\n'}
[3.400892] (41068_ignition_bringup) StdoutLine: {'line': b'-- Up-to-date symlink: /home/jordan/G25_RS1/RS1-Gr25/install/41068_ignition_bringup/share/41068_ignition_bringup/launch/41068_ignition_husky.launch.py\n'}
[3.400972] (41068_ignition_bringup) StdoutLine: {'line': b'-- Up-to-date symlink: /home/jordan/G25_RS1/RS1-Gr25/install/41068_ignition_bringup/share/41068_ignition_bringup/launch/41068_ignition_parrot.launch.py\n'}
[3.401169] (41068_ignition_bringup) StdoutLine: {'line': b'-- Up-to-date symlink: /home/jordan/G25_RS1/RS1-Gr25/install/41068_ignition_bringup/share/41068_ignition_bringup/launch/41068_navigation.launch.py\n'}
[3.401365] (41068_ignition_bringup) StdoutLine: {'line': b'-- Up-to-date symlink: /home/jordan/G25_RS1/RS1-Gr25/install/41068_ignition_bringup/share/41068_ignition_bringup/launch/__pycache__/41068_autonomy_demo.launch.cpython-310.pyc\n'}
[3.401560] (41068_ignition_bringup) StdoutLine: {'line': b'-- Up-to-date symlink: /home/jordan/G25_RS1/RS1-Gr25/install/41068_ignition_bringup/share/41068_ignition_bringup/launch/__pycache__/41068_autonomy_demo.launch.cpython-313.pyc\n'}
[3.402207] (41068_ignition_bringup) StdoutLine: {'line': b'-- Up-to-date symlink: /home/jordan/G25_RS1/RS1-Gr25/install/41068_ignition_bringup/share/41068_ignition_bringup/launch/__pycache__/41068_dynamic_world_demo.launch.cpython-313.pyc\n'}
[3.403172] (41068_ignition_bringup) StdoutLine: {'line': b'-- Up-to-date symlink: /home/jordan/G25_RS1/RS1-Gr25/install/41068_ignition_bringup/share/41068_ignition_bringup/launch/__pycache__/41068_ignition.launch.cpython-310.pyc\n'}
[3.403934] (41068_ignition_bringup) StdoutLine: {'line': b'-- Up-to-date symlink: /home/jordan/G25_RS1/RS1-Gr25/install/41068_ignition_bringup/share/41068_ignition_bringup/launch/__pycache__/41068_ignition.launch.cpython-313.pyc\n'}
[3.404817] (41068_ignition_bringup) StdoutLine: {'line': b'-- Up-to-date symlink: /home/jordan/G25_RS1/RS1-Gr25/install/41068_ignition_bringup/share/41068_ignition_bringup/launch/__pycache__/41068_ignition_husky.launch.cpython-310.pyc\n'}
[3.405442] (41068_ignition_bringup) StdoutLine: {'line': b'-- Up-to-date symlink: /home/jordan/G25_RS1/RS1-Gr25/install/41068_ignition_bringup/share/41068_ignition_bringup/launch/__pycache__/41068_ignition_husky.launch.cpython-313.pyc\n'}
[3.406046] (41068_ignition_bringup) StdoutLine: {'line': b'-- Up-to-date symlink: /home/jordan/G25_RS1/RS1-Gr25/install/41068_ignition_bringup/share/41068_ignition_bringup/launch/__pycache__/41068_ignition_parrot.launch.cpython-313.pyc\n'}
[3.406350] (41068_ignition_bringup) StdoutLine: {'line': b'-- Up-to-date symlink: /home/jordan/G25_RS1/RS1-Gr25/install/41068_ignition_bringup/share/41068_ignition_bringup/launch/__pycache__/41068_navigation.launch.cpython-313.pyc\n'}
[3.407134] (41068_ignition_bringup) StdoutLine: {'line': b'-- Up-to-date symlink: /home/jordan/G25_RS1/RS1-Gr25/install/41068_ignition_bringup/share/41068_ignition_bringup/launch/beer_sensor_demo.launch.py\n'}
[3.407318] (41068_ignition_bringup) StdoutLine: {'line': b'-- Up-to-date symlink: /home/jordan/G25_RS1/RS1-Gr25/install/41068_ignition_bringup/share/41068_ignition_bringup/launch/robot_status_gui.launch.py\n'}
[3.408898] (41068_ignition_bringup) StdoutLine: {'line': b'-- Up-to-date symlink: /home/jordan/G25_RS1/RS1-Gr25/install/41068_ignition_bringup/share/41068_ignition_bringup/models/custom_ground_plane/materials/forest_overhead.png\n'}
[3.410614] (-) TimerEvent: {}
[3.410694] (41068_ignition_bringup) StdoutLine: {'line': b'-- Up-to-date symlink: /home/jordan/G25_RS1/RS1-Gr25/install/41068_ignition_bringup/share/41068_ignition_bringup/models/custom_ground_plane/materials/normalmap.png\n'}
[3.411855] (41068_ignition_bringup) StdoutLine: {'line': b'-- Up-to-date symlink: /home/jordan/G25_RS1/RS1-Gr25/install/41068_ignition_bringup/share/41068_ignition_bringup/models/custom_ground_plane/materials/pitchmap3.png\n'}
[3.412371] (41068_ignition_bringup) StdoutLine: {'line': b'-- Up-to-date symlink: /home/jordan/G25_RS1/RS1-Gr25/install/41068_ignition_bringup/share/41068_ignition_bringup/models/custom_ground_plane/model.config\n'}
[3.412968] (41068_ignition_bringup) StdoutLine: {'line': b'-- Up-to-date symlink: /home/jordan/G25_RS1/RS1-Gr25/install/41068_ignition_bringup/share/41068_ignition_bringup/models/custom_ground_plane/model.sdf\n'}
[3.413146] (41068_ignition_bringup) StdoutLine: {'line': b'-- Up-to-date symlink: /home/jordan/G25_RS1/RS1-Gr25/install/41068_ignition_bringup/share/41068_ignition_bringup/models/fire/materials/fire_transparent.png\n'}
[3.413296] (41068_ignition_bringup) StdoutLine: {'line': b'-- Up-to-date symlink: /home/jordan/G25_RS1/RS1-Gr25/install/41068_ignition_bringup/share/41068_ignition_bringup/models/fire/model.config\n'}
[3.413450] (41068_ignition_bringup) StdoutLine: {'line': b'-- Up-to-date symlink: /home/jordan/G25_RS1/RS1-Gr25/install/41068_ignition_bringup/share/41068_ignition_bringup/models/fire/model.sdf\n'}
[3.413537] (41068_ignition_bringup) StdoutLine: {'line': b'-- Up-to-date symlink: /home/jordan/G25_RS1/RS1-Gr25/install/41068_ignition_bringup/share/41068_ignition_bringup/models/flat_custom_ground_plane/materials/forest_overhead_plain.png\n'}
[3.413692] (41068_ignition_bringup) StdoutLine: {'line': b'-- Up-to-date symlink: /home/jordan/G25_RS1/RS1-Gr25/install/41068_ignition_bringup/share/41068_ignition_bringup/models/flat_custom_ground_plane/model.config\n'}
[3.413883] (41068_ignition_bringup) StdoutLine: {'line': b'-- Up-to-date symlink: /home/jordan/G25_RS1/RS1-Gr25/install/41068_ignition_bringup/share/41068_ignition_bringup/models/flat_custom_ground_plane/model.sdf\n'}
[3.414038] (41068_ignition_bringup) StdoutLine: {'line': b'-- Up-to-date symlink: /home/jordan/G25_RS1/RS1-Gr25/install/41068_ignition_bringup/share/41068_ignition_bringup/models/forest_plane/materials/textures/empty_grass.png\n'}
[3.414137] (41068_ignition_bringup) StdoutLine: {'line': b'-- Up-to-date symlink: /home/jordan/G25_RS1/RS1-Gr25/install/41068_ignition_bringup/share/41068_ignition_bringup/models/forest_plane/materials/textures/forest_overhead.png\n'}
[3.414258] (41068_ignition_bringup) StdoutLine: {'line': b'-- Up-to-date symlink: /home/jordan/G25_RS1/RS1-Gr25/install/41068_ignition_bringup/share/41068_ignition_bringup/models/forest_plane/materials/textures/forest_overhead_plain.png\n'}
[3.414423] (41068_ignition_bringup) StdoutLine: {'line': b'-- Up-to-date symlink: /home/jordan/G25_RS1/RS1-Gr25/install/41068_ignition_bringup/share/41068_ignition_bringup/models/forest_plane/materials/textures/leaf_litter.png\n'}
[3.414532] (41068_ignition_bringup) StdoutLine: {'line': b'-- Up-to-date symlink: /home/jordan/G25_RS1/RS1-Gr25/install/41068_ignition_bringup/share/41068_ignition_bringup/models/forest_plane/model.config\n'}
[3.414615] (41068_ignition_bringup) StdoutLine: {'line': b'-- Up-to-date symlink: /home/jordan/G25_RS1/RS1-Gr25/install/41068_ignition_bringup/share/41068_ignition_bringup/models/forest_plane/model.sdf\n'}
[3.414695] (41068_ignition_bringup) StdoutLine: {'line': b'-- Up-to-date symlink: /home/jordan/G25_RS1/RS1-Gr25/install/41068_ignition_bringup/share/41068_ignition_bringup/models/forest_wall/materials/textures/forest_wall.png\n'}
[3.414773] (41068_ignition_bringup) StdoutLine: {'line': b'-- Up-to-date symlink: /home/jordan/G25_RS1/RS1-Gr25/install/41068_ignition_bringup/share/41068_ignition_bringup/models/forest_wall/materials/textures/forest_wall_transparent.png\n'}
[3.414852] (41068_ignition_bringup) StdoutLine: {'line': b'-- Up-to-date symlink: /home/jordan/G25_RS1/RS1-Gr25/install/41068_ignition_bringup/share/41068_ignition_bringup/models/forest_wall/materials/textures/forest_wall_transparent_small.png\n'}
[3.414930] (41068_ignition_bringup) StdoutLine: {'line': b'-- Up-to-date symlink: /home/jordan/G25_RS1/RS1-Gr25/install/41068_ignition_bringup/share/41068_ignition_bringup/models/forest_wall/model.config\n'}
[3.415012] (41068_ignition_bringup) StdoutLine: {'line': b'-- Up-to-date symlink: /home/jordan/G25_RS1/RS1-Gr25/install/41068_ignition_bringup/share/41068_ignition_bringup/models/forest_wall/model.sdf\n'}
[3.415157] (41068_ignition_bringup) StdoutLine: {'line': b'-- Up-to-date symlink: /home/jordan/G25_RS1/RS1-Gr25/install/41068_ignition_bringup/share/41068_ignition_bringup/models/grass_plane/materials/textures/empty_grass.png\n'}
[3.415244] (41068_ignition_bringup) StdoutLine: {'line': b'-- Up-to-date symlink: /home/jordan/G25_RS1/RS1-Gr25/install/41068_ignition_bringup/share/41068_ignition_bringup/models/grass_plane/model.config\n'}
[3.415328] (41068_ignition_bringup) StdoutLine: {'line': b'-- Up-to-date symlink: /home/jordan/G25_RS1/RS1-Gr25/install/41068_ignition_bringup/share/41068_ignition_bringup/models/grass_plane/model.sdf\n'}
[3.416081] (41068_ignition_bringup) StdoutLine: {'line': b'-- Up-to-date symlink: /home/jordan/G25_RS1/RS1-Gr25/install/41068_ignition_bringup/share/41068_ignition_bringup/models/tree_burning/model.config\n'}
[3.416352] (41068_ignition_bringup) StdoutLine: {'line': b'-- Up-to-date symlink: /home/jordan/G25_RS1/RS1-Gr25/install/41068_ignition_bringup/share/41068_ignition_bringup/models/tree_burning/model.sdf\n'}
[3.416588] (41068_ignition_bringup) StdoutLine: {'line': b'-- Up-to-date symlink: /home/jordan/G25_RS1/RS1-Gr25/install/41068_ignition_bringup/share/41068_ignition_bringup/urdf_husky/common_properties.urdf.xacro\n'}
[3.416799] (41068_ignition_bringup) StdoutLine: {'line': b'-- Up-to-date symlink: /home/jordan/G25_RS1/RS1-Gr25/install/41068_ignition_bringup/share/41068_ignition_bringup/urdf_husky/husky.gazebo.xacro\n'}
[3.416987] (41068_ignition_bringup) StdoutLine: {'line': b'-- Up-to-date symlink: /home/jordan/G25_RS1/RS1-Gr25/install/41068_ignition_bringup/share/41068_ignition_bringup/urdf_husky/husky.urdf.xacro\n'}
[3.417164] (41068_ignition_bringup) StdoutLine: {'line': b'-- Up-to-date symlink: /home/jordan/G25_RS1/RS1-Gr25/install/41068_ignition_bringup/share/41068_ignition_bringup/urdf_husky/meshes/base_link.dae\n'}
[3.417340] (41068_ignition_bringup) StdoutLine: {'line': b'-- Up-to-date symlink: /home/jordan/G25_RS1/RS1-Gr25/install/41068_ignition_bringup/share/41068_ignition_bringup/urdf_husky/meshes/bumper.dae\n'}
[3.417494] (41068_ignition_bringup) StdoutLine: {'line': b'-- Up-to-date symlink: /home/jordan/G25_RS1/RS1-Gr25/install/41068_ignition_bringup/share/41068_ignition_bringup/urdf_husky/meshes/jpl04_arch_nosensor.stl\n'}
[3.417582] (41068_ignition_bringup) StdoutLine: {'line': b'-- Up-to-date symlink: /home/jordan/G25_RS1/RS1-Gr25/install/41068_ignition_bringup/share/41068_ignition_bringup/urdf_husky/meshes/top_chassis.dae\n'}
[3.417660] (41068_ignition_bringup) StdoutLine: {'line': b'-- Up-to-date symlink: /home/jordan/G25_RS1/RS1-Gr25/install/41068_ignition_bringup/share/41068_ignition_bringup/urdf_husky/meshes/top_plate.dae\n'}
[3.417738] (41068_ignition_bringup) StdoutLine: {'line': b'-- Up-to-date symlink: /home/jordan/G25_RS1/RS1-Gr25/install/41068_ignition_bringup/share/41068_ignition_bringup/urdf_husky/meshes/wheel.dae\n'}
[3.418818] (41068_ignition_bringup) StdoutLine: {'line': b'-- Up-to-date symlink: /home/jordan/G25_RS1/RS1-Gr25/install/41068_ignition_bringup/share/41068_ignition_bringup/urdf_husky/wheel.urdf.xacro\n'}
[3.419008] (41068_ignition_bringup) StdoutLine: {'line': b'-- Up-to-date symlink: /home/jordan/G25_RS1/RS1-Gr25/install/41068_ignition_bringup/share/41068_ignition_bringup/worlds/beer_demo_world.sdf\n'}
[3.419181] (41068_ignition_bringup) StdoutLine: {'line': b'-- Up-to-date symlink: /home/jordan/G25_RS1/RS1-Gr25/install/41068_ignition_bringup/share/41068_ignition_bringup/worlds/custom_world_1.sdf\n'}
[3.419349] (41068_ignition_bringup) StdoutLine: {'line': b'-- Up-to-date symlink: /home/jordan/G25_RS1/RS1-Gr25/install/41068_ignition_bringup/share/41068_ignition_bringup/worlds/large_demo.sdf\n'}
[3.419553] (41068_ignition_bringup) StdoutLine: {'line': b'-- Up-to-date symlink: /home/jordan/G25_RS1/RS1-Gr25/install/41068_ignition_bringup/share/41068_ignition_bringup/worlds/simple_trees.sdf\n'}
[3.419828] (41068_ignition_bringup) StdoutLine: {'line': b'-- Up-to-date symlink: /home/jordan/G25_RS1/RS1-Gr25/install/41068_ignition_bringup/share/41068_ignition_bringup/urdf_parrot/common_properties.urdf.xacro\n'}
[3.419968] (41068_ignition_bringup) StdoutLine: {'line': b'-- Up-to-date symlink: /home/jordan/G25_RS1/RS1-Gr25/install/41068_ignition_bringup/share/41068_ignition_bringup/urdf_parrot/meshes/hull.dae\n'}
[3.420111] (41068_ignition_bringup) StdoutLine: {'line': b'-- Up-to-date symlink: /home/jordan/G25_RS1/RS1-Gr25/install/41068_ignition_bringup/share/41068_ignition_bringup/urdf_parrot/meshes/propeller_fl.dae\n'}
[3.420327] (41068_ignition_bringup) StdoutLine: {'line': b'-- Up-to-date symlink: /home/jordan/G25_RS1/RS1-Gr25/install/41068_ignition_bringup/share/41068_ignition_bringup/urdf_parrot/meshes/propeller_fr.dae\n'}
[3.420523] (41068_ignition_bringup) StdoutLine: {'line': b'-- Up-to-date symlink: /home/jordan/G25_RS1/RS1-Gr25/install/41068_ignition_bringup/share/41068_ignition_bringup/urdf_parrot/meshes/propeller_rl.dae\n'}
[3.420760] (41068_ignition_bringup) StdoutLine: {'line': b'-- Up-to-date symlink: /home/jordan/G25_RS1/RS1-Gr25/install/41068_ignition_bringup/share/41068_ignition_bringup/urdf_parrot/meshes/propeller_rr.dae\n'}
[3.421057] (41068_ignition_bringup) StdoutLine: {'line': b'-- Up-to-date symlink: /home/jordan/G25_RS1/RS1-Gr25/install/41068_ignition_bringup/share/41068_ignition_bringup/urdf_parrot/model.config\n'}
[3.421232] (41068_ignition_bringup) StdoutLine: {'line': b'-- Up-to-date symlink: /home/jordan/G25_RS1/RS1-Gr25/install/41068_ignition_bringup/share/41068_ignition_bringup/urdf_parrot/model.sdf\n'}
[3.421459] (41068_ignition_bringup) StdoutLine: {'line': b'-- Up-to-date symlink: /home/jordan/G25_RS1/RS1-Gr25/install/41068_ignition_bringup/share/41068_ignition_bringup/urdf_parrot/parrot.gazebo.xacro\n'}
[3.421554] (41068_ignition_bringup) StdoutLine: {'line': b'-- Up-to-date symlink: /home/jordan/G25_RS1/RS1-Gr25/install/41068_ignition_bringup/share/41068_ignition_bringup/urdf_parrot/parrot.urdf.xacro\n'}
[3.421637] (41068_ignition_bringup) StdoutLine: {'line': b'-- Up-to-date symlink: /home/jordan/G25_RS1/RS1-Gr25/install/41068_ignition_bringup/share/41068_ignition_bringup/urdf_parrot/thumbnails/1.png\n'}
[3.421836] (41068_ignition_bringup) StdoutLine: {'line': b'-- Up-to-date symlink: /home/jordan/G25_RS1/RS1-Gr25/install/41068_ignition_bringup/share/41068_ignition_bringup/urdf_parrot/thumbnails/2.png\n'}
[3.423341] (41068_ignition_bringup) StdoutLine: {'line': b'-- Up-to-date symlink: /home/jordan/G25_RS1/RS1-Gr25/install/41068_ignition_bringup/share/41068_ignition_bringup/urdf_parrot/thumbnails/3.png\n'}
[3.423776] (41068_ignition_bringup) StdoutLine: {'line': b'-- Up-to-date symlink: /home/jordan/G25_RS1/RS1-Gr25/install/41068_ignition_bringup/share/41068_ignition_bringup/urdf_parrot/thumbnails/4.png\n'}
[3.424522] (41068_ignition_bringup) StdoutLine: {'line': b'-- Up-to-date symlink: /home/jordan/G25_RS1/RS1-Gr25/install/41068_ignition_bringup/share/41068_ignition_bringup/urdf_parrot/thumbnails/5.png\n'}
[3.424741] (41068_ignition_bringup) StdoutLine: {'line': b'-- Up-to-date symlink: /home/jordan/G25_RS1/RS1-Gr25/install/41068_ignition_bringup/share/41068_ignition_bringup/environment/pythonpath.sh\n'}
[3.424935] (41068_ignition_bringup) StdoutLine: {'line': b'-- Up-to-date symlink: /home/jordan/G25_RS1/RS1-Gr25/install/41068_ignition_bringup/share/41068_ignition_bringup/environment/pythonpath.dsv\n'}
[3.425227] (41068_ignition_bringup) StdoutLine: {'line': b'-- Up-to-date symlink: /home/jordan/G25_RS1/RS1-Gr25/install/41068_ignition_bringup/local/lib/python3.10/dist-packages/rs1_nav-1.0.5-py3.10.egg-info/PKG-INFO\n'}
[3.425520] (41068_ignition_bringup) StdoutLine: {'line': b'-- Up-to-date symlink: /home/jordan/G25_RS1/RS1-Gr25/install/41068_ignition_bringup/local/lib/python3.10/dist-packages/rs1_nav-1.0.5-py3.10.egg-info/SOURCES.txt\n'}
[3.425948] (41068_ignition_bringup) StdoutLine: {'line': b'-- Up-to-date symlink: /home/jordan/G25_RS1/RS1-Gr25/install/41068_ignition_bringup/local/lib/python3.10/dist-packages/rs1_nav-1.0.5-py3.10.egg-info/dependency_links.txt\n'}
[3.426446] (41068_ignition_bringup) StdoutLine: {'line': b'-- Up-to-date symlink: /home/jordan/G25_RS1/RS1-Gr25/install/41068_ignition_bringup/local/lib/python3.10/dist-packages/rs1_nav-1.0.5-py3.10.egg-info/top_level.txt\n'}
[3.426842] (41068_ignition_bringup) StdoutLine: {'line': b'-- Up-to-date symlink: /home/jordan/G25_RS1/RS1-Gr25/install/41068_ignition_bringup/local/lib/python3.10/dist-packages/rs1_nav/__init__.py\n'}
[3.427130] (41068_ignition_bringup) StdoutLine: {'line': b'-- Up-to-date symlink: /home/jordan/G25_RS1/RS1-Gr25/install/41068_ignition_bringup/local/lib/python3.10/dist-packages/rs1_nav/gazebo_world.py\n'}
[3.427334] (41068_ignition_bringup) StdoutLine: {'line': b'-- Up-to-date symlink: /home/jordan/G25_RS1/RS1-Gr25/install/41068_ignition_bringup/local/lib/python3.10/dist-packages/rs1_nav/geometry.py\n'}
[3.427584] (41068_ignition_bringup) StdoutLine: {'line': b'-- Up-to-date symlink: /home/jordan/G25_RS1/RS1-Gr25/install/41068_ignition_bringup/local/lib/python3.10/dist-packages/rs1_nav/mission.py\n'}
[3.427900] (41068_ignition_bringup) StdoutLine: {'line': b'-- Up-to-date symlink: /home/jordan/G25_RS1/RS1-Gr25/install/41068_ignition_bringup/local/lib/python3.10/dist-packages/rs1_nav/nav_observer.py\n'}
[3.428238] (41068_ignition_bringup) StdoutLine: {'line': b'-- Up-to-date symlink: /home/jordan/G25_RS1/RS1-Gr25/install/41068_ignition_bringup/local/lib/python3.10/dist-packages/rs1_nav/sim.py\n'}
[3.428595] (41068_ignition_bringup) StdoutLine: {'line': b'-- Up-to-date symlink: /home/jordan/G25_RS1/RS1-Gr25/install/41068_ignition_bringup/lib/41068_ignition_bringup/dynamic_world_demo.py\n'}
[3.428929] (41068_ignition_bringup) StdoutLine: {'line': b'-- Up-to-date symlink: /home/jordan/G25_RS1/RS1-Gr25/install/41068_ignition_bringup/lib/41068_ignition_bringup/basic_autonomy_demo.py\n'}
[3.429276] (41068_ignition_bringup) StdoutLine: {'line': b'-- Up-to-date symlink: /home/jordan/G25_RS1/RS1-Gr25/install/41068_ignition_bringup/lib/41068_ignition_bringup/odometry_tf_broadcaster.py\n'}
[3.429537] (41068_ignition_bringup) StdoutLine: {'line': b'-- Up-to-date symlink: /home/jordan/G25_RS1/RS1-Gr25/install/41068_ignition_bringup/lib/41068_ignition_bringup/obstacle_injector.py\n'}
[3.429931] (41068_ignition_bringup) StdoutLine: {'line': b'-- Up-to-date symlink: /home/jordan/G25_RS1/RS1-Gr25/install/41068_ignition_bringup/lib/41068_ignition_bringup/robot_status_gui.py\n'}
[3.430209] (41068_ignition_bringup) StdoutLine: {'line': b'-- Up-to-date symlink: /home/jordan/G25_RS1/RS1-Gr25/install/41068_ignition_bringup/share/ament_index/resource_index/package_run_dependencies/41068_ignition_bringup\n'}
[3.430511] (41068_ignition_bringup) StdoutLine: {'line': b'-- Up-to-date symlink: /home/jordan/G25_RS1/RS1-Gr25/install/41068_ignition_bringup/share/ament_index/resource_index/parent_prefix_path/41068_ignition_bringup\n'}
[3.430849] (41068_ignition_bringup) StdoutLine: {'line': b'-- Up-to-date symlink: /home/jordan/G25_RS1/RS1-Gr25/install/41068_ignition_bringup/share/41068_ignition_bringup/environment/ament_prefix_path.sh\n'}
[3.431049] (41068_ignition_bringup) StdoutLine: {'line': b'-- Up-to-date symlink: /home/jordan/G25_RS1/RS1-Gr25/install/41068_ignition_bringup/share/41068_ignition_bringup/environment/ament_prefix_path.dsv\n'}
[3.431135] (41068_ignition_bringup) StdoutLine: {'line': b'-- Up-to-date symlink: /home/jordan/G25_RS1/RS1-Gr25/install/41068_ignition_bringup/share/41068_ignition_bringup/environment/path.sh\n'}
[3.431261] (41068_ignition_bringup) StdoutLine: {'line': b'-- Up-to-date symlink: /home/jordan/G25_RS1/RS1-Gr25/install/41068_ignition_bringup/share/41068_ignition_bringup/environment/path.dsv\n'}
[3.431467] (41068_ignition_bringup) StdoutLine: {'line': b'-- Up-to-date symlink: /home/jordan/G25_RS1/RS1-Gr25/install/41068_ignition_bringup/share/41068_ignition_bringup/local_setup.bash\n'}
[3.431721] (41068_ignition_bringup) StdoutLine: {'line': b'-- Up-to-date symlink: /home/jordan/G25_RS1/RS1-Gr25/install/41068_ignition_bringup/share/41068_ignition_bringup/local_setup.sh\n'}
[3.431981] (41068_ignition_bringup) StdoutLine: {'line': b'-- Up-to-date symlink: /home/jordan/G25_RS1/RS1-Gr25/install/41068_ignition_bringup/share/41068_ignition_bringup/local_setup.zsh\n'}
[3.432145] (41068_ignition_bringup) StdoutLine: {'line': b'-- Up-to-date symlink: /home/jordan/G25_RS1/RS1-Gr25/install/41068_ignition_bringup/share/41068_ignition_bringup/local_setup.dsv\n'}
[3.432380] (41068_ignition_bringup) StdoutLine: {'line': b'-- Symlinking: /home/jordan/G25_RS1/RS1-Gr25/install/41068_ignition_bringup/share/41068_ignition_bringup/package.dsv\n'}
[3.437790] (41068_ignition_bringup) StdoutLine: {'line': b'-- Up-to-date symlink: /home/jordan/G25_RS1/RS1-Gr25/install/41068_ignition_bringup/share/ament_index/resource_index/packages/41068_ignition_bringup\n'}
[3.438559] (41068_ignition_bringup) StdoutLine: {'line': b'-- Up-to-date symlink: /home/jordan/G25_RS1/RS1-Gr25/install/41068_ignition_bringup/share/41068_ignition_bringup/cmake/41068_ignition_bringupConfig.cmake\n'}
[3.438745] (41068_ignition_bringup) StdoutLine: {'line': b'-- Up-to-date symlink: /home/jordan/G25_RS1/RS1-Gr25/install/41068_ignition_bringup/share/41068_ignition_bringup/cmake/41068_ignition_bringupConfig-version.cmake\n'}
[3.439252] (41068_ignition_bringup) StdoutLine: {'line': b'-- Up-to-date symlink: /home/jordan/G25_RS1/RS1-Gr25/install/41068_ignition_bringup/share/41068_ignition_bringup/package.xml\n'}
[3.488715] (41068_ignition_bringup) StdoutLine: {'line': b"Listing '/home/jordan/G25_RS1/RS1-Gr25/install/41068_ignition_bringup/local/lib/python3.10/dist-packages/rs1_nav'...\n"}
[3.498346] (41068_ignition_bringup) CommandEnded: {'returncode': 0}
[3.511149] (-) TimerEvent: {}
[3.528842] (41068_ignition_bringup) JobEnded: {'identifier': '41068_ignition_bringup', 'rc': 0}
[3.530876] (-) EventReactorShutdown: {}
