[0.196s] DEBUG:colcon:Command line arguments: ['/usr/bin/colcon', 'build', '--symlink-install', '--packages-select', 'beer_fire_detection', '41068_ignition_bringup']
[0.196s] DEBUG:colcon:Parsed command line arguments: Namespace(log_base=None, log_level=None, verb_name='build', build_base='build', install_base='install', merge_install=False, symlink_install=True, test_result_base=None, continue_on_error=False, executor='parallel', parallel_workers=6, event_handlers=None, ignore_user_meta=False, metas=['./colcon.meta'], base_paths=['.'], packages_ignore=None, packages_ignore_regex=None, paths=None, packages_up_to=None, packages_up_to_regex=None, packages_above=None, packages_above_and_dependencies=None, packages_above_depth=None, packages_select_by_dep=None, packages_skip_by_dep=None, packages_skip_up_to=None, packages_select_build_failed=False, packages_skip_build_finished=False, packages_select_test_failures=False, packages_skip_test_passed=False, packages_select=['beer_fire_detection', '41068_ignition_bringup'], packages_skip=None, packages_select_regex=None, packages_skip_regex=None, packages_start=None, packages_end=None, allow_overriding=[], cmake_args=None, cmake_target=None, cmake_target_skip_unavailable=False, cmake_clean_cache=False, cmake_clean_first=False, cmake_force_configure=False, ament_cmake_args=None, catkin_cmake_args=None, catkin_skip_building_tests=False, mixin_files=None, mixin=None, verb_parser=<colcon_mixin.mixin.mixin_argument.MixinArgumentDecorator object at 0x75e3bf242350>, verb_extension=<colcon_core.verb.build.BuildVerb object at 0x75e3bf241e10>, main=<bound method BuildVerb.main of <colcon_core.verb.build.BuildVerb object at 0x75e3bf241e10>>, mixin_verb=('build',))
[0.453s] Level 1:colcon.colcon_core.package_discovery:discover_packages(colcon_meta) check parameters
[0.453s] Level 1:colcon.colcon_core.package_discovery:discover_packages(recursive) check parameters
[0.453s] Level 1:colcon.colcon_core.package_discovery:discover_packages(ignore) check parameters
[0.454s] Level 1:colcon.colcon_core.package_discovery:discover_packages(path) check parameters
[0.454s] Level 1:colcon.colcon_core.package_discovery:discover_packages(colcon_meta) discover
[0.454s] Level 1:colcon.colcon_core.package_discovery:discover_packages(recursive) discover
[0.454s] INFO:colcon.colcon_core.package_discovery:Crawling recursively for packages in '/home/jordan/G25_RS1/RS1-Gr25'
[0.454s] Level 1:colcon.colcon_core.package_identification:_identify(.) by extensions ['ignore', 'ignore_ament_install']
[0.455s] Level 1:colcon.colcon_core.package_identification:_identify(.) by extension 'ignore'
[0.455s] Level 1:colcon.colcon_core.package_identification:_identify(.) by extension 'ignore_ament_install'
[0.456s] Level 1:colcon.colcon_core.package_identification:_identify(.) by extensions ['colcon_pkg']
[0.456s] Level 1:colcon.colcon_core.package_identification:_identify(.) by extension 'colcon_pkg'
[0.456s] Level 1:colcon.colcon_core.package_identification:_identify(.) by extensions ['colcon_meta']
[0.456s] Level 1:colcon.colcon_core.package_identification:_identify(.) by extension 'colcon_meta'
[0.456s] Level 1:colcon.colcon_core.package_identification:_identify(.) by extensions ['ros']
[0.456s] Level 1:colcon.colcon_core.package_identification:_identify(.) by extension 'ros'
[0.470s] Level 1:colcon.colcon_core.package_identification:_identify(.) by extensions ['cmake', 'python']
[0.470s] Level 1:colcon.colcon_core.package_identification:_identify(.) by extension 'cmake'
[0.470s] Level 1:colcon.colcon_core.package_identification:_identify(.) by extension 'python'
[0.470s] Level 1:colcon.colcon_core.package_identification:_identify(.) by extensions ['python_setup_py']
[0.471s] Level 1:colcon.colcon_core.package_identification:_identify(.) by extension 'python_setup_py'
[0.471s] Level 1:colcon.colcon_core.package_identification:_identify(build) by extensions ['ignore', 'ignore_ament_install']
[0.471s] Level 1:colcon.colcon_core.package_identification:_identify(build) by extension 'ignore'
[0.471s] Level 1:colcon.colcon_core.package_identification:_identify(build) ignored
[0.472s] Level 1:colcon.colcon_core.package_identification:_identify(install) by extensions ['ignore', 'ignore_ament_install']
[0.472s] Level 1:colcon.colcon_core.package_identification:_identify(install) by extension 'ignore'
[0.472s] Level 1:colcon.colcon_core.package_identification:_identify(install) ignored
[0.472s] Level 1:colcon.colcon_core.package_identification:_identify(log) by extensions ['ignore', 'ignore_ament_install']
[0.473s] Level 1:colcon.colcon_core.package_identification:_identify(log) by extension 'ignore'
[0.473s] Level 1:colcon.colcon_core.package_identification:_identify(log) ignored
[0.473s] Level 1:colcon.colcon_core.package_identification:_identify(src) by extensions ['ignore', 'ignore_ament_install']
[0.473s] Level 1:colcon.colcon_core.package_identification:_identify(src) by extension 'ignore'
[0.473s] Level 1:colcon.colcon_core.package_identification:_identify(src) by extension 'ignore_ament_install'
[0.473s] Level 1:colcon.colcon_core.package_identification:_identify(src) by extensions ['colcon_pkg']
[0.473s] Level 1:colcon.colcon_core.package_identification:_identify(src) by extension 'colcon_pkg'
[0.474s] Level 1:colcon.colcon_core.package_identification:_identify(src) by extensions ['colcon_meta']
[0.474s] Level 1:colcon.colcon_core.package_identification:_identify(src) by extension 'colcon_meta'
[0.474s] Level 1:colcon.colcon_core.package_identification:_identify(src) by extensions ['ros']
[0.474s] Level 1:colcon.colcon_core.package_identification:_identify(src) by extension 'ros'
[0.474s] Level 1:colcon.colcon_core.package_identification:_identify(src) by extensions ['cmake', 'python']
[0.474s] Level 1:colcon.colcon_core.package_identification:_identify(src) by extension 'cmake'
[0.474s] Level 1:colcon.colcon_core.package_identification:_identify(src) by extension 'python'
[0.474s] Level 1:colcon.colcon_core.package_identification:_identify(src) by extensions ['python_setup_py']
[0.475s] Level 1:colcon.colcon_core.package_identification:_identify(src) by extension 'python_setup_py'
[0.475s] Level 1:colcon.colcon_core.package_identification:_identify(src/41068_ignition_bringup_v1) by extensions ['ignore', 'ignore_ament_install']
[0.475s] Level 1:colcon.colcon_core.package_identification:_identify(src/41068_ignition_bringup_v1) by extension 'ignore'
[0.475s] Level 1:colcon.colcon_core.package_identification:_identify(src/41068_ignition_bringup_v1) by extension 'ignore_ament_install'
[0.475s] Level 1:colcon.colcon_core.package_identification:_identify(src/41068_ignition_bringup_v1) by extensions ['colcon_pkg']
[0.475s] Level 1:colcon.colcon_core.package_identification:_identify(src/41068_ignition_bringup_v1) by extension 'colcon_pkg'
[0.475s] Level 1:colcon.colcon_core.package_identification:_identify(src/41068_ignition_bringup_v1) by extensions ['colcon_meta']
[0.475s] Level 1:colcon.colcon_core.package_identification:_identify(src/41068_ignition_bringup_v1) by extension 'colcon_meta'
[0.476s] Level 1:colcon.colcon_core.package_identification:_identify(src/41068_ignition_bringup_v1) by extensions ['ros']
[0.476s] Level 1:colcon.colcon_core.package_identification:_identify(src/41068_ignition_bringup_v1) by extension 'ros'
[0.476s] Level 1:colcon.colcon_core.package_identification:_identify(src/41068_ignition_bringup_v1) by extensions ['cmake', 'python']
[0.476s] Level 1:colcon.colcon_core.package_identification:_identify(src/41068_ignition_bringup_v1) by extension 'cmake'
[0.476s] Level 1:colcon.colcon_core.package_identification:_identify(src/41068_ignition_bringup_v1) by extension 'python'
[0.476s] Level 1:colcon.colcon_core.package_identification:_identify(src/41068_ignition_bringup_v1) by extensions ['python_setup_py']
[0.476s] Level 1:colcon.colcon_core.package_identification:_identify(src/41068_ignition_bringup_v1) by extension 'python_setup_py'
[0.476s] Level 1:colcon.colcon_core.package_identification:_identify(src/41068_ignition_bringup_v1/41068_ignition_bringup) by extensions ['ignore', 'ignore_ament_install']
[0.477s] Level 1:colcon.colcon_core.package_identification:_identify(src/41068_ignition_bringup_v1/41068_ignition_bringup) by extension 'ignore'
[0.477s] Level 1:colcon.colcon_core.package_identification:_identify(src/41068_ignition_bringup_v1/41068_ignition_bringup) by extension 'ignore_ament_install'
[0.477s] Level 1:colcon.colcon_core.package_identification:_identify(src/41068_ignition_bringup_v1/41068_ignition_bringup) by extensions ['colcon_pkg']
[0.477s] Level 1:colcon.colcon_core.package_identification:_identify(src/41068_ignition_bringup_v1/41068_ignition_bringup) by extension 'colcon_pkg'
[0.477s] Level 1:colcon.colcon_core.package_identification:_identify(src/41068_ignition_bringup_v1/41068_ignition_bringup) by extensions ['colcon_meta']
[0.477s] Level 1:colcon.colcon_core.package_identification:_identify(src/41068_ignition_bringup_v1/41068_ignition_bringup) by extension 'colcon_meta'
[0.477s] Level 1:colcon.colcon_core.package_identification:_identify(src/41068_ignition_bringup_v1/41068_ignition_bringup) by extensions ['ros']
[0.477s] Level 1:colcon.colcon_core.package_identification:_identify(src/41068_ignition_bringup_v1/41068_ignition_bringup) by extension 'ros'
[0.482s] DEBUG:colcon.colcon_core.package_identification:Package 'src/41068_ignition_bringup_v1/41068_ignition_bringup' with type 'ros.ament_cmake' and name '41068_ignition_bringup'
[0.483s] Level 1:colcon.colcon_core.package_identification:_identify(src/beer_fire_detection) by extensions ['ignore', 'ignore_ament_install']
[0.483s] Level 1:colcon.colcon_core.package_identification:_identify(src/beer_fire_detection) by extension 'ignore'
[0.483s] Level 1:colcon.colcon_core.package_identification:_identify(src/beer_fire_detection) by extension 'ignore_ament_install'
[0.483s] Level 1:colcon.colcon_core.package_identification:_identify(src/beer_fire_detection) by extensions ['colcon_pkg']
[0.483s] Level 1:colcon.colcon_core.package_identification:_identify(src/beer_fire_detection) by extension 'colcon_pkg'
[0.483s] Level 1:colcon.colcon_core.package_identification:_identify(src/beer_fire_detection) by extensions ['colcon_meta']
[0.484s] Level 1:colcon.colcon_core.package_identification:_identify(src/beer_fire_detection) by extension 'colcon_meta'
[0.484s] Level 1:colcon.colcon_core.package_identification:_identify(src/beer_fire_detection) by extensions ['ros']
[0.484s] Level 1:colcon.colcon_core.package_identification:_identify(src/beer_fire_detection) by extension 'ros'
[0.485s] DEBUG:colcon.colcon_core.package_identification:Package 'src/beer_fire_detection' with type 'ros.ament_python' and name 'beer_fire_detection'
[0.485s] Level 1:colcon.colcon_core.package_identification:_identify(test) by extensions ['ignore', 'ignore_ament_install']
[0.485s] Level 1:colcon.colcon_core.package_identification:_identify(test) by extension 'ignore'
[0.485s] Level 1:colcon.colcon_core.package_identification:_identify(test) by extension 'ignore_ament_install'
[0.485s] Level 1:colcon.colcon_core.package_identification:_identify(test) by extensions ['colcon_pkg']
[0.486s] Level 1:colcon.colcon_core.package_identification:_identify(test) by extension 'colcon_pkg'
[0.486s] Level 1:colcon.colcon_core.package_identification:_identify(test) by extensions ['colcon_meta']
[0.486s] Level 1:colcon.colcon_core.package_identification:_identify(test) by extension 'colcon_meta'
[0.486s] Level 1:colcon.colcon_core.package_identification:_identify(test) by extensions ['ros']
[0.486s] Level 1:colcon.colcon_core.package_identification:_identify(test) by extension 'ros'
[0.487s] Level 1:colcon.colcon_core.package_identification:_identify(test) by extensions ['cmake', 'python']
[0.487s] Level 1:colcon.colcon_core.package_identification:_identify(test) by extension 'cmake'
[0.487s] Level 1:colcon.colcon_core.package_identification:_identify(test) by extension 'python'
[0.487s] Level 1:colcon.colcon_core.package_identification:_identify(test) by extensions ['python_setup_py']
[0.487s] Level 1:colcon.colcon_core.package_identification:_identify(test) by extension 'python_setup_py'
[0.488s] Level 1:colcon.colcon_core.package_identification:_identify(test/__pycache__) by extensions ['ignore', 'ignore_ament_install']
[0.488s] Level 1:colcon.colcon_core.package_identification:_identify(test/__pycache__) by extension 'ignore'
[0.488s] Level 1:colcon.colcon_core.package_identification:_identify(test/__pycache__) by extension 'ignore_ament_install'
[0.488s] Level 1:colcon.colcon_core.package_identification:_identify(test/__pycache__) by extensions ['colcon_pkg']
[0.489s] Level 1:colcon.colcon_core.package_identification:_identify(test/__pycache__) by extension 'colcon_pkg'
[0.489s] Level 1:colcon.colcon_core.package_identification:_identify(test/__pycache__) by extensions ['colcon_meta']
[0.489s] Level 1:colcon.colcon_core.package_identification:_identify(test/__pycache__) by extension 'colcon_meta'
[0.489s] Level 1:colcon.colcon_core.package_identification:_identify(test/__pycache__) by extensions ['ros']
[0.489s] Level 1:colcon.colcon_core.package_identification:_identify(test/__pycache__) by extension 'ros'
[0.489s] Level 1:colcon.colcon_core.package_identification:_identify(test/__pycache__) by extensions ['cmake', 'python']
[0.489s] Level 1:colcon.colcon_core.package_identification:_identify(test/__pycache__) by extension 'cmake'
[0.489s] Level 1:colcon.colcon_core.package_identification:_identify(test/__pycache__) by extension 'python'
[0.490s] Level 1:colcon.colcon_core.package_identification:_identify(test/__pycache__) by extensions ['python_setup_py']
[0.490s] Level 1:colcon.colcon_core.package_identification:_identify(test/__pycache__) by extension 'python_setup_py'
[0.490s] Level 1:colcon.colcon_core.package_discovery:discover_packages(recursive) using defaults
[0.490s] Level 1:colcon.colcon_core.package_discovery:discover_packages(ignore) discover
[0.490s] Level 1:colcon.colcon_core.package_discovery:discover_packages(ignore) using defaults
[0.490s] Level 1:colcon.colcon_core.package_discovery:discover_packages(path) discover
[0.490s] Level 1:colcon.colcon_core.package_discovery:discover_packages(path) using defaults
[0.541s] Level 1:colcon.colcon_core.package_discovery:discover_packages(prefix_path) check parameters
[0.541s] Level 1:colcon.colcon_core.package_discovery:discover_packages(prefix_path) discover
[0.544s] DEBUG:colcon.colcon_installed_package_information.package_discovery:Found 1 installed packages in /home/jordan/G25_RS1/RS1-Gr25/install
[0.546s] DEBUG:colcon.colcon_installed_package_information.package_discovery:Found 405 installed packages in /opt/ros/humble
[0.548s] Level 1:colcon.colcon_core.package_discovery:discover_packages(prefix_path) using defaults
[0.614s] Level 5:colcon.colcon_core.verb:set package 'beer_fire_detection' build argument 'cmake_args' from command line to 'None'
[0.614s] Level 5:colcon.colcon_core.verb:set package 'beer_fire_detection' build argument 'cmake_target' from command line to 'None'
[0.614s] Level 5:colcon.colcon_core.verb:set package 'beer_fire_detection' build argument 'cmake_target_skip_unavailable' from command line to 'False'
[0.614s] Level 5:colcon.colcon_core.verb:set package 'beer_fire_detection' build argument 'cmake_clean_cache' from command line to 'False'
[0.615s] Level 5:colcon.colcon_core.verb:set package 'beer_fire_detection' build argument 'cmake_clean_first' from command line to 'False'
[0.615s] Level 5:colcon.colcon_core.verb:set package 'beer_fire_detection' build argument 'cmake_force_configure' from command line to 'False'
[0.615s] Level 5:colcon.colcon_core.verb:set package 'beer_fire_detection' build argument 'ament_cmake_args' from command line to 'None'
[0.615s] Level 5:colcon.colcon_core.verb:set package 'beer_fire_detection' build argument 'catkin_cmake_args' from command line to 'None'
[0.615s] Level 5:colcon.colcon_core.verb:set package 'beer_fire_detection' build argument 'catkin_skip_building_tests' from command line to 'False'
[0.615s] DEBUG:colcon.colcon_core.verb:Building package 'beer_fire_detection' with the following arguments: {'ament_cmake_args': None, 'build_base': '/home/jordan/G25_RS1/RS1-Gr25/build/beer_fire_detection', 'catkin_cmake_args': None, 'catkin_skip_building_tests': False, 'cmake_args': None, 'cmake_clean_cache': False, 'cmake_clean_first': False, 'cmake_force_configure': False, 'cmake_target': None, 'cmake_target_skip_unavailable': False, 'install_base': '/home/jordan/G25_RS1/RS1-Gr25/install/beer_fire_detection', 'merge_install': False, 'path': '/home/jordan/G25_RS1/RS1-Gr25/src/beer_fire_detection', 'symlink_install': True, 'test_result_base': None}
[0.615s] Level 5:colcon.colcon_core.verb:set package '41068_ignition_bringup' build argument 'cmake_args' from command line to 'None'
[0.616s] Level 5:colcon.colcon_core.verb:set package '41068_ignition_bringup' build argument 'cmake_target' from command line to 'None'
[0.616s] Level 5:colcon.colcon_core.verb:set package '41068_ignition_bringup' build argument 'cmake_target_skip_unavailable' from command line to 'False'
[0.616s] Level 5:colcon.colcon_core.verb:set package '41068_ignition_bringup' build argument 'cmake_clean_cache' from command line to 'False'
[0.616s] Level 5:colcon.colcon_core.verb:set package '41068_ignition_bringup' build argument 'cmake_clean_first' from command line to 'False'
[0.616s] Level 5:colcon.colcon_core.verb:set package '41068_ignition_bringup' build argument 'cmake_force_configure' from command line to 'False'
[0.616s] Level 5:colcon.colcon_core.verb:set package '41068_ignition_bringup' build argument 'ament_cmake_args' from command line to 'None'
[0.616s] Level 5:colcon.colcon_core.verb:set package '41068_ignition_bringup' build argument 'catkin_cmake_args' from command line to 'None'
[0.616s] Level 5:colcon.colcon_core.verb:set package '41068_ignition_bringup' build argument 'catkin_skip_building_tests' from command line to 'False'
[0.616s] DEBUG:colcon.colcon_core.verb:Building package '41068_ignition_bringup' with the following arguments: {'ament_cmake_args': None, 'build_base': '/home/jordan/G25_RS1/RS1-Gr25/build/41068_ignition_bringup', 'catkin_cmake_args': None, 'catkin_skip_building_tests': False, 'cmake_args': None, 'cmake_clean_cache': False, 'cmake_clean_first': False, 'cmake_force_configure': False, 'cmake_target': None, 'cmake_target_skip_unavailable': False, 'install_base': '/home/jordan/G25_RS1/RS1-Gr25/install/41068_ignition_bringup', 'merge_install': False, 'path': '/home/jordan/G25_RS1/RS1-Gr25/src/41068_ignition_bringup_v1/41068_ignition_bringup', 'symlink_install': True, 'test_result_base': None}
[0.616s] INFO:colcon.colcon_core.executor:Executing jobs using 'parallel' executor
[0.618s] DEBUG:colcon.colcon_parallel_executor.executor.parallel:run_until_complete
[0.619s] INFO:colcon.colcon_ros.task.ament_python.build:Building ROS package in '/home/jordan/G25_RS1/RS1-Gr25/src/beer_fire_detection' with build type 'ament_python'
[0.620s] Level 1:colcon.colcon_core.shell:create_environment_hook('beer_fire_detection', 'ament_prefix_path')
[0.627s] INFO:colcon.colcon_core.plugin_system:Skipping extension 'colcon_core.shell.bat': Not used on non-Windows systems
[0.628s] INFO:colcon.colcon_core.shell:Creating environment hook '/home/jordan/G25_RS1/RS1-Gr25/install/beer_fire_detection/share/beer_fire_detection/hook/ament_prefix_path.ps1'
[0.633s] INFO:colcon.colcon_core.shell:Creating environment descriptor '/home/jordan/G25_RS1/RS1-Gr25/install/beer_fire_detection/share/beer_fire_detection/hook/ament_prefix_path.dsv'
[0.635s] INFO:colcon.colcon_core.shell:Creating environment hook '/home/jordan/G25_RS1/RS1-Gr25/install/beer_fire_detection/share/beer_fire_detection/hook/ament_prefix_path.sh'
[0.639s] INFO:colcon.colcon_core.shell:Skip shell extension 'powershell' for command environment: Not usable outside of PowerShell
[0.640s] DEBUG:colcon.colcon_core.shell:Skip shell extension 'dsv' for command environment
[1.204s] INFO:colcon.colcon_core.task.python.build:Building Python package in '/home/jordan/G25_RS1/RS1-Gr25/src/beer_fire_detection'
[1.204s] INFO:colcon.colcon_core.shell:Skip shell extension 'powershell' for command environment: Not usable outside of PowerShell
[1.204s] DEBUG:colcon.colcon_core.shell:Skip shell extension 'dsv' for command environment
[1.907s] DEBUG:colcon.colcon_core.task.python.build:Available setuptools commands: easy_install, upload_docs, upload, init_catalog, install_data, build_scripts, update_catalog, compile_catalog, install, build_py, install_egg_info, install_lib, install_headers, build_ext, build_clib, setopt, dist_info, build, install_scripts, bdist_egg, check, register, rotate, sdist, symlink_data, test, extract_messages, bdist_dumb, bdist_rpm, bdist, saveopts, clean, develop, egg_info, alias
[2.518s] DEBUG:colcon.colcon_core.task.python.build:Available setuptools 'develop' options: --no-find-links, --version, --no-deps, --record, --dry-run, --site-dirs, --user, --uninstall, --optimize, --install-dir, --verbose, --exclude-scripts, --local-snapshots-ok, --find-links, --index-url, --quiet, --always-unzip, --prefix, --upgrade, --build-directory, --force-installation-into-system-dir, --no-user-cfg, --egg-path, --zip-ok, --editable, --script-dir, --multi-version, --allow-hosts, --always-copy, --install-layout, --help
[2.523s] DEBUG:colcon.colcon_core.event_handler.log_command:Invoking command in '/home/jordan/G25_RS1/RS1-Gr25/build/beer_fire_detection': PYTHONPATH=/home/jordan/G25_RS1/RS1-Gr25/build/beer_fire_detection/prefix_override:/usr/lib/python3/dist-packages/colcon_core/task/python/colcon_distutils_commands:/home/jordan/G25_RS1/RS1-Gr25/install/beer_fire_detection/lib/python3.10/site-packages:${PYTHONPATH} /usr/bin/python3 -W ignore:setup.py install is deprecated -W ignore:easy_install command is deprecated setup.py develop --editable --build-directory /home/jordan/G25_RS1/RS1-Gr25/build/beer_fire_detection/build --no-deps symlink_data
[3.325s] Level 1:colcon.colcon_core.shell:create_environment_hook('beer_fire_detection', 'pythonpath_develop')
[3.325s] INFO:colcon.colcon_core.shell:Creating environment hook '/home/jordan/G25_RS1/RS1-Gr25/build/beer_fire_detection/share/beer_fire_detection/hook/pythonpath_develop.ps1'
[3.326s] DEBUG:colcon.colcon_core.event_handler.log_command:Invoked command in '/home/jordan/G25_RS1/RS1-Gr25/build/beer_fire_detection' returned '0': PYTHONPATH=/home/jordan/G25_RS1/RS1-Gr25/build/beer_fire_detection/prefix_override:/usr/lib/python3/dist-packages/colcon_core/task/python/colcon_distutils_commands:/home/jordan/G25_RS1/RS1-Gr25/install/beer_fire_detection/lib/python3.10/site-packages:${PYTHONPATH} /usr/bin/python3 -W ignore:setup.py install is deprecated -W ignore:easy_install command is deprecated setup.py develop --editable --build-directory /home/jordan/G25_RS1/RS1-Gr25/build/beer_fire_detection/build --no-deps symlink_data
[3.328s] INFO:colcon.colcon_core.shell:Creating environment descriptor '/home/jordan/G25_RS1/RS1-Gr25/build/beer_fire_detection/share/beer_fire_detection/hook/pythonpath_develop.dsv'
[3.329s] INFO:colcon.colcon_core.shell:Creating environment hook '/home/jordan/G25_RS1/RS1-Gr25/build/beer_fire_detection/share/beer_fire_detection/hook/pythonpath_develop.sh'
[3.335s] Level 1:colcon.colcon_core.environment:checking '/home/jordan/G25_RS1/RS1-Gr25/install/beer_fire_detection' for CMake module files
[3.335s] Level 1:colcon.colcon_core.environment:checking '/home/jordan/G25_RS1/RS1-Gr25/install/beer_fire_detection' for CMake config files
[3.336s] Level 1:colcon.colcon_core.environment:checking '/home/jordan/G25_RS1/RS1-Gr25/install/beer_fire_detection/lib'
[3.337s] Level 1:colcon.colcon_core.environment:checking '/home/jordan/G25_RS1/RS1-Gr25/install/beer_fire_detection/bin'
[3.337s] Level 1:colcon.colcon_core.shell:create_environment_hook('beer_fire_detection', 'path')
[3.338s] INFO:colcon.colcon_core.shell:Creating environment hook '/home/jordan/G25_RS1/RS1-Gr25/install/beer_fire_detection/share/beer_fire_detection/hook/path.ps1'
[3.338s] INFO:colcon.colcon_core.shell:Creating environment descriptor '/home/jordan/G25_RS1/RS1-Gr25/install/beer_fire_detection/share/beer_fire_detection/hook/path.dsv'
[3.339s] INFO:colcon.colcon_core.shell:Creating environment hook '/home/jordan/G25_RS1/RS1-Gr25/install/beer_fire_detection/share/beer_fire_detection/hook/path.sh'
[3.340s] Level 1:colcon.colcon_core.environment:checking '/home/jordan/G25_RS1/RS1-Gr25/install/beer_fire_detection/lib/pkgconfig/beer_fire_detection.pc'
[3.341s] Level 1:colcon.colcon_core.environment:checking '/home/jordan/G25_RS1/RS1-Gr25/install/beer_fire_detection/lib/python3.10/site-packages'
[3.341s] Level 1:colcon.colcon_core.shell:create_environment_hook('beer_fire_detection', 'pythonpath')
[3.341s] INFO:colcon.colcon_core.shell:Creating environment hook '/home/jordan/G25_RS1/RS1-Gr25/install/beer_fire_detection/share/beer_fire_detection/hook/pythonpath.ps1'
[3.342s] INFO:colcon.colcon_core.shell:Creating environment descriptor '/home/jordan/G25_RS1/RS1-Gr25/install/beer_fire_detection/share/beer_fire_detection/hook/pythonpath.dsv'
[3.343s] INFO:colcon.colcon_core.shell:Creating environment hook '/home/jordan/G25_RS1/RS1-Gr25/install/beer_fire_detection/share/beer_fire_detection/hook/pythonpath.sh'
[3.344s] Level 1:colcon.colcon_core.environment:checking '/home/jordan/G25_RS1/RS1-Gr25/install/beer_fire_detection/bin'
[3.344s] Level 1:colcon.colcon_core.shell:create_environment_hook('beer_fire_detection', 'pythonscriptspath')
[3.345s] INFO:colcon.colcon_core.shell:Creating environment hook '/home/jordan/G25_RS1/RS1-Gr25/install/beer_fire_detection/share/beer_fire_detection/hook/pythonscriptspath.ps1'
[3.345s] INFO:colcon.colcon_core.shell:Creating environment descriptor '/home/jordan/G25_RS1/RS1-Gr25/install/beer_fire_detection/share/beer_fire_detection/hook/pythonscriptspath.dsv'
[3.347s] INFO:colcon.colcon_core.shell:Creating environment hook '/home/jordan/G25_RS1/RS1-Gr25/install/beer_fire_detection/share/beer_fire_detection/hook/pythonscriptspath.sh'
[3.348s] Level 1:colcon.colcon_core.environment:create_environment_scripts_only(beer_fire_detection)
[3.349s] INFO:colcon.colcon_core.shell:Creating package script '/home/jordan/G25_RS1/RS1-Gr25/install/beer_fire_detection/share/beer_fire_detection/package.ps1'
[3.351s] INFO:colcon.colcon_core.shell:Creating package descriptor '/home/jordan/G25_RS1/RS1-Gr25/install/beer_fire_detection/share/beer_fire_detection/package.dsv'
[3.352s] INFO:colcon.colcon_core.shell:Creating package script '/home/jordan/G25_RS1/RS1-Gr25/install/beer_fire_detection/share/beer_fire_detection/package.sh'
[3.353s] INFO:colcon.colcon_core.shell:Creating package script '/home/jordan/G25_RS1/RS1-Gr25/install/beer_fire_detection/share/beer_fire_detection/package.bash'
[3.355s] INFO:colcon.colcon_core.shell:Creating package script '/home/jordan/G25_RS1/RS1-Gr25/install/beer_fire_detection/share/beer_fire_detection/package.zsh'
[3.356s] Level 1:colcon.colcon_core.environment:create_file_with_runtime_dependencies(/home/jordan/G25_RS1/RS1-Gr25/install/beer_fire_detection/share/colcon-core/packages/beer_fire_detection)
[3.358s] INFO:colcon.colcon_ros.task.ament_cmake.build:Building ROS package in '/home/jordan/G25_RS1/RS1-Gr25/src/41068_ignition_bringup_v1/41068_ignition_bringup' with build type 'ament_cmake'
[3.358s] INFO:colcon.colcon_cmake.task.cmake.build:Building CMake package in '/home/jordan/G25_RS1/RS1-Gr25/src/41068_ignition_bringup_v1/41068_ignition_bringup'
[3.359s] INFO:colcon.colcon_core.shell:Skip shell extension 'powershell' for command environment: Not usable outside of PowerShell
[3.359s] DEBUG:colcon.colcon_core.shell:Skip shell extension 'dsv' for command environment
[3.408s] DEBUG:colcon.colcon_core.event_handler.log_command:Invoking command in '/home/jordan/G25_RS1/RS1-Gr25/build/41068_ignition_bringup': AMENT_PREFIX_PATH=/home/jordan/G25_RS1/RS1-Gr25/install/beer_fire_detection:${AMENT_PREFIX_PATH} CMAKE_PREFIX_PATH=${CMAKE_PREFIX_PATH}:/opt/ros/humble /usr/bin/cmake --build /home/jordan/G25_RS1/RS1-Gr25/build/41068_ignition_bringup -- -j6 -l6
[3.983s] DEBUG:colcon.colcon_core.event_handler.log_command:Invoked command in '/home/jordan/G25_RS1/RS1-Gr25/build/41068_ignition_bringup' returned '0': AMENT_PREFIX_PATH=/home/jordan/G25_RS1/RS1-Gr25/install/beer_fire_detection:${AMENT_PREFIX_PATH} CMAKE_PREFIX_PATH=${CMAKE_PREFIX_PATH}:/opt/ros/humble /usr/bin/cmake --build /home/jordan/G25_RS1/RS1-Gr25/build/41068_ignition_bringup -- -j6 -l6
[3.999s] DEBUG:colcon.colcon_core.event_handler.log_command:Invoking command in '/home/jordan/G25_RS1/RS1-Gr25/build/41068_ignition_bringup': AMENT_PREFIX_PATH=/home/jordan/G25_RS1/RS1-Gr25/install/beer_fire_detection:${AMENT_PREFIX_PATH} CMAKE_PREFIX_PATH=${CMAKE_PREFIX_PATH}:/opt/ros/humble /usr/bin/cmake --install /home/jordan/G25_RS1/RS1-Gr25/build/41068_ignition_bringup
[4.116s] Level 1:colcon.colcon_core.environment:create_environment_scripts_only(41068_ignition_bringup)
[4.117s] Level 1:colcon.colcon_core.environment:checking '/home/jordan/G25_RS1/RS1-Gr25/install/41068_ignition_bringup' for CMake module files
[4.118s] DEBUG:colcon.colcon_core.event_handler.log_command:Invoked command in '/home/jordan/G25_RS1/RS1-Gr25/build/41068_ignition_bringup' returned '0': AMENT_PREFIX_PATH=/home/jordan/G25_RS1/RS1-Gr25/install/beer_fire_detection:${AMENT_PREFIX_PATH} CMAKE_PREFIX_PATH=${CMAKE_PREFIX_PATH}:/opt/ros/humble /usr/bin/cmake --install /home/jordan/G25_RS1/RS1-Gr25/build/41068_ignition_bringup
[4.118s] Level 1:colcon.colcon_core.environment:checking '/home/jordan/G25_RS1/RS1-Gr25/install/41068_ignition_bringup' for CMake config files
[4.120s] Level 1:colcon.colcon_core.shell:create_environment_hook('41068_ignition_bringup', 'cmake_prefix_path')
[4.120s] INFO:colcon.colcon_core.shell:Creating environment hook '/home/jordan/G25_RS1/RS1-Gr25/install/41068_ignition_bringup/share/41068_ignition_bringup/hook/cmake_prefix_path.ps1'
[4.121s] INFO:colcon.colcon_core.shell:Creating environment descriptor '/home/jordan/G25_RS1/RS1-Gr25/install/41068_ignition_bringup/share/41068_ignition_bringup/hook/cmake_prefix_path.dsv'
[4.122s] INFO:colcon.colcon_core.shell:Creating environment hook '/home/jordan/G25_RS1/RS1-Gr25/install/41068_ignition_bringup/share/41068_ignition_bringup/hook/cmake_prefix_path.sh'
[4.123s] Level 1:colcon.colcon_core.environment:checking '/home/jordan/G25_RS1/RS1-Gr25/install/41068_ignition_bringup/lib'
[4.123s] Level 1:colcon.colcon_core.environment:checking '/home/jordan/G25_RS1/RS1-Gr25/install/41068_ignition_bringup/bin'
[4.123s] Level 1:colcon.colcon_core.environment:checking '/home/jordan/G25_RS1/RS1-Gr25/install/41068_ignition_bringup/lib/pkgconfig/41068_ignition_bringup.pc'
[4.123s] Level 1:colcon.colcon_core.environment:checking '/home/jordan/G25_RS1/RS1-Gr25/install/41068_ignition_bringup/lib/python3.10/site-packages'
[4.124s] Level 1:colcon.colcon_core.environment:checking '/home/jordan/G25_RS1/RS1-Gr25/install/41068_ignition_bringup/bin'
[4.124s] INFO:colcon.colcon_core.shell:Creating package script '/home/jordan/G25_RS1/RS1-Gr25/install/41068_ignition_bringup/share/41068_ignition_bringup/package.ps1'
[4.125s] INFO:colcon.colcon_core.shell:Creating package descriptor '/home/jordan/G25_RS1/RS1-Gr25/install/41068_ignition_bringup/share/41068_ignition_bringup/package.dsv'
[4.126s] INFO:colcon.colcon_core.shell:Creating package script '/home/jordan/G25_RS1/RS1-Gr25/install/41068_ignition_bringup/share/41068_ignition_bringup/package.sh'
[4.127s] INFO:colcon.colcon_core.shell:Creating package script '/home/jordan/G25_RS1/RS1-Gr25/install/41068_ignition_bringup/share/41068_ignition_bringup/package.bash'
[4.128s] INFO:colcon.colcon_core.shell:Creating package script '/home/jordan/G25_RS1/RS1-Gr25/install/41068_ignition_bringup/share/41068_ignition_bringup/package.zsh'
[4.130s] Level 1:colcon.colcon_core.environment:create_file_with_runtime_dependencies(/home/jordan/G25_RS1/RS1-Gr25/install/41068_ignition_bringup/share/colcon-core/packages/41068_ignition_bringup)
[4.131s] Level 1:colcon.colcon_core.environment:create_environment_scripts_only(41068_ignition_bringup)
[4.132s] Level 1:colcon.colcon_core.environment:checking '/home/jordan/G25_RS1/RS1-Gr25/install/41068_ignition_bringup' for CMake module files
[4.132s] Level 1:colcon.colcon_core.environment:checking '/home/jordan/G25_RS1/RS1-Gr25/install/41068_ignition_bringup' for CMake config files
[4.134s] Level 1:colcon.colcon_core.shell:create_environment_hook('41068_ignition_bringup', 'cmake_prefix_path')
[4.134s] INFO:colcon.colcon_core.shell:Creating environment hook '/home/jordan/G25_RS1/RS1-Gr25/install/41068_ignition_bringup/share/41068_ignition_bringup/hook/cmake_prefix_path.ps1'
[4.135s] INFO:colcon.colcon_core.shell:Creating environment descriptor '/home/jordan/G25_RS1/RS1-Gr25/install/41068_ignition_bringup/share/41068_ignition_bringup/hook/cmake_prefix_path.dsv'
[4.136s] INFO:colcon.colcon_core.shell:Creating environment hook '/home/jordan/G25_RS1/RS1-Gr25/install/41068_ignition_bringup/share/41068_ignition_bringup/hook/cmake_prefix_path.sh'
[4.137s] Level 1:colcon.colcon_core.environment:checking '/home/jordan/G25_RS1/RS1-Gr25/install/41068_ignition_bringup/lib'
[4.137s] Level 1:colcon.colcon_core.environment:checking '/home/jordan/G25_RS1/RS1-Gr25/install/41068_ignition_bringup/bin'
[4.137s] Level 1:colcon.colcon_core.environment:checking '/home/jordan/G25_RS1/RS1-Gr25/install/41068_ignition_bringup/lib/pkgconfig/41068_ignition_bringup.pc'
[4.138s] Level 1:colcon.colcon_core.environment:checking '/home/jordan/G25_RS1/RS1-Gr25/install/41068_ignition_bringup/lib/python3.10/site-packages'
[4.138s] Level 1:colcon.colcon_core.environment:checking '/home/jordan/G25_RS1/RS1-Gr25/install/41068_ignition_bringup/bin'
[4.139s] INFO:colcon.colcon_core.shell:Creating package script '/home/jordan/G25_RS1/RS1-Gr25/install/41068_ignition_bringup/share/41068_ignition_bringup/package.ps1'
[4.140s] INFO:colcon.colcon_core.shell:Creating package descriptor '/home/jordan/G25_RS1/RS1-Gr25/install/41068_ignition_bringup/share/41068_ignition_bringup/package.dsv'
[4.141s] INFO:colcon.colcon_core.shell:Creating package script '/home/jordan/G25_RS1/RS1-Gr25/install/41068_ignition_bringup/share/41068_ignition_bringup/package.sh'
[4.142s] INFO:colcon.colcon_core.shell:Creating package script '/home/jordan/G25_RS1/RS1-Gr25/install/41068_ignition_bringup/share/41068_ignition_bringup/package.bash'
[4.143s] INFO:colcon.colcon_core.shell:Creating package script '/home/jordan/G25_RS1/RS1-Gr25/install/41068_ignition_bringup/share/41068_ignition_bringup/package.zsh'
[4.145s] Level 1:colcon.colcon_core.environment:create_file_with_runtime_dependencies(/home/jordan/G25_RS1/RS1-Gr25/install/41068_ignition_bringup/share/colcon-core/packages/41068_ignition_bringup)
[4.147s] DEBUG:colcon.colcon_parallel_executor.executor.parallel:closing loop
[4.148s] DEBUG:colcon.colcon_parallel_executor.executor.parallel:loop closed
[4.148s] DEBUG:colcon.colcon_parallel_executor.executor.parallel:run_until_complete finished with '0'
[4.149s] DEBUG:colcon.colcon_core.event_reactor:joining thread
[4.160s] INFO:colcon.colcon_core.plugin_system:Skipping extension 'colcon_notification.desktop_notification.notify_send': Could not find 'notify-send'
[4.161s] INFO:colcon.colcon_core.plugin_system:Skipping extension 'colcon_notification.desktop_notification.terminal_notifier': Not used on non-Darwin systems
[4.161s] INFO:colcon.colcon_core.plugin_system:Skipping extension 'colcon_notification.desktop_notification.win32': Not used on non-Windows systems
[4.161s] INFO:colcon.colcon_notification.desktop_notification:Sending desktop notification using 'notify2'
[4.164s] DEBUG:colcon.colcon_notification.desktop_notification.notify2:Failed to initialize notify2: org.freedesktop.DBus.Error.ServiceUnknown: The name org.freedesktop.Notifications was not provided by any .service files
[4.164s] DEBUG:colcon.colcon_core.event_reactor:joined thread
[4.165s] INFO:colcon.colcon_core.shell:Creating prefix script '/home/jordan/G25_RS1/RS1-Gr25/install/local_setup.ps1'
[4.166s] INFO:colcon.colcon_core.shell:Creating prefix util module '/home/jordan/G25_RS1/RS1-Gr25/install/_local_setup_util_ps1.py'
[4.169s] INFO:colcon.colcon_core.shell:Creating prefix chain script '/home/jordan/G25_RS1/RS1-Gr25/install/setup.ps1'
[4.172s] INFO:colcon.colcon_core.shell:Creating prefix script '/home/jordan/G25_RS1/RS1-Gr25/install/local_setup.sh'
[4.173s] INFO:colcon.colcon_core.shell:Creating prefix util module '/home/jordan/G25_RS1/RS1-Gr25/install/_local_setup_util_sh.py'
[4.175s] INFO:colcon.colcon_core.shell:Creating prefix chain script '/home/jordan/G25_RS1/RS1-Gr25/install/setup.sh'
[4.177s] INFO:colcon.colcon_core.shell:Creating prefix script '/home/jordan/G25_RS1/RS1-Gr25/install/local_setup.bash'
[4.180s] INFO:colcon.colcon_core.shell:Creating prefix chain script '/home/jordan/G25_RS1/RS1-Gr25/install/setup.bash'
[4.183s] INFO:colcon.colcon_core.shell:Creating prefix script '/home/jordan/G25_RS1/RS1-Gr25/install/local_setup.zsh'
[4.185s] INFO:colcon.colcon_core.shell:Creating prefix chain script '/home/jordan/G25_RS1/RS1-Gr25/install/setup.zsh'
