[0.021s] Invoking command in '/home/tajw/git/team25_rs1/RS1-Gr25/build/41068_ignition_bringup': CMAKE_PREFIX_PATH=${CMAKE_PREFIX_PATH}:/opt/ros/humble /usr/bin/cmake /home/tajw/git/team25_rs1/RS1-Gr25/src/41068_ignition_bringup_v1/41068_ignition_bringup -DCMAKE_INSTALL_PREFIX=/home/tajw/git/team25_rs1/RS1-Gr25/install/41068_ignition_bringup
[0.404s] -- The C compiler identification is GNU 11.4.0
[0.908s] -- The CXX compiler identification is GNU 11.4.0
[1.084s] -- Detecting C compiler ABI info
[1.254s] -- Detecting C compiler ABI info - done
[1.259s] -- Check for working C compiler: /usr/bin/cc - skipped
[1.260s] -- Detecting C compile features
[1.261s] -- Detecting C compile features - done
[1.267s] -- Detecting CXX compiler ABI info
[1.396s] -- Detecting CXX compiler ABI info - done
[1.402s] -- Check for working CXX compiler: /usr/bin/c++ - skipped
[1.403s] -- Detecting CXX compile features
[1.403s] -- Detecting CXX compile features - done
[1.446s] -- Found ament_cmake: 1.3.14 (/opt/ros/humble/share/ament_cmake/cmake)
[1.656s] -- Found Python3: /usr/bin/python3 (found version "3.10.12") found components: Interpreter 
[1.802s] -- Found ros_ign_interfaces: 0.244.25 (/opt/ros/humble/share/ros_ign_interfaces/cmake)
[1.971s] -- Found rosidl_generator_c: 3.1.9 (/opt/ros/humble/share/rosidl_generator_c/cmake)
[1.986s] -- Found rosidl_adapter: 3.1.9 (/opt/ros/humble/share/rosidl_adapter/cmake)
[2.003s] -- Found rosidl_generator_cpp: 3.1.9 (/opt/ros/humble/share/rosidl_generator_cpp/cmake)
[2.030s] -- Using all available rosidl_typesupport_c: rosidl_typesupport_fastrtps_c;rosidl_typesupport_introspection_c
[2.062s] -- Using all available rosidl_typesupport_cpp: rosidl_typesupport_fastrtps_cpp;rosidl_typesupport_introspection_cpp
[2.309s] WARNING: Package name "41068_ignition_bringup" does not follow the naming conventions. It should start with a lower case letter and only contain lower case letters, digits, underscores, and dashes.
[2.324s] -- Found ament_lint_auto: 0.12.15 (/opt/ros/humble/share/ament_lint_auto/cmake)
[2.372s] WARNING: Package name "41068_ignition_bringup" does not follow the naming conventions. It should start with a lower case letter and only contain lower case letters, digits, underscores, and dashes.
[2.429s] -- Added test 'copyright' to check source files copyright and LICENSE
[2.443s] -- Added test 'flake8' to check Python code syntax and style conventions
[2.446s] -- Added test 'lint_cmake' to check CMake code style
[2.450s] -- Added test 'pep257' to check Python code against some of the docstring style conventions in PEP 257
[2.458s] -- Added test 'xmllint' to check XML markup files
[2.463s] -- Configuring done
[2.484s] -- Generating done
[2.492s] -- Build files have been written to: /home/tajw/git/team25_rs1/RS1-Gr25/build/41068_ignition_bringup
[2.512s] Invoked command in '/home/tajw/git/team25_rs1/RS1-Gr25/build/41068_ignition_bringup' returned '0': CMAKE_PREFIX_PATH=${CMAKE_PREFIX_PATH}:/opt/ros/humble /usr/bin/cmake /home/tajw/git/team25_rs1/RS1-Gr25/src/41068_ignition_bringup_v1/41068_ignition_bringup -DCMAKE_INSTALL_PREFIX=/home/tajw/git/team25_rs1/RS1-Gr25/install/41068_ignition_bringup
[2.516s] Invoking command in '/home/tajw/git/team25_rs1/RS1-Gr25/build/41068_ignition_bringup': CMAKE_PREFIX_PATH=${CMAKE_PREFIX_PATH}:/opt/ros/humble /usr/bin/cmake --build /home/tajw/git/team25_rs1/RS1-Gr25/build/41068_ignition_bringup -- -j8 -l8
[2.590s] Built target ament_cmake_python_copy_rs1_nav
[2.828s] running egg_info
[2.829s] creating rs1_nav.egg-info
[2.829s] writing rs1_nav.egg-info/PKG-INFO
[2.830s] writing dependency_links to rs1_nav.egg-info/dependency_links.txt
[2.830s] writing top-level names to rs1_nav.egg-info/top_level.txt
[2.830s] writing manifest file 'rs1_nav.egg-info/SOURCES.txt'
[2.834s] reading manifest file 'rs1_nav.egg-info/SOURCES.txt'
[2.835s] writing manifest file 'rs1_nav.egg-info/SOURCES.txt'
[2.861s] Built target ament_cmake_python_build_rs1_nav_egg
[2.872s] Invoked command in '/home/tajw/git/team25_rs1/RS1-Gr25/build/41068_ignition_bringup' returned '0': CMAKE_PREFIX_PATH=${CMAKE_PREFIX_PATH}:/opt/ros/humble /usr/bin/cmake --build /home/tajw/git/team25_rs1/RS1-Gr25/build/41068_ignition_bringup -- -j8 -l8
[2.909s] Invoking command in '/home/tajw/git/team25_rs1/RS1-Gr25/build/41068_ignition_bringup': CMAKE_PREFIX_PATH=${CMAKE_PREFIX_PATH}:/opt/ros/humble /usr/bin/cmake --install /home/tajw/git/team25_rs1/RS1-Gr25/build/41068_ignition_bringup
[2.921s] -- Install configuration: ""
[2.922s] -- Installing: /home/tajw/git/team25_rs1/RS1-Gr25/install/41068_ignition_bringup/share/41068_ignition_bringup/config
[2.923s] -- Installing: /home/tajw/git/team25_rs1/RS1-Gr25/install/41068_ignition_bringup/share/41068_ignition_bringup/config/slam_params_husky1.yaml
[2.923s] -- Installing: /home/tajw/git/team25_rs1/RS1-Gr25/install/41068_ignition_bringup/share/41068_ignition_bringup/config/nav2_params_husky1.yaml
[2.923s] -- Installing: /home/tajw/git/team25_rs1/RS1-Gr25/install/41068_ignition_bringup/share/41068_ignition_bringup/config/41068_husky1.rviz
[2.923s] -- Installing: /home/tajw/git/team25_rs1/RS1-Gr25/install/41068_ignition_bringup/share/41068_ignition_bringup/config/nav2_params_parrot1.yaml
[2.923s] -- Installing: /home/tajw/git/team25_rs1/RS1-Gr25/install/41068_ignition_bringup/share/41068_ignition_bringup/config/gazebo_bridge_parrot1.yaml
[2.924s] -- Installing: /home/tajw/git/team25_rs1/RS1-Gr25/install/41068_ignition_bringup/share/41068_ignition_bringup/config/gazebo_bridge_husky.yaml
[2.924s] -- Installing: /home/tajw/git/team25_rs1/RS1-Gr25/install/41068_ignition_bringup/share/41068_ignition_bringup/config/robot_localization_parrot1.yaml
[2.924s] -- Installing: /home/tajw/git/team25_rs1/RS1-Gr25/install/41068_ignition_bringup/share/41068_ignition_bringup/config/ignition_server.config
[2.924s] -- Installing: /home/tajw/git/team25_rs1/RS1-Gr25/install/41068_ignition_bringup/share/41068_ignition_bringup/config/robot_localization.yaml
[2.924s] -- Installing: /home/tajw/git/team25_rs1/RS1-Gr25/install/41068_ignition_bringup/share/41068_ignition_bringup/config/gazebo_bridge_parrot.yaml
[2.925s] -- Installing: /home/tajw/git/team25_rs1/RS1-Gr25/install/41068_ignition_bringup/share/41068_ignition_bringup/config/slam_params.yaml
[2.925s] -- Installing: /home/tajw/git/team25_rs1/RS1-Gr25/install/41068_ignition_bringup/share/41068_ignition_bringup/config/41068.rviz
[2.925s] -- Installing: /home/tajw/git/team25_rs1/RS1-Gr25/install/41068_ignition_bringup/share/41068_ignition_bringup/config/nav2_params.yaml
[2.925s] -- Installing: /home/tajw/git/team25_rs1/RS1-Gr25/install/41068_ignition_bringup/share/41068_ignition_bringup/config/robot_localization_husky1.yaml
[2.926s] -- Installing: /home/tajw/git/team25_rs1/RS1-Gr25/install/41068_ignition_bringup/share/41068_ignition_bringup/config/41068_parrot1.rviz
[2.926s] -- Installing: /home/tajw/git/team25_rs1/RS1-Gr25/install/41068_ignition_bringup/share/41068_ignition_bringup/config/gazebo_bridge_husky1.yaml
[2.926s] -- Installing: /home/tajw/git/team25_rs1/RS1-Gr25/install/41068_ignition_bringup/share/41068_ignition_bringup/config/slam_params_parrot1.yaml
[2.927s] -- Installing: /home/tajw/git/team25_rs1/RS1-Gr25/install/41068_ignition_bringup/share/41068_ignition_bringup/config/gazebo_bridge_clock.yaml
[2.927s] -- Installing: /home/tajw/git/team25_rs1/RS1-Gr25/install/41068_ignition_bringup/share/41068_ignition_bringup/launch
[2.927s] -- Installing: /home/tajw/git/team25_rs1/RS1-Gr25/install/41068_ignition_bringup/share/41068_ignition_bringup/launch/41068_dynamic_world_demo.launch.py
[2.927s] -- Installing: /home/tajw/git/team25_rs1/RS1-Gr25/install/41068_ignition_bringup/share/41068_ignition_bringup/launch/41068_ignition_parrot.launch.py
[2.928s] -- Installing: /home/tajw/git/team25_rs1/RS1-Gr25/install/41068_ignition_bringup/share/41068_ignition_bringup/launch/__pycache__
[2.928s] -- Installing: /home/tajw/git/team25_rs1/RS1-Gr25/install/41068_ignition_bringup/share/41068_ignition_bringup/launch/__pycache__/41068_autonomy_demo.launch.cpython-313.pyc
[2.930s] -- Installing: /home/tajw/git/team25_rs1/RS1-Gr25/install/41068_ignition_bringup/share/41068_ignition_bringup/launch/__pycache__/41068_ignition.launch.cpython-313.pyc
[2.930s] -- Installing: /home/tajw/git/team25_rs1/RS1-Gr25/install/41068_ignition_bringup/share/41068_ignition_bringup/launch/__pycache__/41068_ignition_parrot.launch.cpython-313.pyc
[2.930s] -- Installing: /home/tajw/git/team25_rs1/RS1-Gr25/install/41068_ignition_bringup/share/41068_ignition_bringup/launch/__pycache__/41068_autonomy_demo.launch.cpython-310.pyc
[2.930s] -- Installing: /home/tajw/git/team25_rs1/RS1-Gr25/install/41068_ignition_bringup/share/41068_ignition_bringup/launch/__pycache__/41068_ignition_husky.launch.cpython-310.pyc
[2.931s] -- Installing: /home/tajw/git/team25_rs1/RS1-Gr25/install/41068_ignition_bringup/share/41068_ignition_bringup/launch/__pycache__/41068_ignition_husky.launch.cpython-313.pyc
[2.931s] -- Installing: /home/tajw/git/team25_rs1/RS1-Gr25/install/41068_ignition_bringup/share/41068_ignition_bringup/launch/__pycache__/41068_ignition.launch.cpython-310.pyc
[2.931s] -- Installing: /home/tajw/git/team25_rs1/RS1-Gr25/install/41068_ignition_bringup/share/41068_ignition_bringup/launch/__pycache__/41068_navigation.launch.cpython-313.pyc
[2.933s] -- Installing: /home/tajw/git/team25_rs1/RS1-Gr25/install/41068_ignition_bringup/share/41068_ignition_bringup/launch/__pycache__/41068_dynamic_world_demo.launch.cpython-313.pyc
[2.933s] -- Installing: /home/tajw/git/team25_rs1/RS1-Gr25/install/41068_ignition_bringup/share/41068_ignition_bringup/launch/41068_autonomy_demo.launch.py
[2.933s] -- Installing: /home/tajw/git/team25_rs1/RS1-Gr25/install/41068_ignition_bringup/share/41068_ignition_bringup/launch/41068_ignition.launch.py
[2.933s] -- Installing: /home/tajw/git/team25_rs1/RS1-Gr25/install/41068_ignition_bringup/share/41068_ignition_bringup/launch/41068_navigation.launch.py
[2.934s] -- Installing: /home/tajw/git/team25_rs1/RS1-Gr25/install/41068_ignition_bringup/share/41068_ignition_bringup/launch/41068_ignition_husky.launch.py
[2.934s] -- Installing: /home/tajw/git/team25_rs1/RS1-Gr25/install/41068_ignition_bringup/share/41068_ignition_bringup/launch/beer_sensor_demo.launch.py
[2.934s] -- Installing: /home/tajw/git/team25_rs1/RS1-Gr25/install/41068_ignition_bringup/share/41068_ignition_bringup/models
[2.935s] -- Installing: /home/tajw/git/team25_rs1/RS1-Gr25/install/41068_ignition_bringup/share/41068_ignition_bringup/models/flat_custom_ground_plane
[2.935s] -- Installing: /home/tajw/git/team25_rs1/RS1-Gr25/install/41068_ignition_bringup/share/41068_ignition_bringup/models/flat_custom_ground_plane/model.sdf
[2.935s] -- Installing: /home/tajw/git/team25_rs1/RS1-Gr25/install/41068_ignition_bringup/share/41068_ignition_bringup/models/flat_custom_ground_plane/materials
[2.935s] -- Installing: /home/tajw/git/team25_rs1/RS1-Gr25/install/41068_ignition_bringup/share/41068_ignition_bringup/models/flat_custom_ground_plane/materials/forest_overhead_plain.png
[2.958s] -- Installing: /home/tajw/git/team25_rs1/RS1-Gr25/install/41068_ignition_bringup/share/41068_ignition_bringup/models/flat_custom_ground_plane/model.config
[2.958s] -- Installing: /home/tajw/git/team25_rs1/RS1-Gr25/install/41068_ignition_bringup/share/41068_ignition_bringup/models/custom_ground_plane
[2.958s] -- Installing: /home/tajw/git/team25_rs1/RS1-Gr25/install/41068_ignition_bringup/share/41068_ignition_bringup/models/custom_ground_plane/model.sdf
[2.959s] -- Installing: /home/tajw/git/team25_rs1/RS1-Gr25/install/41068_ignition_bringup/share/41068_ignition_bringup/models/custom_ground_plane/materials
[2.959s] -- Installing: /home/tajw/git/team25_rs1/RS1-Gr25/install/41068_ignition_bringup/share/41068_ignition_bringup/models/custom_ground_plane/materials/pitchmap3.png
[2.962s] -- Installing: /home/tajw/git/team25_rs1/RS1-Gr25/install/41068_ignition_bringup/share/41068_ignition_bringup/models/custom_ground_plane/materials/normalmap.png
[2.962s] -- Installing: /home/tajw/git/team25_rs1/RS1-Gr25/install/41068_ignition_bringup/share/41068_ignition_bringup/models/custom_ground_plane/materials/cloudheightmaptest.png
[2.965s] -- Installing: /home/tajw/git/team25_rs1/RS1-Gr25/install/41068_ignition_bringup/share/41068_ignition_bringup/models/custom_ground_plane/materials/forest_overhead.png
[2.974s] -- Installing: /home/tajw/git/team25_rs1/RS1-Gr25/install/41068_ignition_bringup/share/41068_ignition_bringup/models/custom_ground_plane/model.config
[2.974s] -- Installing: /home/tajw/git/team25_rs1/RS1-Gr25/install/41068_ignition_bringup/share/41068_ignition_bringup/models/forest_wall
[2.974s] -- Installing: /home/tajw/git/team25_rs1/RS1-Gr25/install/41068_ignition_bringup/share/41068_ignition_bringup/models/forest_wall/model.sdf
[2.974s] -- Installing: /home/tajw/git/team25_rs1/RS1-Gr25/install/41068_ignition_bringup/share/41068_ignition_bringup/models/forest_wall/materials
[2.975s] -- Installing: /home/tajw/git/team25_rs1/RS1-Gr25/install/41068_ignition_bringup/share/41068_ignition_bringup/models/forest_wall/materials/textures
[2.975s] -- Installing: /home/tajw/git/team25_rs1/RS1-Gr25/install/41068_ignition_bringup/share/41068_ignition_bringup/models/forest_wall/materials/textures/forest_wall_transparent.png
[2.983s] -- Installing: /home/tajw/git/team25_rs1/RS1-Gr25/install/41068_ignition_bringup/share/41068_ignition_bringup/models/forest_wall/materials/textures/forest_wall_transparent_small.png
[2.985s] -- Installing: /home/tajw/git/team25_rs1/RS1-Gr25/install/41068_ignition_bringup/share/41068_ignition_bringup/models/forest_wall/materials/textures/forest_wall.png
[2.994s] -- Installing: /home/tajw/git/team25_rs1/RS1-Gr25/install/41068_ignition_bringup/share/41068_ignition_bringup/models/forest_wall/model.config
[2.994s] -- Installing: /home/tajw/git/team25_rs1/RS1-Gr25/install/41068_ignition_bringup/share/41068_ignition_bringup/models/tree_burning
[2.995s] -- Installing: /home/tajw/git/team25_rs1/RS1-Gr25/install/41068_ignition_bringup/share/41068_ignition_bringup/models/tree_burning/model.sdf
[2.995s] -- Installing: /home/tajw/git/team25_rs1/RS1-Gr25/install/41068_ignition_bringup/share/41068_ignition_bringup/models/tree_burning/model.config
[2.995s] -- Installing: /home/tajw/git/team25_rs1/RS1-Gr25/install/41068_ignition_bringup/share/41068_ignition_bringup/models/forest_plane
[2.996s] -- Installing: /home/tajw/git/team25_rs1/RS1-Gr25/install/41068_ignition_bringup/share/41068_ignition_bringup/models/forest_plane/model.sdf
[2.997s] -- Installing: /home/tajw/git/team25_rs1/RS1-Gr25/install/41068_ignition_bringup/share/41068_ignition_bringup/models/forest_plane/materials
[2.997s] -- Installing: /home/tajw/git/team25_rs1/RS1-Gr25/install/41068_ignition_bringup/share/41068_ignition_bringup/models/forest_plane/materials/textures
[2.998s] -- Installing: /home/tajw/git/team25_rs1/RS1-Gr25/install/41068_ignition_bringup/share/41068_ignition_bringup/models/forest_plane/materials/textures/leaf_litter.png
[3.007s] -- Installing: /home/tajw/git/team25_rs1/RS1-Gr25/install/41068_ignition_bringup/share/41068_ignition_bringup/models/forest_plane/materials/textures/forest_overhead_plain.png
[3.018s] -- Installing: /home/tajw/git/team25_rs1/RS1-Gr25/install/41068_ignition_bringup/share/41068_ignition_bringup/models/forest_plane/materials/textures/empty_grass.png
[3.033s] -- Installing: /home/tajw/git/team25_rs1/RS1-Gr25/install/41068_ignition_bringup/share/41068_ignition_bringup/models/forest_plane/materials/textures/forest_overhead.png
[3.052s] -- Installing: /home/tajw/git/team25_rs1/RS1-Gr25/install/41068_ignition_bringup/share/41068_ignition_bringup/models/forest_plane/model.config
[3.052s] -- Installing: /home/tajw/git/team25_rs1/RS1-Gr25/install/41068_ignition_bringup/share/41068_ignition_bringup/models/fire
[3.053s] -- Installing: /home/tajw/git/team25_rs1/RS1-Gr25/install/41068_ignition_bringup/share/41068_ignition_bringup/models/fire/model.sdf
[3.053s] -- Installing: /home/tajw/git/team25_rs1/RS1-Gr25/install/41068_ignition_bringup/share/41068_ignition_bringup/models/fire/materials
[3.053s] -- Installing: /home/tajw/git/team25_rs1/RS1-Gr25/install/41068_ignition_bringup/share/41068_ignition_bringup/models/fire/materials/fire_transparent.png
[3.075s] -- Installing: /home/tajw/git/team25_rs1/RS1-Gr25/install/41068_ignition_bringup/share/41068_ignition_bringup/models/fire/model.config
[3.075s] -- Installing: /home/tajw/git/team25_rs1/RS1-Gr25/install/41068_ignition_bringup/share/41068_ignition_bringup/models/grass_plane
[3.075s] -- Installing: /home/tajw/git/team25_rs1/RS1-Gr25/install/41068_ignition_bringup/share/41068_ignition_bringup/models/grass_plane/model.sdf
[3.075s] -- Installing: /home/tajw/git/team25_rs1/RS1-Gr25/install/41068_ignition_bringup/share/41068_ignition_bringup/models/grass_plane/materials
[3.075s] -- Installing: /home/tajw/git/team25_rs1/RS1-Gr25/install/41068_ignition_bringup/share/41068_ignition_bringup/models/grass_plane/materials/textures
[3.076s] -- Installing: /home/tajw/git/team25_rs1/RS1-Gr25/install/41068_ignition_bringup/share/41068_ignition_bringup/models/grass_plane/materials/textures/empty_grass.png
[3.094s] -- Installing: /home/tajw/git/team25_rs1/RS1-Gr25/install/41068_ignition_bringup/share/41068_ignition_bringup/models/grass_plane/model.config
[3.094s] -- Installing: /home/tajw/git/team25_rs1/RS1-Gr25/install/41068_ignition_bringup/share/41068_ignition_bringup/urdf_husky
[3.096s] -- Installing: /home/tajw/git/team25_rs1/RS1-Gr25/install/41068_ignition_bringup/share/41068_ignition_bringup/urdf_husky/wheel.urdf.xacro
[3.096s] -- Installing: /home/tajw/git/team25_rs1/RS1-Gr25/install/41068_ignition_bringup/share/41068_ignition_bringup/urdf_husky/husky.gazebo.xacro
[3.096s] -- Installing: /home/tajw/git/team25_rs1/RS1-Gr25/install/41068_ignition_bringup/share/41068_ignition_bringup/urdf_husky/husky.urdf.xacro
[3.096s] -- Installing: /home/tajw/git/team25_rs1/RS1-Gr25/install/41068_ignition_bringup/share/41068_ignition_bringup/urdf_husky/common_properties.urdf.xacro
[3.097s] -- Installing: /home/tajw/git/team25_rs1/RS1-Gr25/install/41068_ignition_bringup/share/41068_ignition_bringup/urdf_husky/meshes
[3.098s] -- Installing: /home/tajw/git/team25_rs1/RS1-Gr25/install/41068_ignition_bringup/share/41068_ignition_bringup/urdf_husky/meshes/jpl04_arch_nosensor.stl
[3.100s] -- Installing: /home/tajw/git/team25_rs1/RS1-Gr25/install/41068_ignition_bringup/share/41068_ignition_bringup/urdf_husky/meshes/wheel.dae
[3.126s] -- Installing: /home/tajw/git/team25_rs1/RS1-Gr25/install/41068_ignition_bringup/share/41068_ignition_bringup/urdf_husky/meshes/base_link.dae
[3.134s] -- Installing: /home/tajw/git/team25_rs1/RS1-Gr25/install/41068_ignition_bringup/share/41068_ignition_bringup/urdf_husky/meshes/top_plate.dae
[3.134s] -- Installing: /home/tajw/git/team25_rs1/RS1-Gr25/install/41068_ignition_bringup/share/41068_ignition_bringup/urdf_husky/meshes/bumper.dae
[3.136s] -- Installing: /home/tajw/git/team25_rs1/RS1-Gr25/install/41068_ignition_bringup/share/41068_ignition_bringup/urdf_husky/meshes/top_chassis.dae
[3.153s] -- Installing: /home/tajw/git/team25_rs1/RS1-Gr25/install/41068_ignition_bringup/share/41068_ignition_bringup/worlds
[3.153s] -- Installing: /home/tajw/git/team25_rs1/RS1-Gr25/install/41068_ignition_bringup/share/41068_ignition_bringup/worlds/simple_trees.sdf
[3.153s] -- Installing: /home/tajw/git/team25_rs1/RS1-Gr25/install/41068_ignition_bringup/share/41068_ignition_bringup/worlds/custom_world_1.sdf
[3.154s] -- Installing: /home/tajw/git/team25_rs1/RS1-Gr25/install/41068_ignition_bringup/share/41068_ignition_bringup/worlds/large_demo.sdf
[3.154s] -- Installing: /home/tajw/git/team25_rs1/RS1-Gr25/install/41068_ignition_bringup/share/41068_ignition_bringup/worlds/beer_demo_world.sdf
[3.154s] -- Installing: /home/tajw/git/team25_rs1/RS1-Gr25/install/41068_ignition_bringup/share/41068_ignition_bringup/urdf_parrot
[3.155s] -- Installing: /home/tajw/git/team25_rs1/RS1-Gr25/install/41068_ignition_bringup/share/41068_ignition_bringup/urdf_parrot/model.sdf
[3.155s] -- Installing: /home/tajw/git/team25_rs1/RS1-Gr25/install/41068_ignition_bringup/share/41068_ignition_bringup/urdf_parrot/thumbnails
[3.155s] -- Installing: /home/tajw/git/team25_rs1/RS1-Gr25/install/41068_ignition_bringup/share/41068_ignition_bringup/urdf_parrot/thumbnails/1.png
[3.156s] -- Installing: /home/tajw/git/team25_rs1/RS1-Gr25/install/41068_ignition_bringup/share/41068_ignition_bringup/urdf_parrot/thumbnails/5.png
[3.156s] -- Installing: /home/tajw/git/team25_rs1/RS1-Gr25/install/41068_ignition_bringup/share/41068_ignition_bringup/urdf_parrot/thumbnails/2.png
[3.156s] -- Installing: /home/tajw/git/team25_rs1/RS1-Gr25/install/41068_ignition_bringup/share/41068_ignition_bringup/urdf_parrot/thumbnails/3.png
[3.157s] -- Installing: /home/tajw/git/team25_rs1/RS1-Gr25/install/41068_ignition_bringup/share/41068_ignition_bringup/urdf_parrot/thumbnails/4.png
[3.157s] -- Installing: /home/tajw/git/team25_rs1/RS1-Gr25/install/41068_ignition_bringup/share/41068_ignition_bringup/urdf_parrot/parrot.urdf.xacro
[3.157s] -- Installing: /home/tajw/git/team25_rs1/RS1-Gr25/install/41068_ignition_bringup/share/41068_ignition_bringup/urdf_parrot/model.config
[3.157s] -- Installing: /home/tajw/git/team25_rs1/RS1-Gr25/install/41068_ignition_bringup/share/41068_ignition_bringup/urdf_parrot/parrot.gazebo.xacro
[3.158s] -- Installing: /home/tajw/git/team25_rs1/RS1-Gr25/install/41068_ignition_bringup/share/41068_ignition_bringup/urdf_parrot/common_properties.urdf.xacro
[3.158s] -- Installing: /home/tajw/git/team25_rs1/RS1-Gr25/install/41068_ignition_bringup/share/41068_ignition_bringup/urdf_parrot/meshes
[3.159s] -- Installing: /home/tajw/git/team25_rs1/RS1-Gr25/install/41068_ignition_bringup/share/41068_ignition_bringup/urdf_parrot/meshes/propeller_fr.dae
[3.162s] -- Installing: /home/tajw/git/team25_rs1/RS1-Gr25/install/41068_ignition_bringup/share/41068_ignition_bringup/urdf_parrot/meshes/hull.dae
[3.197s] -- Installing: /home/tajw/git/team25_rs1/RS1-Gr25/install/41068_ignition_bringup/share/41068_ignition_bringup/urdf_parrot/meshes/propeller_fl.dae
[3.200s] -- Installing: /home/tajw/git/team25_rs1/RS1-Gr25/install/41068_ignition_bringup/share/41068_ignition_bringup/urdf_parrot/meshes/propeller_rr.dae
[3.202s] -- Installing: /home/tajw/git/team25_rs1/RS1-Gr25/install/41068_ignition_bringup/share/41068_ignition_bringup/urdf_parrot/meshes/propeller_rl.dae
[3.205s] -- Installing: /home/tajw/git/team25_rs1/RS1-Gr25/install/41068_ignition_bringup/share/41068_ignition_bringup/environment/pythonpath.sh
[3.205s] -- Installing: /home/tajw/git/team25_rs1/RS1-Gr25/install/41068_ignition_bringup/share/41068_ignition_bringup/environment/pythonpath.dsv
[3.206s] -- Installing: /home/tajw/git/team25_rs1/RS1-Gr25/install/41068_ignition_bringup/local/lib/python3.10/dist-packages/rs1_nav-1.0.5-py3.10.egg-info
[3.208s] -- Installing: /home/tajw/git/team25_rs1/RS1-Gr25/install/41068_ignition_bringup/local/lib/python3.10/dist-packages/rs1_nav-1.0.5-py3.10.egg-info/dependency_links.txt
[3.209s] -- Installing: /home/tajw/git/team25_rs1/RS1-Gr25/install/41068_ignition_bringup/local/lib/python3.10/dist-packages/rs1_nav-1.0.5-py3.10.egg-info/PKG-INFO
[3.209s] -- Installing: /home/tajw/git/team25_rs1/RS1-Gr25/install/41068_ignition_bringup/local/lib/python3.10/dist-packages/rs1_nav-1.0.5-py3.10.egg-info/SOURCES.txt
[3.210s] -- Installing: /home/tajw/git/team25_rs1/RS1-Gr25/install/41068_ignition_bringup/local/lib/python3.10/dist-packages/rs1_nav-1.0.5-py3.10.egg-info/top_level.txt
[3.210s] -- Installing: /home/tajw/git/team25_rs1/RS1-Gr25/install/41068_ignition_bringup/local/lib/python3.10/dist-packages/rs1_nav
[3.210s] -- Installing: /home/tajw/git/team25_rs1/RS1-Gr25/install/41068_ignition_bringup/local/lib/python3.10/dist-packages/rs1_nav/nav_observer.py
[3.211s] -- Installing: /home/tajw/git/team25_rs1/RS1-Gr25/install/41068_ignition_bringup/local/lib/python3.10/dist-packages/rs1_nav/sim.py
[3.211s] -- Installing: /home/tajw/git/team25_rs1/RS1-Gr25/install/41068_ignition_bringup/local/lib/python3.10/dist-packages/rs1_nav/__init__.py
[3.211s] -- Installing: /home/tajw/git/team25_rs1/RS1-Gr25/install/41068_ignition_bringup/local/lib/python3.10/dist-packages/rs1_nav/geometry.py
[3.211s] -- Installing: /home/tajw/git/team25_rs1/RS1-Gr25/install/41068_ignition_bringup/local/lib/python3.10/dist-packages/rs1_nav/mission.py
[3.211s] -- Installing: /home/tajw/git/team25_rs1/RS1-Gr25/install/41068_ignition_bringup/local/lib/python3.10/dist-packages/rs1_nav/gazebo_world.py
[3.277s] Listing '/home/tajw/git/team25_rs1/RS1-Gr25/install/41068_ignition_bringup/local/lib/python3.10/dist-packages/rs1_nav'...
[3.277s] Compiling '/home/tajw/git/team25_rs1/RS1-Gr25/install/41068_ignition_bringup/local/lib/python3.10/dist-packages/rs1_nav/__init__.py'...
[3.277s] Compiling '/home/tajw/git/team25_rs1/RS1-Gr25/install/41068_ignition_bringup/local/lib/python3.10/dist-packages/rs1_nav/gazebo_world.py'...
[3.277s] Compiling '/home/tajw/git/team25_rs1/RS1-Gr25/install/41068_ignition_bringup/local/lib/python3.10/dist-packages/rs1_nav/geometry.py'...
[3.277s] Compiling '/home/tajw/git/team25_rs1/RS1-Gr25/install/41068_ignition_bringup/local/lib/python3.10/dist-packages/rs1_nav/mission.py'...
[3.278s] Compiling '/home/tajw/git/team25_rs1/RS1-Gr25/install/41068_ignition_bringup/local/lib/python3.10/dist-packages/rs1_nav/nav_observer.py'...
[3.278s] Compiling '/home/tajw/git/team25_rs1/RS1-Gr25/install/41068_ignition_bringup/local/lib/python3.10/dist-packages/rs1_nav/sim.py'...
[3.282s] -- Installing: /home/tajw/git/team25_rs1/RS1-Gr25/install/41068_ignition_bringup/lib/41068_ignition_bringup/dynamic_world_demo.py
[3.282s] -- Installing: /home/tajw/git/team25_rs1/RS1-Gr25/install/41068_ignition_bringup/lib/41068_ignition_bringup/basic_autonomy_demo.py
[3.282s] -- Installing: /home/tajw/git/team25_rs1/RS1-Gr25/install/41068_ignition_bringup/lib/41068_ignition_bringup/odometry_tf_broadcaster.py
[3.283s] -- Installing: /home/tajw/git/team25_rs1/RS1-Gr25/install/41068_ignition_bringup/lib/41068_ignition_bringup/obstacle_injector.py
[3.283s] -- Installing: /home/tajw/git/team25_rs1/RS1-Gr25/install/41068_ignition_bringup/lib/41068_ignition_bringup/robot_status_gui.py
[3.283s] -- Installing: /home/tajw/git/team25_rs1/RS1-Gr25/install/41068_ignition_bringup/share/ament_index/resource_index/package_run_dependencies/41068_ignition_bringup
[3.284s] -- Installing: /home/tajw/git/team25_rs1/RS1-Gr25/install/41068_ignition_bringup/share/ament_index/resource_index/parent_prefix_path/41068_ignition_bringup
[3.284s] -- Installing: /home/tajw/git/team25_rs1/RS1-Gr25/install/41068_ignition_bringup/share/41068_ignition_bringup/environment/ament_prefix_path.sh
[3.284s] -- Installing: /home/tajw/git/team25_rs1/RS1-Gr25/install/41068_ignition_bringup/share/41068_ignition_bringup/environment/ament_prefix_path.dsv
[3.284s] -- Installing: /home/tajw/git/team25_rs1/RS1-Gr25/install/41068_ignition_bringup/share/41068_ignition_bringup/environment/path.sh
[3.285s] -- Installing: /home/tajw/git/team25_rs1/RS1-Gr25/install/41068_ignition_bringup/share/41068_ignition_bringup/environment/path.dsv
[3.285s] -- Installing: /home/tajw/git/team25_rs1/RS1-Gr25/install/41068_ignition_bringup/share/41068_ignition_bringup/local_setup.bash
[3.285s] -- Installing: /home/tajw/git/team25_rs1/RS1-Gr25/install/41068_ignition_bringup/share/41068_ignition_bringup/local_setup.sh
[3.285s] -- Installing: /home/tajw/git/team25_rs1/RS1-Gr25/install/41068_ignition_bringup/share/41068_ignition_bringup/local_setup.zsh
[3.285s] -- Installing: /home/tajw/git/team25_rs1/RS1-Gr25/install/41068_ignition_bringup/share/41068_ignition_bringup/local_setup.dsv
[3.285s] -- Installing: /home/tajw/git/team25_rs1/RS1-Gr25/install/41068_ignition_bringup/share/41068_ignition_bringup/package.dsv
[3.286s] -- Installing: /home/tajw/git/team25_rs1/RS1-Gr25/install/41068_ignition_bringup/share/ament_index/resource_index/packages/41068_ignition_bringup
[3.286s] -- Installing: /home/tajw/git/team25_rs1/RS1-Gr25/install/41068_ignition_bringup/share/41068_ignition_bringup/cmake/41068_ignition_bringupConfig.cmake
[3.287s] -- Installing: /home/tajw/git/team25_rs1/RS1-Gr25/install/41068_ignition_bringup/share/41068_ignition_bringup/cmake/41068_ignition_bringupConfig-version.cmake
[3.287s] -- Installing: /home/tajw/git/team25_rs1/RS1-Gr25/install/41068_ignition_bringup/share/41068_ignition_bringup/package.xml
[3.290s] Invoked command in '/home/tajw/git/team25_rs1/RS1-Gr25/build/41068_ignition_bringup' returned '0': CMAKE_PREFIX_PATH=${CMAKE_PREFIX_PATH}:/opt/ros/humble /usr/bin/cmake --install /home/tajw/git/team25_rs1/RS1-Gr25/build/41068_ignition_bringup
