[0.018s] Invoking command in '/home/jordan/RS1-Gr25/build/41068_ignition_bringup': CMAKE_PREFIX_PATH=${CMAKE_PREFIX_PATH}:/opt/ros/humble /usr/bin/cmake /home/jordan/RS1-Gr25/src/41068_ignition_bringup_v1/41068_ignition_bringup -DAMENT_CMAKE_SYMLINK_INSTALL=1 -DCMAKE_INSTALL_PREFIX=/home/jordan/RS1-Gr25/install/41068_ignition_bringup
[0.310s] -- The C compiler identification is GNU 11.4.0
[0.970s] -- The CXX compiler identification is GNU 11.4.0
[1.400s] -- Detecting C compiler ABI info
[1.574s] -- Detecting C compiler ABI info - done
[1.579s] -- Check for working C compiler: /usr/bin/cc - skipped
[1.580s] -- Detecting C compile features
[1.581s] -- Detecting C compile features - done
[1.585s] -- Detecting CXX compiler ABI info
[1.765s] -- Detecting CXX compiler ABI info - done
[1.771s] -- Check for working CXX compiler: /usr/bin/c++ - skipped
[1.772s] -- Detecting CXX compile features
[1.772s] -- Detecting CXX compile features - done
[1.789s] -- Found ament_cmake: 1.3.14 (/opt/ros/humble/share/ament_cmake/cmake)
[1.926s] -- Found Python3: /usr/bin/python3 (found version "3.10.12") found components: Interpreter 
[1.989s] -- Override CMake install command with custom implementation using symlinks instead of copying resources
[2.039s] -- Found ros_ign_interfaces: 0.244.25 (/opt/ros/humble/share/ros_ign_interfaces/cmake)
[2.247s] -- Found rosidl_generator_c: 3.1.9 (/opt/ros/humble/share/rosidl_generator_c/cmake)
[2.255s] -- Found rosidl_adapter: 3.1.9 (/opt/ros/humble/share/rosidl_adapter/cmake)
[2.269s] -- Found rosidl_generator_cpp: 3.1.9 (/opt/ros/humble/share/rosidl_generator_cpp/cmake)
[2.291s] -- Using all available rosidl_typesupport_c: rosidl_typesupport_fastrtps_c;rosidl_typesupport_introspection_c
[2.314s] -- Using all available rosidl_typesupport_cpp: rosidl_typesupport_fastrtps_cpp;rosidl_typesupport_introspection_cpp
[2.503s] WARNING: Package name "41068_ignition_bringup" does not follow the naming conventions. It should start with a lower case letter and only contain lower case letters, digits, underscores, and dashes.
[2.513s] -- Found ament_lint_auto: 0.12.15 (/opt/ros/humble/share/ament_lint_auto/cmake)
[2.557s] WARNING: Package name "41068_ignition_bringup" does not follow the naming conventions. It should start with a lower case letter and only contain lower case letters, digits, underscores, and dashes.
[2.598s] -- Added test 'copyright' to check source files copyright and LICENSE
[2.718s] -- Added test 'flake8' to check Python code syntax and style conventions
[2.732s] -- Added test 'lint_cmake' to check CMake code style
[2.740s] -- Added test 'pep257' to check Python code against some of the docstring style conventions in PEP 257
[2.801s] -- Added test 'xmllint' to check XML markup files
[2.804s] -- Configuring done
[2.815s] -- Generating done
[2.818s] -- Build files have been written to: /home/jordan/RS1-Gr25/build/41068_ignition_bringup
[2.825s] Invoked command in '/home/jordan/RS1-Gr25/build/41068_ignition_bringup' returned '0': CMAKE_PREFIX_PATH=${CMAKE_PREFIX_PATH}:/opt/ros/humble /usr/bin/cmake /home/jordan/RS1-Gr25/src/41068_ignition_bringup_v1/41068_ignition_bringup -DAMENT_CMAKE_SYMLINK_INSTALL=1 -DCMAKE_INSTALL_PREFIX=/home/jordan/RS1-Gr25/install/41068_ignition_bringup
[2.827s] Invoking command in '/home/jordan/RS1-Gr25/build/41068_ignition_bringup': CMAKE_PREFIX_PATH=${CMAKE_PREFIX_PATH}:/opt/ros/humble /usr/bin/cmake --build /home/jordan/RS1-Gr25/build/41068_ignition_bringup -- -j12 -l12
[2.881s] Built target ament_cmake_python_symlink_rs1_nav
[3.098s] running egg_info
[3.098s] creating rs1_nav.egg-info
[3.099s] writing rs1_nav.egg-info/PKG-INFO
[3.099s] writing dependency_links to rs1_nav.egg-info/dependency_links.txt
[3.100s] writing top-level names to rs1_nav.egg-info/top_level.txt
[3.100s] writing manifest file 'rs1_nav.egg-info/SOURCES.txt'
[3.103s] reading manifest file 'rs1_nav.egg-info/SOURCES.txt'
[3.103s] writing manifest file 'rs1_nav.egg-info/SOURCES.txt'
[3.131s] Built target ament_cmake_python_build_rs1_nav_egg
[3.140s] Invoked command in '/home/jordan/RS1-Gr25/build/41068_ignition_bringup' returned '0': CMAKE_PREFIX_PATH=${CMAKE_PREFIX_PATH}:/opt/ros/humble /usr/bin/cmake --build /home/jordan/RS1-Gr25/build/41068_ignition_bringup -- -j12 -l12
[3.149s] Invoking command in '/home/jordan/RS1-Gr25/build/41068_ignition_bringup': CMAKE_PREFIX_PATH=${CMAKE_PREFIX_PATH}:/opt/ros/humble /usr/bin/cmake --install /home/jordan/RS1-Gr25/build/41068_ignition_bringup
[3.155s] -- Install configuration: ""
[3.156s] -- Execute custom install script
[3.158s] -- Symlinking: /home/jordan/RS1-Gr25/install/41068_ignition_bringup/share/41068_ignition_bringup/config/41068.rviz
[3.167s] -- Symlinking: /home/jordan/RS1-Gr25/install/41068_ignition_bringup/share/41068_ignition_bringup/config/41068_husky1.rviz
[3.174s] -- Symlinking: /home/jordan/RS1-Gr25/install/41068_ignition_bringup/share/41068_ignition_bringup/config/41068_parrot1.rviz
[3.181s] -- Symlinking: /home/jordan/RS1-Gr25/install/41068_ignition_bringup/share/41068_ignition_bringup/config/gazebo_bridge_clock.yaml
[3.188s] -- Symlinking: /home/jordan/RS1-Gr25/install/41068_ignition_bringup/share/41068_ignition_bringup/config/gazebo_bridge_husky.yaml
[3.196s] -- Symlinking: /home/jordan/RS1-Gr25/install/41068_ignition_bringup/share/41068_ignition_bringup/config/gazebo_bridge_husky1.yaml
[3.204s] -- Symlinking: /home/jordan/RS1-Gr25/install/41068_ignition_bringup/share/41068_ignition_bringup/config/gazebo_bridge_parrot.yaml
[3.212s] -- Symlinking: /home/jordan/RS1-Gr25/install/41068_ignition_bringup/share/41068_ignition_bringup/config/gazebo_bridge_parrot1.yaml
[3.219s] -- Symlinking: /home/jordan/RS1-Gr25/install/41068_ignition_bringup/share/41068_ignition_bringup/config/ignition_server.config
[3.230s] -- Symlinking: /home/jordan/RS1-Gr25/install/41068_ignition_bringup/share/41068_ignition_bringup/config/nav2_params.yaml
[3.239s] -- Symlinking: /home/jordan/RS1-Gr25/install/41068_ignition_bringup/share/41068_ignition_bringup/config/nav2_params_husky1.yaml
[3.248s] -- Symlinking: /home/jordan/RS1-Gr25/install/41068_ignition_bringup/share/41068_ignition_bringup/config/nav2_params_parrot1.yaml
[3.256s] -- Symlinking: /home/jordan/RS1-Gr25/install/41068_ignition_bringup/share/41068_ignition_bringup/config/robot_localization.yaml
[3.264s] -- Symlinking: /home/jordan/RS1-Gr25/install/41068_ignition_bringup/share/41068_ignition_bringup/config/robot_localization_husky1.yaml
[3.272s] -- Symlinking: /home/jordan/RS1-Gr25/install/41068_ignition_bringup/share/41068_ignition_bringup/config/robot_localization_parrot1.yaml
[3.280s] -- Symlinking: /home/jordan/RS1-Gr25/install/41068_ignition_bringup/share/41068_ignition_bringup/config/slam_params.yaml
[3.288s] -- Symlinking: /home/jordan/RS1-Gr25/install/41068_ignition_bringup/share/41068_ignition_bringup/config/slam_params_husky1.yaml
[3.296s] -- Symlinking: /home/jordan/RS1-Gr25/install/41068_ignition_bringup/share/41068_ignition_bringup/config/slam_params_parrot1.yaml
[3.304s] -- Symlinking: /home/jordan/RS1-Gr25/install/41068_ignition_bringup/share/41068_ignition_bringup/launch/41068_autonomy_demo.launch.py
[3.312s] -- Symlinking: /home/jordan/RS1-Gr25/install/41068_ignition_bringup/share/41068_ignition_bringup/launch/41068_dynamic_world_demo.launch.py
[3.319s] -- Symlinking: /home/jordan/RS1-Gr25/install/41068_ignition_bringup/share/41068_ignition_bringup/launch/41068_ignition.launch.py
[3.327s] -- Symlinking: /home/jordan/RS1-Gr25/install/41068_ignition_bringup/share/41068_ignition_bringup/launch/41068_ignition_husky.launch.py
[3.335s] -- Symlinking: /home/jordan/RS1-Gr25/install/41068_ignition_bringup/share/41068_ignition_bringup/launch/41068_ignition_parrot.launch.py
[3.343s] -- Symlinking: /home/jordan/RS1-Gr25/install/41068_ignition_bringup/share/41068_ignition_bringup/launch/41068_navigation.launch.py
[3.351s] -- Symlinking: /home/jordan/RS1-Gr25/install/41068_ignition_bringup/share/41068_ignition_bringup/launch/__pycache__/41068_autonomy_demo.launch.cpython-310.pyc
[3.364s] -- Symlinking: /home/jordan/RS1-Gr25/install/41068_ignition_bringup/share/41068_ignition_bringup/launch/__pycache__/41068_autonomy_demo.launch.cpython-313.pyc
[3.372s] -- Symlinking: /home/jordan/RS1-Gr25/install/41068_ignition_bringup/share/41068_ignition_bringup/launch/__pycache__/41068_dynamic_world_demo.launch.cpython-313.pyc
[3.380s] -- Symlinking: /home/jordan/RS1-Gr25/install/41068_ignition_bringup/share/41068_ignition_bringup/launch/__pycache__/41068_ignition.launch.cpython-313.pyc
[3.388s] -- Symlinking: /home/jordan/RS1-Gr25/install/41068_ignition_bringup/share/41068_ignition_bringup/launch/__pycache__/41068_ignition_husky.launch.cpython-313.pyc
[3.396s] -- Symlinking: /home/jordan/RS1-Gr25/install/41068_ignition_bringup/share/41068_ignition_bringup/launch/__pycache__/41068_ignition_parrot.launch.cpython-313.pyc
[3.404s] -- Symlinking: /home/jordan/RS1-Gr25/install/41068_ignition_bringup/share/41068_ignition_bringup/launch/__pycache__/41068_navigation.launch.cpython-313.pyc
[3.414s] -- Symlinking: /home/jordan/RS1-Gr25/install/41068_ignition_bringup/share/41068_ignition_bringup/models/forest_plane/materials/textures/empty_grass.png
[3.421s] -- Symlinking: /home/jordan/RS1-Gr25/install/41068_ignition_bringup/share/41068_ignition_bringup/models/forest_plane/materials/textures/forest_overhead.png
[3.429s] -- Symlinking: /home/jordan/RS1-Gr25/install/41068_ignition_bringup/share/41068_ignition_bringup/models/forest_plane/materials/textures/forest_overhead_plain.png
[3.436s] -- Symlinking: /home/jordan/RS1-Gr25/install/41068_ignition_bringup/share/41068_ignition_bringup/models/forest_plane/materials/textures/leaf_litter.png
[3.444s] -- Symlinking: /home/jordan/RS1-Gr25/install/41068_ignition_bringup/share/41068_ignition_bringup/models/forest_plane/model.config
[3.451s] -- Symlinking: /home/jordan/RS1-Gr25/install/41068_ignition_bringup/share/41068_ignition_bringup/models/forest_plane/model.sdf
[3.459s] -- Symlinking: /home/jordan/RS1-Gr25/install/41068_ignition_bringup/share/41068_ignition_bringup/models/forest_wall/materials/textures/forest_wall.png
[3.467s] -- Symlinking: /home/jordan/RS1-Gr25/install/41068_ignition_bringup/share/41068_ignition_bringup/models/forest_wall/materials/textures/forest_wall_transparent.png
[3.475s] -- Symlinking: /home/jordan/RS1-Gr25/install/41068_ignition_bringup/share/41068_ignition_bringup/models/forest_wall/materials/textures/forest_wall_transparent_small.png
[3.482s] -- Symlinking: /home/jordan/RS1-Gr25/install/41068_ignition_bringup/share/41068_ignition_bringup/models/forest_wall/model.config
[3.489s] -- Symlinking: /home/jordan/RS1-Gr25/install/41068_ignition_bringup/share/41068_ignition_bringup/models/forest_wall/model.sdf
[3.497s] -- Symlinking: /home/jordan/RS1-Gr25/install/41068_ignition_bringup/share/41068_ignition_bringup/models/grass_plane/materials/textures/empty_grass.png
[3.504s] -- Symlinking: /home/jordan/RS1-Gr25/install/41068_ignition_bringup/share/41068_ignition_bringup/models/grass_plane/model.config
[3.511s] -- Symlinking: /home/jordan/RS1-Gr25/install/41068_ignition_bringup/share/41068_ignition_bringup/models/grass_plane/model.sdf
[3.519s] -- Symlinking: /home/jordan/RS1-Gr25/install/41068_ignition_bringup/share/41068_ignition_bringup/urdf_husky/common_properties.urdf.xacro
[3.526s] -- Symlinking: /home/jordan/RS1-Gr25/install/41068_ignition_bringup/share/41068_ignition_bringup/urdf_husky/husky.gazebo.xacro
[3.534s] -- Symlinking: /home/jordan/RS1-Gr25/install/41068_ignition_bringup/share/41068_ignition_bringup/urdf_husky/husky.urdf.xacro
[3.544s] -- Symlinking: /home/jordan/RS1-Gr25/install/41068_ignition_bringup/share/41068_ignition_bringup/urdf_husky/meshes/base_link.dae
[3.551s] -- Symlinking: /home/jordan/RS1-Gr25/install/41068_ignition_bringup/share/41068_ignition_bringup/urdf_husky/meshes/bumper.dae
[3.561s] -- Symlinking: /home/jordan/RS1-Gr25/install/41068_ignition_bringup/share/41068_ignition_bringup/urdf_husky/meshes/jpl04_arch_nosensor.stl
[3.572s] -- Symlinking: /home/jordan/RS1-Gr25/install/41068_ignition_bringup/share/41068_ignition_bringup/urdf_husky/meshes/top_chassis.dae
[3.579s] -- Symlinking: /home/jordan/RS1-Gr25/install/41068_ignition_bringup/share/41068_ignition_bringup/urdf_husky/meshes/top_plate.dae
[3.587s] -- Symlinking: /home/jordan/RS1-Gr25/install/41068_ignition_bringup/share/41068_ignition_bringup/urdf_husky/meshes/wheel.dae
[3.594s] -- Symlinking: /home/jordan/RS1-Gr25/install/41068_ignition_bringup/share/41068_ignition_bringup/urdf_husky/wheel.urdf.xacro
[3.602s] -- Symlinking: /home/jordan/RS1-Gr25/install/41068_ignition_bringup/share/41068_ignition_bringup/worlds/large_demo.sdf
[3.616s] -- Symlinking: /home/jordan/RS1-Gr25/install/41068_ignition_bringup/share/41068_ignition_bringup/worlds/simple_trees.sdf
[3.624s] -- Symlinking: /home/jordan/RS1-Gr25/install/41068_ignition_bringup/share/41068_ignition_bringup/urdf_parrot/common_properties.urdf.xacro
[3.632s] -- Symlinking: /home/jordan/RS1-Gr25/install/41068_ignition_bringup/share/41068_ignition_bringup/urdf_parrot/meshes/hull.dae
[3.640s] -- Symlinking: /home/jordan/RS1-Gr25/install/41068_ignition_bringup/share/41068_ignition_bringup/urdf_parrot/meshes/propeller_fl.dae
[3.649s] -- Symlinking: /home/jordan/RS1-Gr25/install/41068_ignition_bringup/share/41068_ignition_bringup/urdf_parrot/meshes/propeller_fr.dae
[3.656s] -- Symlinking: /home/jordan/RS1-Gr25/install/41068_ignition_bringup/share/41068_ignition_bringup/urdf_parrot/meshes/propeller_rl.dae
[3.664s] -- Symlinking: /home/jordan/RS1-Gr25/install/41068_ignition_bringup/share/41068_ignition_bringup/urdf_parrot/meshes/propeller_rr.dae
[3.671s] -- Symlinking: /home/jordan/RS1-Gr25/install/41068_ignition_bringup/share/41068_ignition_bringup/urdf_parrot/model.config
[3.679s] -- Symlinking: /home/jordan/RS1-Gr25/install/41068_ignition_bringup/share/41068_ignition_bringup/urdf_parrot/model.sdf
[3.687s] -- Symlinking: /home/jordan/RS1-Gr25/install/41068_ignition_bringup/share/41068_ignition_bringup/urdf_parrot/parrot.gazebo.xacro
[3.694s] -- Symlinking: /home/jordan/RS1-Gr25/install/41068_ignition_bringup/share/41068_ignition_bringup/urdf_parrot/parrot.urdf.xacro
[3.702s] -- Symlinking: /home/jordan/RS1-Gr25/install/41068_ignition_bringup/share/41068_ignition_bringup/urdf_parrot/thumbnails/1.png
[3.710s] -- Symlinking: /home/jordan/RS1-Gr25/install/41068_ignition_bringup/share/41068_ignition_bringup/urdf_parrot/thumbnails/2.png
[3.718s] -- Symlinking: /home/jordan/RS1-Gr25/install/41068_ignition_bringup/share/41068_ignition_bringup/urdf_parrot/thumbnails/3.png
[3.726s] -- Symlinking: /home/jordan/RS1-Gr25/install/41068_ignition_bringup/share/41068_ignition_bringup/urdf_parrot/thumbnails/4.png
[3.733s] -- Symlinking: /home/jordan/RS1-Gr25/install/41068_ignition_bringup/share/41068_ignition_bringup/urdf_parrot/thumbnails/5.png
[3.741s] -- Symlinking: /home/jordan/RS1-Gr25/install/41068_ignition_bringup/share/41068_ignition_bringup/environment/pythonpath.sh
[3.750s] -- Symlinking: /home/jordan/RS1-Gr25/install/41068_ignition_bringup/share/41068_ignition_bringup/environment/pythonpath.dsv
[3.759s] -- Symlinking: /home/jordan/RS1-Gr25/install/41068_ignition_bringup/local/lib/python3.10/dist-packages/rs1_nav-1.0.5-py3.10.egg-info/PKG-INFO
[3.767s] -- Symlinking: /home/jordan/RS1-Gr25/install/41068_ignition_bringup/local/lib/python3.10/dist-packages/rs1_nav-1.0.5-py3.10.egg-info/SOURCES.txt
[3.774s] -- Symlinking: /home/jordan/RS1-Gr25/install/41068_ignition_bringup/local/lib/python3.10/dist-packages/rs1_nav-1.0.5-py3.10.egg-info/dependency_links.txt
[3.782s] -- Symlinking: /home/jordan/RS1-Gr25/install/41068_ignition_bringup/local/lib/python3.10/dist-packages/rs1_nav-1.0.5-py3.10.egg-info/top_level.txt
[3.790s] -- Symlinking: /home/jordan/RS1-Gr25/install/41068_ignition_bringup/local/lib/python3.10/dist-packages/rs1_nav/__init__.py
[3.797s] -- Symlinking: /home/jordan/RS1-Gr25/install/41068_ignition_bringup/local/lib/python3.10/dist-packages/rs1_nav/gazebo_world.py
[3.805s] -- Symlinking: /home/jordan/RS1-Gr25/install/41068_ignition_bringup/local/lib/python3.10/dist-packages/rs1_nav/geometry.py
[3.813s] -- Symlinking: /home/jordan/RS1-Gr25/install/41068_ignition_bringup/local/lib/python3.10/dist-packages/rs1_nav/mission.py
[3.820s] -- Symlinking: /home/jordan/RS1-Gr25/install/41068_ignition_bringup/local/lib/python3.10/dist-packages/rs1_nav/nav_observer.py
[3.827s] -- Symlinking: /home/jordan/RS1-Gr25/install/41068_ignition_bringup/local/lib/python3.10/dist-packages/rs1_nav/sim.py
[3.836s] -- Symlinking: /home/jordan/RS1-Gr25/install/41068_ignition_bringup/lib/41068_ignition_bringup/dynamic_world_demo.py
[3.844s] -- Symlinking: /home/jordan/RS1-Gr25/install/41068_ignition_bringup/lib/41068_ignition_bringup/basic_autonomy_demo.py
[3.851s] -- Symlinking: /home/jordan/RS1-Gr25/install/41068_ignition_bringup/lib/41068_ignition_bringup/odometry_tf_broadcaster.py
[3.864s] -- Symlinking: /home/jordan/RS1-Gr25/install/41068_ignition_bringup/lib/41068_ignition_bringup/obstacle_injector.py
[3.874s] -- Symlinking: /home/jordan/RS1-Gr25/install/41068_ignition_bringup/share/ament_index/resource_index/package_run_dependencies/41068_ignition_bringup
[3.882s] -- Symlinking: /home/jordan/RS1-Gr25/install/41068_ignition_bringup/share/ament_index/resource_index/parent_prefix_path/41068_ignition_bringup
[3.890s] -- Symlinking: /home/jordan/RS1-Gr25/install/41068_ignition_bringup/share/41068_ignition_bringup/environment/ament_prefix_path.sh
[3.897s] -- Symlinking: /home/jordan/RS1-Gr25/install/41068_ignition_bringup/share/41068_ignition_bringup/environment/ament_prefix_path.dsv
[3.905s] -- Symlinking: /home/jordan/RS1-Gr25/install/41068_ignition_bringup/share/41068_ignition_bringup/environment/path.sh
[3.912s] -- Symlinking: /home/jordan/RS1-Gr25/install/41068_ignition_bringup/share/41068_ignition_bringup/environment/path.dsv
[3.919s] -- Symlinking: /home/jordan/RS1-Gr25/install/41068_ignition_bringup/share/41068_ignition_bringup/local_setup.bash
[3.927s] -- Symlinking: /home/jordan/RS1-Gr25/install/41068_ignition_bringup/share/41068_ignition_bringup/local_setup.sh
[3.934s] -- Symlinking: /home/jordan/RS1-Gr25/install/41068_ignition_bringup/share/41068_ignition_bringup/local_setup.zsh
[3.942s] -- Symlinking: /home/jordan/RS1-Gr25/install/41068_ignition_bringup/share/41068_ignition_bringup/local_setup.dsv
[3.949s] -- Symlinking: /home/jordan/RS1-Gr25/install/41068_ignition_bringup/share/41068_ignition_bringup/package.dsv
[3.956s] -- Symlinking: /home/jordan/RS1-Gr25/install/41068_ignition_bringup/share/ament_index/resource_index/packages/41068_ignition_bringup
[3.964s] -- Symlinking: /home/jordan/RS1-Gr25/install/41068_ignition_bringup/share/41068_ignition_bringup/cmake/41068_ignition_bringupConfig.cmake
[3.971s] -- Symlinking: /home/jordan/RS1-Gr25/install/41068_ignition_bringup/share/41068_ignition_bringup/cmake/41068_ignition_bringupConfig-version.cmake
[3.979s] -- Symlinking: /home/jordan/RS1-Gr25/install/41068_ignition_bringup/share/41068_ignition_bringup/package.xml
[4.023s] Listing '/home/jordan/RS1-Gr25/install/41068_ignition_bringup/local/lib/python3.10/dist-packages/rs1_nav'...
[4.023s] Compiling '/home/jordan/RS1-Gr25/install/41068_ignition_bringup/local/lib/python3.10/dist-packages/rs1_nav/__init__.py'...
[4.023s] Compiling '/home/jordan/RS1-Gr25/install/41068_ignition_bringup/local/lib/python3.10/dist-packages/rs1_nav/gazebo_world.py'...
[4.023s] Compiling '/home/jordan/RS1-Gr25/install/41068_ignition_bringup/local/lib/python3.10/dist-packages/rs1_nav/geometry.py'...
[4.023s] Compiling '/home/jordan/RS1-Gr25/install/41068_ignition_bringup/local/lib/python3.10/dist-packages/rs1_nav/mission.py'...
[4.023s] Compiling '/home/jordan/RS1-Gr25/install/41068_ignition_bringup/local/lib/python3.10/dist-packages/rs1_nav/nav_observer.py'...
[4.023s] Compiling '/home/jordan/RS1-Gr25/install/41068_ignition_bringup/local/lib/python3.10/dist-packages/rs1_nav/sim.py'...
[4.029s] Invoked command in '/home/jordan/RS1-Gr25/build/41068_ignition_bringup' returned '0': CMAKE_PREFIX_PATH=${CMAKE_PREFIX_PATH}:/opt/ros/humble /usr/bin/cmake --install /home/jordan/RS1-Gr25/build/41068_ignition_bringup
