[0.000000] (-) TimerEvent: {}
[0.000793] (beer_fire_detection) JobQueued: {'identifier': 'beer_fire_detection', 'dependencies': OrderedDict()}
[0.001479] (41068_ignition_bringup) JobQueued: {'identifier': '41068_ignition_bringup', 'dependencies': OrderedDict([('beer_fire_detection', '/home/jordan/G25_RS1/RS1-Gr25/install/beer_fire_detection')])}
[0.002033] (beer_fire_detection) JobStarted: {'identifier': 'beer_fire_detection'}
[0.098936] (-) TimerEvent: {}
[0.199375] (-) TimerEvent: {}
[0.299852] (-) TimerEvent: {}
[0.400173] (-) TimerEvent: {}
[0.500499] (-) TimerEvent: {}
[0.600873] (-) TimerEvent: {}
[0.701418] (-) TimerEvent: {}
[0.801936] (-) TimerEvent: {}
[0.902280] (-) TimerEvent: {}
[1.002762] (-) TimerEvent: {}
[1.103146] (-) TimerEvent: {}
[1.203445] (-) TimerEvent: {}
[1.303761] (-) TimerEvent: {}
[1.404039] (-) TimerEvent: {}
[1.504550] (-) TimerEvent: {}
[1.605252] (-) TimerEvent: {}
[1.705571] (-) TimerEvent: {}
[1.805961] (-) TimerEvent: {}
[1.823185] (beer_fire_detection) Command: {'cmd': ['/usr/bin/python3', '-W', 'ignore:setup.py install is deprecated', '-W', 'ignore:easy_install command is deprecated', 'setup.py', 'develop', '--editable', '--build-directory', '/home/jordan/G25_RS1/RS1-Gr25/build/beer_fire_detection/build', '--no-deps', 'symlink_data'], 'cwd': '/home/jordan/G25_RS1/RS1-Gr25/build/beer_fire_detection', 'env': {'LESSOPEN': '| /usr/bin/lesspipe %s', 'VSCODE_CWD': '/mnt/c/Users/jorda/AppData/Local/Programs/cursor', 'VSCODE_ESM_ENTRYPOINT': 'vs/workbench/api/node/extensionHostProcess', 'GZ_SIM_RESOURCE_PATH': '/opt/ros/humble/share', 'USER': 'jordan', 'VSCODE_NLS_CONFIG': '{"userLocale":"en","osLocale":"en","resolvedLanguage":"en","defaultMessagesFile":"/home/jordan/.cursor-server/bin/2ba48ff3f7514cc4643c52ca9f7b3173d9b66130/out/nls.messages.json","locale":"en","availableLanguages":{}}', 'VSCODE_HANDLES_UNCAUGHT_ERRORS': 'true', 'CURSOR_RIPGREP_PATH': '/home/jordan/.cursor-server/bin/2ba48ff3f7514cc4643c52ca9f7b3173d9b66130/node_modules/@vscode/ripgrep/bin/rg', 'SHLVL': '1', 'LD_LIBRARY_PATH': '/opt/ros/humble/opt/rviz_ogre_vendor/lib:/opt/ros/humble/lib/x86_64-linux-gnu:/opt/ros/humble/lib', 'HOME': '/home/jordan', 'OLDPWD': '/home/jordan/G25_RS1/RS1-Gr25', 'VSCODE_IPC_HOOK_CLI': '/run/user/1000/vscode-ipc-3517d1ba-6dd6-4d1e-86cb-c9e8c4fca531.sock', 'ROS_PYTHON_VERSION': '3', 'NO_COLOR': '1', 'DBUS_SESSION_BUS_ADDRESS': 'unix:path=/run/user/1000/bus', 'WSL_DISTRO_NAME': 'Ubuntu-22.04', 'WAYLAND_DISPLAY': 'wayland-0', 'VSCODE_L10N_BUNDLE_LOCATION': '', 'COLCON_PREFIX_PATH': '/home/jordan/G25_RS1/RS1-Gr25/install', 'ROS_DISTRO': 'humble', 'OVSX_REGISTRY_URL': 'https://open-vsx.org', 'LOGNAME': 'jordan', 'FORCE_COLOR': '0', 'NAME': 'DESKTOP-RC39RBI', 'WSL_INTEROP': '/run/WSL/338_interop', 'VSCODE_HANDLES_SIGPIPE': 'true', 'PULSE_SERVER': 'unix:/mnt/wslg/PulseServer', '_': '/usr/bin/colcon', 'ROS_VERSION': '2', 'CURSOR_LAYOUT': 'unifiedAgent', 'TERM': 'dumb', 'LIBGL_ALWAYS_INDIRECT': '1', 'ROS_LOCALHOST_ONLY': '1', 'PATH': '/home/jordan/G25_RS1/RS1-Gr25/install/beer_fire_detection/bin:/opt/ros/humble/bin:/home/jordan/.cursor-server/bin/2ba48ff3f7514cc4643c52ca9f7b3173d9b66130/node_modules/@vscode/ripgrep/bin:/home/jordan/.cursor-server/bin/2ba48ff3f7514cc4643c52ca9f7b3173d9b66130/bin/remote-cli:/home/jordan/.cursor-server/bin/2ba48ff3f7514cc4643c52ca9f7b3173d9b66130/bin/remote-cli:/usr/local/sbin:/usr/local/bin:/usr/sbin:/usr/bin:/sbin:/bin:/usr/games:/usr/local/games:/usr/lib/wsl/lib:/snap/bin:/mnt/c/Users/jorda/AppData/Local/Programs/cursor/resources/app/bin:/mnt/c/Users/jorda/AppData/Local/Programs/Microsoft VS Code/bin', 'XDG_RUNTIME_DIR': '/run/user/1000', 'AGENT_TRANSCRIPTS': '/home/jordan/.cursor/projects/home-jordan-G25-RS1-RS1-Gr25-src-41068-ignition-bringup-v1-41068-ignition-bringup/agent-transcripts', 'CURSOR_AGENT': '1', 'DISPLAY': '172.22.192.1:0', 'LANG': 'C.UTF-8', 'LS_COLORS': '', 'AMENT_PREFIX_PATH': '/home/jordan/G25_RS1/RS1-Gr25/install/41068_ignition_bringup:/opt/ros/humble', 'SHELL': '/bin/bash', 'LESSCLOSE': '/usr/bin/lesspipe %s %s', 'PWD': '/home/jordan/G25_RS1/RS1-Gr25/build/beer_fire_detection', 'XDG_DATA_DIRS': '/usr/local/share:/usr/share:/var/lib/snapd/desktop', 'CURSOR_CONVERSATION_ID': 'f28fa931-f336-492e-badd-97c05ee7ac06', 'PYTHONPATH': '/home/jordan/G25_RS1/RS1-Gr25/build/beer_fire_detection/prefix_override:/usr/lib/python3/dist-packages/colcon_core/task/python/colcon_distutils_commands:/home/jordan/G25_RS1/RS1-Gr25/install/beer_fire_detection/lib/python3.10/site-packages:/home/jordan/G25_RS1/RS1-Gr25/build/beer_fire_detection:/home/jordan/G25_RS1/RS1-Gr25/install/beer_fire_detection/lib/python3.10/site-packages:/home/jordan/G25_RS1/RS1-Gr25/install/41068_ignition_bringup/local/lib/python3.10/dist-packages:/opt/ros/humble/lib/python3.10/site-packages:/opt/ros/humble/local/lib/python3.10/dist-packages', 'COLCON': '1', '__CURSOR_SANDBOX_ENV_RESTORE': "builtin unset CURSOR_CONVERSATION_ID CURSOR_AGENT_STORE_FILES_DIR CURSOR_AGENT_STORE_SHARED_PATHS 2>/dev/null || true; builtin export CURSOR_CONVERSATION_ID='f28fa931-f336-492e-badd-97c05ee7ac06'", '_ZO_DOCTOR': '0', 'WSL2_GUI_APPS_ENABLED': '1', 'HOSTTYPE': 'x86_64', 'CMAKE_PREFIX_PATH': '/home/jordan/G25_RS1/RS1-Gr25/install/41068_ignition_bringup', 'WSLENV': ''}, 'shell': False}
[1.906136] (-) TimerEvent: {}
[2.006522] (-) TimerEvent: {}
[2.106889] (-) TimerEvent: {}
[2.207195] (-) TimerEvent: {}
[2.307567] (-) TimerEvent: {}
[2.352727] (beer_fire_detection) StdoutLine: {'line': b'running develop\n'}
[2.407762] (-) TimerEvent: {}
[2.508146] (-) TimerEvent: {}
[2.608552] (-) TimerEvent: {}
[2.708852] (-) TimerEvent: {}
[2.721546] (beer_fire_detection) StdoutLine: {'line': b'running egg_info\n'}
[2.721834] (beer_fire_detection) StdoutLine: {'line': b'creating beer_fire_detection.egg-info\n'}
[2.722255] (beer_fire_detection) StdoutLine: {'line': b'writing beer_fire_detection.egg-info/PKG-INFO\n'}
[2.722730] (beer_fire_detection) StdoutLine: {'line': b'writing dependency_links to beer_fire_detection.egg-info/dependency_links.txt\n'}
[2.723435] (beer_fire_detection) StdoutLine: {'line': b'writing entry points to beer_fire_detection.egg-info/entry_points.txt\n'}
[2.723980] (beer_fire_detection) StdoutLine: {'line': b'writing requirements to beer_fire_detection.egg-info/requires.txt\n'}
[2.724344] (beer_fire_detection) StdoutLine: {'line': b'writing top-level names to beer_fire_detection.egg-info/top_level.txt\n'}
[2.724791] (beer_fire_detection) StdoutLine: {'line': b"writing manifest file 'beer_fire_detection.egg-info/SOURCES.txt'\n"}
[2.726516] (beer_fire_detection) StdoutLine: {'line': b"reading manifest file 'beer_fire_detection.egg-info/SOURCES.txt'\n"}
[2.727348] (beer_fire_detection) StdoutLine: {'line': b"writing manifest file 'beer_fire_detection.egg-info/SOURCES.txt'\n"}
[2.729747] (beer_fire_detection) StdoutLine: {'line': b'running build_ext\n'}
[2.730234] (beer_fire_detection) StdoutLine: {'line': b'Creating /home/jordan/G25_RS1/RS1-Gr25/install/beer_fire_detection/lib/python3.10/site-packages/beer-fire-detection.egg-link (link to .)\n'}
[2.731241] (beer_fire_detection) StdoutLine: {'line': b'Installing fire_detector script to /home/jordan/G25_RS1/RS1-Gr25/install/beer_fire_detection/bin\n'}
[2.732757] (beer_fire_detection) StdoutLine: {'line': b'Installing synthetic_thermal_demo script to /home/jordan/G25_RS1/RS1-Gr25/install/beer_fire_detection/bin\n'}
[2.733534] (beer_fire_detection) StdoutLine: {'line': b'\n'}
[2.733747] (beer_fire_detection) StdoutLine: {'line': b'Installed /home/jordan/G25_RS1/RS1-Gr25/build/beer_fire_detection\n'}
[2.734268] (beer_fire_detection) StdoutLine: {'line': b'running symlink_data\n'}
[2.734932] (beer_fire_detection) StdoutLine: {'line': b'creating /home/jordan/G25_RS1/RS1-Gr25/install/beer_fire_detection/share\n'}
[2.735255] (beer_fire_detection) StdoutLine: {'line': b'creating /home/jordan/G25_RS1/RS1-Gr25/install/beer_fire_detection/share/ament_index\n'}
[2.735517] (beer_fire_detection) StdoutLine: {'line': b'creating /home/jordan/G25_RS1/RS1-Gr25/install/beer_fire_detection/share/ament_index/resource_index\n'}
[2.741231] (beer_fire_detection) StdoutLine: {'line': b'creating /home/jordan/G25_RS1/RS1-Gr25/install/beer_fire_detection/share/ament_index/resource_index/packages\n'}
[2.741739] (beer_fire_detection) StdoutLine: {'line': b'symbolically linking /home/jordan/G25_RS1/RS1-Gr25/build/beer_fire_detection/resource/beer_fire_detection -> /home/jordan/G25_RS1/RS1-Gr25/install/beer_fire_detection/share/ament_index/resource_index/packages\n'}
[2.742126] (beer_fire_detection) StdoutLine: {'line': b'creating /home/jordan/G25_RS1/RS1-Gr25/install/beer_fire_detection/share/beer_fire_detection\n'}
[2.742331] (beer_fire_detection) StdoutLine: {'line': b'symbolically linking /home/jordan/G25_RS1/RS1-Gr25/build/beer_fire_detection/package.xml -> /home/jordan/G25_RS1/RS1-Gr25/install/beer_fire_detection/share/beer_fire_detection\n'}
[2.787859] (beer_fire_detection) CommandEnded: {'returncode': 0}
[2.809119] (-) TimerEvent: {}
[2.822074] (beer_fire_detection) JobEnded: {'identifier': 'beer_fire_detection', 'rc': 0}
[2.824763] (41068_ignition_bringup) JobStarted: {'identifier': '41068_ignition_bringup'}
[2.846313] (41068_ignition_bringup) JobProgress: {'identifier': '41068_ignition_bringup', 'progress': 'cmake'}
[2.847370] (41068_ignition_bringup) JobProgress: {'identifier': '41068_ignition_bringup', 'progress': 'build'}
[2.848456] (41068_ignition_bringup) Command: {'cmd': ['/usr/bin/cmake', '--build', '/home/jordan/G25_RS1/RS1-Gr25/build/41068_ignition_bringup', '--', '-j6', '-l6'], 'cwd': '/home/jordan/G25_RS1/RS1-Gr25/build/41068_ignition_bringup', 'env': OrderedDict([('LESSOPEN', '| /usr/bin/lesspipe %s'), ('VSCODE_CWD', '/mnt/c/Users/jorda/AppData/Local/Programs/cursor'), ('VSCODE_ESM_ENTRYPOINT', 'vs/workbench/api/node/extensionHostProcess'), ('GZ_SIM_RESOURCE_PATH', '/opt/ros/humble/share'), ('USER', 'jordan'), ('VSCODE_NLS_CONFIG', '{"userLocale":"en","osLocale":"en","resolvedLanguage":"en","defaultMessagesFile":"/home/jordan/.cursor-server/bin/2ba48ff3f7514cc4643c52ca9f7b3173d9b66130/out/nls.messages.json","locale":"en","availableLanguages":{}}'), ('VSCODE_HANDLES_UNCAUGHT_ERRORS', 'true'), ('CURSOR_RIPGREP_PATH', '/home/jordan/.cursor-server/bin/2ba48ff3f7514cc4643c52ca9f7b3173d9b66130/node_modules/@vscode/ripgrep/bin/rg'), ('SHLVL', '1'), ('LD_LIBRARY_PATH', '/opt/ros/humble/opt/rviz_ogre_vendor/lib:/opt/ros/humble/lib/x86_64-linux-gnu:/opt/ros/humble/lib'), ('HOME', '/home/jordan'), ('OLDPWD', '/home/jordan/G25_RS1/RS1-Gr25'), ('VSCODE_IPC_HOOK_CLI', '/run/user/1000/vscode-ipc-3517d1ba-6dd6-4d1e-86cb-c9e8c4fca531.sock'), ('ROS_PYTHON_VERSION', '3'), ('NO_COLOR', '1'), ('DBUS_SESSION_BUS_ADDRESS', 'unix:path=/run/user/1000/bus'), ('WSL_DISTRO_NAME', 'Ubuntu-22.04'), ('WAYLAND_DISPLAY', 'wayland-0'), ('VSCODE_L10N_BUNDLE_LOCATION', ''), ('COLCON_PREFIX_PATH', '/home/jordan/G25_RS1/RS1-Gr25/install'), ('ROS_DISTRO', 'humble'), ('OVSX_REGISTRY_URL', 'https://open-vsx.org'), ('LOGNAME', 'jordan'), ('FORCE_COLOR', '0'), ('NAME', 'DESKTOP-RC39RBI'), ('WSL_INTEROP', '/run/WSL/338_interop'), ('VSCODE_HANDLES_SIGPIPE', 'true'), ('PULSE_SERVER', 'unix:/mnt/wslg/PulseServer'), ('_', '/usr/bin/colcon'), ('ROS_VERSION', '2'), ('CURSOR_LAYOUT', 'unifiedAgent'), ('TERM', 'dumb'), ('LIBGL_ALWAYS_INDIRECT', '1'), ('ROS_LOCALHOST_ONLY', '1'), ('PATH', '/home/jordan/G25_RS1/RS1-Gr25/install/beer_fire_detection/bin:/opt/ros/humble/bin:/home/jordan/.cursor-server/bin/2ba48ff3f7514cc4643c52ca9f7b3173d9b66130/node_modules/@vscode/ripgrep/bin:/home/jordan/.cursor-server/bin/2ba48ff3f7514cc4643c52ca9f7b3173d9b66130/bin/remote-cli:/home/jordan/.cursor-server/bin/2ba48ff3f7514cc4643c52ca9f7b3173d9b66130/bin/remote-cli:/usr/local/sbin:/usr/local/bin:/usr/sbin:/usr/bin:/sbin:/bin:/usr/games:/usr/local/games:/usr/lib/wsl/lib:/snap/bin:/mnt/c/Users/jorda/AppData/Local/Programs/cursor/resources/app/bin:/mnt/c/Users/jorda/AppData/Local/Programs/Microsoft VS Code/bin'), ('XDG_RUNTIME_DIR', '/run/user/1000'), ('AGENT_TRANSCRIPTS', '/home/jordan/.cursor/projects/home-jordan-G25-RS1-RS1-Gr25-src-41068-ignition-bringup-v1-41068-ignition-bringup/agent-transcripts'), ('CURSOR_AGENT', '1'), ('DISPLAY', '172.22.192.1:0'), ('LANG', 'C.UTF-8'), ('LS_COLORS', ''), ('AMENT_PREFIX_PATH', '/home/jordan/G25_RS1/RS1-Gr25/install/41068_ignition_bringup:/opt/ros/humble'), ('SHELL', '/bin/bash'), ('LESSCLOSE', '/usr/bin/lesspipe %s %s'), ('PWD', '/home/jordan/G25_RS1/RS1-Gr25/build/41068_ignition_bringup'), ('XDG_DATA_DIRS', '/usr/local/share:/usr/share:/var/lib/snapd/desktop'), ('CURSOR_CONVERSATION_ID', 'f28fa931-f336-492e-badd-97c05ee7ac06'), ('PYTHONPATH', '/home/jordan/G25_RS1/RS1-Gr25/build/beer_fire_detection:/home/jordan/G25_RS1/RS1-Gr25/install/beer_fire_detection/lib/python3.10/site-packages:/home/jordan/G25_RS1/RS1-Gr25/install/41068_ignition_bringup/local/lib/python3.10/dist-packages:/opt/ros/humble/lib/python3.10/site-packages:/opt/ros/humble/local/lib/python3.10/dist-packages'), ('COLCON', '1'), ('__CURSOR_SANDBOX_ENV_RESTORE', "builtin unset CURSOR_CONVERSATION_ID CURSOR_AGENT_STORE_FILES_DIR CURSOR_AGENT_STORE_SHARED_PATHS 2>/dev/null || true; builtin export CURSOR_CONVERSATION_ID='f28fa931-f336-492e-badd-97c05ee7ac06'"), ('_ZO_DOCTOR', '0'), ('WSL2_GUI_APPS_ENABLED', '1'), ('HOSTTYPE', 'x86_64'), ('CMAKE_PREFIX_PATH', '/home/jordan/G25_RS1/RS1-Gr25/install/41068_ignition_bringup:/opt/ros/humble'), ('WSLENV', '')]), 'shell': False}
[2.909296] (-) TimerEvent: {}
[2.930364] (41068_ignition_bringup) StdoutLine: {'line': b'Built target ament_cmake_python_symlink_rs1_nav\n'}
[3.010147] (-) TimerEvent: {}
[3.110607] (-) TimerEvent: {}
[3.216574] (-) TimerEvent: {}
[3.316894] (-) TimerEvent: {}
[3.417314] (-) TimerEvent: {}
[3.517648] (-) TimerEvent: {}
[3.577759] (41068_ignition_bringup) StdoutLine: {'line': b'running egg_info\n'}
[3.579088] (41068_ignition_bringup) StdoutLine: {'line': b'writing rs1_nav.egg-info/PKG-INFO\n'}
[3.579895] (41068_ignition_bringup) StdoutLine: {'line': b'writing dependency_links to rs1_nav.egg-info/dependency_links.txt\n'}
[3.582505] (41068_ignition_bringup) StdoutLine: {'line': b'writing top-level names to rs1_nav.egg-info/top_level.txt\n'}
[3.587354] (41068_ignition_bringup) StdoutLine: {'line': b"reading manifest file 'rs1_nav.egg-info/SOURCES.txt'\n"}
[3.588191] (41068_ignition_bringup) StdoutLine: {'line': b"writing manifest file 'rs1_nav.egg-info/SOURCES.txt'\n"}
[3.617910] (-) TimerEvent: {}
[3.650477] (41068_ignition_bringup) StdoutLine: {'line': b'Built target ament_cmake_python_build_rs1_nav_egg\n'}
[3.674531] (41068_ignition_bringup) CommandEnded: {'returncode': 0}
[3.676538] (41068_ignition_bringup) JobProgress: {'identifier': '41068_ignition_bringup', 'progress': 'install'}
[3.692193] (41068_ignition_bringup) Command: {'cmd': ['/usr/bin/cmake', '--install', '/home/jordan/G25_RS1/RS1-Gr25/build/41068_ignition_bringup'], 'cwd': '/home/jordan/G25_RS1/RS1-Gr25/build/41068_ignition_bringup', 'env': OrderedDict([('LESSOPEN', '| /usr/bin/lesspipe %s'), ('VSCODE_CWD', '/mnt/c/Users/jorda/AppData/Local/Programs/cursor'), ('VSCODE_ESM_ENTRYPOINT', 'vs/workbench/api/node/extensionHostProcess'), ('GZ_SIM_RESOURCE_PATH', '/opt/ros/humble/share'), ('USER', 'jordan'), ('VSCODE_NLS_CONFIG', '{"userLocale":"en","osLocale":"en","resolvedLanguage":"en","defaultMessagesFile":"/home/jordan/.cursor-server/bin/2ba48ff3f7514cc4643c52ca9f7b3173d9b66130/out/nls.messages.json","locale":"en","availableLanguages":{}}'), ('VSCODE_HANDLES_UNCAUGHT_ERRORS', 'true'), ('CURSOR_RIPGREP_PATH', '/home/jordan/.cursor-server/bin/2ba48ff3f7514cc4643c52ca9f7b3173d9b66130/node_modules/@vscode/ripgrep/bin/rg'), ('SHLVL', '1'), ('LD_LIBRARY_PATH', '/opt/ros/humble/opt/rviz_ogre_vendor/lib:/opt/ros/humble/lib/x86_64-linux-gnu:/opt/ros/humble/lib'), ('HOME', '/home/jordan'), ('OLDPWD', '/home/jordan/G25_RS1/RS1-Gr25'), ('VSCODE_IPC_HOOK_CLI', '/run/user/1000/vscode-ipc-3517d1ba-6dd6-4d1e-86cb-c9e8c4fca531.sock'), ('ROS_PYTHON_VERSION', '3'), ('NO_COLOR', '1'), ('DBUS_SESSION_BUS_ADDRESS', 'unix:path=/run/user/1000/bus'), ('WSL_DISTRO_NAME', 'Ubuntu-22.04'), ('WAYLAND_DISPLAY', 'wayland-0'), ('VSCODE_L10N_BUNDLE_LOCATION', ''), ('COLCON_PREFIX_PATH', '/home/jordan/G25_RS1/RS1-Gr25/install'), ('ROS_DISTRO', 'humble'), ('OVSX_REGISTRY_URL', 'https://open-vsx.org'), ('LOGNAME', 'jordan'), ('FORCE_COLOR', '0'), ('NAME', 'DESKTOP-RC39RBI'), ('WSL_INTEROP', '/run/WSL/338_interop'), ('VSCODE_HANDLES_SIGPIPE', 'true'), ('PULSE_SERVER', 'unix:/mnt/wslg/PulseServer'), ('_', '/usr/bin/colcon'), ('ROS_VERSION', '2'), ('CURSOR_LAYOUT', 'unifiedAgent'), ('TERM', 'dumb'), ('LIBGL_ALWAYS_INDIRECT', '1'), ('ROS_LOCALHOST_ONLY', '1'), ('PATH', '/home/jordan/G25_RS1/RS1-Gr25/install/beer_fire_detection/bin:/opt/ros/humble/bin:/home/jordan/.cursor-server/bin/2ba48ff3f7514cc4643c52ca9f7b3173d9b66130/node_modules/@vscode/ripgrep/bin:/home/jordan/.cursor-server/bin/2ba48ff3f7514cc4643c52ca9f7b3173d9b66130/bin/remote-cli:/home/jordan/.cursor-server/bin/2ba48ff3f7514cc4643c52ca9f7b3173d9b66130/bin/remote-cli:/usr/local/sbin:/usr/local/bin:/usr/sbin:/usr/bin:/sbin:/bin:/usr/games:/usr/local/games:/usr/lib/wsl/lib:/snap/bin:/mnt/c/Users/jorda/AppData/Local/Programs/cursor/resources/app/bin:/mnt/c/Users/jorda/AppData/Local/Programs/Microsoft VS Code/bin'), ('XDG_RUNTIME_DIR', '/run/user/1000'), ('AGENT_TRANSCRIPTS', '/home/jordan/.cursor/projects/home-jordan-G25-RS1-RS1-Gr25-src-41068-ignition-bringup-v1-41068-ignition-bringup/agent-transcripts'), ('CURSOR_AGENT', '1'), ('DISPLAY', '172.22.192.1:0'), ('LANG', 'C.UTF-8'), ('LS_COLORS', ''), ('AMENT_PREFIX_PATH', '/home/jordan/G25_RS1/RS1-Gr25/install/41068_ignition_bringup:/opt/ros/humble'), ('SHELL', '/bin/bash'), ('LESSCLOSE', '/usr/bin/lesspipe %s %s'), ('PWD', '/home/jordan/G25_RS1/RS1-Gr25/build/41068_ignition_bringup'), ('XDG_DATA_DIRS', '/usr/local/share:/usr/share:/var/lib/snapd/desktop'), ('CURSOR_CONVERSATION_ID', 'f28fa931-f336-492e-badd-97c05ee7ac06'), ('PYTHONPATH', '/home/jordan/G25_RS1/RS1-Gr25/build/beer_fire_detection:/home/jordan/G25_RS1/RS1-Gr25/install/beer_fire_detection/lib/python3.10/site-packages:/home/jordan/G25_RS1/RS1-Gr25/install/41068_ignition_bringup/local/lib/python3.10/dist-packages:/opt/ros/humble/lib/python3.10/site-packages:/opt/ros/humble/local/lib/python3.10/dist-packages'), ('COLCON', '1'), ('__CURSOR_SANDBOX_ENV_RESTORE', "builtin unset CURSOR_CONVERSATION_ID CURSOR_AGENT_STORE_FILES_DIR CURSOR_AGENT_STORE_SHARED_PATHS 2>/dev/null || true; builtin export CURSOR_CONVERSATION_ID='f28fa931-f336-492e-badd-97c05ee7ac06'"), ('_ZO_DOCTOR', '0'), ('WSL2_GUI_APPS_ENABLED', '1'), ('HOSTTYPE', 'x86_64'), ('CMAKE_PREFIX_PATH', '/home/jordan/G25_RS1/RS1-Gr25/install/41068_ignition_bringup:/opt/ros/humble'), ('WSLENV', '')]), 'shell': False}
[3.706498] (41068_ignition_bringup) StdoutLine: {'line': b'-- Install configuration: ""\n'}
[3.707501] (41068_ignition_bringup) StdoutLine: {'line': b'-- Execute custom install script\n'}
[3.708712] (41068_ignition_bringup) StdoutLine: {'line': b'-- Up-to-date symlink: /home/jordan/G25_RS1/RS1-Gr25/install/41068_ignition_bringup/share/41068_ignition_bringup/config/41068.rviz\n'}
[3.711048] (41068_ignition_bringup) StdoutLine: {'line': b'-- Up-to-date symlink: /home/jordan/G25_RS1/RS1-Gr25/install/41068_ignition_bringup/share/41068_ignition_bringup/config/41068_husky1.rviz\n'}
[3.711816] (41068_ignition_bringup) StdoutLine: {'line': b'-- Up-to-date symlink: /home/jordan/G25_RS1/RS1-Gr25/install/41068_ignition_bringup/share/41068_ignition_bringup/config/41068_parrot1.rviz\n'}
[3.713204] (41068_ignition_bringup) StdoutLine: {'line': b'-- Up-to-date symlink: /home/jordan/G25_RS1/RS1-Gr25/install/41068_ignition_bringup/share/41068_ignition_bringup/config/gazebo_bridge_clock.yaml\n'}
[3.714997] (41068_ignition_bringup) StdoutLine: {'line': b'-- Up-to-date symlink: /home/jordan/G25_RS1/RS1-Gr25/install/41068_ignition_bringup/share/41068_ignition_bringup/config/gazebo_bridge_husky.yaml\n'}
[3.715823] (41068_ignition_bringup) StdoutLine: {'line': b'-- Up-to-date symlink: /home/jordan/G25_RS1/RS1-Gr25/install/41068_ignition_bringup/share/41068_ignition_bringup/config/gazebo_bridge_husky1.yaml\n'}
[3.716314] (41068_ignition_bringup) StdoutLine: {'line': b'-- Up-to-date symlink: /home/jordan/G25_RS1/RS1-Gr25/install/41068_ignition_bringup/share/41068_ignition_bringup/config/gazebo_bridge_parrot.yaml\n'}
[3.716703] (41068_ignition_bringup) StdoutLine: {'line': b'-- Up-to-date symlink: /home/jordan/G25_RS1/RS1-Gr25/install/41068_ignition_bringup/share/41068_ignition_bringup/config/gazebo_bridge_parrot1.yaml\n'}
[3.717199] (41068_ignition_bringup) StdoutLine: {'line': b'-- Up-to-date symlink: /home/jordan/G25_RS1/RS1-Gr25/install/41068_ignition_bringup/share/41068_ignition_bringup/config/ignition_server.config\n'}
[3.718560] (-) TimerEvent: {}
[3.718942] (41068_ignition_bringup) StdoutLine: {'line': b'-- Up-to-date symlink: /home/jordan/G25_RS1/RS1-Gr25/install/41068_ignition_bringup/share/41068_ignition_bringup/config/nav2_params.yaml\n'}
[3.723563] (41068_ignition_bringup) StdoutLine: {'line': b'-- Up-to-date symlink: /home/jordan/G25_RS1/RS1-Gr25/install/41068_ignition_bringup/share/41068_ignition_bringup/config/nav2_params_husky1.yaml\n'}
[3.725581] (41068_ignition_bringup) StdoutLine: {'line': b'-- Up-to-date symlink: /home/jordan/G25_RS1/RS1-Gr25/install/41068_ignition_bringup/share/41068_ignition_bringup/config/nav2_params_parrot1.yaml\n'}
[3.726079] (41068_ignition_bringup) StdoutLine: {'line': b'-- Up-to-date symlink: /home/jordan/G25_RS1/RS1-Gr25/install/41068_ignition_bringup/share/41068_ignition_bringup/config/robot_localization.yaml\n'}
[3.726348] (41068_ignition_bringup) StdoutLine: {'line': b'-- Up-to-date symlink: /home/jordan/G25_RS1/RS1-Gr25/install/41068_ignition_bringup/share/41068_ignition_bringup/config/robot_localization_husky1.yaml\n'}
[3.726518] (41068_ignition_bringup) StdoutLine: {'line': b'-- Up-to-date symlink: /home/jordan/G25_RS1/RS1-Gr25/install/41068_ignition_bringup/share/41068_ignition_bringup/config/robot_localization_parrot1.yaml\n'}
[3.726751] (41068_ignition_bringup) StdoutLine: {'line': b'-- Up-to-date symlink: /home/jordan/G25_RS1/RS1-Gr25/install/41068_ignition_bringup/share/41068_ignition_bringup/config/slam_params.yaml\n'}
[3.726991] (41068_ignition_bringup) StdoutLine: {'line': b'-- Up-to-date symlink: /home/jordan/G25_RS1/RS1-Gr25/install/41068_ignition_bringup/share/41068_ignition_bringup/config/slam_params_husky1.yaml\n'}
[3.729475] (41068_ignition_bringup) StdoutLine: {'line': b'-- Up-to-date symlink: /home/jordan/G25_RS1/RS1-Gr25/install/41068_ignition_bringup/share/41068_ignition_bringup/config/slam_params_parrot1.yaml\n'}
[3.732061] (41068_ignition_bringup) StdoutLine: {'line': b'-- Up-to-date symlink: /home/jordan/G25_RS1/RS1-Gr25/install/41068_ignition_bringup/share/41068_ignition_bringup/launch/41068_autonomy_demo.launch.py\n'}
[3.733586] (41068_ignition_bringup) StdoutLine: {'line': b'-- Up-to-date symlink: /home/jordan/G25_RS1/RS1-Gr25/install/41068_ignition_bringup/share/41068_ignition_bringup/launch/41068_dynamic_world_demo.launch.py\n'}
[3.734873] (41068_ignition_bringup) StdoutLine: {'line': b'-- Up-to-date symlink: /home/jordan/G25_RS1/RS1-Gr25/install/41068_ignition_bringup/share/41068_ignition_bringup/launch/41068_ignition.launch.py\n'}
[3.735329] (41068_ignition_bringup) StdoutLine: {'line': b'-- Up-to-date symlink: /home/jordan/G25_RS1/RS1-Gr25/install/41068_ignition_bringup/share/41068_ignition_bringup/launch/41068_ignition_husky.launch.py\n'}
[3.735710] (41068_ignition_bringup) StdoutLine: {'line': b'-- Up-to-date symlink: /home/jordan/G25_RS1/RS1-Gr25/install/41068_ignition_bringup/share/41068_ignition_bringup/launch/41068_ignition_parrot.launch.py\n'}
[3.736998] (41068_ignition_bringup) StdoutLine: {'line': b'-- Up-to-date symlink: /home/jordan/G25_RS1/RS1-Gr25/install/41068_ignition_bringup/share/41068_ignition_bringup/launch/41068_navigation.launch.py\n'}
[3.737398] (41068_ignition_bringup) StdoutLine: {'line': b'-- Up-to-date symlink: /home/jordan/G25_RS1/RS1-Gr25/install/41068_ignition_bringup/share/41068_ignition_bringup/launch/__pycache__/41068_autonomy_demo.launch.cpython-310.pyc\n'}
[3.737643] (41068_ignition_bringup) StdoutLine: {'line': b'-- Up-to-date symlink: /home/jordan/G25_RS1/RS1-Gr25/install/41068_ignition_bringup/share/41068_ignition_bringup/launch/__pycache__/41068_autonomy_demo.launch.cpython-313.pyc\n'}
[3.740294] (41068_ignition_bringup) StdoutLine: {'line': b'-- Up-to-date symlink: /home/jordan/G25_RS1/RS1-Gr25/install/41068_ignition_bringup/share/41068_ignition_bringup/launch/__pycache__/41068_dynamic_world_demo.launch.cpython-313.pyc\n'}
[3.741852] (41068_ignition_bringup) StdoutLine: {'line': b'-- Up-to-date symlink: /home/jordan/G25_RS1/RS1-Gr25/install/41068_ignition_bringup/share/41068_ignition_bringup/launch/__pycache__/41068_ignition.launch.cpython-310.pyc\n'}
[3.743364] (41068_ignition_bringup) StdoutLine: {'line': b'-- Up-to-date symlink: /home/jordan/G25_RS1/RS1-Gr25/install/41068_ignition_bringup/share/41068_ignition_bringup/launch/__pycache__/41068_ignition.launch.cpython-313.pyc\n'}
[3.745292] (41068_ignition_bringup) StdoutLine: {'line': b'-- Up-to-date symlink: /home/jordan/G25_RS1/RS1-Gr25/install/41068_ignition_bringup/share/41068_ignition_bringup/launch/__pycache__/41068_ignition_husky.launch.cpython-310.pyc\n'}
[3.745711] (41068_ignition_bringup) StdoutLine: {'line': b'-- Up-to-date symlink: /home/jordan/G25_RS1/RS1-Gr25/install/41068_ignition_bringup/share/41068_ignition_bringup/launch/__pycache__/41068_ignition_husky.launch.cpython-313.pyc\n'}
[3.746189] (41068_ignition_bringup) StdoutLine: {'line': b'-- Up-to-date symlink: /home/jordan/G25_RS1/RS1-Gr25/install/41068_ignition_bringup/share/41068_ignition_bringup/launch/__pycache__/41068_ignition_parrot.launch.cpython-313.pyc\n'}
[3.747299] (41068_ignition_bringup) StdoutLine: {'line': b'-- Up-to-date symlink: /home/jordan/G25_RS1/RS1-Gr25/install/41068_ignition_bringup/share/41068_ignition_bringup/launch/__pycache__/41068_navigation.launch.cpython-313.pyc\n'}
[3.748134] (41068_ignition_bringup) StdoutLine: {'line': b'-- Up-to-date symlink: /home/jordan/G25_RS1/RS1-Gr25/install/41068_ignition_bringup/share/41068_ignition_bringup/launch/beer_sensor_demo.launch.py\n'}
[3.748835] (41068_ignition_bringup) StdoutLine: {'line': b'-- Up-to-date symlink: /home/jordan/G25_RS1/RS1-Gr25/install/41068_ignition_bringup/share/41068_ignition_bringup/launch/robot_status_gui.launch.py\n'}
[3.749587] (41068_ignition_bringup) StdoutLine: {'line': b'-- Up-to-date symlink: /home/jordan/G25_RS1/RS1-Gr25/install/41068_ignition_bringup/share/41068_ignition_bringup/models/custom_ground_plane/materials/forest_overhead.png\n'}
[3.751128] (41068_ignition_bringup) StdoutLine: {'line': b'-- Up-to-date symlink: /home/jordan/G25_RS1/RS1-Gr25/install/41068_ignition_bringup/share/41068_ignition_bringup/models/custom_ground_plane/materials/normalmap.png\n'}
[3.751831] (41068_ignition_bringup) StdoutLine: {'line': b'-- Up-to-date symlink: /home/jordan/G25_RS1/RS1-Gr25/install/41068_ignition_bringup/share/41068_ignition_bringup/models/custom_ground_plane/materials/pitchmap3.png\n'}
[3.753034] (41068_ignition_bringup) StdoutLine: {'line': b'-- Up-to-date symlink: /home/jordan/G25_RS1/RS1-Gr25/install/41068_ignition_bringup/share/41068_ignition_bringup/models/custom_ground_plane/model.config\n'}
[3.754174] (41068_ignition_bringup) StdoutLine: {'line': b'-- Up-to-date symlink: /home/jordan/G25_RS1/RS1-Gr25/install/41068_ignition_bringup/share/41068_ignition_bringup/models/custom_ground_plane/model.sdf\n'}
[3.755234] (41068_ignition_bringup) StdoutLine: {'line': b'-- Up-to-date symlink: /home/jordan/G25_RS1/RS1-Gr25/install/41068_ignition_bringup/share/41068_ignition_bringup/models/fire/materials/fire_transparent.png\n'}
[3.755993] (41068_ignition_bringup) StdoutLine: {'line': b'-- Up-to-date symlink: /home/jordan/G25_RS1/RS1-Gr25/install/41068_ignition_bringup/share/41068_ignition_bringup/models/fire/model.config\n'}
[3.756667] (41068_ignition_bringup) StdoutLine: {'line': b'-- Up-to-date symlink: /home/jordan/G25_RS1/RS1-Gr25/install/41068_ignition_bringup/share/41068_ignition_bringup/models/fire/model.sdf\n'}
[3.757071] (41068_ignition_bringup) StdoutLine: {'line': b'-- Up-to-date symlink: /home/jordan/G25_RS1/RS1-Gr25/install/41068_ignition_bringup/share/41068_ignition_bringup/models/flat_custom_ground_plane/materials/forest_overhead_plain.png\n'}
[3.757360] (41068_ignition_bringup) StdoutLine: {'line': b'-- Up-to-date symlink: /home/jordan/G25_RS1/RS1-Gr25/install/41068_ignition_bringup/share/41068_ignition_bringup/models/flat_custom_ground_plane/model.config\n'}
[3.757727] (41068_ignition_bringup) StdoutLine: {'line': b'-- Up-to-date symlink: /home/jordan/G25_RS1/RS1-Gr25/install/41068_ignition_bringup/share/41068_ignition_bringup/models/flat_custom_ground_plane/model.sdf\n'}
[3.758040] (41068_ignition_bringup) StdoutLine: {'line': b'-- Up-to-date symlink: /home/jordan/G25_RS1/RS1-Gr25/install/41068_ignition_bringup/share/41068_ignition_bringup/models/forest_plane/materials/textures/empty_grass.png\n'}
[3.758308] (41068_ignition_bringup) StdoutLine: {'line': b'-- Up-to-date symlink: /home/jordan/G25_RS1/RS1-Gr25/install/41068_ignition_bringup/share/41068_ignition_bringup/models/forest_plane/materials/textures/forest_overhead.png\n'}
[3.758636] (41068_ignition_bringup) StdoutLine: {'line': b'-- Up-to-date symlink: /home/jordan/G25_RS1/RS1-Gr25/install/41068_ignition_bringup/share/41068_ignition_bringup/models/forest_plane/materials/textures/forest_overhead_plain.png\n'}
[3.758904] (41068_ignition_bringup) StdoutLine: {'line': b'-- Up-to-date symlink: /home/jordan/G25_RS1/RS1-Gr25/install/41068_ignition_bringup/share/41068_ignition_bringup/models/forest_plane/materials/textures/leaf_litter.png\n'}
[3.759164] (41068_ignition_bringup) StdoutLine: {'line': b'-- Up-to-date symlink: /home/jordan/G25_RS1/RS1-Gr25/install/41068_ignition_bringup/share/41068_ignition_bringup/models/forest_plane/model.config\n'}
[3.759316] (41068_ignition_bringup) StdoutLine: {'line': b'-- Up-to-date symlink: /home/jordan/G25_RS1/RS1-Gr25/install/41068_ignition_bringup/share/41068_ignition_bringup/models/forest_plane/model.sdf\n'}
[3.759460] (41068_ignition_bringup) StdoutLine: {'line': b'-- Up-to-date symlink: /home/jordan/G25_RS1/RS1-Gr25/install/41068_ignition_bringup/share/41068_ignition_bringup/models/forest_wall/materials/textures/forest_wall.png\n'}
[3.759668] (41068_ignition_bringup) StdoutLine: {'line': b'-- Up-to-date symlink: /home/jordan/G25_RS1/RS1-Gr25/install/41068_ignition_bringup/share/41068_ignition_bringup/models/forest_wall/materials/textures/forest_wall_transparent.png\n'}
[3.759924] (41068_ignition_bringup) StdoutLine: {'line': b'-- Up-to-date symlink: /home/jordan/G25_RS1/RS1-Gr25/install/41068_ignition_bringup/share/41068_ignition_bringup/models/forest_wall/materials/textures/forest_wall_transparent_small.png\n'}
[3.760246] (41068_ignition_bringup) StdoutLine: {'line': b'-- Up-to-date symlink: /home/jordan/G25_RS1/RS1-Gr25/install/41068_ignition_bringup/share/41068_ignition_bringup/models/forest_wall/model.config\n'}
[3.760418] (41068_ignition_bringup) StdoutLine: {'line': b'-- Up-to-date symlink: /home/jordan/G25_RS1/RS1-Gr25/install/41068_ignition_bringup/share/41068_ignition_bringup/models/forest_wall/model.sdf\n'}
[3.761613] (41068_ignition_bringup) StdoutLine: {'line': b'-- Up-to-date symlink: /home/jordan/G25_RS1/RS1-Gr25/install/41068_ignition_bringup/share/41068_ignition_bringup/models/grass_plane/materials/textures/empty_grass.png\n'}
[3.762584] (41068_ignition_bringup) StdoutLine: {'line': b'-- Up-to-date symlink: /home/jordan/G25_RS1/RS1-Gr25/install/41068_ignition_bringup/share/41068_ignition_bringup/models/grass_plane/model.config\n'}
[3.764875] (41068_ignition_bringup) StdoutLine: {'line': b'-- Up-to-date symlink: /home/jordan/G25_RS1/RS1-Gr25/install/41068_ignition_bringup/share/41068_ignition_bringup/models/grass_plane/model.sdf\n'}
[3.765203] (41068_ignition_bringup) StdoutLine: {'line': b'-- Up-to-date symlink: /home/jordan/G25_RS1/RS1-Gr25/install/41068_ignition_bringup/share/41068_ignition_bringup/models/tree_burning/model.config\n'}
[3.765560] (41068_ignition_bringup) StdoutLine: {'line': b'-- Up-to-date symlink: /home/jordan/G25_RS1/RS1-Gr25/install/41068_ignition_bringup/share/41068_ignition_bringup/models/tree_burning/model.sdf\n'}
[3.765984] (41068_ignition_bringup) StdoutLine: {'line': b'-- Up-to-date symlink: /home/jordan/G25_RS1/RS1-Gr25/install/41068_ignition_bringup/share/41068_ignition_bringup/urdf_husky/common_properties.urdf.xacro\n'}
[3.766252] (41068_ignition_bringup) StdoutLine: {'line': b'-- Up-to-date symlink: /home/jordan/G25_RS1/RS1-Gr25/install/41068_ignition_bringup/share/41068_ignition_bringup/urdf_husky/husky.gazebo.xacro\n'}
[3.767051] (41068_ignition_bringup) StdoutLine: {'line': b'-- Up-to-date symlink: /home/jordan/G25_RS1/RS1-Gr25/install/41068_ignition_bringup/share/41068_ignition_bringup/urdf_husky/husky.urdf.xacro\n'}
[3.768047] (41068_ignition_bringup) StdoutLine: {'line': b'-- Up-to-date symlink: /home/jordan/G25_RS1/RS1-Gr25/install/41068_ignition_bringup/share/41068_ignition_bringup/urdf_husky/meshes/base_link.dae\n'}
[3.768426] (41068_ignition_bringup) StdoutLine: {'line': b'-- Up-to-date symlink: /home/jordan/G25_RS1/RS1-Gr25/install/41068_ignition_bringup/share/41068_ignition_bringup/urdf_husky/meshes/bumper.dae\n'}
[3.768800] (41068_ignition_bringup) StdoutLine: {'line': b'-- Up-to-date symlink: /home/jordan/G25_RS1/RS1-Gr25/install/41068_ignition_bringup/share/41068_ignition_bringup/urdf_husky/meshes/jpl04_arch_nosensor.stl\n'}
[3.769286] (41068_ignition_bringup) StdoutLine: {'line': b'-- Up-to-date symlink: /home/jordan/G25_RS1/RS1-Gr25/install/41068_ignition_bringup/share/41068_ignition_bringup/urdf_husky/meshes/top_chassis.dae\n'}
[3.769691] (41068_ignition_bringup) StdoutLine: {'line': b'-- Up-to-date symlink: /home/jordan/G25_RS1/RS1-Gr25/install/41068_ignition_bringup/share/41068_ignition_bringup/urdf_husky/meshes/top_plate.dae\n'}
[3.770060] (41068_ignition_bringup) StdoutLine: {'line': b'-- Up-to-date symlink: /home/jordan/G25_RS1/RS1-Gr25/install/41068_ignition_bringup/share/41068_ignition_bringup/urdf_husky/meshes/wheel.dae\n'}
[3.770227] (41068_ignition_bringup) StdoutLine: {'line': b'-- Up-to-date symlink: /home/jordan/G25_RS1/RS1-Gr25/install/41068_ignition_bringup/share/41068_ignition_bringup/urdf_husky/wheel.urdf.xacro\n'}
[3.770414] (41068_ignition_bringup) StdoutLine: {'line': b'-- Up-to-date symlink: /home/jordan/G25_RS1/RS1-Gr25/install/41068_ignition_bringup/share/41068_ignition_bringup/worlds/beer_demo_world.sdf\n'}
[3.770573] (41068_ignition_bringup) StdoutLine: {'line': b'-- Up-to-date symlink: /home/jordan/G25_RS1/RS1-Gr25/install/41068_ignition_bringup/share/41068_ignition_bringup/worlds/custom_world_1.sdf\n'}
[3.770707] (41068_ignition_bringup) StdoutLine: {'line': b'-- Up-to-date symlink: /home/jordan/G25_RS1/RS1-Gr25/install/41068_ignition_bringup/share/41068_ignition_bringup/worlds/large_demo.sdf\n'}
[3.770913] (41068_ignition_bringup) StdoutLine: {'line': b'-- Up-to-date symlink: /home/jordan/G25_RS1/RS1-Gr25/install/41068_ignition_bringup/share/41068_ignition_bringup/worlds/simple_trees.sdf\n'}
[3.771113] (41068_ignition_bringup) StdoutLine: {'line': b'-- Up-to-date symlink: /home/jordan/G25_RS1/RS1-Gr25/install/41068_ignition_bringup/share/41068_ignition_bringup/urdf_parrot/common_properties.urdf.xacro\n'}
[3.771253] (41068_ignition_bringup) StdoutLine: {'line': b'-- Up-to-date symlink: /home/jordan/G25_RS1/RS1-Gr25/install/41068_ignition_bringup/share/41068_ignition_bringup/urdf_parrot/meshes/hull.dae\n'}
[3.771367] (41068_ignition_bringup) StdoutLine: {'line': b'-- Up-to-date symlink: /home/jordan/G25_RS1/RS1-Gr25/install/41068_ignition_bringup/share/41068_ignition_bringup/urdf_parrot/meshes/propeller_fl.dae\n'}
[3.771562] (41068_ignition_bringup) StdoutLine: {'line': b'-- Up-to-date symlink: /home/jordan/G25_RS1/RS1-Gr25/install/41068_ignition_bringup/share/41068_ignition_bringup/urdf_parrot/meshes/propeller_fr.dae\n'}
[3.771743] (41068_ignition_bringup) StdoutLine: {'line': b'-- Up-to-date symlink: /home/jordan/G25_RS1/RS1-Gr25/install/41068_ignition_bringup/share/41068_ignition_bringup/urdf_parrot/meshes/propeller_rl.dae\n'}
[3.772004] (41068_ignition_bringup) StdoutLine: {'line': b'-- Up-to-date symlink: /home/jordan/G25_RS1/RS1-Gr25/install/41068_ignition_bringup/share/41068_ignition_bringup/urdf_parrot/meshes/propeller_rr.dae\n'}
[3.772212] (41068_ignition_bringup) StdoutLine: {'line': b'-- Up-to-date symlink: /home/jordan/G25_RS1/RS1-Gr25/install/41068_ignition_bringup/share/41068_ignition_bringup/urdf_parrot/model.config\n'}
[3.772415] (41068_ignition_bringup) StdoutLine: {'line': b'-- Up-to-date symlink: /home/jordan/G25_RS1/RS1-Gr25/install/41068_ignition_bringup/share/41068_ignition_bringup/urdf_parrot/model.sdf\n'}
[3.772687] (41068_ignition_bringup) StdoutLine: {'line': b'-- Up-to-date symlink: /home/jordan/G25_RS1/RS1-Gr25/install/41068_ignition_bringup/share/41068_ignition_bringup/urdf_parrot/parrot.gazebo.xacro\n'}
[3.772910] (41068_ignition_bringup) StdoutLine: {'line': b'-- Up-to-date symlink: /home/jordan/G25_RS1/RS1-Gr25/install/41068_ignition_bringup/share/41068_ignition_bringup/urdf_parrot/parrot.urdf.xacro\n'}
[3.773206] (41068_ignition_bringup) StdoutLine: {'line': b'-- Up-to-date symlink: /home/jordan/G25_RS1/RS1-Gr25/install/41068_ignition_bringup/share/41068_ignition_bringup/urdf_parrot/thumbnails/1.png\n'}
[3.773517] (41068_ignition_bringup) StdoutLine: {'line': b'-- Up-to-date symlink: /home/jordan/G25_RS1/RS1-Gr25/install/41068_ignition_bringup/share/41068_ignition_bringup/urdf_parrot/thumbnails/2.png\n'}
[3.773714] (41068_ignition_bringup) StdoutLine: {'line': b'-- Up-to-date symlink: /home/jordan/G25_RS1/RS1-Gr25/install/41068_ignition_bringup/share/41068_ignition_bringup/urdf_parrot/thumbnails/3.png\n'}
[3.773908] (41068_ignition_bringup) StdoutLine: {'line': b'-- Up-to-date symlink: /home/jordan/G25_RS1/RS1-Gr25/install/41068_ignition_bringup/share/41068_ignition_bringup/urdf_parrot/thumbnails/4.png\n'}
[3.774132] (41068_ignition_bringup) StdoutLine: {'line': b'-- Up-to-date symlink: /home/jordan/G25_RS1/RS1-Gr25/install/41068_ignition_bringup/share/41068_ignition_bringup/urdf_parrot/thumbnails/5.png\n'}
[3.774240] (41068_ignition_bringup) StdoutLine: {'line': b'-- Up-to-date symlink: /home/jordan/G25_RS1/RS1-Gr25/install/41068_ignition_bringup/share/41068_ignition_bringup/environment/pythonpath.sh\n'}
[3.774342] (41068_ignition_bringup) StdoutLine: {'line': b'-- Up-to-date symlink: /home/jordan/G25_RS1/RS1-Gr25/install/41068_ignition_bringup/share/41068_ignition_bringup/environment/pythonpath.dsv\n'}
[3.774425] (41068_ignition_bringup) StdoutLine: {'line': b'-- Up-to-date symlink: /home/jordan/G25_RS1/RS1-Gr25/install/41068_ignition_bringup/local/lib/python3.10/dist-packages/rs1_nav-1.0.5-py3.10.egg-info/PKG-INFO\n'}
[3.774511] (41068_ignition_bringup) StdoutLine: {'line': b'-- Up-to-date symlink: /home/jordan/G25_RS1/RS1-Gr25/install/41068_ignition_bringup/local/lib/python3.10/dist-packages/rs1_nav-1.0.5-py3.10.egg-info/SOURCES.txt\n'}
[3.774604] (41068_ignition_bringup) StdoutLine: {'line': b'-- Up-to-date symlink: /home/jordan/G25_RS1/RS1-Gr25/install/41068_ignition_bringup/local/lib/python3.10/dist-packages/rs1_nav-1.0.5-py3.10.egg-info/dependency_links.txt\n'}
[3.774690] (41068_ignition_bringup) StdoutLine: {'line': b'-- Up-to-date symlink: /home/jordan/G25_RS1/RS1-Gr25/install/41068_ignition_bringup/local/lib/python3.10/dist-packages/rs1_nav-1.0.5-py3.10.egg-info/top_level.txt\n'}
[3.774771] (41068_ignition_bringup) StdoutLine: {'line': b'-- Up-to-date symlink: /home/jordan/G25_RS1/RS1-Gr25/install/41068_ignition_bringup/local/lib/python3.10/dist-packages/rs1_nav/__init__.py\n'}
[3.774853] (41068_ignition_bringup) StdoutLine: {'line': b'-- Up-to-date symlink: /home/jordan/G25_RS1/RS1-Gr25/install/41068_ignition_bringup/local/lib/python3.10/dist-packages/rs1_nav/gazebo_world.py\n'}
[3.774988] (41068_ignition_bringup) StdoutLine: {'line': b'-- Up-to-date symlink: /home/jordan/G25_RS1/RS1-Gr25/install/41068_ignition_bringup/local/lib/python3.10/dist-packages/rs1_nav/geometry.py\n'}
[3.775077] (41068_ignition_bringup) StdoutLine: {'line': b'-- Up-to-date symlink: /home/jordan/G25_RS1/RS1-Gr25/install/41068_ignition_bringup/local/lib/python3.10/dist-packages/rs1_nav/mission.py\n'}
[3.775200] (41068_ignition_bringup) StdoutLine: {'line': b'-- Up-to-date symlink: /home/jordan/G25_RS1/RS1-Gr25/install/41068_ignition_bringup/local/lib/python3.10/dist-packages/rs1_nav/nav_observer.py\n'}
[3.775281] (41068_ignition_bringup) StdoutLine: {'line': b'-- Up-to-date symlink: /home/jordan/G25_RS1/RS1-Gr25/install/41068_ignition_bringup/local/lib/python3.10/dist-packages/rs1_nav/sim.py\n'}
[3.775384] (41068_ignition_bringup) StdoutLine: {'line': b'-- Up-to-date symlink: /home/jordan/G25_RS1/RS1-Gr25/install/41068_ignition_bringup/lib/41068_ignition_bringup/dynamic_world_demo.py\n'}
[3.775468] (41068_ignition_bringup) StdoutLine: {'line': b'-- Up-to-date symlink: /home/jordan/G25_RS1/RS1-Gr25/install/41068_ignition_bringup/lib/41068_ignition_bringup/basic_autonomy_demo.py\n'}
[3.775555] (41068_ignition_bringup) StdoutLine: {'line': b'-- Up-to-date symlink: /home/jordan/G25_RS1/RS1-Gr25/install/41068_ignition_bringup/lib/41068_ignition_bringup/odometry_tf_broadcaster.py\n'}
[3.775639] (41068_ignition_bringup) StdoutLine: {'line': b'-- Up-to-date symlink: /home/jordan/G25_RS1/RS1-Gr25/install/41068_ignition_bringup/lib/41068_ignition_bringup/obstacle_injector.py\n'}
[3.775732] (41068_ignition_bringup) StdoutLine: {'line': b'-- Up-to-date symlink: /home/jordan/G25_RS1/RS1-Gr25/install/41068_ignition_bringup/lib/41068_ignition_bringup/robot_status_gui.py\n'}
[3.775814] (41068_ignition_bringup) StdoutLine: {'line': b'-- Up-to-date symlink: /home/jordan/G25_RS1/RS1-Gr25/install/41068_ignition_bringup/share/ament_index/resource_index/package_run_dependencies/41068_ignition_bringup\n'}
[3.775898] (41068_ignition_bringup) StdoutLine: {'line': b'-- Up-to-date symlink: /home/jordan/G25_RS1/RS1-Gr25/install/41068_ignition_bringup/share/ament_index/resource_index/parent_prefix_path/41068_ignition_bringup\n'}
[3.776024] (41068_ignition_bringup) StdoutLine: {'line': b'-- Up-to-date symlink: /home/jordan/G25_RS1/RS1-Gr25/install/41068_ignition_bringup/share/41068_ignition_bringup/environment/ament_prefix_path.sh\n'}
[3.776137] (41068_ignition_bringup) StdoutLine: {'line': b'-- Up-to-date symlink: /home/jordan/G25_RS1/RS1-Gr25/install/41068_ignition_bringup/share/41068_ignition_bringup/environment/ament_prefix_path.dsv\n'}
[3.776248] (41068_ignition_bringup) StdoutLine: {'line': b'-- Up-to-date symlink: /home/jordan/G25_RS1/RS1-Gr25/install/41068_ignition_bringup/share/41068_ignition_bringup/environment/path.sh\n'}
[3.776332] (41068_ignition_bringup) StdoutLine: {'line': b'-- Up-to-date symlink: /home/jordan/G25_RS1/RS1-Gr25/install/41068_ignition_bringup/share/41068_ignition_bringup/environment/path.dsv\n'}
[3.776433] (41068_ignition_bringup) StdoutLine: {'line': b'-- Up-to-date symlink: /home/jordan/G25_RS1/RS1-Gr25/install/41068_ignition_bringup/share/41068_ignition_bringup/local_setup.bash\n'}
[3.776598] (41068_ignition_bringup) StdoutLine: {'line': b'-- Up-to-date symlink: /home/jordan/G25_RS1/RS1-Gr25/install/41068_ignition_bringup/share/41068_ignition_bringup/local_setup.sh\n'}
[3.776749] (41068_ignition_bringup) StdoutLine: {'line': b'-- Up-to-date symlink: /home/jordan/G25_RS1/RS1-Gr25/install/41068_ignition_bringup/share/41068_ignition_bringup/local_setup.zsh\n'}
[3.776905] (41068_ignition_bringup) StdoutLine: {'line': b'-- Up-to-date symlink: /home/jordan/G25_RS1/RS1-Gr25/install/41068_ignition_bringup/share/41068_ignition_bringup/local_setup.dsv\n'}
[3.776999] (41068_ignition_bringup) StdoutLine: {'line': b'-- Symlinking: /home/jordan/G25_RS1/RS1-Gr25/install/41068_ignition_bringup/share/41068_ignition_bringup/package.dsv\n'}
[3.782418] (41068_ignition_bringup) StdoutLine: {'line': b'-- Up-to-date symlink: /home/jordan/G25_RS1/RS1-Gr25/install/41068_ignition_bringup/share/ament_index/resource_index/packages/41068_ignition_bringup\n'}
[3.783591] (41068_ignition_bringup) StdoutLine: {'line': b'-- Up-to-date symlink: /home/jordan/G25_RS1/RS1-Gr25/install/41068_ignition_bringup/share/41068_ignition_bringup/cmake/41068_ignition_bringupConfig.cmake\n'}
[3.783975] (41068_ignition_bringup) StdoutLine: {'line': b'-- Up-to-date symlink: /home/jordan/G25_RS1/RS1-Gr25/install/41068_ignition_bringup/share/41068_ignition_bringup/cmake/41068_ignition_bringupConfig-version.cmake\n'}
[3.784166] (41068_ignition_bringup) StdoutLine: {'line': b'-- Up-to-date symlink: /home/jordan/G25_RS1/RS1-Gr25/install/41068_ignition_bringup/share/41068_ignition_bringup/package.xml\n'}
[3.818726] (-) TimerEvent: {}
[3.831515] (41068_ignition_bringup) StdoutLine: {'line': b"Listing '/home/jordan/G25_RS1/RS1-Gr25/install/41068_ignition_bringup/local/lib/python3.10/dist-packages/rs1_nav'...\n"}
[3.842016] (41068_ignition_bringup) CommandEnded: {'returncode': 0}
[3.866479] (41068_ignition_bringup) JobEnded: {'identifier': '41068_ignition_bringup', 'rc': 0}
[3.868120] (-) EventReactorShutdown: {}
