[0.191s] DEBUG:colcon:Command line arguments: ['/usr/bin/colcon', 'build', '--symlink-install', '--packages-select', 'beer_fire_detection', '41068_ignition_bringup']
[0.191s] DEBUG:colcon:Parsed command line arguments: Namespace(log_base=None, log_level=None, verb_name='build', build_base='build', install_base='install', merge_install=False, symlink_install=True, test_result_base=None, continue_on_error=False, executor='parallel', parallel_workers=6, event_handlers=None, ignore_user_meta=False, metas=['./colcon.meta'], base_paths=['.'], packages_ignore=None, packages_ignore_regex=None, paths=None, packages_up_to=None, packages_up_to_regex=None, packages_above=None, packages_above_and_dependencies=None, packages_above_depth=None, packages_select_by_dep=None, packages_skip_by_dep=None, packages_skip_up_to=None, packages_select_build_failed=False, packages_skip_build_finished=False, packages_select_test_failures=False, packages_skip_test_passed=False, packages_select=['beer_fire_detection', '41068_ignition_bringup'], packages_skip=None, packages_select_regex=None, packages_skip_regex=None, packages_start=None, packages_end=None, allow_overriding=[], cmake_args=None, cmake_target=None, cmake_target_skip_unavailable=False, cmake_clean_cache=False, cmake_clean_first=False, cmake_force_configure=False, ament_cmake_args=None, catkin_cmake_args=None, catkin_skip_building_tests=False, mixin_files=None, mixin=None, verb_parser=<colcon_mixin.mixin.mixin_argument.MixinArgumentDecorator object at 0x7a48afd6a350>, verb_extension=<colcon_core.verb.build.BuildVerb object at 0x7a48afd69e10>, main=<bound method BuildVerb.main of <colcon_core.verb.build.BuildVerb object at 0x7a48afd69e10>>, mixin_verb=('build',))
[0.448s] Level 1:colcon.colcon_core.package_discovery:discover_packages(colcon_meta) check parameters
[0.449s] Level 1:colcon.colcon_core.package_discovery:discover_packages(recursive) check parameters
[0.449s] Level 1:colcon.colcon_core.package_discovery:discover_packages(ignore) check parameters
[0.449s] Level 1:colcon.colcon_core.package_discovery:discover_packages(path) check parameters
[0.449s] Level 1:colcon.colcon_core.package_discovery:discover_packages(colcon_meta) discover
[0.449s] Level 1:colcon.colcon_core.package_discovery:discover_packages(recursive) discover
[0.449s] INFO:colcon.colcon_core.package_discovery:Crawling recursively for packages in '/home/jordan/G25_RS1/RS1-Gr25'
[0.450s] Level 1:colcon.colcon_core.package_identification:_identify(.) by extensions ['ignore', 'ignore_ament_install']
[0.450s] Level 1:colcon.colcon_core.package_identification:_identify(.) by extension 'ignore'
[0.450s] Level 1:colcon.colcon_core.package_identification:_identify(.) by extension 'ignore_ament_install'
[0.450s] Level 1:colcon.colcon_core.package_identification:_identify(.) by extensions ['colcon_pkg']
[0.450s] Level 1:colcon.colcon_core.package_identification:_identify(.) by extension 'colcon_pkg'
[0.451s] Level 1:colcon.colcon_core.package_identification:_identify(.) by extensions ['colcon_meta']
[0.451s] Level 1:colcon.colcon_core.package_identification:_identify(.) by extension 'colcon_meta'
[0.451s] Level 1:colcon.colcon_core.package_identification:_identify(.) by extensions ['ros']
[0.451s] Level 1:colcon.colcon_core.package_identification:_identify(.) by extension 'ros'
[0.470s] Level 1:colcon.colcon_core.package_identification:_identify(.) by extensions ['cmake', 'python']
[0.470s] Level 1:colcon.colcon_core.package_identification:_identify(.) by extension 'cmake'
[0.470s] Level 1:colcon.colcon_core.package_identification:_identify(.) by extension 'python'
[0.470s] Level 1:colcon.colcon_core.package_identification:_identify(.) by extensions ['python_setup_py']
[0.470s] Level 1:colcon.colcon_core.package_identification:_identify(.) by extension 'python_setup_py'
[0.470s] Level 1:colcon.colcon_core.package_identification:_identify(build) by extensions ['ignore', 'ignore_ament_install']
[0.470s] Level 1:colcon.colcon_core.package_identification:_identify(build) by extension 'ignore'
[0.471s] Level 1:colcon.colcon_core.package_identification:_identify(build) ignored
[0.471s] Level 1:colcon.colcon_core.package_identification:_identify(install) by extensions ['ignore', 'ignore_ament_install']
[0.471s] Level 1:colcon.colcon_core.package_identification:_identify(install) by extension 'ignore'
[0.471s] Level 1:colcon.colcon_core.package_identification:_identify(install) ignored
[0.471s] Level 1:colcon.colcon_core.package_identification:_identify(log) by extensions ['ignore', 'ignore_ament_install']
[0.472s] Level 1:colcon.colcon_core.package_identification:_identify(log) by extension 'ignore'
[0.472s] Level 1:colcon.colcon_core.package_identification:_identify(log) ignored
[0.472s] Level 1:colcon.colcon_core.package_identification:_identify(src) by extensions ['ignore', 'ignore_ament_install']
[0.472s] Level 1:colcon.colcon_core.package_identification:_identify(src) by extension 'ignore'
[0.472s] Level 1:colcon.colcon_core.package_identification:_identify(src) by extension 'ignore_ament_install'
[0.472s] Level 1:colcon.colcon_core.package_identification:_identify(src) by extensions ['colcon_pkg']
[0.472s] Level 1:colcon.colcon_core.package_identification:_identify(src) by extension 'colcon_pkg'
[0.473s] Level 1:colcon.colcon_core.package_identification:_identify(src) by extensions ['colcon_meta']
[0.473s] Level 1:colcon.colcon_core.package_identification:_identify(src) by extension 'colcon_meta'
[0.473s] Level 1:colcon.colcon_core.package_identification:_identify(src) by extensions ['ros']
[0.473s] Level 1:colcon.colcon_core.package_identification:_identify(src) by extension 'ros'
[0.473s] Level 1:colcon.colcon_core.package_identification:_identify(src) by extensions ['cmake', 'python']
[0.473s] Level 1:colcon.colcon_core.package_identification:_identify(src) by extension 'cmake'
[0.474s] Level 1:colcon.colcon_core.package_identification:_identify(src) by extension 'python'
[0.474s] Level 1:colcon.colcon_core.package_identification:_identify(src) by extensions ['python_setup_py']
[0.474s] Level 1:colcon.colcon_core.package_identification:_identify(src) by extension 'python_setup_py'
[0.474s] Level 1:colcon.colcon_core.package_identification:_identify(src/41068_ignition_bringup_v1) by extensions ['ignore', 'ignore_ament_install']
[0.474s] Level 1:colcon.colcon_core.package_identification:_identify(src/41068_ignition_bringup_v1) by extension 'ignore'
[0.474s] Level 1:colcon.colcon_core.package_identification:_identify(src/41068_ignition_bringup_v1) by extension 'ignore_ament_install'
[0.475s] Level 1:colcon.colcon_core.package_identification:_identify(src/41068_ignition_bringup_v1) by extensions ['colcon_pkg']
[0.475s] Level 1:colcon.colcon_core.package_identification:_identify(src/41068_ignition_bringup_v1) by extension 'colcon_pkg'
[0.475s] Level 1:colcon.colcon_core.package_identification:_identify(src/41068_ignition_bringup_v1) by extensions ['colcon_meta']
[0.475s] Level 1:colcon.colcon_core.package_identification:_identify(src/41068_ignition_bringup_v1) by extension 'colcon_meta'
[0.475s] Level 1:colcon.colcon_core.package_identification:_identify(src/41068_ignition_bringup_v1) by extensions ['ros']
[0.475s] Level 1:colcon.colcon_core.package_identification:_identify(src/41068_ignition_bringup_v1) by extension 'ros'
[0.476s] Level 1:colcon.colcon_core.package_identification:_identify(src/41068_ignition_bringup_v1) by extensions ['cmake', 'python']
[0.476s] Level 1:colcon.colcon_core.package_identification:_identify(src/41068_ignition_bringup_v1) by extension 'cmake'
[0.476s] Level 1:colcon.colcon_core.package_identification:_identify(src/41068_ignition_bringup_v1) by extension 'python'
[0.476s] Level 1:colcon.colcon_core.package_identification:_identify(src/41068_ignition_bringup_v1) by extensions ['python_setup_py']
[0.476s] Level 1:colcon.colcon_core.package_identification:_identify(src/41068_ignition_bringup_v1) by extension 'python_setup_py'
[0.477s] Level 1:colcon.colcon_core.package_identification:_identify(src/41068_ignition_bringup_v1/41068_ignition_bringup) by extensions ['ignore', 'ignore_ament_install']
[0.477s] Level 1:colcon.colcon_core.package_identification:_identify(src/41068_ignition_bringup_v1/41068_ignition_bringup) by extension 'ignore'
[0.477s] Level 1:colcon.colcon_core.package_identification:_identify(src/41068_ignition_bringup_v1/41068_ignition_bringup) by extension 'ignore_ament_install'
[0.477s] Level 1:colcon.colcon_core.package_identification:_identify(src/41068_ignition_bringup_v1/41068_ignition_bringup) by extensions ['colcon_pkg']
[0.477s] Level 1:colcon.colcon_core.package_identification:_identify(src/41068_ignition_bringup_v1/41068_ignition_bringup) by extension 'colcon_pkg'
[0.478s] Level 1:colcon.colcon_core.package_identification:_identify(src/41068_ignition_bringup_v1/41068_ignition_bringup) by extensions ['colcon_meta']
[0.478s] Level 1:colcon.colcon_core.package_identification:_identify(src/41068_ignition_bringup_v1/41068_ignition_bringup) by extension 'colcon_meta'
[0.478s] Level 1:colcon.colcon_core.package_identification:_identify(src/41068_ignition_bringup_v1/41068_ignition_bringup) by extensions ['ros']
[0.478s] Level 1:colcon.colcon_core.package_identification:_identify(src/41068_ignition_bringup_v1/41068_ignition_bringup) by extension 'ros'
[0.483s] DEBUG:colcon.colcon_core.package_identification:Package 'src/41068_ignition_bringup_v1/41068_ignition_bringup' with type 'ros.ament_cmake' and name '41068_ignition_bringup'
[0.483s] Level 1:colcon.colcon_core.package_identification:_identify(src/beer_fire_detection) by extensions ['ignore', 'ignore_ament_install']
[0.484s] Level 1:colcon.colcon_core.package_identification:_identify(src/beer_fire_detection) by extension 'ignore'
[0.484s] Level 1:colcon.colcon_core.package_identification:_identify(src/beer_fire_detection) by extension 'ignore_ament_install'
[0.484s] Level 1:colcon.colcon_core.package_identification:_identify(src/beer_fire_detection) by extensions ['colcon_pkg']
[0.484s] Level 1:colcon.colcon_core.package_identification:_identify(src/beer_fire_detection) by extension 'colcon_pkg'
[0.484s] Level 1:colcon.colcon_core.package_identification:_identify(src/beer_fire_detection) by extensions ['colcon_meta']
[0.484s] Level 1:colcon.colcon_core.package_identification:_identify(src/beer_fire_detection) by extension 'colcon_meta'
[0.484s] Level 1:colcon.colcon_core.package_identification:_identify(src/beer_fire_detection) by extensions ['ros']
[0.484s] Level 1:colcon.colcon_core.package_identification:_identify(src/beer_fire_detection) by extension 'ros'
[0.485s] DEBUG:colcon.colcon_core.package_identification:Failed to parse potential ROS package manifest in'src/beer_fire_detection': Error(s) in package 'src/beer_fire_detection/package.xml':
Error(s):
- The manifest of package "beer_fire_detection" (with format version 3) must not contain the following tags: build_type
[0.486s] Level 1:colcon.colcon_core.package_identification:_identify(src/beer_fire_detection) by extensions ['cmake', 'python']
[0.486s] Level 1:colcon.colcon_core.package_identification:_identify(src/beer_fire_detection) by extension 'cmake'
[0.486s] Level 1:colcon.colcon_core.package_identification:_identify(src/beer_fire_detection) by extension 'python'
[0.486s] Level 1:colcon.colcon_core.package_identification:_identify(src/beer_fire_detection) by extensions ['python_setup_py']
[0.486s] Level 1:colcon.colcon_core.package_identification:_identify(src/beer_fire_detection) by extension 'python_setup_py'
[1.002s] DEBUG:colcon.colcon_core.package_identification:Package 'src/beer_fire_detection' with type 'python' and name 'beer_fire_detection'
[1.002s] Level 1:colcon.colcon_core.package_identification:_identify(test) by extensions ['ignore', 'ignore_ament_install']
[1.002s] Level 1:colcon.colcon_core.package_identification:_identify(test) by extension 'ignore'
[1.003s] Level 1:colcon.colcon_core.package_identification:_identify(test) by extension 'ignore_ament_install'
[1.003s] Level 1:colcon.colcon_core.package_identification:_identify(test) by extensions ['colcon_pkg']
[1.003s] Level 1:colcon.colcon_core.package_identification:_identify(test) by extension 'colcon_pkg'
[1.003s] Level 1:colcon.colcon_core.package_identification:_identify(test) by extensions ['colcon_meta']
[1.003s] Level 1:colcon.colcon_core.package_identification:_identify(test) by extension 'colcon_meta'
[1.003s] Level 1:colcon.colcon_core.package_identification:_identify(test) by extensions ['ros']
[1.004s] Level 1:colcon.colcon_core.package_identification:_identify(test) by extension 'ros'
[1.004s] Level 1:colcon.colcon_core.package_identification:_identify(test) by extensions ['cmake', 'python']
[1.004s] Level 1:colcon.colcon_core.package_identification:_identify(test) by extension 'cmake'
[1.004s] Level 1:colcon.colcon_core.package_identification:_identify(test) by extension 'python'
[1.005s] Level 1:colcon.colcon_core.package_identification:_identify(test) by extensions ['python_setup_py']
[1.005s] Level 1:colcon.colcon_core.package_identification:_identify(test) by extension 'python_setup_py'
[1.005s] Level 1:colcon.colcon_core.package_identification:_identify(test/__pycache__) by extensions ['ignore', 'ignore_ament_install']
[1.006s] Level 1:colcon.colcon_core.package_identification:_identify(test/__pycache__) by extension 'ignore'
[1.006s] Level 1:colcon.colcon_core.package_identification:_identify(test/__pycache__) by extension 'ignore_ament_install'
[1.006s] Level 1:colcon.colcon_core.package_identification:_identify(test/__pycache__) by extensions ['colcon_pkg']
[1.006s] Level 1:colcon.colcon_core.package_identification:_identify(test/__pycache__) by extension 'colcon_pkg'
[1.007s] Level 1:colcon.colcon_core.package_identification:_identify(test/__pycache__) by extensions ['colcon_meta']
[1.007s] Level 1:colcon.colcon_core.package_identification:_identify(test/__pycache__) by extension 'colcon_meta'
[1.007s] Level 1:colcon.colcon_core.package_identification:_identify(test/__pycache__) by extensions ['ros']
[1.007s] Level 1:colcon.colcon_core.package_identification:_identify(test/__pycache__) by extension 'ros'
[1.008s] Level 1:colcon.colcon_core.package_identification:_identify(test/__pycache__) by extensions ['cmake', 'python']
[1.008s] Level 1:colcon.colcon_core.package_identification:_identify(test/__pycache__) by extension 'cmake'
[1.008s] Level 1:colcon.colcon_core.package_identification:_identify(test/__pycache__) by extension 'python'
[1.008s] Level 1:colcon.colcon_core.package_identification:_identify(test/__pycache__) by extensions ['python_setup_py']
[1.008s] Level 1:colcon.colcon_core.package_identification:_identify(test/__pycache__) by extension 'python_setup_py'
[1.008s] Level 1:colcon.colcon_core.package_discovery:discover_packages(recursive) using defaults
[1.009s] Level 1:colcon.colcon_core.package_discovery:discover_packages(ignore) discover
[1.009s] Level 1:colcon.colcon_core.package_discovery:discover_packages(ignore) using defaults
[1.009s] Level 1:colcon.colcon_core.package_discovery:discover_packages(path) discover
[1.009s] Level 1:colcon.colcon_core.package_discovery:discover_packages(path) using defaults
[1.060s] Level 1:colcon.colcon_core.package_discovery:discover_packages(prefix_path) check parameters
[1.060s] Level 1:colcon.colcon_core.package_discovery:discover_packages(prefix_path) discover
[1.064s] DEBUG:colcon.colcon_installed_package_information.package_discovery:Found 1 installed packages in /home/jordan/G25_RS1/RS1-Gr25/install
[1.066s] DEBUG:colcon.colcon_installed_package_information.package_discovery:Found 405 installed packages in /opt/ros/humble
[1.069s] Level 1:colcon.colcon_core.package_discovery:discover_packages(prefix_path) using defaults
[1.149s] Level 5:colcon.colcon_core.verb:set package 'beer_fire_detection' build argument 'cmake_args' from command line to 'None'
[1.149s] Level 5:colcon.colcon_core.verb:set package 'beer_fire_detection' build argument 'cmake_target' from command line to 'None'
[1.150s] Level 5:colcon.colcon_core.verb:set package 'beer_fire_detection' build argument 'cmake_target_skip_unavailable' from command line to 'False'
[1.150s] Level 5:colcon.colcon_core.verb:set package 'beer_fire_detection' build argument 'cmake_clean_cache' from command line to 'False'
[1.150s] Level 5:colcon.colcon_core.verb:set package 'beer_fire_detection' build argument 'cmake_clean_first' from command line to 'False'
[1.150s] Level 5:colcon.colcon_core.verb:set package 'beer_fire_detection' build argument 'cmake_force_configure' from command line to 'False'
[1.150s] Level 5:colcon.colcon_core.verb:set package 'beer_fire_detection' build argument 'ament_cmake_args' from command line to 'None'
[1.150s] Level 5:colcon.colcon_core.verb:set package 'beer_fire_detection' build argument 'catkin_cmake_args' from command line to 'None'
[1.150s] Level 5:colcon.colcon_core.verb:set package 'beer_fire_detection' build argument 'catkin_skip_building_tests' from command line to 'False'
[1.150s] DEBUG:colcon.colcon_core.verb:Building package 'beer_fire_detection' with the following arguments: {'ament_cmake_args': None, 'build_base': '/home/jordan/G25_RS1/RS1-Gr25/build/beer_fire_detection', 'catkin_cmake_args': None, 'catkin_skip_building_tests': False, 'cmake_args': None, 'cmake_clean_cache': False, 'cmake_clean_first': False, 'cmake_force_configure': False, 'cmake_target': None, 'cmake_target_skip_unavailable': False, 'install_base': '/home/jordan/G25_RS1/RS1-Gr25/install/beer_fire_detection', 'merge_install': False, 'path': '/home/jordan/G25_RS1/RS1-Gr25/src/beer_fire_detection', 'symlink_install': True, 'test_result_base': None}
[1.151s] Level 5:colcon.colcon_core.verb:set package '41068_ignition_bringup' build argument 'cmake_args' from command line to 'None'
[1.151s] Level 5:colcon.colcon_core.verb:set package '41068_ignition_bringup' build argument 'cmake_target' from command line to 'None'
[1.151s] Level 5:colcon.colcon_core.verb:set package '41068_ignition_bringup' build argument 'cmake_target_skip_unavailable' from command line to 'False'
[1.151s] Level 5:colcon.colcon_core.verb:set package '41068_ignition_bringup' build argument 'cmake_clean_cache' from command line to 'False'
[1.151s] Level 5:colcon.colcon_core.verb:set package '41068_ignition_bringup' build argument 'cmake_clean_first' from command line to 'False'
[1.151s] Level 5:colcon.colcon_core.verb:set package '41068_ignition_bringup' build argument 'cmake_force_configure' from command line to 'False'
[1.152s] Level 5:colcon.colcon_core.verb:set package '41068_ignition_bringup' build argument 'ament_cmake_args' from command line to 'None'
[1.152s] Level 5:colcon.colcon_core.verb:set package '41068_ignition_bringup' build argument 'catkin_cmake_args' from command line to 'None'
[1.152s] Level 5:colcon.colcon_core.verb:set package '41068_ignition_bringup' build argument 'catkin_skip_building_tests' from command line to 'False'
[1.152s] DEBUG:colcon.colcon_core.verb:Building package '41068_ignition_bringup' with the following arguments: {'ament_cmake_args': None, 'build_base': '/home/jordan/G25_RS1/RS1-Gr25/build/41068_ignition_bringup', 'catkin_cmake_args': None, 'catkin_skip_building_tests': False, 'cmake_args': None, 'cmake_clean_cache': False, 'cmake_clean_first': False, 'cmake_force_configure': False, 'cmake_target': None, 'cmake_target_skip_unavailable': False, 'install_base': '/home/jordan/G25_RS1/RS1-Gr25/install/41068_ignition_bringup', 'merge_install': False, 'path': '/home/jordan/G25_RS1/RS1-Gr25/src/41068_ignition_bringup_v1/41068_ignition_bringup', 'symlink_install': True, 'test_result_base': None}
[1.152s] INFO:colcon.colcon_core.executor:Executing jobs using 'parallel' executor
[1.156s] DEBUG:colcon.colcon_parallel_executor.executor.parallel:run_until_complete
[1.157s] INFO:colcon.colcon_core.task.python.build:Building Python package in '/home/jordan/G25_RS1/RS1-Gr25/src/beer_fire_detection'
[1.160s] INFO:colcon.colcon_core.plugin_system:Skipping extension 'colcon_core.shell.bat': Not used on non-Windows systems
[1.160s] INFO:colcon.colcon_core.shell:Skip shell extension 'powershell' for command environment: Not usable outside of PowerShell
[1.161s] DEBUG:colcon.colcon_core.shell:Skip shell extension 'dsv' for command environment
[2.375s] DEBUG:colcon.colcon_core.task.python.build:Available setuptools commands: init_catalog, alias, easy_install, saveopts, bdist_dumb, upload_docs, update_catalog, build_scripts, install_egg_info, sdist, compile_catalog, symlink_data, develop, egg_info, register, rotate, build_clib, bdist_rpm, upload, install_scripts, check, build_py, test, setopt, clean, bdist, build_ext, install, install_lib, extract_messages, dist_info, install_data, build, install_headers, bdist_egg
[2.974s] DEBUG:colcon.colcon_core.task.python.build:Available setuptools 'develop' options: --dry-run, --prefix, --no-deps, --script-dir, --allow-hosts, --quiet, --egg-path, --optimize, --no-user-cfg, --local-snapshots-ok, --install-dir, --uninstall, --no-find-links, --install-layout, --build-directory, --multi-version, --record, --always-copy, --exclude-scripts, --find-links, --verbose, --help, --zip-ok, --site-dirs, --version, --upgrade, --always-unzip, --editable, --user, --force-installation-into-system-dir, --index-url
[2.983s] DEBUG:colcon.colcon_core.event_handler.log_command:Invoking command in '/home/jordan/G25_RS1/RS1-Gr25/build/beer_fire_detection': PYTHONPATH=/home/jordan/G25_RS1/RS1-Gr25/build/beer_fire_detection/prefix_override:/usr/lib/python3/dist-packages/colcon_core/task/python/colcon_distutils_commands:/home/jordan/G25_RS1/RS1-Gr25/install/beer_fire_detection/lib/python3.10/site-packages:${PYTHONPATH} /usr/bin/python3 -W ignore:setup.py install is deprecated -W ignore:easy_install command is deprecated setup.py develop --editable --build-directory /home/jordan/G25_RS1/RS1-Gr25/build/beer_fire_detection/build --no-deps symlink_data
[3.944s] Level 1:colcon.colcon_core.shell:create_environment_hook('beer_fire_detection', 'pythonpath_develop')
[3.944s] INFO:colcon.colcon_core.shell:Creating environment hook '/home/jordan/G25_RS1/RS1-Gr25/build/beer_fire_detection/share/beer_fire_detection/hook/pythonpath_develop.ps1'
[3.946s] DEBUG:colcon.colcon_core.event_handler.log_command:Invoked command in '/home/jordan/G25_RS1/RS1-Gr25/build/beer_fire_detection' returned '0': PYTHONPATH=/home/jordan/G25_RS1/RS1-Gr25/build/beer_fire_detection/prefix_override:/usr/lib/python3/dist-packages/colcon_core/task/python/colcon_distutils_commands:/home/jordan/G25_RS1/RS1-Gr25/install/beer_fire_detection/lib/python3.10/site-packages:${PYTHONPATH} /usr/bin/python3 -W ignore:setup.py install is deprecated -W ignore:easy_install command is deprecated setup.py develop --editable --build-directory /home/jordan/G25_RS1/RS1-Gr25/build/beer_fire_detection/build --no-deps symlink_data
[3.950s] INFO:colcon.colcon_core.shell:Creating environment descriptor '/home/jordan/G25_RS1/RS1-Gr25/build/beer_fire_detection/share/beer_fire_detection/hook/pythonpath_develop.dsv'
[3.951s] INFO:colcon.colcon_core.shell:Creating environment hook '/home/jordan/G25_RS1/RS1-Gr25/build/beer_fire_detection/share/beer_fire_detection/hook/pythonpath_develop.sh'
[3.955s] Level 1:colcon.colcon_core.environment:checking '/home/jordan/G25_RS1/RS1-Gr25/install/beer_fire_detection' for CMake module files
[3.956s] Level 1:colcon.colcon_core.environment:checking '/home/jordan/G25_RS1/RS1-Gr25/install/beer_fire_detection' for CMake config files
[3.957s] Level 1:colcon.colcon_core.environment:checking '/home/jordan/G25_RS1/RS1-Gr25/install/beer_fire_detection/lib'
[3.957s] Level 1:colcon.colcon_core.environment:checking '/home/jordan/G25_RS1/RS1-Gr25/install/beer_fire_detection/bin'
[3.957s] Level 1:colcon.colcon_core.shell:create_environment_hook('beer_fire_detection', 'path')
[3.958s] INFO:colcon.colcon_core.shell:Creating environment hook '/home/jordan/G25_RS1/RS1-Gr25/install/beer_fire_detection/share/beer_fire_detection/hook/path.ps1'
[3.959s] INFO:colcon.colcon_core.shell:Creating environment descriptor '/home/jordan/G25_RS1/RS1-Gr25/install/beer_fire_detection/share/beer_fire_detection/hook/path.dsv'
[3.960s] INFO:colcon.colcon_core.shell:Creating environment hook '/home/jordan/G25_RS1/RS1-Gr25/install/beer_fire_detection/share/beer_fire_detection/hook/path.sh'
[3.961s] Level 1:colcon.colcon_core.environment:checking '/home/jordan/G25_RS1/RS1-Gr25/install/beer_fire_detection/lib/pkgconfig/beer_fire_detection.pc'
[3.961s] Level 1:colcon.colcon_core.environment:checking '/home/jordan/G25_RS1/RS1-Gr25/install/beer_fire_detection/lib/python3.10/site-packages'
[3.961s] Level 1:colcon.colcon_core.shell:create_environment_hook('beer_fire_detection', 'pythonpath')
[3.961s] INFO:colcon.colcon_core.shell:Creating environment hook '/home/jordan/G25_RS1/RS1-Gr25/install/beer_fire_detection/share/beer_fire_detection/hook/pythonpath.ps1'
[3.962s] INFO:colcon.colcon_core.shell:Creating environment descriptor '/home/jordan/G25_RS1/RS1-Gr25/install/beer_fire_detection/share/beer_fire_detection/hook/pythonpath.dsv'
[3.963s] INFO:colcon.colcon_core.shell:Creating environment hook '/home/jordan/G25_RS1/RS1-Gr25/install/beer_fire_detection/share/beer_fire_detection/hook/pythonpath.sh'
[3.965s] Level 1:colcon.colcon_core.environment:checking '/home/jordan/G25_RS1/RS1-Gr25/install/beer_fire_detection/bin'
[3.965s] Level 1:colcon.colcon_core.shell:create_environment_hook('beer_fire_detection', 'pythonscriptspath')
[3.966s] INFO:colcon.colcon_core.shell:Creating environment hook '/home/jordan/G25_RS1/RS1-Gr25/install/beer_fire_detection/share/beer_fire_detection/hook/pythonscriptspath.ps1'
[3.967s] INFO:colcon.colcon_core.shell:Creating environment descriptor '/home/jordan/G25_RS1/RS1-Gr25/install/beer_fire_detection/share/beer_fire_detection/hook/pythonscriptspath.dsv'
[3.967s] INFO:colcon.colcon_core.shell:Creating environment hook '/home/jordan/G25_RS1/RS1-Gr25/install/beer_fire_detection/share/beer_fire_detection/hook/pythonscriptspath.sh'
[3.969s] Level 1:colcon.colcon_core.environment:create_environment_scripts_only(beer_fire_detection)
[3.969s] INFO:colcon.colcon_core.shell:Creating package script '/home/jordan/G25_RS1/RS1-Gr25/install/beer_fire_detection/share/beer_fire_detection/package.ps1'
[3.971s] INFO:colcon.colcon_core.shell:Creating package descriptor '/home/jordan/G25_RS1/RS1-Gr25/install/beer_fire_detection/share/beer_fire_detection/package.dsv'
[3.972s] INFO:colcon.colcon_core.shell:Creating package script '/home/jordan/G25_RS1/RS1-Gr25/install/beer_fire_detection/share/beer_fire_detection/package.sh'
[3.974s] INFO:colcon.colcon_core.shell:Creating package script '/home/jordan/G25_RS1/RS1-Gr25/install/beer_fire_detection/share/beer_fire_detection/package.bash'
[3.975s] INFO:colcon.colcon_core.shell:Creating package script '/home/jordan/G25_RS1/RS1-Gr25/install/beer_fire_detection/share/beer_fire_detection/package.zsh'
[3.976s] Level 1:colcon.colcon_core.environment:create_file_with_runtime_dependencies(/home/jordan/G25_RS1/RS1-Gr25/install/beer_fire_detection/share/colcon-core/packages/beer_fire_detection)
[3.978s] INFO:colcon.colcon_ros.task.ament_cmake.build:Building ROS package in '/home/jordan/G25_RS1/RS1-Gr25/src/41068_ignition_bringup_v1/41068_ignition_bringup' with build type 'ament_cmake'
[3.979s] INFO:colcon.colcon_cmake.task.cmake.build:Building CMake package in '/home/jordan/G25_RS1/RS1-Gr25/src/41068_ignition_bringup_v1/41068_ignition_bringup'
[3.979s] INFO:colcon.colcon_core.shell:Skip shell extension 'powershell' for command environment: Not usable outside of PowerShell
[3.980s] DEBUG:colcon.colcon_core.shell:Skip shell extension 'dsv' for command environment
[4.008s] DEBUG:colcon.colcon_core.event_handler.log_command:Invoking command in '/home/jordan/G25_RS1/RS1-Gr25/build/41068_ignition_bringup': CMAKE_PREFIX_PATH=${CMAKE_PREFIX_PATH}:/opt/ros/humble /usr/bin/cmake --build /home/jordan/G25_RS1/RS1-Gr25/build/41068_ignition_bringup -- -j6 -l6
[4.832s] DEBUG:colcon.colcon_core.event_handler.log_command:Invoked command in '/home/jordan/G25_RS1/RS1-Gr25/build/41068_ignition_bringup' returned '0': CMAKE_PREFIX_PATH=${CMAKE_PREFIX_PATH}:/opt/ros/humble /usr/bin/cmake --build /home/jordan/G25_RS1/RS1-Gr25/build/41068_ignition_bringup -- -j6 -l6
[4.850s] DEBUG:colcon.colcon_core.event_handler.log_command:Invoking command in '/home/jordan/G25_RS1/RS1-Gr25/build/41068_ignition_bringup': CMAKE_PREFIX_PATH=${CMAKE_PREFIX_PATH}:/opt/ros/humble /usr/bin/cmake --install /home/jordan/G25_RS1/RS1-Gr25/build/41068_ignition_bringup
[4.998s] Level 1:colcon.colcon_core.environment:create_environment_scripts_only(41068_ignition_bringup)
[4.998s] Level 1:colcon.colcon_core.environment:checking '/home/jordan/G25_RS1/RS1-Gr25/install/41068_ignition_bringup' for CMake module files
[4.999s] DEBUG:colcon.colcon_core.event_handler.log_command:Invoked command in '/home/jordan/G25_RS1/RS1-Gr25/build/41068_ignition_bringup' returned '0': CMAKE_PREFIX_PATH=${CMAKE_PREFIX_PATH}:/opt/ros/humble /usr/bin/cmake --install /home/jordan/G25_RS1/RS1-Gr25/build/41068_ignition_bringup
[5.000s] Level 1:colcon.colcon_core.environment:checking '/home/jordan/G25_RS1/RS1-Gr25/install/41068_ignition_bringup' for CMake config files
[5.001s] Level 1:colcon.colcon_core.shell:create_environment_hook('41068_ignition_bringup', 'cmake_prefix_path')
[5.001s] INFO:colcon.colcon_core.shell:Creating environment hook '/home/jordan/G25_RS1/RS1-Gr25/install/41068_ignition_bringup/share/41068_ignition_bringup/hook/cmake_prefix_path.ps1'
[5.002s] INFO:colcon.colcon_core.shell:Creating environment descriptor '/home/jordan/G25_RS1/RS1-Gr25/install/41068_ignition_bringup/share/41068_ignition_bringup/hook/cmake_prefix_path.dsv'
[5.003s] INFO:colcon.colcon_core.shell:Creating environment hook '/home/jordan/G25_RS1/RS1-Gr25/install/41068_ignition_bringup/share/41068_ignition_bringup/hook/cmake_prefix_path.sh'
[5.003s] Level 1:colcon.colcon_core.environment:checking '/home/jordan/G25_RS1/RS1-Gr25/install/41068_ignition_bringup/lib'
[5.004s] Level 1:colcon.colcon_core.environment:checking '/home/jordan/G25_RS1/RS1-Gr25/install/41068_ignition_bringup/bin'
[5.004s] Level 1:colcon.colcon_core.environment:checking '/home/jordan/G25_RS1/RS1-Gr25/install/41068_ignition_bringup/lib/pkgconfig/41068_ignition_bringup.pc'
[5.004s] Level 1:colcon.colcon_core.environment:checking '/home/jordan/G25_RS1/RS1-Gr25/install/41068_ignition_bringup/lib/python3.10/site-packages'
[5.005s] Level 1:colcon.colcon_core.environment:checking '/home/jordan/G25_RS1/RS1-Gr25/install/41068_ignition_bringup/bin'
[5.005s] INFO:colcon.colcon_core.shell:Creating package script '/home/jordan/G25_RS1/RS1-Gr25/install/41068_ignition_bringup/share/41068_ignition_bringup/package.ps1'
[5.006s] INFO:colcon.colcon_core.shell:Creating package descriptor '/home/jordan/G25_RS1/RS1-Gr25/install/41068_ignition_bringup/share/41068_ignition_bringup/package.dsv'
[5.007s] INFO:colcon.colcon_core.shell:Creating package script '/home/jordan/G25_RS1/RS1-Gr25/install/41068_ignition_bringup/share/41068_ignition_bringup/package.sh'
[5.009s] INFO:colcon.colcon_core.shell:Creating package script '/home/jordan/G25_RS1/RS1-Gr25/install/41068_ignition_bringup/share/41068_ignition_bringup/package.bash'
[5.009s] INFO:colcon.colcon_core.shell:Creating package script '/home/jordan/G25_RS1/RS1-Gr25/install/41068_ignition_bringup/share/41068_ignition_bringup/package.zsh'
[5.011s] Level 1:colcon.colcon_core.environment:create_file_with_runtime_dependencies(/home/jordan/G25_RS1/RS1-Gr25/install/41068_ignition_bringup/share/colcon-core/packages/41068_ignition_bringup)
[5.012s] Level 1:colcon.colcon_core.environment:create_environment_scripts_only(41068_ignition_bringup)
[5.012s] Level 1:colcon.colcon_core.environment:checking '/home/jordan/G25_RS1/RS1-Gr25/install/41068_ignition_bringup' for CMake module files
[5.013s] Level 1:colcon.colcon_core.environment:checking '/home/jordan/G25_RS1/RS1-Gr25/install/41068_ignition_bringup' for CMake config files
[5.014s] Level 1:colcon.colcon_core.shell:create_environment_hook('41068_ignition_bringup', 'cmake_prefix_path')
[5.014s] INFO:colcon.colcon_core.shell:Creating environment hook '/home/jordan/G25_RS1/RS1-Gr25/install/41068_ignition_bringup/share/41068_ignition_bringup/hook/cmake_prefix_path.ps1'
[5.015s] INFO:colcon.colcon_core.shell:Creating environment descriptor '/home/jordan/G25_RS1/RS1-Gr25/install/41068_ignition_bringup/share/41068_ignition_bringup/hook/cmake_prefix_path.dsv'
[5.016s] INFO:colcon.colcon_core.shell:Creating environment hook '/home/jordan/G25_RS1/RS1-Gr25/install/41068_ignition_bringup/share/41068_ignition_bringup/hook/cmake_prefix_path.sh'
[5.017s] Level 1:colcon.colcon_core.environment:checking '/home/jordan/G25_RS1/RS1-Gr25/install/41068_ignition_bringup/lib'
[5.017s] Level 1:colcon.colcon_core.environment:checking '/home/jordan/G25_RS1/RS1-Gr25/install/41068_ignition_bringup/bin'
[5.017s] Level 1:colcon.colcon_core.environment:checking '/home/jordan/G25_RS1/RS1-Gr25/install/41068_ignition_bringup/lib/pkgconfig/41068_ignition_bringup.pc'
[5.017s] Level 1:colcon.colcon_core.environment:checking '/home/jordan/G25_RS1/RS1-Gr25/install/41068_ignition_bringup/lib/python3.10/site-packages'
[5.018s] Level 1:colcon.colcon_core.environment:checking '/home/jordan/G25_RS1/RS1-Gr25/install/41068_ignition_bringup/bin'
[5.018s] INFO:colcon.colcon_core.shell:Creating package script '/home/jordan/G25_RS1/RS1-Gr25/install/41068_ignition_bringup/share/41068_ignition_bringup/package.ps1'
[5.019s] INFO:colcon.colcon_core.shell:Creating package descriptor '/home/jordan/G25_RS1/RS1-Gr25/install/41068_ignition_bringup/share/41068_ignition_bringup/package.dsv'
[5.020s] INFO:colcon.colcon_core.shell:Creating package script '/home/jordan/G25_RS1/RS1-Gr25/install/41068_ignition_bringup/share/41068_ignition_bringup/package.sh'
[5.020s] INFO:colcon.colcon_core.shell:Creating package script '/home/jordan/G25_RS1/RS1-Gr25/install/41068_ignition_bringup/share/41068_ignition_bringup/package.bash'
[5.021s] INFO:colcon.colcon_core.shell:Creating package script '/home/jordan/G25_RS1/RS1-Gr25/install/41068_ignition_bringup/share/41068_ignition_bringup/package.zsh'
[5.022s] Level 1:colcon.colcon_core.environment:create_file_with_runtime_dependencies(/home/jordan/G25_RS1/RS1-Gr25/install/41068_ignition_bringup/share/colcon-core/packages/41068_ignition_bringup)
[5.022s] DEBUG:colcon.colcon_parallel_executor.executor.parallel:closing loop
[5.023s] DEBUG:colcon.colcon_parallel_executor.executor.parallel:loop closed
[5.023s] DEBUG:colcon.colcon_parallel_executor.executor.parallel:run_until_complete finished with '0'
[5.024s] DEBUG:colcon.colcon_core.event_reactor:joining thread
[5.035s] INFO:colcon.colcon_core.plugin_system:Skipping extension 'colcon_notification.desktop_notification.notify_send': Could not find 'notify-send'
[5.036s] INFO:colcon.colcon_core.plugin_system:Skipping extension 'colcon_notification.desktop_notification.terminal_notifier': Not used on non-Darwin systems
[5.036s] INFO:colcon.colcon_core.plugin_system:Skipping extension 'colcon_notification.desktop_notification.win32': Not used on non-Windows systems
[5.036s] INFO:colcon.colcon_notification.desktop_notification:Sending desktop notification using 'notify2'
[5.037s] DEBUG:colcon.colcon_notification.desktop_notification.notify2:Failed to initialize notify2: org.freedesktop.DBus.Error.ServiceUnknown: The name org.freedesktop.Notifications was not provided by any .service files
[5.037s] DEBUG:colcon.colcon_core.event_reactor:joined thread
[5.038s] INFO:colcon.colcon_core.shell:Creating prefix script '/home/jordan/G25_RS1/RS1-Gr25/install/local_setup.ps1'
[5.039s] INFO:colcon.colcon_core.shell:Creating prefix util module '/home/jordan/G25_RS1/RS1-Gr25/install/_local_setup_util_ps1.py'
[5.042s] INFO:colcon.colcon_core.shell:Creating prefix chain script '/home/jordan/G25_RS1/RS1-Gr25/install/setup.ps1'
[5.044s] INFO:colcon.colcon_core.shell:Creating prefix script '/home/jordan/G25_RS1/RS1-Gr25/install/local_setup.sh'
[5.045s] INFO:colcon.colcon_core.shell:Creating prefix util module '/home/jordan/G25_RS1/RS1-Gr25/install/_local_setup_util_sh.py'
[5.046s] INFO:colcon.colcon_core.shell:Creating prefix chain script '/home/jordan/G25_RS1/RS1-Gr25/install/setup.sh'
[5.048s] INFO:colcon.colcon_core.shell:Creating prefix script '/home/jordan/G25_RS1/RS1-Gr25/install/local_setup.bash'
[5.049s] INFO:colcon.colcon_core.shell:Creating prefix chain script '/home/jordan/G25_RS1/RS1-Gr25/install/setup.bash'
[5.050s] INFO:colcon.colcon_core.shell:Creating prefix script '/home/jordan/G25_RS1/RS1-Gr25/install/local_setup.zsh'
[5.051s] INFO:colcon.colcon_core.shell:Creating prefix chain script '/home/jordan/G25_RS1/RS1-Gr25/install/setup.zsh'
